Total ETFs: 1000
Existing: 7, Need to fetch: 993
CAFX: 406 rows OK
CAM: 141 rows OK
CARD: 451 rows OK
CAIE: 212 rows OK
CAOS: 501 rows OK
CARU: 450 rows OK
CARK: 501 rows OK
CAIQ: 108 rows OK
CANE: 501 rows OK
CAFG: 501 rows OK
CANC: 501 rows OK
CAML: 501 rows OK
CARY: 501 rows OK
CATF: 446 rows OK
CANQ: 501 rows OK
AGG: 501 rows OK
CALF: 501 rows OK
CARZ: 501 rows OK
CAPE: 501 rows OK
CAMX: 501 rows OK
BND: 501 rows OK
CAS: 323 rows OK
CBLS: 501 rows OK
CBOJ: 318 rows OK
CALI: 501 rows OK
CBOO: 140 rows OK
CATH: 501 rows OK
CBOX: 8 rows OK
CBTJ: 309 rows OK
CBOL: 135 rows OK
CBOY: 204 rows OK
CBTA: 266 rows OK
CBON: 501 rows OK
CBSE: 501 rows OK
CBOA: 266 rows OK
CBTO: 140 rows OK
CBTL: 135 rows OK
CBTY: 204 rows OK
CBXO: 140 rows OK
CBXJ: 309 rows OK
CBXL: 135 rows OK
CCOM: 63 rows OK
CCFE: 220 rows OK
CBXA: 266 rows OK
CCNR: 451 rows OK
CBXY: 204 rows OK
CCSO: 501 rows OK
CCSB: 501 rows OK
CCEF: 501 rows OK
CCOR: 501 rows OK
Batch 1: inserted 17973 rows
CEGX: 201 rows OK
CEMB: 501 rows OK
CGCB: 501 rows OK
CDEI: 501 rows OK
CDIG: 154 rows OK
CDX: 501 rows OK
CEPI: 349 rows OK
CDC: 501 rows OK
CFA: 501 rows OK
CDL: 501 rows OK
CEW: 501 rows OK
CFO: 501 rows OK
CGCP: 501 rows OK
CFIT: 272 rows OK
CEFD: 501 rows OK
CCUP: 180 rows OK
CGBL: 501 rows OK
CEFZ: 185 rows OK
CERY: 412 rows OK
CGCV: 460 rows OK
CGGG: 211 rows OK
CEFS: 501 rows OK
CGDG: 501 rows OK
CGHM: 460 rows OK
CGGO: 501 rows OK
CGHY: 211 rows OK
CEFA: 501 rows OK
CGGE: 460 rows OK
CGIB: 460 rows OK
CGDV: 501 rows OK
CGGR: 501 rows OK
CGIC: 460 rows OK
CGIE: 501 rows OK
CGMS: 501 rows OK
CGMM: 321 rows OK
CGMU: 501 rows OK
CGNG: 460 rows OK
CGRO: 501 rows OK
CGUI: 460 rows OK
CGSD: 501 rows OK
CGSM: 501 rows OK
CGXU: 501 rows OK
CGUS: 501 rows OK
CGVV: 211 rows OK
CGW: 501 rows OK
CHAU: 501 rows OK
CHAT: 501 rows OK
CGV: 501 rows OK
CHGX: 501 rows OK
CHIQ: 501 rows OK
Batch 2: inserted 21959 rows
CLCG: 193 rows OK
CHNU: 19 rows OK
CHPX: 144 rows OK
CHPY: 265 rows OK
CHRI: 149 rows OK
CLIP: 501 rows OK
CIBR: 501 rows OK
CIFU: 107 rows OK
CIFG: 94 rows OK
CLOB: 398 rows OK
CLCV: 193 rows OK
CLOI: 501 rows OK
CLOX: 501 rows OK
CLIX: 501 rows OK
CLSX: 155 rows OK
CLSM: 501 rows OK
CLOZ: 501 rows OK
CLOA: 501 rows OK
CMDY: 501 rows OK
CMCI: 501 rows OK
CHNL: 19 rows OK
CHPS: 501 rows OK
CMDT: 501 rows OK
CMBO: 120 rows OK
CLOU: 501 rows OK
CLSZ: 48 rows OK
CLSE: 501 rows OK
CMBS: 501 rows OK
CLOD: 501 rows OK
CMGG: 111 rows OK
CNCG: 89 rows OK
CNBS: 501 rows OK
COHX: 48 rows OK
CNAV: 394 rows OK
CNEQ: 501 rows OK
CNXT: 501 rows OK
CNYA: 501 rows OK
COAL: 501 rows OK
COII: 226 rows OK
CNRG: 501 rows OK
CNQQ: 147 rows OK
COIW: 299 rows OK
COIG: 281 rows OK
COIO: 178 rows OK
COMD: 53 rows OK
COMB: 501 rows OK
COLO: 501 rows OK
CMF: 501 rows OK
COMT: 501 rows OK
COM: 501 rows OK
Batch 3: inserted 17257 rows
CONL: 501 rows OK
COTG: 153 rows OK
CORO: 347 rows OK
CONI: 413 rows OK
CORP: 501 rows OK
COSW: 128 rows OK
COPA: 399 rows OK
COPY: 333 rows OK
CORN: 501 rows OK
CPAG: 179 rows OK
CORD: 147 rows OK
COYY: 189 rows OK
CPHY: 179 rows OK
CPAI: 501 rows OK
CONX: 109 rows OK
COPJ: 501 rows OK
COZX: 119 rows OK
COWZ: 501 rows OK
COPP: 501 rows OK
CORB: 116 rows OK
COWG: 501 rows OK
CPLB: 501 rows OK
CONY: 501 rows OK
COWS: 501 rows OK
CPII: 501 rows OK
CPNJ: 477 rows OK
COPX: 501 rows OK
CPER: 501 rows OK
CPLS: 501 rows OK
CPNQ: 351 rows OK
CPNS: 414 rows OK
CPRO: 394 rows OK
CPRA: 270 rows OK
CPRJ: 458 rows OK
CPSN: 371 rows OK
CPSA: 436 rows OK
CPSD: 351 rows OK
CPSL: 410 rows OK
CPRY: 330 rows OK
CPSF: 310 rows OK
CPNM: 291 rows OK
CPSJ: 458 rows OK
CPSR: 291 rows OK
CPSO: 394 rows OK
CPSM: 499 rows OK
CPST: 414 rows OK
CPSY: 330 rows OK
CPXR: 318 rows OK
CPSP: 270 rows OK
CPSU: 228 rows OK
Batch 4: inserted 18391 rows
CRMU: 54 rows OK
CRWU: 190 rows OK
CRUX: 31 rows OK
CRDU: 155 rows OK
CRCD: 147 rows OK
CRED: 501 rows OK
CRDD: 19 rows OK
CRPT: 501 rows OK
CRWL: 364 rows OK
CRBN: 501 rows OK
CRMX: 73 rows OK
CRDT: 501 rows OK
CRDX: 19 rows OK
CRCG: 180 rows OK
CRMG: 267 rows OK
CSCL: 212 rows OK
CRSH: 498 rows OK
CQQQ: 501 rows OK
CRWG: 180 rows OK
CRAK: 501 rows OK
CSEX: 113 rows OK
CSCS: 212 rows OK
CRTC: 501 rows OK
CSM: 501 rows OK
CSHI: 501 rows OK
CSD: 501 rows OK
CSNR: 308 rows OK
CSPF: 308 rows OK
CSRE: 308 rows OK
CSHP: 436 rows OK
CSB: 501 rows OK
CSMD: 501 rows OK
CSTK: 245 rows OK
CTEF: 216 rows OK
CTEX: 501 rows OK
CURE: 501 rows OK
CTWO: 215 rows OK
CTIF: 212 rows OK
CVAR: 501 rows OK
CUSD: 501 rows OK
CVIE: 501 rows OK
CVNY: 311 rows OK
CVNX: 230 rows OK
CVMC: 501 rows OK
CVRT: 501 rows OK
CTEC: 501 rows OK
CTA: 501 rows OK
CVRD: 501 rows OK
CVLC: 501 rows OK
CUT: 501 rows OK
Batch 5: inserted 17527 rows
DAK: 188 rows OK
CWY: 10 rows OK
DAPR: 501 rows OK
CZAR: 501 rows OK
DABS: 290 rows OK
CWII: 120 rows OK
CWS: 501 rows OK
CWVX: 201 rows OK
CVSB: 501 rows OK
CWB: 501 rows OK
CZA: 501 rows OK
CVY: 501 rows OK
DAPP: 501 rows OK
DALI: 501 rows OK
CWI: 501 rows OK
CXRN: 296 rows OK
DANA: 100 rows OK
CWEB: 501 rows OK
CXSE: 501 rows OK
DAT: 501 rows OK
DARP: 501 rows OK
DAUG: 501 rows OK
DBAW: 501 rows OK
DBC: 501 rows OK
DBA: 501 rows OK
DAX: 501 rows OK
DBE: 501 rows OK
DBB: 501 rows OK
DBSC: 91 rows OK
DADS: 183 rows OK
DBJP: 501 rows OK
DBEM: 501 rows OK
DBEU: 501 rows OK
DBO: 501 rows OK
DBEZ: 501 rows OK
DBND: 501 rows OK
DBEF: 501 rows OK
DBP: 501 rows OK
DBMF: 501 rows OK
DCOR: 501 rows OK
DDEC: 501 rows OK
DDFA: 19 rows OK
DCMT: 501 rows OK
DDFD: 101 rows OK
DCRE: 501 rows OK
DDFJ: 80 rows OK
DDFL: 208 rows OK
DDFF: 60 rows OK
DDFN: 121 rows OK
DDFM: 41 rows OK
Batch 6: inserted 19143 rows
DDTA: 19 rows OK
DDTL: 208 rows OK
DDNQ: 80 rows OK
DDTN: 121 rows OK
DDSQ: 80 rows OK
DDWM: 501 rows OK
DDFO: 144 rows OK
DDXX: 113 rows OK
DDLS: 501 rows OK
DDTJ: 80 rows OK
DDIV: 501 rows OK
DDM: 501 rows OK
DDX: 501 rows OK
DDV: 113 rows OK
DDTM: 41 rows OK
DDTF: 60 rows OK
DDFS: 165 rows OK
DDTO: 144 rows OK
DECT: 501 rows OK
DECO: 409 rows OK
DECU: 351 rows OK
DDTS: 165 rows OK
DECZ: 501 rows OK
DECW: 501 rows OK
DDTD: 101 rows OK
DECP: 469 rows OK
DECM: 336 rows OK
DEFI: 501 rows OK
DEFR: 240 rows OK
DEED: 501 rows OK
DEEF: 501 rows OK
DEEP: 501 rows OK
DEHP: 501 rows OK
DEMZ: 501 rows OK
DESK: 501 rows OK
DEUS: 501 rows OK
DEW: 501 rows OK
DEXC: 362 rows OK
DEM: 501 rows OK
DFAE: 501 rows OK
DFAS: 501 rows OK
DFAI: 501 rows OK
DFAU: 501 rows OK
DFAR: 501 rows OK
DFAC: 501 rows OK
DFAT: 501 rows OK
DFAX: 501 rows OK
DFAW: 501 rows OK
DFCA: 501 rows OK
DES: 501 rows OK
Batch 7: inserted 18330 rows
DFII: 268 rows OK
DFEB: 501 rows OK
DFGX: 501 rows OK
DFSB: 501 rows OK
DFGR: 501 rows OK
DFSD: 501 rows OK
DFIV: 501 rows OK
DFCF: 501 rows OK
DFNM: 501 rows OK
DFJ: 501 rows OK
DFE: 501 rows OK
DFEM: 501 rows OK
DFGP: 501 rows OK
DFEN: 501 rows OK
DFLV: 501 rows OK
DFNL: 501 rows OK
DFIC: 501 rows OK
DFEV: 501 rows OK
DFIP: 501 rows OK
DFSE: 501 rows OK
DFSI: 501 rows OK
DFUS: 501 rows OK
DGJA: 69 rows OK
DFUV: 501 rows OK
DFSU: 501 rows OK
DGLO: 182 rows OK
DGAP: 6 rows OK
DGOC: 131 rows OK
DFVX: 501 rows OK
DFSV: 501 rows OK
DFVE: 501 rows OK
DGIN: 501 rows OK
DGRS: 501 rows OK
DFIS: 501 rows OK
DGS: 501 rows OK
DGRO: 501 rows OK
DGRE: 501 rows OK
DHDG: 380 rows OK
DGCB: 501 rows OK
DHSB: 295 rows OK
DGT: 501 rows OK
DGRW: 501 rows OK
DIHP: 501 rows OK
DIAL: 501 rows OK
DHS: 501 rows OK
DHLX: 146 rows OK
DIEM: 501 rows OK
DIA: 501 rows OK
DIM: 501 rows OK
DIG: 501 rows OK
Batch 8: inserted 22519 rows
DIPS: 442 rows OK
DJIA: 501 rows OK
DIVZ: 501 rows OK
DJP: 501 rows OK
DIVN: 211 rows OK
DISV: 501 rows OK
DIME: 140 rows OK
DISO: 501 rows OK
DJAN: 501 rows OK
DINT: 501 rows OK
DIVB: 501 rows OK
DIVG: 501 rows OK
DIVD: 501 rows OK
DJTU: 290 rows OK
DIVO: 501 rows OK
DIVS: 501 rows OK
DJUL: 501 rows OK
DJD: 501 rows OK
DIV: 501 rows OK
DIVL: 501 rows OK
DIVY: 501 rows OK
DIVI: 501 rows OK
DIVP: 501 rows OK
DKNX: 187 rows OK
DLFE: 46 rows OK
DLAG: 151 rows OK
DJUN: 501 rows OK
DMAX: 330 rows OK
DMAR: 501 rows OK
DLNV: 106 rows OK
DLS: 501 rows OK
DLN: 501 rows OK
DNNG: 54 rows OK
DLLL: 301 rows OK
DMAY: 501 rows OK
DNOV: 501 rows OK
DMX: 350 rows OK
DMBS: 501 rows OK
DMXF: 501 rows OK
DOJE: 153 rows OK
DOGD: 178 rows OK
DOCT: 501 rows OK
DOG: 501 rows OK
DOGG: 501 rows OK
DRAI: 451 rows OK
DRAM: 18 rows OK
DOL: 501 rows OK
DPST: 501 rows OK
DON: 501 rows OK
DNL: 501 rows OK
Batch 9: inserted 20442 rows
DSCO: 60 rows OK
DRIV: 501 rows OK
DRNZ: 124 rows OK
DRNL: 40 rows OK
DRUP: 501 rows OK
DSMC: 501 rows OK
DRV: 501 rows OK
DSTL: 501 rows OK
DSPY: 269 rows OK
DTCR: 501 rows OK
DSTX: 501 rows OK
DSI: 501 rows OK
DSEP: 501 rows OK
DRLL: 501 rows OK
DTAN: 409 rows OK
DUBS: 501 rows OK
DRIP: 501 rows OK
DTEC: 501 rows OK
DTRE: 501 rows OK
DTD: 501 rows OK
DRGN: 199 rows OK
DUKH: 451 rows OK
DUKQ: 451 rows OK
DUHP: 501 rows OK
DUG: 501 rows OK
DRN: 501 rows OK
DUKX: 451 rows OK
DTH: 501 rows OK
DUKZ: 451 rows OK
DULL: 501 rows OK
DUSA: 501 rows OK
DUSB: 501 rows OK
DUOG: 94 rows OK
DUSL: 501 rows OK
DVAL: 501 rows OK
DUST: 501 rows OK
DURA: 501 rows OK
DUTY: 15 rows OK
DVIN: 193 rows OK
DVQQ: 335 rows OK
DVGR: 98 rows OK
DVOL: 501 rows OK
DRSK: 501 rows OK
DVDN: 501 rows OK
DVND: 501 rows OK
DVSP: 340 rows OK
DVUT: 193 rows OK
DVLU: 501 rows OK
DVRE: 193 rows OK
DVVY: 28 rows OK
Batch 10: inserted 19925 rows
DVXB: 193 rows OK
DVXV: 193 rows OK
DWMF: 501 rows OK
DWSH: 501 rows OK
DVYE: 501 rows OK
DWM: 501 rows OK
DWAS: 501 rows OK
DVXF: 193 rows OK
DVY: 501 rows OK
DWAW: 501 rows OK
DXD: 501 rows OK
DVYA: 501 rows OK
DVXC: 193 rows OK
DVXE: 193 rows OK
DVXY: 193 rows OK
DVXK: 193 rows OK
DWLD: 501 rows OK
DVXP: 192 rows OK
DWUS: 501 rows OK
DYFI: 501 rows OK
DYNB: 149 rows OK
DXUV: 407 rows OK
DYLD: 501 rows OK
DYLG: 501 rows OK
DXJ: 501 rows OK
EAFG: 501 rows OK
DWX: 501 rows OK
DXIV: 407 rows OK
DYNF: 501 rows OK
DYTA: 501 rows OK
EAGL: 501 rows OK
EAGG: 501 rows OK
EAOA: 501 rows OK
EBI: 292 rows OK
EAOK: 501 rows OK
EASG: 501 rows OK
EAPR: 501 rows OK
EAOM: 501 rows OK
EBIT: 451 rows OK
EASY: 144 rows OK
EAOR: 501 rows OK
EALT: 501 rows OK
ECML: 501 rows OK
EATZ: 501 rows OK
EART: 501 rows OK
EBIZ: 501 rows OK
EBUF: 458 rows OK
EBND: 501 rows OK
ECNS: 501 rows OK
ECH: 501 rows OK
Batch 11: inserted 21386 rows
EDGE: 318 rows OK
EDGF: 392 rows OK
EEMO: 501 rows OK
EES: 501 rows OK
ECON: 501 rows OK
EDGI: 392 rows OK
EDGH: 392 rows OK
ECOW: 501 rows OK
EDGU: 392 rows OK
EDIV: 501 rows OK
EFA: 501 rows OK
EEV: 501 rows OK
EDEN: 501 rows OK
GLD: 501 rows OK
EEMV: 501 rows OK
HYG: 501 rows OK
IEFA: 501 rows OK
MMMA: 90 rows OK
EEM: 501 rows OK
EETH: 501 rows OK
MMSC: 501 rows OK
LQD: 501 rows OK
EEMX: 501 rows OK
MMSD: 246 rows OK
MNRS: 312 rows OK
EET: 501 rows OK
EEMS: 501 rows OK
MMTM: 501 rows OK
ITOT: 501 rows OK
IVV: 501 rows OK
MNA: 501 rows OK
MNBD: 501 rows OK
MNVT: 29 rows OK
MNZL: 109 rows OK
MOO: 501 rows OK
MOTI: 501 rows OK
MORT: 501 rows OK
MPG: 126 rows OK
MODL: 501 rows OK
MOAT: 501 rows OK
MOTO: 501 rows OK
MPLY: 238 rows OK
MPL: 130 rows OK
MOOD: 501 rows OK
MQQQ: 414 rows OK
EDC: 501 rows OK
MRCP: 501 rows OK
MPRO: 501 rows OK
MRAL: 287 rows OK
MOTG: 501 rows OK
Batch 12: inserted 21402 rows
MSDD: 222 rows OK
MSFW: 192 rows OK
MRGR: 501 rows OK
MSFX: 501 rows OK
MRSK: 501 rows OK
MSOO: 178 rows OK
MSOX: 501 rows OK
MSII: 226 rows OK
MSOS: 501 rows OK
MSFL: 501 rows OK
MSMR: 501 rows OK
MSFY: 501 rows OK
MSST: 110 rows OK
MSFO: 501 rows OK
MRNY: 501 rows OK
MSSS: 501 rows OK
MSLC: 344 rows OK
MSSM: 344 rows OK
MSFU: 501 rows OK
MSBT: 16 rows OK
MSFD: 501 rows OK
MRVU: 52 rows OK
MST: 248 rows OK
MSTB: 501 rows OK
MRNX: 58 rows OK
MSTP: 222 rows OK
MSTI: 501 rows OK
MSTU: 403 rows OK
MSTX: 426 rows OK
MSTQ: 501 rows OK
MSTZ: 403 rows OK
MTBA: 501 rows OK
MTRA: 221 rows OK
MSTW: 192 rows OK
MSTY: 501 rows OK
MTUM: 501 rows OK
MTYY: 150 rows OK
MULL: 364 rows OK
MUNY: 234 rows OK
MTUL: 501 rows OK
MTGP: 501 rows OK
MUB: 501 rows OK
MULT: 167 rows OK
MUNI: 501 rows OK
MUD: 381 rows OK
MUSE: 359 rows OK
MUSQ: 501 rows OK
MUU: 387 rows OK
MUSI: 501 rows OK
MUST: 501 rows OK
Batch 13: inserted 18925 rows
MYCL: 399 rows OK
MYCK: 399 rows OK
MYCH: 399 rows OK
MVLL: 287 rows OK
MVAL: 501 rows OK
MYCO: 154 rows OK
MXI: 501 rows OK
MVV: 501 rows OK
MYCG: 399 rows OK
MYHA: 43 rows OK
MYCJ: 399 rows OK
MYCM: 399 rows OK
MUYY: 11 rows OK
MYCF: 399 rows OK
MYHC: 43 rows OK
MVRL: 501 rows OK
MVPA: 501 rows OK
MYLD: 501 rows OK
MYHE: 43 rows OK
MVFD: 501 rows OK
MVFG: 501 rows OK
MVPL: 501 rows OK
MYCI: 399 rows OK
MYMG: 399 rows OK
MYHB: 43 rows OK
MYMF: 399 rows OK
MYCN: 399 rows OK
MYMH: 399 rows OK
MYHD: 43 rows OK
MYMI: 399 rows OK
MYMJ: 399 rows OK
NANC: 501 rows OK
NAUG: 436 rows OK
NACP: 501 rows OK
NANR: 501 rows OK
NAPR: 501 rows OK
NAIL: 501 rows OK
MZZ: 501 rows OK
MYMK: 154 rows OK
NBCR: 436 rows OK
NBCE: 501 rows OK
NATO: 386 rows OK
NBFC: 462 rows OK
MYY: 501 rows OK
NBET: 501 rows OK
NBGX: 338 rows OK
NBIG: 126 rows OK
NBIE: 36 rows OK
NBCM: 501 rows OK
NBDS: 501 rows OK
Batch 14: inserted 18647 rows
NCIQ: 301 rows OK
NEHI: 100 rows OK
NDOW: 490 rows OK
NDEC: 351 rows OK
NBIL: 140 rows OK
NCLO: 344 rows OK
NBTR: 339 rows OK
NDIV: 501 rows OK
NEMD: 179 rows OK
NELS: 134 rows OK
NCPB: 501 rows OK
NEAR: 501 rows OK
NBSM: 501 rows OK
NDIA: 501 rows OK
NEBX: 160 rows OK
NBSD: 463 rows OK
NDAA: 381 rows OK
NBOS: 501 rows OK
NBJP: 407 rows OK
NEMG: 111 rows OK
NFEB: 310 rows OK
NETG: 111 rows OK
NFLP: 501 rows OK
NEWZ: 501 rows OK
NFRX: 61 rows OK
NETL: 501 rows OK
NFLT: 501 rows OK
NFLW: 216 rows OK
NFLY: 501 rows OK
NGHT: 15 rows OK
NHYM: 317 rows OK
NFXL: 392 rows OK
NFXS: 392 rows OK
NFLU: 396 rows OK
NERD: 501 rows OK
NIHI: 154 rows OK
NFRA: 501 rows OK
NIOG: 89 rows OK
NFTY: 501 rows OK
NITE: 463 rows OK
NBIZ: 67 rows OK
NIKL: 501 rows OK
NJAN: 501 rows OK
NJUN: 477 rows OK
NLSI: 95 rows OK
NJNK: 412 rows OK
NIXT: 409 rows OK
NMAR: 291 rows OK
NLR: 501 rows OK
NJUL: 501 rows OK
Batch 15: inserted 17585 rows
NOVP: 251 rows OK
NOVZ: 501 rows OK
NRES: 501 rows OK
NRGU: 298 rows OK
NRGD: 298 rows OK
NOCT: 501 rows OK
NORW: 501 rows OK
NMAY: 249 rows OK
NNEX: 113 rows OK
NOVM: 360 rows OK
NOEQ: 26 rows OK
NODE: 240 rows OK
NSEP: 414 rows OK
NOWL: 199 rows OK
NPFI: 501 rows OK
NMB: 408 rows OK
NOBL: 501 rows OK
NNOV: 371 rows OK
NMBL: 121 rows OK
NTSX: 501 rows OK
NPFE: 34 rows OK
NRSH: 501 rows OK
NSI: 501 rows OK
NUBD: 501 rows OK
NTSE: 501 rows OK
NTSI: 501 rows OK
NUG: 111 rows OK
NUDM: 501 rows OK
NUGO: 501 rows OK
NUEM: 501 rows OK
NUGY: 110 rows OK
NUHY: 501 rows OK
NUDV: 501 rows OK
NULC: 501 rows OK
NUMI: 317 rows OK
NUKZ: 501 rows OK
NUMV: 501 rows OK
NULV: 501 rows OK
NURE: 501 rows OK
NUGT: 501 rows OK
NUSA: 501 rows OK
NULG: 501 rows OK
NUMG: 501 rows OK
NUSB: 501 rows OK
NUSC: 501 rows OK
NVBU: 371 rows OK
NVBW: 501 rows OK
NVBT: 501 rows OK
NVD: 501 rows OK
NUAG: 501 rows OK
Batch 16: inserted 20323 rows
NVDO: 178 rows OK
NVOX: 350 rows OK
NVYY: 241 rows OK
NVIR: 501 rows OK
NVIT: 110 rows OK
NVOH: 327 rows OK
NXTG: 501 rows OK
NVDD: 501 rows OK
NVDW: 299 rows OK
NVDU: 501 rows OK
NXTE: 501 rows OK
NVTX: 160 rows OK
NVII: 231 rows OK
NYF: 501 rows OK
NYM: 116 rows OK
NVDL: 501 rows OK
NZUS: 501 rows OK
NVDS: 501 rows OK
NVDX: 501 rows OK
NVDY: 501 rows OK
OAEM: 501 rows OK
NZAC: 501 rows OK
NXTI: 501 rows OK
NVDG: 342 rows OK
OAKM: 350 rows OK
OACP: 501 rows OK
OAIM: 501 rows OK
OALC: 501 rows OK
OASC: 468 rows OK
OBIL: 501 rows OK
OARK: 501 rows OK
OCTM: 380 rows OK
OBOR: 501 rows OK
OBTC: 501 rows OK
OCTB: 135 rows OK
OCTH: 501 rows OK
OBND: 501 rows OK
OCIO: 501 rows OK
OCTJ: 501 rows OK
OCTW: 501 rows OK
OCTP: 487 rows OK
OCTU: 394 rows OK
OCTT: 501 rows OK
ODTE: 18 rows OK
ODHY: 209 rows OK
OCTZ: 501 rows OK
OEF: 501 rows OK
NVDQ: 501 rows OK
OEFA: 501 rows OK
ODDS: 501 rows OK
Batch 17: inserted 20827 rows
ONDG: 73 rows OK
ONDL: 82 rows OK
OILK: 501 rows OK
OMFS: 501 rows OK
OILD: 501 rows OK
ONEH: 61 rows OK
OND: 501 rows OK
ONDU: 73 rows OK
OKTG: 111 rows OK
OKLS: 104 rows OK
ONEY: 501 rows OK
ONEO: 501 rows OK
OMAH: 289 rows OK
OGIG: 501 rows OK
OMFL: 501 rows OK
OILT: 501 rows OK
OILU: 501 rows OK
ONEZ: 311 rows OK
OKLL: 213 rows OK
ONEQ: 501 rows OK
OPEG: 94 rows OK
OIH: 501 rows OK
OGSP: 501 rows OK
ONLN: 501 rows OK
OOSP: 501 rows OK
ONEV: 501 rows OK
ONOF: 501 rows OK
OPPE: 501 rows OK
OPEX: 128 rows OK
OPER: 501 rows OK
ORCX: 306 rows OK
ORBX: 10 rows OK
OPTZ: 501 rows OK
ORLG: 71 rows OK
ORCU: 109 rows OK
ORO: 132 rows OK
ORR: 322 rows OK
OSCX: 148 rows OK
ORCS: 109 rows OK
OTGL: 199 rows OK
OSCV: 501 rows OK
OPPJ: 501 rows OK
OSCG: 119 rows OK
OUSM: 501 rows OK
OSEA: 501 rows OK
OUSA: 501 rows OK
OVL: 501 rows OK
OUNZ: 501 rows OK
OVF: 501 rows OK
OVB: 501 rows OK
Batch 18: inserted 17593 rows
OWNB: 285 rows OK
PAAU: 33 rows OK
PAMC: 501 rows OK
OVT: 501 rows OK
PAPI: 501 rows OK
PANG: 277 rows OK
OZEM: 485 rows OK
PALC: 501 rows OK
PATN: 404 rows OK
PALU: 273 rows OK
PATX: 73 rows OK
PALD: 273 rows OK
PALL: 501 rows OK
PAPR: 501 rows OK
PAB: 501 rows OK
PAVE: 501 rows OK
PAAA: 501 rows OK
PAYM: 82 rows OK
PAUG: 501 rows OK
PABU: 501 rows OK
PAWZ: 501 rows OK
PAYH: 82 rows OK
PABD: 501 rows OK
OVS: 501 rows OK
OVM: 501 rows OK
OWNS: 501 rows OK
PAYR: 139 rows OK
OVLH: 501 rows OK
PBDC: 501 rows OK
PBAU: 492 rows OK
PBEU: 102 rows OK
PBJA: 501 rows OK
PBFB: 501 rows OK
PBE: 501 rows OK
PBAP: 501 rows OK
PBJL: 494 rows OK
PBDE: 482 rows OK
PBD: 501 rows OK
PBFR: 468 rows OK
PBNV: 254 rows OK
PBMY: 499 rows OK
PBOC: 487 rows OK
PBMR: 501 rows OK
PBOG: 102 rows OK
PBJ: 501 rows OK
PBJN: 477 rows OK
PBP: 501 rows OK
PBQQ: 326 rows OK
PBPH: 102 rows OK
PBL: 501 rows OK
Batch 19: inserted 20218 rows
PBRG: 89 rows OK
PCI: 186 rows OK
PCFI: 272 rows OK
PCS: 186 rows OK
PCLG: 145 rows OK
PCLO: 350 rows OK
PBSE: 472 rows OK
PCL: 184 rows OK
PCHI: 275 rows OK
PBTP: 501 rows OK
PCY: 501 rows OK
PCGG: 501 rows OK
PCRB: 501 rows OK
PBUS: 501 rows OK
PCMM: 350 rows OK
PCEF: 501 rows OK
PCCE: 501 rows OK
PCPI: 17 rows OK
PBW: 501 rows OK
PDBA: 501 rows OK
PDDL: 199 rows OK
PDEC: 501 rows OK
PDBC: 501 rows OK
PEVC: 309 rows OK
PEMX: 501 rows OK
PEXL: 501 rows OK
PFDE: 81 rows OK
PDN: 501 rows OK
PDP: 501 rows OK
PCIG: 501 rows OK
PEX: 501 rows OK
PEJ: 501 rows OK
PEZ: 501 rows OK
PFFV: 501 rows OK
PFFR: 501 rows OK
PFFD: 501 rows OK
PFEB: 501 rows OK
PEY: 501 rows OK
PFI: 501 rows OK
PFF: 501 rows OK
PFIG: 501 rows OK
PFFA: 501 rows OK
PEPS: 256 rows OK
Batch 20: inserted 17399 rows
DONE. Total inserted: 387771, Errors: 0
