[Sun Apr 26 15:22:43 +03 2026] Weekend — skipping ETF cron

[2026-04-27 16:05:12] ETF Daily Cron
============================================================

[1/5] Fetching FX rates...
  USD/TRY = 45.0196
  EUR/TRY = 52.9333
  GBP/TRY = 61.0280

[2/5] Fetching ETF list from DB...
  Total ETFs in DB: 1000

[3/5] Fetching latest prices...
  Got prices for 1000 ETFs
  Upserting 1000 today's price rows...
    → foreign_etf_prices ERROR: HTTP Error 409: Conflict

[4/5] Fetching full price history for returns...
  Fetched price history for 1000 ETFs
  Fetching last 30 days per symbol for sparklines...
  Got last-30-day prices for 1000 ETFs

DONE: 826 updated, 174 skipped, 0 errors
  FX: USD/TRY=45.0196

[5/5] Recomputing sparklines (last 30 days)...
  ✓ 100 ETFs updated
  ✓ 200 ETFs updated
  ✓ 300 ETFs updated
  ✓ 400 ETFs updated
  ✓ 500 ETFs updated
  ✓ 600 ETFs updated
  ✓ 700 ETFs updated
  ✓ 800 ETFs updated
  Sparklines: 840 updated, 160 skipped, 0 errors
Traceback (most recent call last):
  File "/Users/admin/Desktop/projects/fon-app/scripts/etf_daily_cron.py", line 433, in <module>
    main()
  File "/Users/admin/Desktop/projects/fon-app/scripts/etf_daily_cron.py", line 356, in main
    print(f"\n✅ ETF cron complete — prices={latest_ok}, returns={updated}, sparklines={spark_ok}")
                                             ^^^^^^^^^
NameError: name 'latest_ok' is not defined

[2026-04-27 16:11:32] ETF Daily Cron
============================================================

[1/5] Fetching FX rates...
  USD/TRY = 45.0227
  EUR/TRY = 52.9522
  GBP/TRY = 61.0146

[2/5] Fetching ETF list from DB...
  Total ETFs in DB: 1000

[3/5] Fetching latest prices...
  Got prices for 1000 ETFs
  Upserting 1000 today's price rows...
    → foreign_etf_prices ERROR: HTTP Error 409: Conflict

[4/5] Fetching full price history for returns...
  Fetched price history for 1000 ETFs
  Fetching last 30 days per symbol for sparklines...
  Got last-30-day prices for 1000 ETFs

DONE: 825 updated, 175 skipped, 0 errors
  FX: USD/TRY=45.0227

[5/5] Recomputing sparklines (last 30 days)...
  ✓ 100 ETFs updated
  ✓ 200 ETFs updated
  ✓ 300 ETFs updated
  ✓ 400 ETFs updated
  ✓ 500 ETFs updated
  ✓ 600 ETFs updated
  ✓ 700 ETFs updated
  ✓ 800 ETFs updated
  Sparklines: 840 updated, 160 skipped, 0 errors

✅ ETF cron complete — prices=1000, returns=825, sparklines=840

[2026-04-27 21:44:02] ETF Daily Cron
============================================================

[1/5] Fetching FX rates...
  USD/TRY = 45.0021
  EUR/TRY = 52.8039
  GBP/TRY = 60.9328

[2/5] Fetching ETF list from DB...
  Total ETFs in DB: 1000

[3/5] Fetching latest prices...
  Got prices for 1000 ETFs
  Upserting 1000 today's price rows...
    → foreign_etf_prices ERROR: HTTP Error 409: Conflict

[4/5] Fetching full price history for returns...
  Fetched price history for 998 ETFs
  Fetching last 30 days per symbol for sparklines...
  Got last-30-day prices for 998 ETFs

DONE: 839 updated, 161 skipped, 0 errors
  FX: USD/TRY=45.0021

[5/5] Recomputing sparklines (last 30 days)...
  ✓ 100 ETFs updated
  ✓ 200 ETFs updated
  ✓ 300 ETFs updated
  ✓ 400 ETFs updated
  ✓ 500 ETFs updated
  ✓ 600 ETFs updated
  ✓ 700 ETFs updated
  ✓ 800 ETFs updated
  Sparklines: 839 updated, 159 skipped, 0 errors

✅ ETF cron complete — prices=1000, returns=839, sparklines=839
$DDFN: possibly delisted; no price data found  (period=5d)
$MSBT: possibly delisted; no price data found  (period=5d)
$DFAW: possibly delisted; no price data found  (period=5d)

4 Failed downloads:
['DDFN', 'MSBT', 'DFAW']: possibly delisted; no price data found  (period=5d)
['MSTQ']: OperationalError('unable to open database file')
$DXUV: possibly delisted; no price data found  (period=5d)
$PBEU: possibly delisted; no price data found  (period=5d)
$DAPR: possibly delisted; no price data found  (period=5d)
$DIA: possibly delisted; no price data found  (period=5d)
$DGRE: possibly delisted; no price data found  (period=5d)
$PBAP: possibly delisted; no price data found  (period=5d)
$DYNF: possibly delisted; no price data found  (period=5d)
$PBAU: possibly delisted; no price data found  (period=5d)
$CRDT: possibly delisted; no price data found  (period=5d)
$CMCI: possibly delisted; no price data found  (period=5d)
$DHS: possibly delisted; no price data found  (period=5d)
$DWUS: possibly delisted; no price data found  (period=5d)
$PSEP: possibly delisted; no price data found  (period=5d)
$EAGG: possibly delisted; no price data found  (period=5d)
$CGVV: possibly delisted; no price data found  (period=5d)
$DBSC: possibly delisted; no price data found  (period=5d)
$MYMI: possibly delisted; no price data found  (period=5d)
$PAYH: possibly delisted; no price data found  (period=5d)
$PSET: possibly delisted; no price data found  (period=5d)
$PBD: possibly delisted; no price data found  (period=5d)
$PBJL: possibly delisted; no price data found  (period=5d)
$CNXT: possibly delisted; no price data found  (period=5d)

27 Failed downloads:
['DXUV', 'PBEU', 'DAPR', 'DIA', 'DGRE', 'PBAP', 'DYNF', 'PBAU', 'CRDT', 'CMCI', 'DHS', 'DWUS', 'PSEP', 'EAGG', 'CGVV', 'DBSC', 'MYMI', 'PAYH', 'PSET', 'PBD', 'PBJL', 'CNXT']: possibly delisted; no price data found  (period=5d)
['PATN', 'PBMY', 'PBFB', 'PBJN', 'NBCM']: OperationalError('unable to open database file')
$CGIC: possibly delisted; no price data found  (period=5d)
$PSMR: possibly delisted; no price data found  (period=5d)
$DYLG: possibly delisted; no price data found  (period=5d)
$DFAI: possibly delisted; no price data found  (period=5d)
$DVRE: possibly delisted; no price data found  (period=5d)
$CGGE: possibly delisted; no price data found  (period=5d)
$DVLU: possibly delisted; no price data found  (period=5d)
$PFI: possibly delisted; no price data found  (period=5d)
$SHY: possibly delisted; no price data found  (period=5d)
$PSFF: possibly delisted; no price data found  (period=5d)
$PDBC: possibly delisted; no price data found  (period=5d)
$PFFR: possibly delisted; no price data found  (period=5d)
$CGBL: possibly delisted; no price data found  (period=5d)
$PSFM: possibly delisted; no price data found  (period=5d)
$PGRO: possibly delisted; no price data found  (period=5d)

26 Failed downloads:
['CGIC', 'PSMR', 'DYLG', 'DFAI', 'DVRE', 'CGGE', 'DVLU', 'PFI', 'SHY', 'PSFF', 'PDBC', 'PFFR', 'CGBL', 'PSFM', 'PGRO']: possibly delisted; no price data found  (period=5d)
['PHO', 'CRWU', 'DLNV', 'DVOL', 'EAOK', 'PSMJ', 'DGAP', 'PEVC', 'PEJ', 'PFFD', 'PFDE']: OperationalError('unable to open database file')
$NNEX: possibly delisted; no price data found  (period=5d)

1 Failed download:
['NNEX']: possibly delisted; no price data found  (period=5d)
$DOGD: possibly delisted; no price data found  (period=5d)

1 Failed download:
['DOGD']: possibly delisted; no price data found  (period=5d)
$ORCS: possibly delisted; no price data found  (period=5d)
$CHNL: possibly delisted; no price data found  (period=5d)
$OEFA: possibly delisted; no price data found  (period=5d)
$CBTY: possibly delisted; no price data found  (period=5d)
$CWB: possibly delisted; no price data found  (period=5d)
$NDIA: possibly delisted; no price data found  (period=5d)

6 Failed downloads:
['ORCS', 'CHNL', 'OEFA', 'CBTY', 'CWB', 'NDIA']: possibly delisted; no price data found  (period=5d)
$MYLD: possibly delisted; no price data found  (period=5d)
$MUU: possibly delisted; no price data found  (period=5d)
$NDOW: possibly delisted; no price data found  (period=5d)
$NFLT: possibly delisted; no price data found  (period=5d)
$DVXE: possibly delisted; no price data found  (period=5d)
$EBUF: possibly delisted; no price data found  (period=5d)
$NOWL: possibly delisted; no price data found  (period=5d)
$DIM: possibly delisted; no price data found  (period=5d)
$NDIV: possibly delisted; no price data found  (period=5d)

13 Failed downloads:
['MYLD', 'MUU', 'NDOW', 'NFLT', 'DVXE', 'EBUF', 'NOWL', 'DIM', 'NDIV']: possibly delisted; no price data found  (period=5d)
['NFLY', 'NTSX', 'NOVP', 'CHIQ']: OperationalError('unable to open database file')
$NUGT: possibly delisted; no price data found  (period=5d)
$PSK: possibly delisted; no price data found  (period=5d)
$CPRA: possibly delisted; no price data found  (period=5d)
$CRDX: possibly delisted; no price data found  (period=5d)
$NUMI: possibly delisted; no price data found  (period=5d)
$DLS: possibly delisted; no price data found  (period=5d)
$VWO: possibly delisted; no price data found  (period=5d)
$NUKZ: possibly delisted; no price data found  (period=5d)
$TLT: possibly delisted; no price data found  (period=5d)
$NUGY: possibly delisted; no price data found  (period=5d)

18 Failed downloads:
['NUGT', 'PSK', 'CPRA', 'CRDX', 'NUMI', 'DLS', 'VWO', 'NUKZ', 'TLT', 'NUGY']: possibly delisted; no price data found  (period=5d)
['PALL', 'CVRD', 'NULV', 'CPER', 'CPSL', 'CLOD', 'PMIO', 'PMAY']: OperationalError('unable to open database file')
$NVDW: possibly delisted; no price data found  (period=5d)
$MYHC: possibly delisted; no price data found  (period=5d)
$NVIR: possibly delisted; no price data found  (period=5d)
$DINT: possibly delisted; no price data found  (period=5d)
$CORP: possibly delisted; no price data found  (period=5d)
$CERY: possibly delisted; no price data found  (period=5d)
$NFLW: possibly delisted; no price data found  (period=5d)
$NVDQ: possibly delisted; no price data found  (period=5d)
$DECO: possibly delisted; no price data found  (period=5d)
$NUSC: possibly delisted; no price data found  (period=5d)
$DFEV: possibly delisted; no price data found  (period=5d)
$DGOC: possibly delisted; no price data found  (period=5d)

19 Failed downloads:
['NVDW', 'MYHC', 'NVIR', 'DINT', 'CORP', 'CERY', 'NFLW', 'NVDQ', 'DECO', 'NUSC', 'DFEV', 'DGOC']: possibly delisted; no price data found  (period=5d)
['CPNJ', 'OARK', 'NVDL', 'NVII', 'PMNV', 'NVDX', 'DFAS']: OperationalError('unable to open database file')
