
[2026-04-27 17:40:31] ETF Daily Cron
============================================================

[1/5] Fetching FX rates...
  USD/TRY = 45.0175
  EUR/TRY = 52.8988
  GBP/TRY = 61.0523

[2/5] Fetching ETF list from DB...
  Total ETFs in DB: 1000

[3/5] Fetching latest prices...
  Got prices for 1000 ETFs
  Upserting 1000 today's price rows...
    → foreign_etf_prices ERROR: HTTP Error 409: Conflict

[4/5] Fetching full price history for returns...
  Fetched price history for 1000 ETFs
  Fetching last 30 days per symbol for sparklines...
  Got last-30-day prices for 1000 ETFs

DONE: 841 updated, 159 skipped, 0 errors
  FX: USD/TRY=45.0175

[5/5] Recomputing sparklines (last 30 days)...
  ✓ 100 ETFs updated
  ✓ 200 ETFs updated
  ✓ 300 ETFs updated
  ✓ 400 ETFs updated
  ✓ 500 ETFs updated
  ✓ 600 ETFs updated
  ✓ 700 ETFs updated
  ✓ 800 ETFs updated
  Sparklines: 841 updated, 159 skipped, 0 errors

✅ ETF cron complete — prices=1000, returns=841, sparklines=841
