[2026-05-05 12:07:07] [INFO] Starting fund_metrics
[2026-05-05 12:07:07] [INFO] system_rates: {'TRY': 0.45, 'USD': 0.0359, 'EUR': 0.0}
[2026-05-05 12:07:16] [INFO] Funds with price_history: 0
[2026-05-05 12:07:16] [INFO] fund_metrics upserted: 0/0, errors=0
[2026-05-05 12:07:17] [INFO] Done in 9.4s
[2026-05-05 13:41:05] [INFO] Starting fund_metrics
[2026-05-05 13:41:06] [INFO] system_rates: {'TRY': 0.45, 'USD': 0.0359, 'EUR': 0.0}
[2026-05-05 13:41:32] [INFO] Funds with price_history: 1000
[2026-05-05 13:41:32] [WARN] Error for fund PBH: division by zero
[2026-05-05 13:41:32] [WARN] Error for fund TBJ: division by zero
[2026-05-05 13:41:32] [WARN] Error for fund HAM: division by zero
[2026-05-05 13:41:32] [WARN] Error for fund KKT: division by zero
[2026-05-05 13:41:32] [WARN] Error for fund NAU: division by zero
[2026-05-05 13:41:32] [WARN] Error for fund SVY: division by zero
[2026-05-05 13:41:32] [WARN] Error for fund BAS: division by zero
[2026-05-05 13:41:32] [WARN] Error for fund KLT: division by zero
[2026-05-05 13:41:32] [WARN] Error for fund ONS: division by zero
[2026-05-05 13:41:32] [WARN] Error for fund KDV: division by zero
[2026-05-05 13:41:32] [WARN] Error for fund IUZ: division by zero
[2026-05-05 13:41:32] [WARN] Error for fund KVS: division by zero
[2026-05-05 13:41:32] [WARN] Error for fund CJH: division by zero
[2026-05-05 13:41:32] [WARN] Error for fund ZCE: division by zero
[2026-05-05 13:41:32] [WARN] Error for fund YZD: division by zero
[2026-05-05 13:41:32] [WARN] Error for fund GO6: division by zero
[2026-05-05 13:41:32] [WARN] Error for fund FS4: division by zero
[2026-05-05 13:41:32] [WARN] Error for fund DYJ: division by zero
[2026-05-05 13:41:32] [WARN] Error for fund ABJ: division by zero
[2026-05-05 13:41:32] [WARN] Error for fund NUG: division by zero
[2026-05-05 13:41:32] [WARN] Error for fund USS: division by zero
[2026-05-05 13:41:32] [WARN] Error for fund DOD: division by zero
[2026-05-05 13:41:32] [WARN] Error for fund GRO: division by zero
[2026-05-05 13:41:32] [WARN] Error for fund FSG: division by zero
[2026-05-05 13:41:32] [WARN] Error for fund GMF: division by zero
[2026-05-05 13:41:32] [WARN] Error for fund HAE: division by zero
[2026-05-05 13:41:32] [WARN] Error for fund NKV: division by zero
[2026-05-05 13:41:32] [WARN] Error for fund BBS: division by zero
[2026-05-05 13:41:32] [WARN] Error for fund ENF: division by zero
[2026-05-05 13:41:32] [WARN] Error for fund ZP7: division by zero
[2026-05-05 13:41:32] [WARN] Error for fund FKE: division by zero
[2026-05-05 13:41:32] [WARN] Error for fund FFF: division by zero
[2026-05-05 13:41:32] [WARN] Error for fund PKU: division by zero
[2026-05-05 13:41:32] [WARN] Error for fund DFO: division by zero
[2026-05-05 13:41:32] [WARN] Error for fund ZPN: division by zero
[2026-05-05 13:41:32] [WARN] Error for fund PGE: division by zero
[2026-05-05 13:41:32] [WARN] Error for fund DVZ: division by zero
[2026-05-05 13:41:32] [WARN] Error for fund FHP: division by zero
[2026-05-05 13:41:32] [WARN] Error for fund POH: division by zero
[2026-05-05 13:41:32] [WARN] Error for fund BOE: division by zero
[2026-05-05 13:41:32] [WARN] Error for fund GGA: division by zero
[2026-05-05 13:41:32] [WARN] Error for fund GGD: division by zero
[2026-05-05 13:41:32] [WARN] Error for fund BDO: division by zero
[2026-05-05 13:41:32] [WARN] Error for fund BCC: division by zero
[2026-05-05 13:41:32] [WARN] Error for fund BDA: division by zero
[2026-05-05 13:41:32] [WARN] Error for fund SHE: division by zero
[2026-05-05 13:41:32] [WARN] Error for fund KPR: division by zero
[2026-05-05 13:41:32] [WARN] Error for fund PPP: division by zero
[2026-05-05 13:41:32] [WARN] Error for fund TRN: division by zero
[2026-05-05 13:41:32] [WARN] Error for fund RBE: division by zero
[2026-05-05 13:41:32] [WARN] Error for fund CJG: division by zero
[2026-05-05 13:41:32] [WARN] Error for fund ZCF: division by zero
[2026-05-05 13:41:32] [WARN] Error for fund TRU: division by zero
[2026-05-05 13:41:32] [WARN] Error for fund RSZ: division by zero
[2026-05-05 13:41:32] [WARN] Error for fund YUI: division by zero
[2026-05-05 13:41:32] [WARN] Error for fund TOK: division by zero
[2026-05-05 13:41:32] [WARN] Error for fund VCG: division by zero
[2026-05-05 13:41:32] [WARN] Error for fund ITR: division by zero
[2026-05-05 13:41:32] [WARN] Error for fund MJE: division by zero
[2026-05-05 13:41:32] [WARN] Error for fund GCN: division by zero
[2026-05-05 13:41:32] [WARN] Error for fund ROD: division by zero
[2026-05-05 13:41:32] [WARN] Error for fund IUC: division by zero
[2026-05-05 13:41:32] [WARN] Error for fund GBP: division by zero
[2026-05-05 13:41:32] [WARN] Error for fund NHV: division by zero
[2026-05-05 13:41:32] [WARN] Error for fund PBF: division by zero
[2026-05-05 13:41:32] [WARN] Error for fund EDT: division by zero
[2026-05-05 13:41:32] [WARN] Error for fund GCT: division by zero
[2026-05-05 13:41:32] [WARN] Error for fund IIA: division by zero
[2026-05-05 13:41:32] [WARN] Error for fund FFC: division by zero
[2026-05-05 13:41:32] [WARN] Error for fund FPG: division by zero
[2026-05-05 13:41:32] [WARN] Error for fund GCY: division by zero
[2026-05-05 13:41:32] [WARN] Error for fund SKS: division by zero
[2026-05-05 13:41:32] [WARN] Error for fund TGV: division by zero
[2026-05-05 13:41:32] [WARN] Error for fund ONB: division by zero
[2026-05-05 13:41:32] [WARN] Error for fund KEU: division by zero
[2026-05-05 13:41:32] [WARN] Error for fund NSA: division by zero
[2026-05-05 13:41:32] [WARN] Error for fund DP1: division by zero
[2026-05-05 13:41:32] [WARN] Error for fund FJM: division by zero
[2026-05-05 13:41:32] [WARN] Error for fund PJL: division by zero
[2026-05-05 13:41:32] [WARN] Error for fund KKV: division by zero
[2026-05-05 13:41:32] [WARN] Error for fund NP1: division by zero
[2026-05-05 13:41:32] [WARN] Error for fund SDA: division by zero
[2026-05-05 13:41:32] [WARN] Error for fund KKL: division by zero
[2026-05-05 13:41:32] [WARN] Error for fund KLM: division by zero
[2026-05-05 13:41:32] [WARN] Error for fund GKG: division by zero
[2026-05-05 13:41:32] [WARN] Error for fund DKA: division by zero
[2026-05-05 13:41:32] [WARN] Error for fund RKL: division by zero
[2026-05-05 13:41:32] [WARN] Error for fund HIP: division by zero
[2026-05-05 13:41:32] [WARN] Error for fund ZK1: division by zero
[2026-05-05 13:41:32] [WARN] Error for fund KDZ: division by zero
[2026-05-05 13:41:32] [WARN] Error for fund IGF: division by zero
[2026-05-05 13:41:32] [WARN] Error for fund RHI: division by zero
[2026-05-05 13:41:32] [WARN] Error for fund ZR2: division by zero
[2026-05-05 13:41:32] [WARN] Error for fund BHO: division by zero
[2026-05-05 13:41:32] [WARN] Error for fund HPH: division by zero
[2026-05-05 13:41:32] [WARN] Error for fund GFH: division by zero
[2026-05-05 13:41:32] [WARN] Error for fund UP1: division by zero
[2026-05-05 13:41:32] [WARN] Error for fund ZUE: division by zero
[2026-05-05 13:41:32] [WARN] Error for fund AL4: division by zero
[2026-05-05 13:41:32] [WARN] Error for fund PAU: division by zero
[2026-05-05 13:41:32] [WARN] Error for fund TJL: division by zero
[2026-05-05 13:41:32] [WARN] Error for fund GTN: division by zero
[2026-05-05 13:41:32] [WARN] Error for fund MHF: division by zero
[2026-05-05 13:41:32] [WARN] Error for fund PKL: division by zero
[2026-05-05 13:41:32] [WARN] Error for fund AL5: division by zero
[2026-05-05 13:41:32] [WARN] Error for fund MUT: division by zero
[2026-05-05 13:41:32] [WARN] Error for fund BRG: division by zero
[2026-05-05 13:41:32] [WARN] Error for fund KKO: division by zero
[2026-05-05 13:41:32] [WARN] Error for fund TB9: division by zero
[2026-05-05 13:41:32] [WARN] Error for fund YVG: division by zero
[2026-05-05 13:41:32] [WARN] Error for fund NTB: division by zero
[2026-05-05 13:41:32] [WARN] Error for fund ZNF: division by zero
[2026-05-05 13:41:32] [WARN] Error for fund KDL: division by zero
[2026-05-05 13:41:32] [WARN] Error for fund NKK: division by zero
[2026-05-05 13:41:32] [WARN] Error for fund HJA: division by zero
[2026-05-05 13:41:32] [WARN] Error for fund URA: division by zero
[2026-05-05 13:41:32] [WARN] Error for fund YCP: division by zero
[2026-05-05 13:41:32] [WARN] Error for fund GBZ: division by zero
[2026-05-05 13:41:32] [WARN] Error for fund BIP: division by zero
[2026-05-05 13:41:32] [WARN] Error for fund IAC: division by zero
[2026-05-05 13:41:32] [WARN] Error for fund AL7: division by zero
[2026-05-05 13:41:32] [WARN] Error for fund DP9: division by zero
[2026-05-05 13:41:32] [WARN] Error for fund RPG: division by zero
[2026-05-05 13:41:32] [WARN] Error for fund BAC: division by zero
[2026-05-05 13:41:32] [WARN] Error for fund NJF: division by zero
[2026-05-05 13:41:32] [WARN] Error for fund FJN: division by zero
[2026-05-05 13:41:32] [WARN] Error for fund GEV: division by zero
[2026-05-05 13:41:32] [WARN] Error for fund THO: division by zero
[2026-05-05 13:41:32] [WARN] Error for fund ZSN: division by zero
[2026-05-05 13:41:32] [WARN] Error for fund GPM: division by zero
[2026-05-05 13:41:32] [WARN] Error for fund RPP: division by zero
[2026-05-05 13:41:32] [WARN] Error for fund HGU: division by zero
[2026-05-05 13:41:32] [WARN] Error for fund BVZ: division by zero
[2026-05-05 13:41:32] [WARN] Error for fund GPL: division by zero
[2026-05-05 13:41:32] [WARN] Error for fund IV6: division by zero
[2026-05-05 13:41:32] [WARN] Error for fund KAC: division by zero
[2026-05-05 13:41:32] [WARN] Error for fund GCC: division by zero
[2026-05-05 13:41:32] [WARN] Error for fund ZJR: division by zero
[2026-05-05 13:41:32] [WARN] Error for fund IJV: division by zero
[2026-05-05 13:41:32] [WARN] Error for fund GAU: division by zero
[2026-05-05 13:41:32] [WARN] Error for fund DOC: division by zero
[2026-05-05 13:41:32] [WARN] Error for fund MGE: division by zero
[2026-05-05 13:41:33] [WARN] Error for fund GFI: division by zero
[2026-05-05 13:41:33] [WARN] Error for fund HB1: division by zero
[2026-05-05 13:41:33] [WARN] Error for fund RPO: division by zero
[2026-05-05 13:41:33] [WARN] Error for fund BLH: division by zero
[2026-05-05 13:41:33] [WARN] Error for fund GUV: division by zero
[2026-05-05 13:41:33] [WARN] Error for fund RTA: division by zero
[2026-05-05 13:41:33] [WARN] Error for fund NLD: division by zero
[2026-05-05 13:41:33] [WARN] Error for fund TNA: division by zero
[2026-05-05 13:41:33] [WARN] Error for fund IML: division by zero
[2026-05-05 13:41:33] [WARN] Error for fund PGH: division by zero
[2026-05-05 13:41:33] [WARN] Error for fund NIS: division by zero
[2026-05-05 13:41:33] [WARN] Error for fund NCS: division by zero
[2026-05-05 13:41:33] [WARN] Error for fund ILP: division by zero
[2026-05-05 13:41:33] [WARN] Error for fund FJG: division by zero
[2026-05-05 13:41:33] [WARN] Error for fund FDV: division by zero
[2026-05-05 13:41:33] [WARN] Error for fund DMR: division by zero
[2026-05-05 13:41:33] [WARN] Error for fund KUT: division by zero
[2026-05-05 13:41:33] [WARN] Error for fund PTS: division by zero
[2026-05-05 13:41:33] [WARN] Error for fund ZLG: division by zero
[2026-05-05 13:41:33] [WARN] Error for fund ZYC: division by zero
[2026-05-05 13:41:33] [WARN] Error for fund GMC: division by zero
[2026-05-05 13:43:33] [INFO] Starting fund_metrics
[2026-05-05 13:43:33] [INFO] system_rates: {'TRY': 0.45, 'USD': 0.0359, 'EUR': 0.0}
[2026-05-05 13:44:12] [INFO] Funds with price_history: 2400
[2026-05-05 13:44:12] [WARN] Error for fund PBH: division by zero
[2026-05-05 13:44:12] [WARN] Error for fund TBJ: division by zero
[2026-05-05 13:44:12] [WARN] Error for fund HAM: division by zero
[2026-05-05 13:44:12] [WARN] Error for fund KKT: division by zero
[2026-05-05 13:44:12] [WARN] Error for fund NAU: division by zero
[2026-05-05 13:44:12] [WARN] Error for fund SVY: division by zero
[2026-05-05 13:44:12] [WARN] Error for fund BAS: division by zero
[2026-05-05 13:44:12] [WARN] Error for fund KLT: division by zero
[2026-05-05 13:44:12] [WARN] Error for fund ONS: division by zero
[2026-05-05 13:44:12] [WARN] Error for fund KDV: division by zero
[2026-05-05 13:44:12] [WARN] Error for fund IUZ: division by zero
[2026-05-05 13:44:12] [WARN] Error for fund KVS: division by zero
[2026-05-05 13:44:12] [WARN] Error for fund CJH: division by zero
[2026-05-05 13:44:12] [WARN] Error for fund ZCE: division by zero
[2026-05-05 13:44:12] [WARN] Error for fund YZD: division by zero
[2026-05-05 13:44:12] [WARN] Error for fund GO6: division by zero
[2026-05-05 13:44:12] [WARN] Error for fund FS4: division by zero
[2026-05-05 13:44:12] [WARN] Error for fund DYJ: division by zero
[2026-05-05 13:44:12] [WARN] Error for fund ABJ: division by zero
[2026-05-05 13:44:12] [WARN] Error for fund NUG: division by zero
[2026-05-05 13:44:12] [WARN] Error for fund USS: division by zero
[2026-05-05 13:44:12] [WARN] Error for fund DOD: division by zero
[2026-05-05 13:44:12] [WARN] Error for fund GRO: division by zero
[2026-05-05 13:44:12] [WARN] Error for fund FSG: division by zero
[2026-05-05 13:44:12] [WARN] Error for fund GMF: division by zero
[2026-05-05 13:44:12] [WARN] Error for fund HAE: division by zero
[2026-05-05 13:44:12] [WARN] Error for fund NKV: division by zero
[2026-05-05 13:44:12] [WARN] Error for fund BBS: division by zero
[2026-05-05 13:44:12] [WARN] Error for fund ENF: division by zero
[2026-05-05 13:44:12] [WARN] Error for fund ZP7: division by zero
[2026-05-05 13:44:12] [WARN] Error for fund FKE: division by zero
[2026-05-05 13:44:12] [WARN] Error for fund FFF: division by zero
[2026-05-05 13:44:12] [WARN] Error for fund PKU: division by zero
[2026-05-05 13:44:12] [WARN] Error for fund DFO: division by zero
[2026-05-05 13:44:12] [WARN] Error for fund ZPN: division by zero
[2026-05-05 13:44:12] [WARN] Error for fund PGE: division by zero
[2026-05-05 13:44:12] [WARN] Error for fund DVZ: division by zero
[2026-05-05 13:44:12] [WARN] Error for fund FHP: division by zero
[2026-05-05 13:44:12] [WARN] Error for fund POH: division by zero
[2026-05-05 13:44:12] [WARN] Error for fund BOE: division by zero
[2026-05-05 13:44:12] [WARN] Error for fund GGA: division by zero
[2026-05-05 13:44:12] [WARN] Error for fund GGD: division by zero
[2026-05-05 13:44:12] [WARN] Error for fund BDO: division by zero
[2026-05-05 13:44:12] [WARN] Error for fund BCC: division by zero
[2026-05-05 13:44:12] [WARN] Error for fund BDA: division by zero
[2026-05-05 13:44:12] [WARN] Error for fund SHE: division by zero
[2026-05-05 13:44:12] [WARN] Error for fund KPR: division by zero
[2026-05-05 13:44:12] [WARN] Error for fund PPP: division by zero
[2026-05-05 13:44:12] [WARN] Error for fund TRN: division by zero
[2026-05-05 13:44:12] [WARN] Error for fund RBE: division by zero
[2026-05-05 13:44:12] [WARN] Error for fund CJG: division by zero
[2026-05-05 13:44:12] [WARN] Error for fund ZCF: division by zero
[2026-05-05 13:44:12] [WARN] Error for fund TRU: division by zero
[2026-05-05 13:44:12] [WARN] Error for fund RSZ: division by zero
[2026-05-05 13:44:12] [WARN] Error for fund YUI: division by zero
[2026-05-05 13:44:12] [WARN] Error for fund TOK: division by zero
[2026-05-05 13:44:12] [WARN] Error for fund VCG: division by zero
[2026-05-05 13:44:12] [WARN] Error for fund ITR: division by zero
[2026-05-05 13:44:12] [WARN] Error for fund MJE: division by zero
[2026-05-05 13:44:12] [WARN] Error for fund GCN: division by zero
[2026-05-05 13:44:12] [WARN] Error for fund ROD: division by zero
[2026-05-05 13:44:12] [WARN] Error for fund IUC: division by zero
[2026-05-05 13:44:12] [WARN] Error for fund GBP: division by zero
[2026-05-05 13:44:12] [WARN] Error for fund NHV: division by zero
[2026-05-05 13:44:12] [WARN] Error for fund PBF: division by zero
[2026-05-05 13:44:12] [WARN] Error for fund EDT: division by zero
[2026-05-05 13:44:12] [WARN] Error for fund GCT: division by zero
[2026-05-05 13:44:12] [WARN] Error for fund IIA: division by zero
[2026-05-05 13:44:12] [WARN] Error for fund FFC: division by zero
[2026-05-05 13:44:12] [WARN] Error for fund FPG: division by zero
[2026-05-05 13:44:12] [WARN] Error for fund GCY: division by zero
[2026-05-05 13:44:12] [WARN] Error for fund SKS: division by zero
[2026-05-05 13:44:12] [WARN] Error for fund TGV: division by zero
[2026-05-05 13:44:12] [WARN] Error for fund ONB: division by zero
[2026-05-05 13:44:12] [WARN] Error for fund KEU: division by zero
[2026-05-05 13:44:12] [WARN] Error for fund NSA: division by zero
[2026-05-05 13:44:12] [WARN] Error for fund DP1: division by zero
[2026-05-05 13:44:12] [WARN] Error for fund FJM: division by zero
[2026-05-05 13:44:12] [WARN] Error for fund PJL: division by zero
[2026-05-05 13:44:12] [WARN] Error for fund KKV: division by zero
[2026-05-05 13:44:12] [WARN] Error for fund NP1: division by zero
[2026-05-05 13:44:12] [WARN] Error for fund SDA: division by zero
[2026-05-05 13:44:12] [WARN] Error for fund KKL: division by zero
[2026-05-05 13:44:12] [WARN] Error for fund KLM: division by zero
[2026-05-05 13:44:12] [WARN] Error for fund GKG: division by zero
[2026-05-05 13:44:12] [WARN] Error for fund DKA: division by zero
[2026-05-05 13:44:12] [WARN] Error for fund RKL: division by zero
[2026-05-05 13:44:12] [WARN] Error for fund HIP: division by zero
[2026-05-05 13:44:12] [WARN] Error for fund ZK1: division by zero
[2026-05-05 13:44:12] [WARN] Error for fund KDZ: division by zero
[2026-05-05 13:44:12] [WARN] Error for fund IGF: division by zero
[2026-05-05 13:44:12] [WARN] Error for fund RHI: division by zero
[2026-05-05 13:44:12] [WARN] Error for fund ZR2: division by zero
[2026-05-05 13:44:12] [WARN] Error for fund BHO: division by zero
[2026-05-05 13:44:12] [WARN] Error for fund HPH: division by zero
[2026-05-05 13:44:12] [WARN] Error for fund GFH: division by zero
[2026-05-05 13:44:12] [WARN] Error for fund UP1: division by zero
[2026-05-05 13:44:12] [WARN] Error for fund ZUE: division by zero
[2026-05-05 13:44:12] [WARN] Error for fund AL4: division by zero
[2026-05-05 13:44:12] [WARN] Error for fund PAU: division by zero
[2026-05-05 13:44:12] [WARN] Error for fund TJL: division by zero
[2026-05-05 13:44:12] [WARN] Error for fund GTN: division by zero
[2026-05-05 13:44:12] [WARN] Error for fund MHF: division by zero
[2026-05-05 13:44:12] [WARN] Error for fund PKL: division by zero
[2026-05-05 13:44:12] [WARN] Error for fund AL5: division by zero
[2026-05-05 13:44:12] [WARN] Error for fund MUT: division by zero
[2026-05-05 13:44:12] [WARN] Error for fund BRG: division by zero
[2026-05-05 13:44:12] [WARN] Error for fund KKO: division by zero
[2026-05-05 13:44:12] [WARN] Error for fund TB9: division by zero
[2026-05-05 13:44:12] [WARN] Error for fund YVG: division by zero
[2026-05-05 13:44:12] [WARN] Error for fund NTB: division by zero
[2026-05-05 13:44:12] [WARN] Error for fund ZNF: division by zero
[2026-05-05 13:44:12] [WARN] Error for fund KDL: division by zero
[2026-05-05 13:44:12] [WARN] Error for fund NKK: division by zero
[2026-05-05 13:44:12] [WARN] Error for fund HJA: division by zero
[2026-05-05 13:44:12] [WARN] Error for fund URA: division by zero
[2026-05-05 13:44:12] [WARN] Error for fund YCP: division by zero
[2026-05-05 13:44:12] [WARN] Error for fund GBZ: division by zero
[2026-05-05 13:44:12] [WARN] Error for fund BIP: division by zero
[2026-05-05 13:44:12] [WARN] Error for fund IAC: division by zero
[2026-05-05 13:44:12] [WARN] Error for fund AL7: division by zero
[2026-05-05 13:44:12] [WARN] Error for fund DP9: division by zero
[2026-05-05 13:44:12] [WARN] Error for fund RPG: division by zero
[2026-05-05 13:44:12] [WARN] Error for fund BAC: division by zero
[2026-05-05 13:44:12] [WARN] Error for fund NJF: division by zero
[2026-05-05 13:44:12] [WARN] Error for fund FJN: division by zero
[2026-05-05 13:44:12] [WARN] Error for fund GEV: division by zero
[2026-05-05 13:44:12] [WARN] Error for fund THO: division by zero
[2026-05-05 13:44:12] [WARN] Error for fund ZSN: division by zero
[2026-05-05 13:44:12] [WARN] Error for fund GPM: division by zero
[2026-05-05 13:44:12] [WARN] Error for fund RPP: division by zero
[2026-05-05 13:44:12] [WARN] Error for fund HGU: division by zero
[2026-05-05 13:44:12] [WARN] Error for fund BVZ: division by zero
[2026-05-05 13:44:12] [WARN] Error for fund GPL: division by zero
[2026-05-05 13:44:12] [WARN] Error for fund IV6: division by zero
[2026-05-05 13:44:12] [WARN] Error for fund KAC: division by zero
[2026-05-05 13:44:12] [WARN] Error for fund GCC: division by zero
[2026-05-05 13:44:12] [WARN] Error for fund ZJR: division by zero
[2026-05-05 13:44:12] [WARN] Error for fund IJV: division by zero
[2026-05-05 13:44:12] [WARN] Error for fund GAU: division by zero
[2026-05-05 13:44:12] [WARN] Error for fund DOC: division by zero
[2026-05-05 13:44:12] [WARN] Error for fund MGE: division by zero
[2026-05-05 13:44:12] [WARN] Error for fund GFI: division by zero
[2026-05-05 13:44:12] [WARN] Error for fund HB1: division by zero
[2026-05-05 13:44:12] [WARN] Error for fund RPO: division by zero
[2026-05-05 13:44:12] [WARN] Error for fund BLH: division by zero
[2026-05-05 13:44:12] [WARN] Error for fund GUV: division by zero
[2026-05-05 13:44:12] [WARN] Error for fund RTA: division by zero
[2026-05-05 13:44:12] [WARN] Error for fund NLD: division by zero
[2026-05-05 13:44:12] [WARN] Error for fund TNA: division by zero
[2026-05-05 13:44:12] [WARN] Error for fund IML: division by zero
[2026-05-05 13:44:12] [WARN] Error for fund PGH: division by zero
[2026-05-05 13:44:12] [WARN] Error for fund NIS: division by zero
[2026-05-05 13:44:12] [WARN] Error for fund NCS: division by zero
[2026-05-05 13:44:12] [WARN] Error for fund ILP: division by zero
[2026-05-05 13:44:12] [WARN] Error for fund FJG: division by zero
[2026-05-05 13:44:12] [WARN] Error for fund FDV: division by zero
[2026-05-05 13:44:12] [WARN] Error for fund DMR: division by zero
[2026-05-05 13:44:12] [WARN] Error for fund KUT: division by zero
[2026-05-05 13:44:12] [WARN] Error for fund PTS: division by zero
[2026-05-05 13:44:12] [WARN] Error for fund ZLG: division by zero
[2026-05-05 13:44:12] [WARN] Error for fund ZYC: division by zero
[2026-05-05 13:44:12] [WARN] Error for fund GMC: division by zero
[2026-05-05 13:44:12] [WARN] Error for fund KJM: division by zero
[2026-05-05 13:44:12] [WARN] Error for fund MJK: division by zero
[2026-05-05 13:44:12] [WARN] Error for fund PCS: division by zero
[2026-05-05 13:44:12] [WARN] Error for fund GTM: division by zero
[2026-05-05 13:44:12] [WARN] Error for fund RBR: division by zero
[2026-05-05 13:44:12] [WARN] Error for fund YUN: division by zero
[2026-05-05 13:44:12] [WARN] Error for fund BGL: division by zero
[2026-05-05 13:44:12] [WARN] Error for fund YNK: division by zero
[2026-05-05 13:44:12] [WARN] Error for fund PRU: division by zero
[2026-05-05 13:44:12] [WARN] Error for fund NTO: division by zero
[2026-05-05 13:44:12] [WARN] Error for fund KSM: division by zero
[2026-05-05 13:44:12] [WARN] Error for fund BBN: division by zero
[2026-05-05 13:44:12] [WARN] Error for fund AZZ: division by zero
[2026-05-05 13:44:12] [WARN] Error for fund AC2: division by zero
[2026-05-05 13:44:12] [WARN] Error for fund NFF: division by zero
[2026-05-05 13:44:12] [WARN] Error for fund SLR: division by zero
[2026-05-05 13:44:12] [WARN] Error for fund YMD: division by zero
[2026-05-05 13:44:12] [WARN] Error for fund DK8: division by zero
[2026-05-05 13:44:12] [WARN] Error for fund DCB: division by zero
[2026-05-05 13:44:12] [WARN] Error for fund BHS: division by zero
[2026-05-05 13:44:12] [WARN] Error for fund OJB: division by zero
[2026-05-05 13:44:12] [WARN] Error for fund AC4: division by zero
[2026-05-05 13:44:12] [WARN] Error for fund VKI: division by zero
[2026-05-05 13:44:12] [WARN] Error for fund DCE: division by zero
[2026-05-05 13:44:12] [WARN] Error for fund PTC: division by zero
[2026-05-05 13:44:12] [WARN] Error for fund IUF: division by zero
[2026-05-05 13:44:12] [WARN] Error for fund VMV: division by zero
[2026-05-05 13:44:12] [WARN] Error for fund FKV: division by zero
[2026-05-05 13:44:12] [WARN] Error for fund KRV: division by zero
[2026-05-05 13:44:12] [WARN] Error for fund NAL: division by zero
[2026-05-05 13:44:12] [WARN] Error for fund EKL: division by zero
[2026-05-05 13:44:12] [WARN] Error for fund ZCH: division by zero
[2026-05-05 13:44:13] [WARN] Error for fund LFD: division by zero
[2026-05-05 13:44:13] [WARN] Error for fund FSR: division by zero
[2026-05-05 13:44:13] [WARN] Error for fund SVS: division by zero
[2026-05-05 13:44:13] [WARN] Error for fund YDZ: division by zero
[2026-05-05 13:44:13] [WARN] Error for fund KGM: division by zero
[2026-05-05 13:44:13] [WARN] Error for fund BVF: division by zero
[2026-05-05 13:44:13] [WARN] Error for fund ILC: division by zero
[2026-05-05 13:44:13] [WARN] Error for fund YDM: division by zero
[2026-05-05 13:44:13] [WARN] Error for fund ILE: division by zero
[2026-05-05 13:44:13] [WARN] Error for fund GOL: division by zero
[2026-05-05 13:44:13] [WARN] Error for fund ILH: division by zero
[2026-05-05 13:44:13] [WARN] Error for fund YTY: division by zero
[2026-05-05 13:44:13] [WARN] Error for fund ILK: division by zero
[2026-05-05 13:44:13] [WARN] Error for fund ZSB: division by zero
[2026-05-05 13:44:13] [WARN] Error for fund AL6: division by zero
[2026-05-05 13:44:13] [WARN] Error for fund FZJ: division by zero
[2026-05-05 13:44:13] [WARN] Error for fund PHE: division by zero
[2026-05-05 13:44:13] [WARN] Error for fund FKH: division by zero
[2026-05-05 13:44:13] [WARN] Error for fund POD: division by zero
[2026-05-05 13:44:13] [WARN] Error for fund KHA: division by zero
[2026-05-05 13:44:13] [WARN] Error for fund UHL: division by zero
[2026-05-05 13:44:13] [WARN] Error for fund PPT: division by zero
[2026-05-05 13:44:13] [WARN] Error for fund HUI: division by zero
[2026-05-05 13:44:13] [WARN] Error for fund NBZ: division by zero
[2026-05-05 13:44:13] [WARN] Error for fund DZ2: division by zero
[2026-05-05 13:44:13] [WARN] Error for fund BSF: division by zero
[2026-05-05 13:44:13] [WARN] Error for fund GTK: division by zero
[2026-05-05 13:44:13] [WARN] Error for fund ONT: division by zero
[2026-05-05 13:44:13] [WARN] Error for fund BNO: division by zero
[2026-05-05 13:44:13] [WARN] Error for fund RBP: division by zero
[2026-05-05 13:44:13] [WARN] Error for fund PYS: division by zero
[2026-05-05 13:44:13] [WARN] Error for fund ZKK: division by zero
[2026-05-05 13:44:13] [WARN] Error for fund HME: division by zero
[2026-05-05 13:44:13] [WARN] Error for fund SRE: division by zero
[2026-05-05 13:44:13] [WARN] Error for fund ITL: division by zero
[2026-05-05 13:44:13] [WARN] Error for fund DP6: division by zero
[2026-05-05 13:44:13] [WARN] Error for fund SER: division by zero
[2026-05-05 13:44:13] [WARN] Error for fund FS3: division by zero
[2026-05-05 13:44:13] [WARN] Error for fund FJC: division by zero
[2026-05-05 13:44:13] [WARN] Error for fund DFI: division by zero
[2026-05-05 13:44:13] [WARN] Error for fund DVU: division by zero
[2026-05-05 13:44:13] [WARN] Error for fund BIO: division by zero
[2026-05-05 13:44:13] [WARN] Error for fund NMG: division by zero
[2026-05-05 13:44:13] [WARN] Error for fund NKJ: division by zero
[2026-05-05 13:44:13] [WARN] Error for fund YPN: division by zero
[2026-05-05 13:44:13] [WARN] Error for fund SNY: division by zero
[2026-05-05 13:44:13] [WARN] Error for fund EBS: division by zero
[2026-05-05 13:44:13] [WARN] Error for fund DAE: division by zero
[2026-05-05 13:44:13] [WARN] Error for fund MTH: division by zero
[2026-05-05 13:44:13] [WARN] Error for fund RAN: division by zero
[2026-05-05 13:44:13] [WARN] Error for fund KNS: division by zero
[2026-05-05 13:44:13] [WARN] Error for fund PHN: division by zero
[2026-05-05 13:44:13] [WARN] Error for fund GYC: division by zero
[2026-05-05 13:44:13] [WARN] Error for fund KCL: division by zero
[2026-05-05 13:44:13] [WARN] Error for fund TGZ: division by zero
[2026-05-05 13:44:13] [WARN] Error for fund FTM: division by zero
[2026-05-05 13:44:13] [WARN] Error for fund KIE: division by zero
[2026-05-05 13:44:13] [WARN] Error for fund CVB: division by zero
[2026-05-05 13:44:13] [WARN] Error for fund OZC: division by zero
[2026-05-05 13:44:13] [WARN] Error for fund GVB: division by zero
[2026-05-05 13:44:13] [WARN] Error for fund CKS: division by zero
[2026-05-05 13:44:13] [WARN] Error for fund ZUS: division by zero
[2026-05-05 13:44:13] [WARN] Error for fund PO7: division by zero
[2026-05-05 13:44:13] [WARN] Error for fund DUV: division by zero
[2026-05-05 13:44:13] [WARN] Error for fund BFO: division by zero
[2026-05-05 13:44:13] [WARN] Error for fund YUK: division by zero
[2026-05-05 13:44:13] [WARN] Error for fund OFO: division by zero
[2026-05-05 13:44:13] [WARN] Error for fund BVC: division by zero
[2026-05-05 13:44:13] [WARN] Error for fund KKP: division by zero
[2026-05-05 13:44:13] [WARN] Error for fund ITZ: division by zero
[2026-05-05 13:44:13] [WARN] Error for fund ZJT: division by zero
[2026-05-05 13:44:13] [WARN] Error for fund SYL: division by zero
[2026-05-05 13:44:13] [WARN] Error for fund SRA: division by zero
[2026-05-05 13:44:13] [WARN] Error for fund BRH: division by zero
[2026-05-05 13:44:13] [WARN] Error for fund RPX: division by zero
[2026-05-05 13:44:13] [WARN] Error for fund ZMT: division by zero
[2026-05-05 13:44:13] [WARN] Error for fund T3B: division by zero
[2026-05-05 13:44:13] [WARN] Error for fund DTP: division by zero
[2026-05-05 13:44:13] [WARN] Error for fund CYD: division by zero
[2026-05-05 13:44:13] [WARN] Error for fund CJF: division by zero
[2026-05-05 13:44:13] [WARN] Error for fund OMG: division by zero
[2026-05-05 13:44:13] [WARN] Error for fund GZE: division by zero
[2026-05-05 13:44:13] [WARN] Error for fund RDH: division by zero
[2026-05-05 13:44:13] [WARN] Error for fund IBP: division by zero
[2026-05-05 13:44:13] [WARN] Error for fund URS: division by zero
[2026-05-05 13:44:13] [WARN] Error for fund DNM: division by zero
[2026-05-05 13:44:13] [WARN] Error for fund DMG: division by zero
[2026-05-05 13:44:13] [WARN] Error for fund ZA2: division by zero
[2026-05-05 13:44:13] [WARN] Error for fund HGT: division by zero
[2026-05-05 13:44:13] [WARN] Error for fund BZY: division by zero
[2026-05-05 13:44:13] [WARN] Error for fund HFV: division by zero
[2026-05-05 13:44:13] [WARN] Error for fund POU: division by zero
[2026-05-05 13:44:13] [WARN] Error for fund POB: division by zero
[2026-05-05 13:44:13] [WARN] Error for fund FSM: division by zero
[2026-05-05 13:44:13] [WARN] Error for fund PPJ: division by zero
[2026-05-05 13:44:13] [WARN] Error for fund THK: division by zero
[2026-05-05 13:44:13] [WARN] Error for fund DAV: division by zero
[2026-05-05 13:44:13] [WARN] Error for fund KDS: division by zero
[2026-05-05 13:44:13] [WARN] Error for fund SMP: division by zero
[2026-05-05 13:44:13] [WARN] Error for fund BOS: division by zero
[2026-05-05 13:44:13] [WARN] Error for fund PMG: division by zero
[2026-05-05 13:44:13] [WARN] Error for fund KSK: division by zero
[2026-05-05 13:44:13] [WARN] Error for fund LTS: division by zero
[2026-05-05 13:44:13] [WARN] Error for fund AC7: division by zero
[2026-05-05 13:44:13] [WARN] Error for fund GPZ: division by zero
[2026-05-05 13:44:13] [WARN] Error for fund BLA: division by zero
[2026-05-05 13:44:13] [WARN] Error for fund PRY: division by zero
[2026-05-05 13:44:13] [WARN] Error for fund CSH: division by zero
[2026-05-05 13:44:13] [WARN] Error for fund FLS: division by zero
[2026-05-05 13:44:13] [WARN] Error for fund YBR: division by zero
[2026-05-05 13:44:13] [WARN] Error for fund PSE: division by zero
[2026-05-05 13:44:13] [WARN] Error for fund MT9: division by zero
[2026-05-05 13:44:13] [WARN] Error for fund DOV: division by zero
[2026-05-05 13:44:13] [WARN] Error for fund HKR: division by zero
[2026-05-05 13:44:13] [WARN] Error for fund TAZ: division by zero
[2026-05-05 13:44:13] [WARN] Error for fund AC8: division by zero
[2026-05-05 13:44:13] [WARN] Error for fund RAI: division by zero
[2026-05-05 13:44:13] [WARN] Error for fund BKY: division by zero
[2026-05-05 13:44:13] [WARN] Error for fund MBR: division by zero
[2026-05-05 13:44:13] [WARN] Error for fund THH: division by zero
[2026-05-05 13:44:13] [WARN] Error for fund DTV: division by zero
[2026-05-05 13:44:13] [WARN] Error for fund IGZ: division by zero
[2026-05-05 13:44:13] [WARN] Error for fund ITD: division by zero
[2026-05-05 13:44:13] [WARN] Error for fund YP2: division by zero
[2026-05-05 13:44:13] [WARN] Error for fund RIK: division by zero
[2026-05-05 13:44:13] [WARN] Error for fund PUA: division by zero
[2026-05-05 13:44:13] [WARN] Error for fund CFO: division by zero
[2026-05-05 13:44:13] [WARN] Error for fund UST: division by zero
[2026-05-05 13:44:13] [WARN] Error for fund FDE: division by zero
[2026-05-05 13:44:13] [WARN] Error for fund IJC: division by zero
[2026-05-05 13:44:13] [WARN] Error for fund ZK2: division by zero
[2026-05-05 13:44:13] [WARN] Error for fund BRZ: division by zero
[2026-05-05 13:44:13] [WARN] Error for fund NFK: division by zero
[2026-05-05 13:44:13] [WARN] Error for fund BUP: division by zero
[2026-05-05 13:44:13] [WARN] Error for fund NSD: division by zero
[2026-05-05 13:44:13] [WARN] Error for fund ONK: division by zero
[2026-05-05 13:44:13] [WARN] Error for fund PSD: division by zero
[2026-05-05 13:44:13] [WARN] Error for fund NES: division by zero
[2026-05-05 13:44:13] [WARN] Error for fund SAS: division by zero
[2026-05-05 13:44:13] [WARN] Error for fund NJR: division by zero
[2026-05-05 13:44:13] [WARN] Error for fund AP6: division by zero
[2026-05-05 13:44:13] [WARN] Error for fund HSR: division by zero
[2026-05-05 13:44:13] [WARN] Error for fund BMU: division by zero
[2026-05-05 13:44:13] [WARN] Error for fund ORI: division by zero
[2026-05-05 13:44:13] [WARN] Error for fund NSH: division by zero
[2026-05-05 13:44:13] [WARN] Error for fund OJY: division by zero
[2026-05-05 13:44:13] [WARN] Error for fund OUY: division by zero
[2026-05-05 13:44:13] [WARN] Error for fund CVA: division by zero
[2026-05-05 13:44:13] [WARN] Error for fund HFS: division by zero
[2026-05-05 13:44:13] [WARN] Error for fund CPU: division by zero
[2026-05-05 13:44:13] [WARN] Error for fund NYH: division by zero
[2026-05-05 13:44:13] [WARN] Error for fund UCN: division by zero
[2026-05-05 13:44:13] [WARN] Error for fund BKO: division by zero
[2026-05-05 13:44:13] [WARN] Error for fund MSK: division by zero
[2026-05-05 13:44:13] [WARN] Error for fund NUB: division by zero
[2026-05-05 13:44:13] [WARN] Error for fund KUP: division by zero
[2026-05-05 13:44:13] [WARN] Error for fund BIK: division by zero
[2026-05-05 13:44:13] [WARN] Error for fund YPT: division by zero
[2026-05-05 13:44:13] [WARN] Error for fund BOP: division by zero
[2026-05-05 13:44:13] [WARN] Error for fund HFA: division by zero
[2026-05-05 13:44:13] [WARN] Error for fund RVS: division by zero
[2026-05-05 13:44:13] [WARN] Error for fund RPL: division by zero
[2026-05-05 13:44:13] [WARN] Error for fund NLK: division by zero
[2026-05-05 13:44:13] [WARN] Error for fund NBO: division by zero
[2026-05-05 13:44:13] [WARN] Error for fund RPT: division by zero
[2026-05-05 13:44:13] [WARN] Error for fund YIV: division by zero
[2026-05-05 13:44:13] [WARN] Error for fund YBJ: division by zero
[2026-05-05 13:44:13] [WARN] Error for fund KSA: division by zero
[2026-05-05 13:44:13] [WARN] Error for fund TNF: division by zero
[2026-05-05 13:44:13] [WARN] Error for fund HZV: division by zero
[2026-05-05 13:44:13] [WARN] Error for fund OND: division by zero
[2026-05-05 13:44:13] [WARN] Error for fund KAV: division by zero
[2026-05-05 13:44:13] [WARN] Error for fund YDL: division by zero
[2026-05-05 13:44:13] [WARN] Error for fund GRL: division by zero
[2026-05-05 13:44:13] [WARN] Error for fund DXP: division by zero
[2026-05-05 13:44:13] [WARN] Error for fund PPK: division by zero
[2026-05-05 13:44:13] [WARN] Error for fund KPD: division by zero
[2026-05-05 13:44:13] [WARN] Error for fund IRY: division by zero
[2026-05-05 13:44:13] [WARN] Error for fund PDE: division by zero
[2026-05-05 13:44:13] [WARN] Error for fund KCV: division by zero
[2026-05-05 13:44:13] [WARN] Error for fund NSS: division by zero
[2026-05-05 13:44:13] [WARN] Error for fund KML: division by zero
[2026-05-05 13:44:13] [WARN] Error for fund PPN: division by zero
[2026-05-05 13:44:13] [WARN] Error for fund FDY: division by zero
[2026-05-05 13:44:13] [WARN] Error for fund FJZ: division by zero
[2026-05-05 13:44:13] [WARN] Error for fund ZAV: division by zero
[2026-05-05 13:44:13] [WARN] Error for fund YP4: division by zero
[2026-05-05 13:44:13] [WARN] Error for fund DKP: division by zero
[2026-05-05 13:44:13] [WARN] Error for fund BHH: division by zero
[2026-05-05 13:44:13] [WARN] Error for fund JOT: division by zero
[2026-05-05 13:44:13] [WARN] Error for fund URV: division by zero
[2026-05-05 13:44:13] [WARN] Error for fund DKY: division by zero
[2026-05-05 13:44:13] [WARN] Error for fund SSK: division by zero
[2026-05-05 13:44:13] [WARN] Error for fund BJD: division by zero
[2026-05-05 13:44:13] [WARN] Error for fund GUA: division by zero
[2026-05-05 13:44:13] [WARN] Error for fund FSV: division by zero
[2026-05-05 13:44:13] [WARN] Error for fund BGH: division by zero
[2026-05-05 13:44:13] [WARN] Error for fund RSF: division by zero
[2026-05-05 13:44:13] [WARN] Error for fund RAY: division by zero
[2026-05-05 13:44:13] [WARN] Error for fund IGM: division by zero
[2026-05-05 13:44:13] [WARN] Error for fund CVD: division by zero
[2026-05-05 13:44:13] [WARN] Error for fund TLU: division by zero
[2026-05-05 13:44:13] [WARN] Error for fund KSR: division by zero
[2026-05-05 13:44:13] [WARN] Error for fund DSV: division by zero
[2026-05-05 13:44:13] [WARN] Error for fund PUV: division by zero
[2026-05-05 13:44:13] [WARN] Error for fund LGK: division by zero
[2026-05-05 13:44:13] [WARN] Error for fund DNA: division by zero
[2026-05-05 13:44:13] [WARN] Error for fund HVK: division by zero
[2026-05-05 13:44:13] [WARN] Error for fund IUV: division by zero
[2026-05-05 13:44:13] [WARN] Error for fund HMV: division by zero
[2026-05-05 13:44:13] [WARN] Error for fund BVB: division by zero
[2026-05-05 13:44:13] [WARN] Error for fund NSP: division by zero
[2026-05-05 13:44:13] [WARN] Error for fund YTJ: division by zero
[2026-05-05 13:44:13] [WARN] Error for fund PBR: division by zero
[2026-05-05 13:44:13] [WARN] Error for fund YPI: division by zero
[2026-05-05 13:44:13] [WARN] Error for fund RTH: division by zero
[2026-05-05 13:44:13] [WARN] Error for fund RPU: division by zero
[2026-05-05 13:44:13] [WARN] Error for fund IIE: division by zero
[2026-05-05 13:44:13] [WARN] Error for fund DP5: division by zero
[2026-05-05 13:44:13] [WARN] Error for fund IDO: division by zero
[2026-05-05 13:44:13] [WARN] Error for fund INV: division by zero
[2026-05-05 13:44:13] [WARN] Error for fund AP2: division by zero
[2026-05-05 13:44:13] [WARN] Error for fund IV2: division by zero
[2026-05-05 13:44:13] [WARN] Error for fund OBR: division by zero
[2026-05-05 13:44:13] [WARN] Error for fund OFK: division by zero
[2026-05-05 13:44:13] [WARN] Error for fund DTZ: division by zero
[2026-05-05 13:44:13] [WARN] Error for fund BHT: division by zero
[2026-05-05 13:44:13] [WARN] Error for fund NVB: division by zero
[2026-05-05 13:44:13] [WARN] Error for fund OJK: division by zero
[2026-05-05 13:44:13] [WARN] Error for fund ZFZ: division by zero
[2026-05-05 13:44:13] [WARN] Error for fund ZTF: division by zero
[2026-05-05 13:44:13] [WARN] Error for fund PKZ: division by zero
[2026-05-05 13:44:13] [WARN] Error for fund IOO: division by zero
[2026-05-05 13:44:13] [WARN] Error for fund RTI: division by zero
[2026-05-05 13:44:13] [WARN] Error for fund HDE: division by zero
[2026-05-05 13:44:13] [WARN] Error for fund POF: division by zero
[2026-05-05 13:44:13] [WARN] Error for fund IFD: division by zero
[2026-05-05 13:44:13] [WARN] Error for fund YUY: division by zero
[2026-05-05 13:44:13] [WARN] Error for fund HVB: division by zero
[2026-05-05 13:44:13] [WARN] Error for fund KNZ: division by zero
[2026-05-05 13:44:13] [WARN] Error for fund OJT: division by zero
[2026-05-05 13:44:13] [WARN] Error for fund FBI: division by zero
[2026-05-05 13:44:13] [WARN] Error for fund MP2: division by zero
[2026-05-05 13:44:13] [WARN] Error for fund IMG: division by zero
[2026-05-05 13:44:13] [WARN] Error for fund GBH: division by zero
[2026-05-05 13:44:13] [WARN] Error for fund HSP: division by zero
[2026-05-05 13:44:13] [WARN] Error for fund FMG: division by zero
[2026-05-05 13:44:13] [WARN] Error for fund ZBJ: division by zero
[2026-05-05 13:44:13] [WARN] Error for fund PKV: division by zero
[2026-05-05 13:44:13] [WARN] Error for fund YHK: division by zero
[2026-05-05 13:44:13] [WARN] Error for fund ABG: division by zero
[2026-05-05 13:44:13] [WARN] Error for fund NKL: division by zero
[2026-05-05 13:44:13] [WARN] Error for fund DRD: division by zero
[2026-05-05 13:44:13] [WARN] Error for fund MTL: division by zero
[2026-05-05 13:44:13] [WARN] Error for fund GYN: division by zero
[2026-05-05 13:44:13] [WARN] Error for fund TLK: division by zero
[2026-05-05 13:44:13] [WARN] Error for fund ZYD: division by zero
[2026-05-05 13:44:13] [WARN] Error for fund HB2: division by zero
[2026-05-05 13:44:13] [WARN] Error for fund YVD: division by zero
[2026-05-05 13:44:13] [WARN] Error for fund BAL: division by zero
[2026-05-05 13:44:13] [WARN] Error for fund KMF: division by zero
[2026-05-05 13:44:13] [WARN] Error for fund ONY: division by zero
[2026-05-05 13:44:13] [WARN] Error for fund DK1: division by zero
[2026-05-05 13:44:13] [WARN] Error for fund PPI: division by zero
[2026-05-05 13:44:13] [WARN] Error for fund FCS: division by zero
[2026-05-05 13:44:13] [WARN] Error for fund NRG: division by zero
[2026-05-05 13:44:13] [WARN] Error for fund GNL: division by zero
[2026-05-05 13:44:13] [WARN] Error for fund VNK: division by zero
[2026-05-05 13:44:13] [WARN] Error for fund FVL: division by zero
[2026-05-05 13:44:13] [WARN] Error for fund DHS: division by zero
[2026-05-05 13:44:13] [WARN] Error for fund MJG: division by zero
[2026-05-05 13:48:34] [INFO] fund_metrics upserted: 1933/1933, errors=466
[2026-05-05 13:48:34] [INFO] Done in 300.7s
[2026-05-05 13:50:40] [INFO] Starting fund_metrics
[2026-05-05 13:50:40] [INFO] system_rates: {'TRY': 0.45, 'USD': 0.0359, 'EUR': 0.0}
[2026-05-05 13:51:04] [INFO] Funds with price_history: 1000
[2026-05-05 13:51:04] [WARN] Error for fund PBH: division by zero
[2026-05-05 13:51:04] [WARN] Error for fund TBJ: division by zero
[2026-05-05 13:51:04] [WARN] Error for fund HAM: division by zero
[2026-05-05 13:51:04] [WARN] Error for fund KKT: division by zero
[2026-05-05 13:51:04] [WARN] Error for fund NAU: division by zero
[2026-05-05 13:51:04] [WARN] Error for fund SVY: division by zero
[2026-05-05 13:51:04] [WARN] Error for fund BAS: division by zero
[2026-05-05 13:51:04] [WARN] Error for fund KLT: division by zero
[2026-05-05 13:51:04] [WARN] Error for fund ONS: division by zero
[2026-05-05 13:51:04] [WARN] Error for fund KDV: division by zero
[2026-05-05 13:51:04] [WARN] Error for fund IUZ: division by zero
[2026-05-05 13:51:04] [WARN] Error for fund KVS: division by zero
[2026-05-05 13:51:04] [WARN] Error for fund CJH: division by zero
[2026-05-05 13:51:04] [WARN] Error for fund ZCE: division by zero
[2026-05-05 13:51:04] [WARN] Error for fund YZD: division by zero
[2026-05-05 13:51:04] [WARN] Error for fund GO6: division by zero
[2026-05-05 13:51:04] [WARN] Error for fund FS4: division by zero
[2026-05-05 13:51:04] [WARN] Error for fund DYJ: division by zero
[2026-05-05 13:51:04] [WARN] Error for fund ABJ: division by zero
[2026-05-05 13:51:04] [WARN] Error for fund NUG: division by zero
[2026-05-05 13:51:04] [WARN] Error for fund USS: division by zero
[2026-05-05 13:51:04] [WARN] Error for fund DOD: division by zero
[2026-05-05 13:51:04] [WARN] Error for fund GRO: division by zero
[2026-05-05 13:51:04] [WARN] Error for fund FSG: division by zero
[2026-05-05 13:51:04] [WARN] Error for fund GMF: division by zero
[2026-05-05 13:51:04] [WARN] Error for fund HAE: division by zero
[2026-05-05 13:51:04] [WARN] Error for fund NKV: division by zero
[2026-05-05 13:51:04] [WARN] Error for fund BBS: division by zero
[2026-05-05 13:51:04] [WARN] Error for fund ENF: division by zero
[2026-05-05 13:51:04] [WARN] Error for fund ZP7: division by zero
[2026-05-05 13:51:04] [WARN] Error for fund FKE: division by zero
[2026-05-05 13:51:04] [WARN] Error for fund FFF: division by zero
[2026-05-05 13:51:04] [WARN] Error for fund PKU: division by zero
[2026-05-05 13:51:04] [WARN] Error for fund DFO: division by zero
[2026-05-05 13:51:04] [WARN] Error for fund ZPN: division by zero
[2026-05-05 13:51:04] [WARN] Error for fund PGE: division by zero
[2026-05-05 13:51:04] [WARN] Error for fund DVZ: division by zero
[2026-05-05 13:51:04] [WARN] Error for fund FHP: division by zero
[2026-05-05 13:51:04] [WARN] Error for fund POH: division by zero
[2026-05-05 13:51:04] [WARN] Error for fund BOE: division by zero
[2026-05-05 13:51:04] [WARN] Error for fund GGA: division by zero
[2026-05-05 13:51:04] [WARN] Error for fund GGD: division by zero
[2026-05-05 13:51:04] [WARN] Error for fund BDO: division by zero
[2026-05-05 13:51:04] [WARN] Error for fund BCC: division by zero
[2026-05-05 13:51:04] [WARN] Error for fund BDA: division by zero
[2026-05-05 13:51:04] [WARN] Error for fund SHE: division by zero
[2026-05-05 13:51:04] [WARN] Error for fund KPR: division by zero
[2026-05-05 13:51:04] [WARN] Error for fund PPP: division by zero
[2026-05-05 13:51:04] [WARN] Error for fund TRN: division by zero
[2026-05-05 13:51:04] [WARN] Error for fund RBE: division by zero
[2026-05-05 13:51:04] [WARN] Error for fund CJG: division by zero
[2026-05-05 13:51:04] [WARN] Error for fund ZCF: division by zero
[2026-05-05 13:51:04] [WARN] Error for fund TRU: division by zero
[2026-05-05 13:51:04] [WARN] Error for fund RSZ: division by zero
[2026-05-05 13:51:04] [WARN] Error for fund YUI: division by zero
[2026-05-05 13:51:04] [WARN] Error for fund TOK: division by zero
[2026-05-05 13:51:04] [WARN] Error for fund VCG: division by zero
[2026-05-05 13:51:04] [WARN] Error for fund ITR: division by zero
[2026-05-05 13:51:04] [WARN] Error for fund MJE: division by zero
[2026-05-05 13:51:04] [WARN] Error for fund GCN: division by zero
[2026-05-05 13:51:04] [WARN] Error for fund ROD: division by zero
[2026-05-05 13:51:04] [WARN] Error for fund IUC: division by zero
[2026-05-05 13:51:04] [WARN] Error for fund GBP: division by zero
[2026-05-05 13:51:04] [WARN] Error for fund NHV: division by zero
[2026-05-05 13:51:04] [WARN] Error for fund PBF: division by zero
[2026-05-05 13:51:04] [WARN] Error for fund EDT: division by zero
[2026-05-05 13:51:04] [WARN] Error for fund GCT: division by zero
[2026-05-05 13:51:04] [WARN] Error for fund IIA: division by zero
[2026-05-05 13:51:04] [WARN] Error for fund FFC: division by zero
[2026-05-05 13:51:04] [WARN] Error for fund FPG: division by zero
[2026-05-05 13:51:04] [WARN] Error for fund GCY: division by zero
[2026-05-05 13:51:04] [WARN] Error for fund SKS: division by zero
[2026-05-05 13:51:04] [WARN] Error for fund TGV: division by zero
[2026-05-05 13:51:04] [WARN] Error for fund ONB: division by zero
[2026-05-05 13:51:04] [WARN] Error for fund KEU: division by zero
[2026-05-05 13:51:04] [WARN] Error for fund NSA: division by zero
[2026-05-05 13:51:04] [WARN] Error for fund DP1: division by zero
[2026-05-05 13:51:04] [WARN] Error for fund FJM: division by zero
[2026-05-05 13:51:04] [WARN] Error for fund PJL: division by zero
[2026-05-05 13:51:04] [WARN] Error for fund KKV: division by zero
[2026-05-05 13:51:04] [WARN] Error for fund NP1: division by zero
[2026-05-05 13:51:04] [WARN] Error for fund SDA: division by zero
[2026-05-05 13:51:04] [WARN] Error for fund KKL: division by zero
[2026-05-05 13:51:04] [WARN] Error for fund KLM: division by zero
[2026-05-05 13:51:04] [WARN] Error for fund GKG: division by zero
[2026-05-05 13:51:04] [WARN] Error for fund DKA: division by zero
[2026-05-05 13:51:04] [WARN] Error for fund RKL: division by zero
[2026-05-05 13:51:04] [WARN] Error for fund HIP: division by zero
[2026-05-05 13:51:04] [WARN] Error for fund ZK1: division by zero
[2026-05-05 13:51:04] [WARN] Error for fund KDZ: division by zero
[2026-05-05 13:51:04] [WARN] Error for fund IGF: division by zero
[2026-05-05 13:51:04] [WARN] Error for fund RHI: division by zero
[2026-05-05 13:51:04] [WARN] Error for fund ZR2: division by zero
[2026-05-05 13:51:04] [WARN] Error for fund BHO: division by zero
[2026-05-05 13:51:04] [WARN] Error for fund HPH: division by zero
[2026-05-05 13:51:04] [WARN] Error for fund GFH: division by zero
[2026-05-05 13:51:04] [WARN] Error for fund UP1: division by zero
[2026-05-05 13:51:04] [WARN] Error for fund ZUE: division by zero
[2026-05-05 13:51:04] [WARN] Error for fund AL4: division by zero
[2026-05-05 13:51:04] [WARN] Error for fund PAU: division by zero
[2026-05-05 13:51:04] [WARN] Error for fund TJL: division by zero
[2026-05-05 13:51:04] [WARN] Error for fund GTN: division by zero
[2026-05-05 13:51:04] [WARN] Error for fund MHF: division by zero
[2026-05-05 13:51:04] [WARN] Error for fund PKL: division by zero
[2026-05-05 13:51:04] [WARN] Error for fund AL5: division by zero
[2026-05-05 13:51:04] [WARN] Error for fund MUT: division by zero
[2026-05-05 13:51:04] [WARN] Error for fund BRG: division by zero
[2026-05-05 13:51:04] [WARN] Error for fund KKO: division by zero
[2026-05-05 13:51:04] [WARN] Error for fund TB9: division by zero
[2026-05-05 13:51:04] [WARN] Error for fund YVG: division by zero
[2026-05-05 13:51:04] [WARN] Error for fund NTB: division by zero
[2026-05-05 13:51:04] [WARN] Error for fund ZNF: division by zero
[2026-05-05 13:51:04] [WARN] Error for fund KDL: division by zero
[2026-05-05 13:51:04] [WARN] Error for fund NKK: division by zero
[2026-05-05 13:51:04] [WARN] Error for fund HJA: division by zero
[2026-05-05 13:51:04] [WARN] Error for fund URA: division by zero
[2026-05-05 13:51:04] [WARN] Error for fund YCP: division by zero
[2026-05-05 13:51:04] [WARN] Error for fund GBZ: division by zero
[2026-05-05 13:51:04] [WARN] Error for fund BIP: division by zero
[2026-05-05 13:51:04] [WARN] Error for fund IAC: division by zero
[2026-05-05 13:51:04] [WARN] Error for fund AL7: division by zero
[2026-05-05 13:51:04] [WARN] Error for fund DP9: division by zero
[2026-05-05 13:51:04] [WARN] Error for fund RPG: division by zero
[2026-05-05 13:51:04] [WARN] Error for fund BAC: division by zero
[2026-05-05 13:51:04] [WARN] Error for fund NJF: division by zero
[2026-05-05 13:51:04] [WARN] Error for fund FJN: division by zero
[2026-05-05 13:51:04] [WARN] Error for fund GEV: division by zero
[2026-05-05 13:51:04] [WARN] Error for fund THO: division by zero
[2026-05-05 13:51:04] [WARN] Error for fund ZSN: division by zero
[2026-05-05 13:51:04] [WARN] Error for fund GPM: division by zero
[2026-05-05 13:51:04] [WARN] Error for fund RPP: division by zero
[2026-05-05 13:51:04] [WARN] Error for fund HGU: division by zero
[2026-05-05 13:51:04] [WARN] Error for fund BVZ: division by zero
[2026-05-05 13:51:04] [WARN] Error for fund GPL: division by zero
[2026-05-05 13:51:04] [WARN] Error for fund IV6: division by zero
[2026-05-05 13:51:04] [WARN] Error for fund KAC: division by zero
[2026-05-05 13:51:04] [WARN] Error for fund GCC: division by zero
[2026-05-05 13:51:04] [WARN] Error for fund ZJR: division by zero
[2026-05-05 13:51:04] [WARN] Error for fund IJV: division by zero
[2026-05-05 13:51:04] [WARN] Error for fund GAU: division by zero
[2026-05-05 13:51:04] [WARN] Error for fund DOC: division by zero
[2026-05-05 13:51:04] [WARN] Error for fund MGE: division by zero
[2026-05-05 13:51:04] [WARN] Error for fund GFI: division by zero
[2026-05-05 13:51:04] [WARN] Error for fund HB1: division by zero
[2026-05-05 13:51:04] [WARN] Error for fund RPO: division by zero
[2026-05-05 13:51:04] [WARN] Error for fund BLH: division by zero
[2026-05-05 13:51:04] [WARN] Error for fund GUV: division by zero
[2026-05-05 13:51:04] [WARN] Error for fund RTA: division by zero
[2026-05-05 13:51:04] [WARN] Error for fund NLD: division by zero
[2026-05-05 13:51:04] [WARN] Error for fund TNA: division by zero
[2026-05-05 13:51:04] [WARN] Error for fund IML: division by zero
[2026-05-05 13:51:04] [WARN] Error for fund PGH: division by zero
[2026-05-05 13:51:04] [WARN] Error for fund NIS: division by zero
[2026-05-05 13:51:04] [WARN] Error for fund NCS: division by zero
[2026-05-05 13:51:04] [WARN] Error for fund ILP: division by zero
[2026-05-05 13:51:04] [WARN] Error for fund FJG: division by zero
[2026-05-05 13:51:04] [WARN] Error for fund FDV: division by zero
[2026-05-05 13:51:04] [WARN] Error for fund DMR: division by zero
[2026-05-05 13:51:04] [WARN] Error for fund KUT: division by zero
[2026-05-05 13:51:04] [WARN] Error for fund PTS: division by zero
[2026-05-05 13:51:04] [WARN] Error for fund ZLG: division by zero
[2026-05-05 13:51:04] [WARN] Error for fund ZYC: division by zero
[2026-05-05 13:51:04] [WARN] Error for fund GMC: division by zero
[2026-05-05 15:06:47] [INFO] Starting fund_metrics
[2026-05-05 15:06:47] [INFO] system_rates: {'TRY': 0.45, 'USD': 0.0359, 'EUR': 0.0}
[2026-05-05 15:07:13] [INFO] Funds with price_history: 1000
[2026-05-05 15:07:13] [WARN] Error for fund PBH: division by zero
[2026-05-05 15:07:13] [WARN] Error for fund TBJ: division by zero
[2026-05-05 15:07:13] [WARN] Error for fund HAM: division by zero
[2026-05-05 15:07:13] [WARN] Error for fund KKT: division by zero
[2026-05-05 15:07:13] [WARN] Error for fund NAU: division by zero
[2026-05-05 15:07:13] [WARN] Error for fund SVY: division by zero
[2026-05-05 15:07:13] [WARN] Error for fund BAS: division by zero
[2026-05-05 15:07:13] [WARN] Error for fund KLT: division by zero
[2026-05-05 15:07:13] [WARN] Error for fund ONS: division by zero
[2026-05-05 15:07:13] [WARN] Error for fund KDV: division by zero
[2026-05-05 15:07:13] [WARN] Error for fund IUZ: division by zero
[2026-05-05 15:07:13] [WARN] Error for fund KVS: division by zero
[2026-05-05 15:07:13] [WARN] Error for fund CJH: division by zero
[2026-05-05 15:07:13] [WARN] Error for fund ZCE: division by zero
[2026-05-05 15:07:13] [WARN] Error for fund YZD: division by zero
[2026-05-05 15:07:13] [WARN] Error for fund GO6: division by zero
[2026-05-05 15:07:13] [WARN] Error for fund FS4: division by zero
[2026-05-05 15:07:13] [WARN] Error for fund DYJ: division by zero
[2026-05-05 15:07:13] [WARN] Error for fund ABJ: division by zero
[2026-05-05 15:07:13] [WARN] Error for fund NUG: division by zero
[2026-05-05 15:07:13] [WARN] Error for fund USS: division by zero
[2026-05-05 15:07:13] [WARN] Error for fund DOD: division by zero
[2026-05-05 15:07:13] [WARN] Error for fund GRO: division by zero
[2026-05-05 15:07:13] [WARN] Error for fund FSG: division by zero
[2026-05-05 15:07:13] [WARN] Error for fund GMF: division by zero
[2026-05-05 15:07:13] [WARN] Error for fund HAE: division by zero
[2026-05-05 15:07:13] [WARN] Error for fund NKV: division by zero
[2026-05-05 15:07:13] [WARN] Error for fund BBS: division by zero
[2026-05-05 15:07:13] [WARN] Error for fund ENF: division by zero
[2026-05-05 15:07:13] [WARN] Error for fund ZP7: division by zero
[2026-05-05 15:07:13] [WARN] Error for fund FKE: division by zero
[2026-05-05 15:07:13] [WARN] Error for fund FFF: division by zero
[2026-05-05 15:07:13] [WARN] Error for fund PKU: division by zero
[2026-05-05 15:07:13] [WARN] Error for fund DFO: division by zero
[2026-05-05 15:07:13] [WARN] Error for fund ZPN: division by zero
[2026-05-05 15:07:13] [WARN] Error for fund PGE: division by zero
[2026-05-05 15:07:13] [WARN] Error for fund DVZ: division by zero
[2026-05-05 15:07:13] [WARN] Error for fund FHP: division by zero
[2026-05-05 15:07:13] [WARN] Error for fund POH: division by zero
[2026-05-05 15:07:13] [WARN] Error for fund BOE: division by zero
[2026-05-05 15:07:13] [WARN] Error for fund GGA: division by zero
[2026-05-05 15:07:13] [WARN] Error for fund GGD: division by zero
[2026-05-05 15:07:13] [WARN] Error for fund BDO: division by zero
[2026-05-05 15:07:13] [WARN] Error for fund BCC: division by zero
[2026-05-05 15:07:13] [WARN] Error for fund BDA: division by zero
[2026-05-05 15:07:13] [WARN] Error for fund SHE: division by zero
[2026-05-05 15:07:13] [WARN] Error for fund KPR: division by zero
[2026-05-05 15:07:13] [WARN] Error for fund PPP: division by zero
[2026-05-05 15:07:13] [WARN] Error for fund TRN: division by zero
[2026-05-05 15:07:13] [WARN] Error for fund RBE: division by zero
[2026-05-05 15:07:14] [WARN] Error for fund CJG: division by zero
[2026-05-05 15:07:14] [WARN] Error for fund ZCF: division by zero
[2026-05-05 15:07:14] [WARN] Error for fund TRU: division by zero
[2026-05-05 15:07:14] [WARN] Error for fund RSZ: division by zero
[2026-05-05 15:07:14] [WARN] Error for fund YUI: division by zero
[2026-05-05 15:07:14] [WARN] Error for fund TOK: division by zero
[2026-05-05 15:07:14] [WARN] Error for fund VCG: division by zero
[2026-05-05 15:07:14] [WARN] Error for fund ITR: division by zero
[2026-05-05 15:07:14] [WARN] Error for fund MJE: division by zero
[2026-05-05 15:07:14] [WARN] Error for fund GCN: division by zero
[2026-05-05 15:07:14] [WARN] Error for fund ROD: division by zero
[2026-05-05 15:07:14] [WARN] Error for fund IUC: division by zero
[2026-05-05 15:07:14] [WARN] Error for fund GBP: division by zero
[2026-05-05 15:07:14] [WARN] Error for fund NHV: division by zero
[2026-05-05 15:07:14] [WARN] Error for fund PBF: division by zero
[2026-05-05 15:07:14] [WARN] Error for fund EDT: division by zero
[2026-05-05 15:07:14] [WARN] Error for fund GCT: division by zero
[2026-05-05 15:07:14] [WARN] Error for fund IIA: division by zero
[2026-05-05 15:07:14] [WARN] Error for fund FFC: division by zero
[2026-05-05 15:07:14] [WARN] Error for fund FPG: division by zero
[2026-05-05 15:07:14] [WARN] Error for fund GCY: division by zero
[2026-05-05 15:07:14] [WARN] Error for fund SKS: division by zero
[2026-05-05 15:07:14] [WARN] Error for fund TGV: division by zero
[2026-05-05 15:07:14] [WARN] Error for fund ONB: division by zero
[2026-05-05 15:07:14] [WARN] Error for fund KEU: division by zero
[2026-05-05 15:07:14] [WARN] Error for fund NSA: division by zero
[2026-05-05 15:07:14] [WARN] Error for fund DP1: division by zero
[2026-05-05 15:07:14] [WARN] Error for fund FJM: division by zero
[2026-05-05 15:07:14] [WARN] Error for fund PJL: division by zero
[2026-05-05 15:07:14] [WARN] Error for fund KKV: division by zero
[2026-05-05 15:07:14] [WARN] Error for fund NP1: division by zero
[2026-05-05 15:07:14] [WARN] Error for fund SDA: division by zero
[2026-05-05 15:07:14] [WARN] Error for fund KKL: division by zero
[2026-05-05 15:07:14] [WARN] Error for fund KLM: division by zero
[2026-05-05 15:07:14] [WARN] Error for fund GKG: division by zero
[2026-05-05 15:07:14] [WARN] Error for fund DKA: division by zero
[2026-05-05 15:07:14] [WARN] Error for fund RKL: division by zero
[2026-05-05 15:07:14] [WARN] Error for fund HIP: division by zero
[2026-05-05 15:07:14] [WARN] Error for fund ZK1: division by zero
[2026-05-05 15:07:14] [WARN] Error for fund KDZ: division by zero
[2026-05-05 15:07:14] [WARN] Error for fund IGF: division by zero
[2026-05-05 15:07:14] [WARN] Error for fund RHI: division by zero
[2026-05-05 15:07:14] [WARN] Error for fund ZR2: division by zero
[2026-05-05 15:07:14] [WARN] Error for fund BHO: division by zero
[2026-05-05 15:07:14] [WARN] Error for fund HPH: division by zero
[2026-05-05 15:07:14] [WARN] Error for fund GFH: division by zero
[2026-05-05 15:07:14] [WARN] Error for fund UP1: division by zero
[2026-05-05 15:07:14] [WARN] Error for fund ZUE: division by zero
[2026-05-05 15:07:14] [WARN] Error for fund AL4: division by zero
[2026-05-05 15:07:14] [WARN] Error for fund PAU: division by zero
[2026-05-05 15:07:14] [WARN] Error for fund TJL: division by zero
[2026-05-05 15:07:14] [WARN] Error for fund GTN: division by zero
[2026-05-05 15:07:14] [WARN] Error for fund MHF: division by zero
[2026-05-05 15:07:14] [WARN] Error for fund PKL: division by zero
[2026-05-05 15:07:14] [WARN] Error for fund AL5: division by zero
[2026-05-05 15:07:14] [WARN] Error for fund MUT: division by zero
[2026-05-05 15:07:14] [WARN] Error for fund BRG: division by zero
[2026-05-05 15:07:14] [WARN] Error for fund KKO: division by zero
[2026-05-05 15:07:14] [WARN] Error for fund TB9: division by zero
[2026-05-05 15:07:14] [WARN] Error for fund YVG: division by zero
[2026-05-05 15:07:14] [WARN] Error for fund NTB: division by zero
[2026-05-05 15:07:14] [WARN] Error for fund ZNF: division by zero
[2026-05-05 15:07:14] [WARN] Error for fund KDL: division by zero
[2026-05-05 15:07:14] [WARN] Error for fund NKK: division by zero
[2026-05-05 15:07:14] [WARN] Error for fund HJA: division by zero
[2026-05-05 15:07:14] [WARN] Error for fund URA: division by zero
[2026-05-05 15:07:14] [WARN] Error for fund YCP: division by zero
[2026-05-05 15:07:14] [WARN] Error for fund GBZ: division by zero
[2026-05-05 15:07:14] [WARN] Error for fund BIP: division by zero
[2026-05-05 15:07:14] [WARN] Error for fund IAC: division by zero
[2026-05-05 15:07:14] [WARN] Error for fund AL7: division by zero
[2026-05-05 15:07:14] [WARN] Error for fund DP9: division by zero
[2026-05-05 15:07:14] [WARN] Error for fund RPG: division by zero
[2026-05-05 15:07:14] [WARN] Error for fund BAC: division by zero
[2026-05-05 15:07:14] [WARN] Error for fund NJF: division by zero
[2026-05-05 15:07:14] [WARN] Error for fund FJN: division by zero
[2026-05-05 15:07:14] [WARN] Error for fund GEV: division by zero
[2026-05-05 15:07:14] [WARN] Error for fund THO: division by zero
[2026-05-05 15:07:14] [WARN] Error for fund ZSN: division by zero
[2026-05-05 15:07:14] [WARN] Error for fund GPM: division by zero
[2026-05-05 15:07:14] [WARN] Error for fund RPP: division by zero
[2026-05-05 15:07:14] [WARN] Error for fund HGU: division by zero
[2026-05-05 15:07:14] [WARN] Error for fund BVZ: division by zero
[2026-05-05 15:07:14] [WARN] Error for fund GPL: division by zero
[2026-05-05 15:07:14] [WARN] Error for fund IV6: division by zero
[2026-05-05 15:07:14] [WARN] Error for fund KAC: division by zero
[2026-05-05 15:07:14] [WARN] Error for fund GCC: division by zero
[2026-05-05 15:07:14] [WARN] Error for fund ZJR: division by zero
[2026-05-05 15:07:14] [WARN] Error for fund IJV: division by zero
[2026-05-05 15:07:14] [WARN] Error for fund GAU: division by zero
[2026-05-05 15:07:14] [WARN] Error for fund DOC: division by zero
[2026-05-05 15:07:14] [WARN] Error for fund MGE: division by zero
[2026-05-05 15:07:14] [WARN] Error for fund GFI: division by zero
[2026-05-05 15:07:14] [WARN] Error for fund HB1: division by zero
[2026-05-05 15:07:14] [WARN] Error for fund RPO: division by zero
[2026-05-05 15:07:14] [WARN] Error for fund BLH: division by zero
[2026-05-05 15:07:14] [WARN] Error for fund GUV: division by zero
[2026-05-05 15:07:14] [WARN] Error for fund RTA: division by zero
[2026-05-05 15:07:14] [WARN] Error for fund NLD: division by zero
[2026-05-05 15:07:14] [WARN] Error for fund TNA: division by zero
[2026-05-05 15:07:14] [WARN] Error for fund IML: division by zero
[2026-05-05 15:07:14] [WARN] Error for fund PGH: division by zero
[2026-05-05 15:07:14] [WARN] Error for fund NIS: division by zero
[2026-05-05 15:07:14] [WARN] Error for fund NCS: division by zero
[2026-05-05 15:07:14] [WARN] Error for fund ILP: division by zero
[2026-05-05 15:07:14] [WARN] Error for fund FJG: division by zero
[2026-05-05 15:07:14] [WARN] Error for fund FDV: division by zero
[2026-05-05 15:07:14] [WARN] Error for fund DMR: division by zero
[2026-05-05 15:07:14] [WARN] Error for fund KUT: division by zero
[2026-05-05 15:07:14] [WARN] Error for fund PTS: division by zero
[2026-05-05 15:07:14] [WARN] Error for fund ZLG: division by zero
[2026-05-05 15:07:14] [WARN] Error for fund ZYC: division by zero
[2026-05-05 15:07:14] [WARN] Error for fund GMC: division by zero
[2026-05-05 15:08:16] [INFO] Starting fund_metrics
[2026-05-05 15:08:16] [INFO] system_rates: {'TRY': 0.45, 'USD': 0.0359, 'EUR': 0.0}
[2026-05-05 15:08:31] [INFO] Funds with price_history: 0
[2026-05-05 15:08:31] [INFO] fund_metrics upserted: 0/0, errors=0
[2026-05-05 15:08:32] [INFO] Done in 15.3s
[2026-05-05 16:38:12] [INFO] Starting fund_metrics
[2026-05-05 16:38:12] [INFO] system_rates: {'TRY': 0.45, 'USD': 0.036, 'EUR': 0.0}
[2026-05-05 16:38:21] [INFO] Funds with price_history: 0
[2026-05-05 16:38:21] [INFO] fund_metrics upserted: 0/0, errors=0
[2026-05-05 16:38:21] [INFO] Done in 9.0s
[2026-05-05 16:50:45] [INFO] Starting fund_metrics
[2026-05-05 16:50:45] [INFO] system_rates: {'TRY': 0.45, 'USD': 0.036, 'EUR': 0.0}
[2026-05-05 16:51:08] [INFO] Funds with price_history: 1000
[2026-05-05 16:51:08] [WARN] Error for fund KPR: division by zero
[2026-05-05 16:51:08] [WARN] Error for fund PBH: division by zero
[2026-05-05 16:51:08] [WARN] Error for fund TBJ: division by zero
[2026-05-05 16:51:08] [WARN] Error for fund HAM: division by zero
[2026-05-05 16:51:08] [WARN] Error for fund KKT: division by zero
[2026-05-05 16:51:08] [WARN] Error for fund NAU: division by zero
[2026-05-05 16:51:08] [WARN] Error for fund SVY: division by zero
[2026-05-05 16:51:08] [WARN] Error for fund BAS: division by zero
[2026-05-05 16:51:08] [WARN] Error for fund KLT: division by zero
[2026-05-05 16:51:08] [WARN] Error for fund ONS: division by zero
[2026-05-05 16:51:08] [WARN] Error for fund KDV: division by zero
[2026-05-05 16:51:08] [WARN] Error for fund IUZ: division by zero
[2026-05-05 16:51:08] [WARN] Error for fund KVS: division by zero
[2026-05-05 16:51:08] [WARN] Error for fund CJH: division by zero
[2026-05-05 16:51:08] [WARN] Error for fund ZCE: division by zero
[2026-05-05 16:51:08] [WARN] Error for fund YZD: division by zero
[2026-05-05 16:51:08] [WARN] Error for fund GO6: division by zero
[2026-05-05 16:51:08] [WARN] Error for fund FS4: division by zero
[2026-05-05 16:51:08] [WARN] Error for fund DYJ: division by zero
[2026-05-05 16:51:08] [WARN] Error for fund ABJ: division by zero
[2026-05-05 16:51:08] [WARN] Error for fund NUG: division by zero
[2026-05-05 16:51:08] [WARN] Error for fund USS: division by zero
[2026-05-05 16:51:08] [WARN] Error for fund DOD: division by zero
[2026-05-05 16:51:08] [WARN] Error for fund GRO: division by zero
[2026-05-05 16:51:08] [WARN] Error for fund FSG: division by zero
[2026-05-05 16:51:08] [WARN] Error for fund GMF: division by zero
[2026-05-05 16:51:08] [WARN] Error for fund HAE: division by zero
[2026-05-05 16:51:08] [WARN] Error for fund NKV: division by zero
[2026-05-05 16:51:08] [WARN] Error for fund BBS: division by zero
[2026-05-05 16:51:08] [WARN] Error for fund ENF: division by zero
[2026-05-05 16:51:08] [WARN] Error for fund ZP7: division by zero
[2026-05-05 16:51:08] [WARN] Error for fund FFF: division by zero
[2026-05-05 16:51:08] [WARN] Error for fund FKE: division by zero
[2026-05-05 16:51:08] [WARN] Error for fund PKU: division by zero
[2026-05-05 16:51:08] [WARN] Error for fund DFO: division by zero
[2026-05-05 16:51:08] [WARN] Error for fund ZPN: division by zero
[2026-05-05 16:51:08] [WARN] Error for fund PGE: division by zero
[2026-05-05 16:51:08] [WARN] Error for fund DVZ: division by zero
[2026-05-05 16:51:08] [WARN] Error for fund FHP: division by zero
[2026-05-05 16:51:08] [WARN] Error for fund POH: division by zero
[2026-05-05 16:51:08] [WARN] Error for fund BOE: division by zero
[2026-05-05 16:51:08] [WARN] Error for fund GGA: division by zero
[2026-05-05 16:51:08] [WARN] Error for fund GGD: division by zero
[2026-05-05 16:51:08] [WARN] Error for fund BDO: division by zero
[2026-05-05 16:51:08] [WARN] Error for fund BCC: division by zero
[2026-05-05 16:51:08] [WARN] Error for fund BDA: division by zero
[2026-05-05 16:51:08] [WARN] Error for fund SHE: division by zero
[2026-05-05 16:51:08] [WARN] Error for fund PPP: division by zero
[2026-05-05 16:51:08] [WARN] Error for fund TRN: division by zero
[2026-05-05 16:51:08] [WARN] Error for fund RBE: division by zero
[2026-05-05 16:51:08] [WARN] Error for fund CJG: division by zero
[2026-05-05 16:51:08] [WARN] Error for fund ZCF: division by zero
[2026-05-05 16:51:08] [WARN] Error for fund TRU: division by zero
[2026-05-05 16:51:08] [WARN] Error for fund RSZ: division by zero
[2026-05-05 16:51:08] [WARN] Error for fund YUI: division by zero
[2026-05-05 16:51:08] [WARN] Error for fund TOK: division by zero
[2026-05-05 16:51:08] [WARN] Error for fund VCG: division by zero
[2026-05-05 16:51:08] [WARN] Error for fund ITR: division by zero
[2026-05-05 16:51:08] [WARN] Error for fund MJE: division by zero
[2026-05-05 16:51:08] [WARN] Error for fund GCN: division by zero
[2026-05-05 16:51:08] [WARN] Error for fund ROD: division by zero
[2026-05-05 16:51:08] [WARN] Error for fund IUC: division by zero
[2026-05-05 16:51:08] [WARN] Error for fund GBP: division by zero
[2026-05-05 16:51:08] [WARN] Error for fund NHV: division by zero
[2026-05-05 16:51:08] [WARN] Error for fund PBF: division by zero
[2026-05-05 16:51:08] [WARN] Error for fund EDT: division by zero
[2026-05-05 16:51:08] [WARN] Error for fund GCT: division by zero
[2026-05-05 16:51:08] [WARN] Error for fund IIA: division by zero
[2026-05-05 16:51:08] [WARN] Error for fund FFC: division by zero
[2026-05-05 16:51:08] [WARN] Error for fund FPG: division by zero
[2026-05-05 16:51:08] [WARN] Error for fund GCY: division by zero
[2026-05-05 16:51:08] [WARN] Error for fund SKS: division by zero
[2026-05-05 16:51:08] [WARN] Error for fund TGV: division by zero
[2026-05-05 16:51:08] [WARN] Error for fund ONB: division by zero
[2026-05-05 16:51:08] [WARN] Error for fund KEU: division by zero
[2026-05-05 16:51:08] [WARN] Error for fund NSA: division by zero
[2026-05-05 16:51:08] [WARN] Error for fund DP1: division by zero
[2026-05-05 16:51:08] [WARN] Error for fund FJM: division by zero
[2026-05-05 16:51:08] [WARN] Error for fund PJL: division by zero
[2026-05-05 16:51:08] [WARN] Error for fund KKV: division by zero
[2026-05-05 16:51:08] [WARN] Error for fund NP1: division by zero
[2026-05-05 16:51:08] [WARN] Error for fund SDA: division by zero
[2026-05-05 16:51:08] [WARN] Error for fund KKL: division by zero
[2026-05-05 16:51:08] [WARN] Error for fund KLM: division by zero
[2026-05-05 16:51:08] [WARN] Error for fund GKG: division by zero
[2026-05-05 16:51:08] [WARN] Error for fund DKA: division by zero
[2026-05-05 16:51:08] [WARN] Error for fund RKL: division by zero
[2026-05-05 16:51:08] [WARN] Error for fund HIP: division by zero
[2026-05-05 16:51:08] [WARN] Error for fund ZK1: division by zero
[2026-05-05 16:51:08] [WARN] Error for fund KDZ: division by zero
[2026-05-05 16:51:08] [WARN] Error for fund IGF: division by zero
[2026-05-05 16:51:08] [WARN] Error for fund RHI: division by zero
[2026-05-05 16:51:08] [WARN] Error for fund ZR2: division by zero
[2026-05-05 16:51:08] [WARN] Error for fund BHO: division by zero
[2026-05-05 16:51:08] [WARN] Error for fund HPH: division by zero
[2026-05-05 16:51:08] [WARN] Error for fund GFH: division by zero
[2026-05-05 16:51:08] [WARN] Error for fund UP1: division by zero
[2026-05-05 16:51:08] [WARN] Error for fund ZUE: division by zero
[2026-05-05 16:51:08] [WARN] Error for fund AL4: division by zero
[2026-05-05 16:51:08] [WARN] Error for fund PAU: division by zero
[2026-05-05 16:51:08] [WARN] Error for fund TJL: division by zero
[2026-05-05 16:51:08] [WARN] Error for fund GTN: division by zero
[2026-05-05 16:51:08] [WARN] Error for fund MHF: division by zero
[2026-05-05 16:51:08] [WARN] Error for fund PKL: division by zero
[2026-05-05 16:51:08] [WARN] Error for fund AL5: division by zero
[2026-05-05 16:51:08] [WARN] Error for fund MUT: division by zero
[2026-05-05 16:51:08] [WARN] Error for fund BRG: division by zero
[2026-05-05 16:51:08] [WARN] Error for fund KKO: division by zero
[2026-05-05 16:51:08] [WARN] Error for fund TB9: division by zero
[2026-05-05 16:51:08] [WARN] Error for fund YVG: division by zero
[2026-05-05 16:51:08] [WARN] Error for fund NTB: division by zero
[2026-05-05 16:51:08] [WARN] Error for fund ZNF: division by zero
[2026-05-05 16:51:08] [WARN] Error for fund KDL: division by zero
[2026-05-05 16:51:08] [WARN] Error for fund NKK: division by zero
[2026-05-05 16:51:08] [WARN] Error for fund HJA: division by zero
[2026-05-05 16:51:08] [WARN] Error for fund URA: division by zero
[2026-05-05 16:51:08] [WARN] Error for fund YCP: division by zero
[2026-05-05 16:51:08] [WARN] Error for fund GBZ: division by zero
[2026-05-05 16:51:08] [WARN] Error for fund BIP: division by zero
[2026-05-05 16:51:08] [WARN] Error for fund IAC: division by zero
[2026-05-05 16:51:08] [WARN] Error for fund AL7: division by zero
[2026-05-05 16:51:08] [WARN] Error for fund DP9: division by zero
[2026-05-05 16:51:08] [WARN] Error for fund RPG: division by zero
[2026-05-05 16:51:08] [WARN] Error for fund BAC: division by zero
[2026-05-05 16:51:08] [WARN] Error for fund NJF: division by zero
[2026-05-05 16:51:08] [WARN] Error for fund FJN: division by zero
[2026-05-05 16:51:08] [WARN] Error for fund GEV: division by zero
[2026-05-05 16:51:08] [WARN] Error for fund THO: division by zero
[2026-05-05 16:51:08] [WARN] Error for fund ZSN: division by zero
[2026-05-05 16:51:08] [WARN] Error for fund GPM: division by zero
[2026-05-05 16:51:08] [WARN] Error for fund RPP: division by zero
[2026-05-05 16:51:08] [WARN] Error for fund HGU: division by zero
[2026-05-05 16:51:08] [WARN] Error for fund BVZ: division by zero
[2026-05-05 16:51:08] [WARN] Error for fund GPL: division by zero
[2026-05-05 16:51:08] [WARN] Error for fund IV6: division by zero
[2026-05-05 16:51:08] [WARN] Error for fund KAC: division by zero
[2026-05-05 16:51:08] [WARN] Error for fund GCC: division by zero
[2026-05-05 16:51:08] [WARN] Error for fund ZJR: division by zero
[2026-05-05 16:51:08] [WARN] Error for fund IJV: division by zero
[2026-05-05 16:51:08] [WARN] Error for fund GAU: division by zero
[2026-05-05 16:51:08] [WARN] Error for fund DOC: division by zero
[2026-05-05 16:51:08] [WARN] Error for fund MGE: division by zero
[2026-05-05 16:51:08] [WARN] Error for fund GFI: division by zero
[2026-05-05 16:51:08] [WARN] Error for fund HB1: division by zero
[2026-05-05 16:51:08] [WARN] Error for fund RPO: division by zero
[2026-05-05 16:51:08] [WARN] Error for fund BLH: division by zero
[2026-05-05 16:51:08] [WARN] Error for fund GUV: division by zero
[2026-05-05 16:51:08] [WARN] Error for fund RTA: division by zero
[2026-05-05 16:51:08] [WARN] Error for fund NLD: division by zero
[2026-05-05 16:51:08] [WARN] Error for fund TNA: division by zero
[2026-05-05 16:51:08] [WARN] Error for fund IML: division by zero
[2026-05-05 16:51:08] [WARN] Error for fund PGH: division by zero
[2026-05-05 16:51:08] [WARN] Error for fund NIS: division by zero
[2026-05-05 16:51:08] [WARN] Error for fund NCS: division by zero
[2026-05-05 16:51:08] [WARN] Error for fund ILP: division by zero
[2026-05-05 16:51:08] [WARN] Error for fund FJG: division by zero
[2026-05-05 16:51:09] [WARN] Error for fund FDV: division by zero
[2026-05-05 16:51:09] [WARN] Error for fund DMR: division by zero
[2026-05-05 16:51:09] [WARN] Error for fund KUT: division by zero
[2026-05-05 16:51:09] [WARN] Error for fund PTS: division by zero
[2026-05-05 16:51:09] [WARN] Error for fund ZLG: division by zero
[2026-05-05 16:51:09] [WARN] Error for fund ZYC: division by zero
[2026-05-05 16:51:09] [WARN] Error for fund GMC: division by zero
[2026-05-05 16:52:54] [INFO] Starting fund_metrics
[2026-05-05 16:52:54] [INFO] system_rates: {'TRY': 0.45, 'USD': 0.036, 'EUR': 0.0}
[2026-05-05 16:53:20] [INFO] Funds with price_history: 1000
[2026-05-05 16:53:20] [WARN] Error for fund KPR: division by zero
[2026-05-05 16:53:20] [WARN] Error for fund PBH: division by zero
[2026-05-05 16:53:20] [WARN] Error for fund TBJ: division by zero
[2026-05-05 16:53:20] [WARN] Error for fund HAM: division by zero
[2026-05-05 16:53:20] [WARN] Error for fund KKT: division by zero
[2026-05-05 16:53:20] [WARN] Error for fund NAU: division by zero
[2026-05-05 16:53:20] [WARN] Error for fund SVY: division by zero
[2026-05-05 16:53:20] [WARN] Error for fund BAS: division by zero
[2026-05-05 16:53:20] [WARN] Error for fund KLT: division by zero
[2026-05-05 16:53:20] [WARN] Error for fund ONS: division by zero
[2026-05-05 16:53:20] [WARN] Error for fund KDV: division by zero
[2026-05-05 16:53:20] [WARN] Error for fund IUZ: division by zero
[2026-05-05 16:53:20] [WARN] Error for fund KVS: division by zero
[2026-05-05 16:53:20] [WARN] Error for fund CJH: division by zero
[2026-05-05 16:53:20] [WARN] Error for fund ZCE: division by zero
[2026-05-05 16:53:20] [WARN] Error for fund YZD: division by zero
[2026-05-05 16:53:20] [WARN] Error for fund GO6: division by zero
[2026-05-05 16:53:20] [WARN] Error for fund FS4: division by zero
[2026-05-05 16:53:20] [WARN] Error for fund DYJ: division by zero
[2026-05-05 16:53:20] [WARN] Error for fund ABJ: division by zero
[2026-05-05 16:53:20] [WARN] Error for fund NUG: division by zero
[2026-05-05 16:53:20] [WARN] Error for fund USS: division by zero
[2026-05-05 16:53:20] [WARN] Error for fund DOD: division by zero
[2026-05-05 16:53:20] [WARN] Error for fund GRO: division by zero
[2026-05-05 16:53:20] [WARN] Error for fund FSG: division by zero
[2026-05-05 16:53:20] [WARN] Error for fund GMF: division by zero
[2026-05-05 16:53:20] [WARN] Error for fund HAE: division by zero
[2026-05-05 16:53:20] [WARN] Error for fund NKV: division by zero
[2026-05-05 16:53:20] [WARN] Error for fund BBS: division by zero
[2026-05-05 16:53:20] [WARN] Error for fund ENF: division by zero
[2026-05-05 16:53:20] [WARN] Error for fund ZP7: division by zero
[2026-05-05 16:53:20] [WARN] Error for fund FFF: division by zero
[2026-05-05 16:53:20] [WARN] Error for fund FKE: division by zero
[2026-05-05 16:53:20] [WARN] Error for fund PKU: division by zero
[2026-05-05 16:53:20] [WARN] Error for fund DFO: division by zero
[2026-05-05 16:53:20] [WARN] Error for fund ZPN: division by zero
[2026-05-05 16:53:20] [WARN] Error for fund PGE: division by zero
[2026-05-05 16:53:20] [WARN] Error for fund DVZ: division by zero
[2026-05-05 16:53:20] [WARN] Error for fund FHP: division by zero
[2026-05-05 16:53:20] [WARN] Error for fund POH: division by zero
[2026-05-05 16:53:20] [WARN] Error for fund BOE: division by zero
[2026-05-05 16:53:20] [WARN] Error for fund GGA: division by zero
[2026-05-05 16:53:20] [WARN] Error for fund GGD: division by zero
[2026-05-05 16:53:21] [WARN] Error for fund BDO: division by zero
[2026-05-05 16:53:21] [WARN] Error for fund BCC: division by zero
[2026-05-05 16:53:21] [WARN] Error for fund BDA: division by zero
[2026-05-05 16:53:21] [WARN] Error for fund SHE: division by zero
[2026-05-05 16:53:21] [WARN] Error for fund PPP: division by zero
[2026-05-05 16:53:21] [WARN] Error for fund TRN: division by zero
[2026-05-05 16:53:21] [WARN] Error for fund RBE: division by zero
[2026-05-05 16:53:21] [WARN] Error for fund CJG: division by zero
[2026-05-05 16:53:21] [WARN] Error for fund ZCF: division by zero
[2026-05-05 16:53:21] [WARN] Error for fund TRU: division by zero
[2026-05-05 16:53:21] [WARN] Error for fund RSZ: division by zero
[2026-05-05 16:53:21] [WARN] Error for fund YUI: division by zero
[2026-05-05 16:53:21] [WARN] Error for fund TOK: division by zero
[2026-05-05 16:53:21] [WARN] Error for fund VCG: division by zero
[2026-05-05 16:53:21] [WARN] Error for fund ITR: division by zero
[2026-05-05 16:53:21] [WARN] Error for fund MJE: division by zero
[2026-05-05 16:53:21] [WARN] Error for fund GCN: division by zero
[2026-05-05 16:53:21] [WARN] Error for fund ROD: division by zero
[2026-05-05 16:53:21] [WARN] Error for fund IUC: division by zero
[2026-05-05 16:53:21] [WARN] Error for fund GBP: division by zero
[2026-05-05 16:53:21] [WARN] Error for fund NHV: division by zero
[2026-05-05 16:53:21] [WARN] Error for fund PBF: division by zero
[2026-05-05 16:53:21] [WARN] Error for fund EDT: division by zero
[2026-05-05 16:53:21] [WARN] Error for fund GCT: division by zero
[2026-05-05 16:53:21] [WARN] Error for fund IIA: division by zero
[2026-05-05 16:53:21] [WARN] Error for fund FFC: division by zero
[2026-05-05 16:53:21] [WARN] Error for fund FPG: division by zero
[2026-05-05 16:53:21] [WARN] Error for fund GCY: division by zero
[2026-05-05 16:53:21] [WARN] Error for fund SKS: division by zero
[2026-05-05 16:53:21] [WARN] Error for fund TGV: division by zero
[2026-05-05 16:53:21] [WARN] Error for fund ONB: division by zero
[2026-05-05 16:53:21] [WARN] Error for fund KEU: division by zero
[2026-05-05 16:53:21] [WARN] Error for fund NSA: division by zero
[2026-05-05 16:53:21] [WARN] Error for fund DP1: division by zero
[2026-05-05 16:53:21] [WARN] Error for fund FJM: division by zero
[2026-05-05 16:53:21] [WARN] Error for fund PJL: division by zero
[2026-05-05 16:53:21] [WARN] Error for fund KKV: division by zero
[2026-05-05 16:53:21] [WARN] Error for fund NP1: division by zero
[2026-05-05 16:53:21] [WARN] Error for fund SDA: division by zero
[2026-05-05 16:53:21] [WARN] Error for fund KKL: division by zero
[2026-05-05 16:53:21] [WARN] Error for fund KLM: division by zero
[2026-05-05 16:53:21] [WARN] Error for fund GKG: division by zero
[2026-05-05 16:53:21] [WARN] Error for fund DKA: division by zero
[2026-05-05 16:53:21] [WARN] Error for fund RKL: division by zero
[2026-05-05 16:53:21] [WARN] Error for fund HIP: division by zero
[2026-05-05 16:53:21] [WARN] Error for fund ZK1: division by zero
[2026-05-05 16:53:21] [WARN] Error for fund KDZ: division by zero
[2026-05-05 16:53:21] [WARN] Error for fund IGF: division by zero
[2026-05-05 16:53:21] [WARN] Error for fund RHI: division by zero
[2026-05-05 16:53:21] [WARN] Error for fund ZR2: division by zero
[2026-05-05 16:53:21] [WARN] Error for fund BHO: division by zero
[2026-05-05 16:53:21] [WARN] Error for fund HPH: division by zero
[2026-05-05 16:53:21] [WARN] Error for fund GFH: division by zero
[2026-05-05 16:53:21] [WARN] Error for fund UP1: division by zero
[2026-05-05 16:53:21] [WARN] Error for fund ZUE: division by zero
[2026-05-05 16:53:21] [WARN] Error for fund AL4: division by zero
[2026-05-05 16:53:21] [WARN] Error for fund PAU: division by zero
[2026-05-05 16:53:21] [WARN] Error for fund TJL: division by zero
[2026-05-05 16:53:21] [WARN] Error for fund GTN: division by zero
[2026-05-05 16:53:21] [WARN] Error for fund MHF: division by zero
[2026-05-05 16:53:21] [WARN] Error for fund PKL: division by zero
[2026-05-05 16:53:21] [WARN] Error for fund AL5: division by zero
[2026-05-05 16:53:21] [WARN] Error for fund MUT: division by zero
[2026-05-05 16:53:21] [WARN] Error for fund BRG: division by zero
[2026-05-05 16:53:21] [WARN] Error for fund KKO: division by zero
[2026-05-05 16:53:21] [WARN] Error for fund TB9: division by zero
[2026-05-05 16:53:21] [WARN] Error for fund YVG: division by zero
[2026-05-05 16:53:21] [WARN] Error for fund NTB: division by zero
[2026-05-05 16:53:21] [WARN] Error for fund ZNF: division by zero
[2026-05-05 16:53:21] [WARN] Error for fund KDL: division by zero
[2026-05-05 16:53:21] [WARN] Error for fund NKK: division by zero
[2026-05-05 16:53:21] [WARN] Error for fund HJA: division by zero
[2026-05-05 16:53:21] [WARN] Error for fund URA: division by zero
[2026-05-05 16:53:21] [WARN] Error for fund YCP: division by zero
[2026-05-05 16:53:21] [WARN] Error for fund GBZ: division by zero
[2026-05-05 16:53:21] [WARN] Error for fund BIP: division by zero
[2026-05-05 16:53:21] [WARN] Error for fund IAC: division by zero
[2026-05-05 16:53:21] [WARN] Error for fund AL7: division by zero
[2026-05-05 16:53:21] [WARN] Error for fund DP9: division by zero
[2026-05-05 16:53:21] [WARN] Error for fund RPG: division by zero
[2026-05-05 16:53:21] [WARN] Error for fund BAC: division by zero
[2026-05-05 16:53:21] [WARN] Error for fund NJF: division by zero
[2026-05-05 16:53:21] [WARN] Error for fund FJN: division by zero
[2026-05-05 16:53:21] [WARN] Error for fund GEV: division by zero
[2026-05-05 16:53:21] [WARN] Error for fund THO: division by zero
[2026-05-05 16:53:21] [WARN] Error for fund ZSN: division by zero
[2026-05-05 16:53:21] [WARN] Error for fund GPM: division by zero
[2026-05-05 16:53:21] [WARN] Error for fund RPP: division by zero
[2026-05-05 16:53:21] [WARN] Error for fund HGU: division by zero
[2026-05-05 16:53:21] [WARN] Error for fund BVZ: division by zero
[2026-05-05 16:53:21] [WARN] Error for fund GPL: division by zero
[2026-05-05 16:53:21] [WARN] Error for fund IV6: division by zero
[2026-05-05 16:53:21] [WARN] Error for fund KAC: division by zero
[2026-05-05 16:53:21] [WARN] Error for fund GCC: division by zero
[2026-05-05 16:53:21] [WARN] Error for fund ZJR: division by zero
[2026-05-05 16:53:21] [WARN] Error for fund IJV: division by zero
[2026-05-05 16:53:21] [WARN] Error for fund GAU: division by zero
[2026-05-05 16:53:21] [WARN] Error for fund DOC: division by zero
[2026-05-05 16:53:21] [WARN] Error for fund MGE: division by zero
[2026-05-05 16:53:21] [WARN] Error for fund GFI: division by zero
[2026-05-05 16:53:21] [WARN] Error for fund HB1: division by zero
[2026-05-05 16:53:21] [WARN] Error for fund RPO: division by zero
[2026-05-05 16:53:21] [WARN] Error for fund BLH: division by zero
[2026-05-05 16:53:21] [WARN] Error for fund GUV: division by zero
[2026-05-05 16:53:21] [WARN] Error for fund RTA: division by zero
[2026-05-05 16:53:21] [WARN] Error for fund NLD: division by zero
[2026-05-05 16:53:21] [WARN] Error for fund TNA: division by zero
[2026-05-05 16:53:21] [WARN] Error for fund IML: division by zero
[2026-05-05 16:53:21] [WARN] Error for fund PGH: division by zero
[2026-05-05 16:53:21] [WARN] Error for fund NIS: division by zero
[2026-05-05 16:53:21] [WARN] Error for fund NCS: division by zero
[2026-05-05 16:53:21] [WARN] Error for fund ILP: division by zero
[2026-05-05 16:53:21] [WARN] Error for fund FJG: division by zero
[2026-05-05 16:53:21] [WARN] Error for fund FDV: division by zero
[2026-05-05 16:53:21] [WARN] Error for fund DMR: division by zero
[2026-05-05 16:53:21] [WARN] Error for fund KUT: division by zero
[2026-05-05 16:53:21] [WARN] Error for fund PTS: division by zero
[2026-05-05 16:53:21] [WARN] Error for fund ZLG: division by zero
[2026-05-05 16:53:21] [WARN] Error for fund ZYC: division by zero
[2026-05-05 16:53:21] [WARN] Error for fund GMC: division by zero
[2026-05-05 16:55:17] [INFO] fund_metrics upserted: 837/837, errors=163
[2026-05-05 16:55:17] [INFO] Done in 143.2s
