[2026-05-05 22:46:52] [INFO] Starting fund_cascade
[2026-05-05 22:46:52] [INFO] today=2026-05-05, yesterday=2026-05-04
[2026-05-05 22:46:52] [INFO] Funds: 2400
[2026-05-05 22:46:52] [INFO] benchmark_symbol backfill done
[2026-05-05 22:46:52] [INFO] Fetching 6 benchmark symbols from Yahoo...
[2026-05-05 22:46:54] [INFO] Benchmark EURTRY=X: 32 prices
[2026-05-05 22:46:58] [INFO] Benchmark GC=F: 31 prices
[2026-05-05 22:47:02] [INFO] Benchmark TRY=X: 32 prices
[2026-05-05 22:47:07] [INFO] Benchmark XU100.IS: 30 prices
[2026-05-05 22:47:08] [INFO] Benchmark ^GSPC: 31 prices
[2026-05-05 22:47:19] [INFO] Benchmark ^IXIC: 31 prices
[2026-05-05 22:47:46] [INFO] Benchmark prices: 0 rows written
[2026-05-05 22:47:46] [INFO] Fetching funds with price_history...
[2026-05-05 22:48:36] [INFO] Total funds with price_history: 2400
[2026-05-05 22:48:36] [INFO] Computing fund metrics...
[2026-05-05 22:48:36] [INFO]   fund_updates: 2399, sparkline_updates: 2399
[2026-05-05 22:48:36] [INFO] Upserting fund metrics...
[2026-05-05 22:48:54] [INFO]   fund_metrics progress: 0/2399
[2026-05-05 22:49:38] [INFO]   fund_metrics progress: 200/2399
[2026-05-05 22:50:09] [INFO]   fund_metrics progress: 400/2399
[2026-05-05 22:50:41] [INFO]   fund_metrics progress: 600/2399
[2026-05-05 22:51:12] [INFO]   fund_metrics progress: 800/2399
[2026-05-05 22:51:43] [INFO]   fund_metrics progress: 1000/2399
[2026-05-05 22:52:14] [INFO]   fund_metrics progress: 1200/2399
[2026-05-05 22:52:47] [INFO]   fund_metrics progress: 1400/2399
[2026-05-05 22:53:17] [INFO]   fund_metrics progress: 1600/2399
[2026-05-05 22:53:48] [INFO]   fund_metrics progress: 1800/2399
[2026-05-05 22:54:18] [INFO]   fund_metrics progress: 2000/2399
[2026-05-05 22:54:48] [INFO]   fund_metrics progress: 2200/2399
[2026-05-05 22:55:04] [INFO]   funds updated: 2399/2399
[2026-05-05 22:55:04] [INFO] Upserting sparklines...
[2026-05-05 22:55:08] [INFO]   sparkline progress: 0/2399
[2026-05-05 22:55:27] [INFO]   sparkline progress: 125/2399
[2026-05-05 22:55:46] [INFO]   sparkline progress: 250/2399
[2026-05-05 22:56:05] [INFO]   sparkline progress: 375/2399
[2026-05-05 22:56:23] [INFO]   sparkline progress: 500/2399
[2026-05-05 22:56:41] [INFO]   sparkline progress: 625/2399
[2026-05-05 22:58:08] [INFO] Starting fund_cascade
[2026-05-05 22:58:08] [INFO] today=2026-05-05, yesterday=2026-05-04
[2026-05-05 22:58:09] [INFO] Funds: 2400
[2026-05-05 22:58:09] [INFO] benchmark_symbol backfill done
[2026-05-05 22:58:09] [INFO] Fetching 6 benchmark symbols from Yahoo...
[2026-05-05 22:58:10] [INFO] Benchmark EURTRY=X: 32 prices
[2026-05-05 22:58:15] [INFO] Benchmark GC=F: 31 prices
[2026-05-05 22:58:18] [INFO] Benchmark TRY=X: 32 prices
[2026-05-05 22:58:18] [INFO] Benchmark XU100.IS: 30 prices
[2026-05-05 22:58:23] [INFO] Benchmark ^GSPC: 31 prices
[2026-05-05 22:58:24] [INFO] Benchmark ^IXIC: 31 prices
[2026-05-05 22:58:54] [INFO] Benchmark prices: 0 rows written
[2026-05-05 22:58:55] [INFO] Fetching funds with price_history...
[2026-05-05 22:59:26] [INFO] Total funds with price_history: 2400
[2026-05-05 22:59:26] [INFO] Computing fund metrics...
[2026-05-05 22:59:27] [INFO]   fund_updates: 2399, sparkline_updates: 2399
[2026-05-05 22:59:27] [INFO] Upserting fund metrics...
[2026-05-05 22:59:43] [INFO]   fund_metrics progress: 0/2399
[2026-05-05 23:01:04] [INFO] Starting fund_cascade
[2026-05-05 23:01:04] [INFO] today=2026-05-05, yesterday=2026-05-04
[2026-05-05 23:01:05] [INFO] Funds: 2400
[2026-05-05 23:01:05] [INFO] benchmark_symbol backfill done
[2026-05-05 23:01:05] [INFO] Fetching 6 benchmark symbols from Yahoo...
[2026-05-05 23:01:07] [INFO] Benchmark EURTRY=X: 32 prices
[2026-05-05 23:01:07] [INFO] Benchmark GC=F: 31 prices
[2026-05-05 23:01:10] [INFO] Benchmark TRY=X: 32 prices
[2026-05-05 23:01:15] [INFO] Benchmark XU100.IS: 30 prices
[2026-05-05 23:01:34] [INFO] Benchmark ^GSPC: 31 prices
[2026-05-05 23:01:38] [INFO] Benchmark ^IXIC: 31 prices
[2026-05-05 23:02:04] [INFO] Benchmark prices: 0 rows written
[2026-05-05 23:02:04] [INFO] Fetching funds with price_history...
[2026-05-05 23:02:37] [INFO] Total funds with price_history: 2400
[2026-05-05 23:02:37] [INFO] TEST MODE: limiting to first 5 funds
[2026-05-05 23:02:37] [INFO] Computing fund metrics...
[2026-05-05 23:02:37] [INFO]   fund_updates: 5, sparkline_updates: 5
[2026-05-05 23:02:37] [INFO] Upserting fund metrics...
[2026-05-05 23:02:38] [INFO]   fund_metrics progress: 0/5
[2026-05-05 23:02:38] [INFO]   funds updated: 5/5
[2026-05-05 23:02:38] [INFO] Upserting sparklines...
[2026-05-05 23:02:39] [INFO]   sparkline progress: 0/5
[2026-05-05 23:02:39] [INFO]   sparklines upserted: 5/5
[2026-05-05 23:02:39] [INFO] Reloading funds for homepage_stats...
[2026-05-05 23:02:40] [INFO]   funds_for_stats: 2400
[2026-05-05 23:02:40] [INFO] Computing category ranks...
[2026-05-05 23:03:16] [INFO] Starting fund_cascade
[2026-05-05 23:03:16] [INFO] today=2026-05-05, yesterday=2026-05-04
[2026-05-05 23:03:17] [INFO] Funds: 2400
[2026-05-05 23:03:17] [INFO] benchmark_symbol backfill done
[2026-05-05 23:03:17] [INFO] Fetching 6 benchmark symbols from Yahoo...
[2026-05-05 23:03:21] [INFO] Benchmark EURTRY=X: 32 prices
[2026-05-05 23:03:51] [INFO] Benchmark GC=F: 31 prices
[2026-05-05 23:03:54] [INFO] Benchmark TRY=X: 32 prices
[2026-05-05 23:03:56] [INFO] Benchmark XU100.IS: 30 prices
[2026-05-05 23:04:26] [INFO] Benchmark ^GSPC: 31 prices
[2026-05-05 23:04:31] [INFO] Benchmark ^IXIC: 31 prices
[2026-05-05 23:04:57] [INFO] Benchmark prices: 0 rows written
[2026-05-05 23:04:58] [INFO] Fetching funds with price_history...
[2026-05-05 23:05:21] [INFO] Total funds with price_history: 500
[2026-05-05 23:05:21] [INFO] TEST MODE: limiting to first 5 funds
[2026-05-05 23:05:21] [INFO] Computing fund metrics...
[2026-05-05 23:05:21] [INFO]   fund_updates: 5, sparkline_updates: 5
[2026-05-05 23:05:21] [INFO] Upserting fund metrics...
[2026-05-05 23:05:23] [INFO]   fund_metrics progress: 0/5
[2026-05-05 23:05:23] [INFO]   funds updated: 5/5
[2026-05-05 23:05:23] [INFO] Upserting sparklines...
[2026-05-05 23:05:24] [INFO]   sparkline progress: 0/5
[2026-05-05 23:05:24] [INFO]   sparklines upserted: 5/5
[2026-05-05 23:05:24] [INFO] Reloading funds for homepage_stats...
[2026-05-05 23:05:26] [INFO]   funds_for_stats: 2400
[2026-05-05 23:05:26] [INFO] Computing category ranks...
[2026-05-05 23:06:29] [INFO] Starting fund_cascade
[2026-05-05 23:06:29] [INFO] today=2026-05-05, yesterday=2026-05-04
[2026-05-05 23:06:30] [INFO] Funds: 2400
[2026-05-05 23:06:30] [INFO] benchmark_symbol backfill done
[2026-05-05 23:06:30] [INFO] Fetching 6 benchmark symbols from Yahoo...
[2026-05-05 23:06:31] [INFO] Benchmark EURTRY=X: 32 prices
[2026-05-05 23:06:38] [INFO] Benchmark GC=F: 31 prices
[2026-05-05 23:06:55] [INFO] Benchmark TRY=X: 32 prices
[2026-05-05 23:06:57] [INFO] Benchmark XU100.IS: 30 prices
[2026-05-05 23:07:00] [INFO] Benchmark ^GSPC: 31 prices
[2026-05-05 23:07:01] [INFO] Benchmark ^IXIC: 31 prices
[2026-05-05 23:07:01] [ERROR] upsert_benchmark_prices DB error: name 'SUPABASE_DB_URL' is not defined
[2026-05-05 23:07:01] [INFO] Benchmark prices: 0 rows written
[2026-05-05 23:07:01] [INFO] Fetching funds with price_history...
[2026-05-05 23:07:56] [INFO] Starting fund_cascade
[2026-05-05 23:07:56] [INFO] today=2026-05-05, yesterday=2026-05-04
[2026-05-05 23:07:57] [INFO] Funds: 2400
[2026-05-05 23:07:57] [INFO] benchmark_symbol backfill done
[2026-05-05 23:07:57] [INFO] Fetching 6 benchmark symbols from Yahoo...
[2026-05-05 23:07:58] [INFO] Benchmark EURTRY=X: 32 prices
[2026-05-05 23:07:59] [INFO] Benchmark GC=F: 31 prices
[2026-05-05 23:08:05] [INFO] Benchmark TRY=X: 32 prices
[2026-05-05 23:08:21] [INFO] Benchmark XU100.IS: 30 prices
[2026-05-05 23:08:24] [INFO] Benchmark ^GSPC: 31 prices
[2026-05-05 23:08:24] [INFO] Benchmark ^IXIC: 31 prices
[2026-05-05 23:08:37] [INFO] Benchmark prices: 187 rows written
[2026-05-05 23:08:37] [INFO] Fetching funds with price_history...
[2026-05-05 23:08:59] [INFO] Total funds with price_history: 500
[2026-05-05 23:08:59] [INFO] TEST MODE: limiting to first 5 funds
[2026-05-05 23:08:59] [INFO] Computing fund metrics...
[2026-05-05 23:08:59] [INFO]   fund_updates: 5, sparkline_updates: 5
[2026-05-05 23:08:59] [INFO] Upserting fund metrics...
[2026-05-05 23:09:00] [INFO]   fund_metrics progress: 0/5
[2026-05-05 23:09:00] [INFO]   funds updated: 5/5
[2026-05-05 23:09:00] [INFO] Upserting sparklines...
[2026-05-05 23:09:02] [INFO]   sparkline progress: 0/5
[2026-05-05 23:09:02] [INFO]   sparklines upserted: 5/5
[2026-05-05 23:09:02] [INFO] Reloading funds for homepage_stats...
[2026-05-05 23:09:03] [INFO]   funds_for_stats: 2400
[2026-05-05 23:09:03] [INFO] Computing category ranks...
[2026-05-05 23:12:08] [INFO] Starting fund_cascade
[2026-05-05 23:12:08] [INFO] today=2026-05-05, yesterday=2026-05-04
[2026-05-05 23:12:09] [INFO] Funds: 2400
[2026-05-05 23:12:09] [INFO] benchmark_symbol backfill done
[2026-05-05 23:12:09] [INFO] Fetching 6 benchmark symbols from Yahoo...
[2026-05-05 23:12:13] [INFO] Benchmark EURTRY=X: 32 prices
[2026-05-05 23:12:14] [INFO] Benchmark GC=F: 31 prices
[2026-05-05 23:12:17] [INFO] Benchmark TRY=X: 32 prices
[2026-05-05 23:12:18] [INFO] Benchmark XU100.IS: 30 prices
[2026-05-05 23:12:29] [INFO] Benchmark ^GSPC: 31 prices
[2026-05-05 23:12:32] [INFO] Benchmark ^IXIC: 31 prices
[2026-05-05 23:12:44] [INFO] Benchmark prices: 187 rows written
[2026-05-05 23:12:44] [INFO] Fetching funds with price_history...
[2026-05-05 23:13:29] [INFO] Total funds with price_history: 2400
[2026-05-05 23:13:29] [INFO] TEST MODE: limiting to first 5 funds
[2026-05-05 23:13:29] [INFO] Computing fund metrics...
[2026-05-05 23:13:29] [INFO]   fund_updates: 5, sparkline_updates: 5
[2026-05-05 23:13:29] [INFO] Upserting fund metrics...
[2026-05-05 23:13:30] [ERROR] upsert_fund_metrics DB error: column "updated_at" of relation "funds" does not exist
LINE 1: ...return_1g,return_1h,return_1a,return_3a,return_6a,updated_at...
                                                             ^

[2026-05-05 23:13:30] [INFO]   funds updated: 0/5
[2026-05-05 23:13:30] [INFO] Upserting sparklines...
[2026-05-05 23:13:30] [ERROR] upsert_sparklines DB error: module 'psycopg2' has no attribute 'extras'
[2026-05-05 23:13:30] [INFO]   sparklines upserted: 0/5
[2026-05-05 23:13:30] [INFO] Reloading funds for homepage_stats...
[2026-05-05 23:13:31] [INFO]   funds_for_stats: 2400
[2026-05-05 23:13:31] [INFO] Computing category ranks...
[2026-05-05 23:16:07] [INFO] Starting fund_cascade
[2026-05-05 23:16:07] [INFO] today=2026-05-05, yesterday=2026-05-04
[2026-05-05 23:16:08] [INFO] Funds: 2400
[2026-05-05 23:16:08] [INFO] benchmark_symbol backfill done
[2026-05-05 23:16:08] [INFO] Fetching 6 benchmark symbols from Yahoo...
[2026-05-05 23:16:12] [INFO] Benchmark EURTRY=X: 32 prices
[2026-05-05 23:16:13] [INFO] Benchmark GC=F: 31 prices
[2026-05-05 23:16:14] [INFO] Benchmark TRY=X: 32 prices
[2026-05-05 23:16:40] [INFO] Benchmark XU100.IS: 30 prices
[2026-05-05 23:16:42] [INFO] Benchmark ^GSPC: 31 prices
[2026-05-05 23:16:48] [INFO] Benchmark ^IXIC: 31 prices
[2026-05-05 23:17:00] [INFO] Benchmark prices: 187 rows written
[2026-05-05 23:17:01] [INFO] Fetching funds with price_history...
[2026-05-05 23:23:21] [INFO] Starting fund_cascade
[2026-05-05 23:23:21] [INFO] today=2026-05-05, yesterday=2026-05-04
[2026-05-05 23:23:22] [INFO] Funds: 2400
[2026-05-05 23:23:22] [INFO] benchmark_symbol backfill done
[2026-05-05 23:23:22] [INFO] Fetching 6 benchmark symbols from Yahoo...
[2026-05-05 23:23:41] [INFO] Benchmark EURTRY=X: 32 prices
[2026-05-05 23:23:42] [INFO] Benchmark GC=F: 31 prices
[2026-05-05 23:23:47] [INFO] Benchmark TRY=X: 32 prices
[2026-05-05 23:23:50] [INFO] Benchmark XU100.IS: 30 prices
[2026-05-05 23:23:52] [INFO] Benchmark ^GSPC: 31 prices
[2026-05-05 23:23:56] [INFO] Benchmark ^IXIC: 31 prices
[2026-05-05 23:24:08] [INFO] Benchmark prices: 187 rows written
[2026-05-05 23:24:09] [INFO] Fetching funds with price_history...
[2026-05-05 23:24:23] [INFO] Total funds with price_history: 2400
[2026-05-05 23:24:23] [INFO] TEST MODE: limiting to first 5 funds
[2026-05-05 23:24:23] [INFO] Computing fund metrics...
[2026-05-05 23:24:23] [INFO]   fund_updates: 5, sparkline_updates: 5
[2026-05-05 23:24:23] [INFO] Upserting fund metrics...
[2026-05-05 23:24:24] [ERROR] upsert_fund_metrics DB error: column "updated_at" of relation "funds" does not exist
LINE 1: ...return_1g,return_1h,return_1a,return_3a,return_6a,updated_at...
                                                             ^

[2026-05-05 23:24:24] [INFO]   funds updated: 0/5
[2026-05-05 23:24:24] [INFO] Upserting sparklines...
[2026-05-05 23:24:25] [INFO]   sparklines upserted: 5/5
[2026-05-05 23:24:25] [INFO] Reloading funds for homepage_stats...
[2026-05-05 23:24:26] [INFO]   funds_for_stats: 2400
[2026-05-05 23:24:26] [INFO] Computing category ranks...
[2026-05-05 23:26:03] [INFO] Starting fund_cascade
[2026-05-05 23:26:03] [INFO] today=2026-05-05, yesterday=2026-05-04
[2026-05-05 23:26:05] [INFO] Funds: 2400
[2026-05-05 23:26:05] [INFO] benchmark_symbol backfill done
[2026-05-05 23:26:05] [INFO] Fetching 6 benchmark symbols from Yahoo...
[2026-05-05 23:26:07] [INFO] Benchmark EURTRY=X: 32 prices
[2026-05-05 23:26:23] [INFO] Benchmark GC=F: 31 prices
[2026-05-05 23:26:27] [INFO] Benchmark TRY=X: 32 prices
[2026-05-05 23:26:43] [INFO] Benchmark XU100.IS: 30 prices
[2026-05-05 23:27:01] [INFO] Benchmark ^GSPC: 31 prices
[2026-05-05 23:27:31] [INFO] Benchmark ^IXIC: 31 prices
[2026-05-05 23:27:43] [INFO] Benchmark prices: 187 rows written
[2026-05-05 23:27:44] [INFO] Fetching funds with price_history...
[2026-05-05 23:28:02] [INFO] Total funds with price_history: 2400
[2026-05-05 23:28:02] [INFO] TEST MODE: limiting to first 5 funds
[2026-05-05 23:28:02] [INFO] Computing fund metrics...
[2026-05-05 23:28:02] [INFO]   fund_updates: 5, sparkline_updates: 5
[2026-05-05 23:28:02] [INFO] Upserting fund metrics...
[2026-05-05 23:28:02] [ERROR] upsert_fund_metrics DB error: null value in column "name" of relation "funds" violates not-null constraint
DETAIL:  Failing row contains (a77740d9-69d2-47ce-93d3-d9ee2ff2a63b, HII, null, null, null, 0.3209, null, null, null, null, null, null, null, null, 2026-05-05 20:28:02.868817+00, null, null, null, null, null, null, null, TRY, null, null, null, null, null, null, null, 0.003209, 0.002674, 0.041038, 0.095959, 0.037232, null, null, t).

[2026-05-05 23:28:02] [INFO]   funds updated: 0/5
[2026-05-05 23:28:02] [INFO] Upserting sparklines...
[2026-05-05 23:28:03] [INFO]   sparklines upserted: 5/5
[2026-05-05 23:28:03] [INFO] Reloading funds for homepage_stats...
[2026-05-05 23:28:04] [INFO]   funds_for_stats: 2400
[2026-05-05 23:28:04] [INFO] Computing category ranks...
[2026-05-05 23:30:17] [INFO] Starting fund_cascade
[2026-05-05 23:30:17] [INFO] today=2026-05-05, yesterday=2026-05-04
[2026-05-05 23:30:20] [INFO] Funds: 2400
[2026-05-05 23:30:20] [INFO] benchmark_symbol backfill done
[2026-05-05 23:30:20] [INFO] Fetching 6 benchmark symbols from Yahoo...
[2026-05-05 23:30:35] [INFO]   category ranks upserted: 2400
[2026-05-05 23:30:35] [INFO] Computing homepage_stats...
[2026-05-05 23:30:36] [INFO]   homepage_stats upserted OK
[2026-05-05 23:30:36] [INFO] Done in 273.0s
[2026-05-05 23:30:42] [INFO] Benchmark EURTRY=X: 32 prices
[2026-05-05 23:30:45] [INFO] Benchmark GC=F: 31 prices
[2026-05-05 23:30:49] [INFO] Benchmark TRY=X: 32 prices
[2026-05-05 23:30:49] [INFO] Benchmark XU100.IS: 30 prices
[2026-05-05 23:30:54] [INFO] Benchmark ^GSPC: 31 prices
[2026-05-05 23:31:02] [INFO] Benchmark ^IXIC: 31 prices
[2026-05-05 23:31:14] [INFO] Benchmark prices: 187 rows written
[2026-05-05 23:31:14] [INFO] Fetching funds with price_history...
[2026-05-05 23:31:34] [INFO] Total funds with price_history: 2400
[2026-05-05 23:31:34] [INFO] TEST MODE: limiting to first 5 funds
[2026-05-05 23:31:34] [INFO] Computing fund metrics...
[2026-05-05 23:31:34] [INFO]   fund_updates: 5, sparkline_updates: 5
[2026-05-05 23:31:34] [INFO] Upserting fund metrics...
[2026-05-05 23:31:35] [ERROR] upsert_fund_metrics DB error: null value in column "name" of relation "funds" violates not-null constraint
DETAIL:  Failing row contains (ddfa299a-8386-4330-bb6b-ae1938149f88, HII, null, null, null, 0.3209, null, null, null, null, null, null, null, null, 2026-05-05 20:31:35.485837+00, null, null, null, null, null, null, null, TRY, null, null, null, null, null, null, null, 0.003209, 0.002674, 0.041038, 0.095959, 0.037232, null, null, t).

[2026-05-05 23:31:35] [INFO]   funds updated: 0/5
[2026-05-05 23:31:35] [INFO] Upserting sparklines...
[2026-05-05 23:31:36] [INFO]   sparklines upserted: 5/5
[2026-05-05 23:31:36] [INFO] Reloading funds for homepage_stats...
[2026-05-05 23:31:37] [INFO]   funds_for_stats: 2400
[2026-05-05 23:31:37] [INFO] Computing category ranks...
[2026-05-05 23:32:35] [INFO] Starting fund_cascade
[2026-05-05 23:32:35] [INFO] today=2026-05-05, yesterday=2026-05-04
[2026-05-05 23:32:36] [INFO] Funds: 2400
[2026-05-05 23:32:36] [INFO] benchmark_symbol backfill done
[2026-05-05 23:32:36] [INFO] Fetching 6 benchmark symbols from Yahoo...
[2026-05-05 23:32:38] [INFO] Benchmark EURTRY=X: 33 prices
[2026-05-05 23:32:42] [INFO] Benchmark GC=F: 31 prices
[2026-05-05 23:32:44] [INFO] Benchmark TRY=X: 33 prices
[2026-05-05 23:33:10] [INFO] Benchmark XU100.IS: 30 prices
[2026-05-05 23:33:15] [INFO] Benchmark ^GSPC: 31 prices
[2026-05-05 23:33:17] [INFO] Benchmark ^IXIC: 31 prices
[2026-05-05 23:33:29] [INFO] Benchmark prices: 189 rows written
[2026-05-05 23:33:29] [INFO] Fetching funds with price_history...
[2026-05-05 23:33:41] [INFO] Total funds with price_history: 2400
[2026-05-05 23:33:41] [INFO] TEST MODE: limiting to first 5 funds
[2026-05-05 23:33:41] [INFO] Computing fund metrics...
[2026-05-05 23:33:41] [INFO]   fund_updates: 5, sparkline_updates: 5
[2026-05-05 23:33:41] [INFO] Upserting fund metrics...
[2026-05-05 23:33:42] [INFO]   funds updated: 5/5
[2026-05-05 23:33:42] [INFO] Upserting sparklines...
[2026-05-05 23:33:43] [INFO]   sparklines upserted: 5/5
[2026-05-05 23:33:43] [INFO] Reloading funds for homepage_stats...
[2026-05-05 23:33:44] [INFO]   funds_for_stats: 2400
[2026-05-05 23:33:44] [INFO] Computing category ranks...
[2026-05-05 23:38:37] [INFO] Starting fund_cascade
[2026-05-05 23:38:37] [INFO] today=2026-05-05, yesterday=2026-05-04
[2026-05-05 23:38:38] [INFO] Funds: 2400
[2026-05-05 23:38:38] [INFO] benchmark_symbol backfill done
[2026-05-05 23:38:38] [INFO] Fetching 6 benchmark symbols from Yahoo...
[2026-05-05 23:38:44] [INFO] Benchmark EURTRY=X: 33 prices
[2026-05-05 23:38:45] [INFO] Benchmark GC=F: 31 prices
[2026-05-05 23:38:48] [INFO] Benchmark TRY=X: 33 prices
[2026-05-05 23:39:04] [INFO] Benchmark XU100.IS: 30 prices
[2026-05-05 23:39:23] [INFO] Benchmark ^GSPC: 31 prices
[2026-05-05 23:39:28] [INFO] Benchmark ^IXIC: 31 prices
[2026-05-05 23:39:41] [INFO] Benchmark prices: 189 rows written
[2026-05-05 23:39:41] [INFO] Fetching funds with price_history...
[2026-05-05 23:40:03] [INFO] Total funds with price_history: 2400
[2026-05-05 23:40:03] [INFO] TEST MODE: limiting to first 5 funds
[2026-05-05 23:40:03] [INFO] Computing fund metrics...
[2026-05-05 23:40:03] [INFO]   fund_updates: 5, sparkline_updates: 5
[2026-05-05 23:40:03] [INFO] Upserting fund metrics...
[2026-05-05 23:40:07] [INFO]   funds updated: 5/5
[2026-05-05 23:40:07] [INFO] Upserting sparklines...
[2026-05-05 23:40:09] [INFO]   sparklines upserted: 5/5
[2026-05-05 23:40:09] [INFO] Reloading funds for homepage_stats...
[2026-05-05 23:40:09] [INFO] Reloading funds for homepage_stats via PostgreSQL...
[2026-05-05 23:40:10] [INFO]   funds_for_stats: 2400
[2026-05-05 23:40:10] [INFO] Computing category ranks...
[2026-05-05 23:42:45] [INFO] Starting fund_cascade
[2026-05-05 23:42:45] [INFO] today=2026-05-05, yesterday=2026-05-04
[2026-05-05 23:42:49] [INFO] Funds: 2400
[2026-05-05 23:42:49] [INFO] benchmark_symbol backfill done
[2026-05-05 23:42:49] [INFO] Fetching 6 benchmark symbols from Yahoo...
[2026-05-05 23:42:55] [INFO] Benchmark EURTRY=X: 33 prices
[2026-05-05 23:42:57] [INFO] Benchmark GC=F: 31 prices
[2026-05-05 23:43:14] [INFO] Benchmark TRY=X: 33 prices
[2026-05-05 23:43:40] [INFO] Benchmark XU100.IS: 30 prices
[2026-05-05 23:43:45] [INFO] Benchmark ^GSPC: 31 prices
[2026-05-05 23:43:46] [INFO] Benchmark ^IXIC: 31 prices
[2026-05-05 23:44:00] [INFO] Benchmark prices: 189 rows written
[2026-05-05 23:44:00] [INFO] Fetching funds with price_history...
[2026-05-05 23:44:26] [INFO] Total funds with price_history: 2400
[2026-05-05 23:44:26] [INFO] TEST MODE: limiting to first 5 funds
[2026-05-05 23:44:26] [INFO] Computing fund metrics...
[2026-05-05 23:44:26] [INFO]   fund_updates: 5, sparkline_updates: 5
[2026-05-05 23:44:26] [INFO] Upserting fund metrics...
[2026-05-05 23:44:28] [INFO]   funds updated: 5/5
[2026-05-05 23:44:28] [INFO] Upserting sparklines...
[2026-05-05 23:44:29] [INFO]   sparklines upserted: 5/5
[2026-05-05 23:44:29] [INFO] Reloading funds for homepage_stats...
[2026-05-05 23:44:29] [INFO] Reloading funds for homepage_stats via PostgreSQL...
[2026-05-05 23:44:30] [INFO]   funds_for_stats: 2400
[2026-05-05 23:44:30] [INFO] Computing category ranks...
[2026-05-05 23:44:31] [INFO]   category ranks upserted: 2400
[2026-05-05 23:44:31] [INFO] Computing homepage_stats...
[2026-05-05 23:44:33] [INFO]   homepage_stats upserted OK
[2026-05-05 23:44:33] [INFO] Done in 107.7s
[2026-05-05 23:44:49] [INFO] Starting fund_cascade
[2026-05-05 23:44:49] [INFO] today=2026-05-05, yesterday=2026-05-04
[2026-05-05 23:44:50] [INFO] Funds: 2400
[2026-05-05 23:44:50] [INFO] benchmark_symbol backfill done
[2026-05-05 23:44:50] [INFO] Fetching 6 benchmark symbols from Yahoo...
[2026-05-05 23:45:17] [INFO] Benchmark EURTRY=X: 33 prices
[2026-05-05 23:45:18] [INFO] Benchmark GC=F: 31 prices
[2026-05-05 23:45:35] [INFO] Benchmark TRY=X: 33 prices
[2026-05-05 23:45:40] [INFO] Benchmark XU100.IS: 30 prices
[2026-05-05 23:45:41] [INFO] Benchmark ^GSPC: 31 prices
[2026-05-05 23:45:52] [INFO] Benchmark ^IXIC: 31 prices
[2026-05-05 23:46:05] [INFO] Benchmark prices: 189 rows written
[2026-05-05 23:46:05] [INFO] Fetching funds with price_history...
[2026-05-05 23:46:28] [INFO] Total funds with price_history: 2400
[2026-05-05 23:46:28] [INFO] Computing fund metrics...
[2026-05-05 23:46:29] [INFO]   fund_updates: 2399, sparkline_updates: 2399
[2026-05-05 23:46:29] [INFO] Upserting fund metrics...
[2026-05-05 23:48:58] [INFO]   funds updated: 2399/2399
[2026-05-05 23:48:58] [INFO] Upserting sparklines...
[2026-05-05 23:51:30] [INFO]   sparklines upserted: 2399/2399
[2026-05-05 23:51:30] [INFO] Reloading funds for homepage_stats...
[2026-05-05 23:51:30] [INFO] Reloading funds for homepage_stats via PostgreSQL...
[2026-05-05 23:51:31] [INFO]   funds_for_stats: 2400
[2026-05-05 23:51:31] [INFO] Computing category ranks...
[2026-05-05 23:51:32] [INFO]   category ranks upserted: 2400
[2026-05-05 23:51:32] [INFO] Computing homepage_stats...
[2026-05-05 23:51:34] [INFO]   homepage_stats upserted OK
[2026-05-05 23:51:34] [INFO] Done in 405.5s
[2026-05-05 23:52:26] [INFO] Starting fund_cascade
[2026-05-05 23:52:26] [INFO] today=2026-05-05, yesterday=2026-05-04
[2026-05-05 23:52:27] [INFO] Funds: 2400
[2026-05-05 23:52:27] [INFO] benchmark_symbol backfill done
[2026-05-05 23:52:27] [INFO] Fetching 6 benchmark symbols from Yahoo...
[2026-05-05 23:52:27] [INFO] Benchmark EURTRY=X: 33 prices
[2026-05-05 23:52:30] [INFO] Benchmark GC=F: 31 prices
[2026-05-05 23:52:30] [INFO] Benchmark TRY=X: 33 prices
[2026-05-05 23:52:30] [INFO] Benchmark XU100.IS: 30 prices
[2026-05-05 23:52:36] [INFO] Benchmark ^GSPC: 31 prices
[2026-05-05 23:52:39] [INFO] Benchmark ^IXIC: 31 prices
[2026-05-05 23:52:52] [INFO] Benchmark prices: 189 rows written
[2026-05-05 23:52:52] [INFO] Fetching funds with price_history...
[2026-05-05 23:53:05] [INFO] Total funds with price_history: 2400
[2026-05-05 23:53:05] [INFO] Computing fund metrics...
[2026-05-05 23:53:05] [INFO]   fund_updates: 2399, sparkline_updates: 2399
[2026-05-05 23:53:05] [INFO] Upserting fund metrics...
[2026-05-05 23:53:07] [INFO]   funds updated: 2399/2399
[2026-05-05 23:53:07] [INFO] Upserting sparklines...
[2026-05-05 23:53:07] [ERROR] upsert_sparklines DB error: null value in column "name" of relation "funds" violates not-null constraint
DETAIL:  Failing row contains (682e5821-eab2-4b78-9acb-335fa9180739, DKH, null, null, null, null, null, null, null, null, null, null, null, null, 2026-05-05 20:53:07.782448+00, null, null, null, null, {"max": 3.646214, "min": 3.238819, "svg": "<svg xmlns=\"http://w..., null, null, TRY, null, null, null, null, null, null, null, null, null, null, null, null, null, null, t).

[2026-05-05 23:53:07] [INFO]   sparklines upserted: 0/2399
[2026-05-05 23:53:07] [INFO] Reloading funds for homepage_stats...
[2026-05-05 23:53:07] [INFO] Reloading funds for homepage_stats via PostgreSQL...
[2026-05-05 23:53:08] [INFO]   funds_for_stats: 2400
[2026-05-05 23:53:08] [INFO] Computing category ranks...
[2026-05-05 23:53:09] [INFO]   category ranks upserted: 2400
[2026-05-05 23:53:09] [INFO] Computing homepage_stats...
[2026-05-05 23:53:11] [INFO]   homepage_stats upserted OK
[2026-05-05 23:53:11] [INFO] Done in 45.1s
[2026-05-05 23:53:38] [INFO] Starting fund_cascade
[2026-05-05 23:53:38] [INFO] today=2026-05-05, yesterday=2026-05-04
[2026-05-05 23:53:38] [INFO] Funds: 2400
[2026-05-05 23:53:38] [INFO] benchmark_symbol backfill done
[2026-05-05 23:53:38] [INFO] Fetching 6 benchmark symbols from Yahoo...
[2026-05-05 23:53:55] [INFO] Benchmark EURTRY=X: 33 prices
[2026-05-05 23:53:55] [INFO] Benchmark GC=F: 31 prices
[2026-05-05 23:53:58] [INFO] Benchmark TRY=X: 33 prices
[2026-05-05 23:54:00] [INFO] Benchmark XU100.IS: 30 prices
[2026-05-05 23:54:03] [INFO] Benchmark ^GSPC: 31 prices
[2026-05-05 23:54:04] [INFO] Benchmark ^IXIC: 31 prices
[2026-05-05 23:54:16] [INFO] Benchmark prices: 189 rows written
[2026-05-05 23:54:17] [INFO] Fetching funds with price_history...
[2026-05-05 23:54:30] [INFO] Total funds with price_history: 2400
[2026-05-05 23:54:30] [INFO] Computing fund metrics...
[2026-05-05 23:54:30] [INFO]   fund_updates: 2399, sparkline_updates: 2399
[2026-05-05 23:54:30] [INFO] Upserting fund metrics...
[2026-05-05 23:54:32] [INFO]   funds updated: 2399/2399
[2026-05-05 23:54:32] [INFO] Upserting sparklines...
[2026-05-05 23:54:33] [ERROR] upsert_sparklines DB error: column "sparkline" is of type jsonb but expression is of type text
LINE 1: UPDATE funds SET sparkline = data.sparkline FROM (VALUES ('{...
                                     ^
HINT:  You will need to rewrite or cast the expression.

[2026-05-05 23:54:33] [INFO]   sparklines upserted: 0/2399
[2026-05-05 23:54:33] [INFO] Reloading funds for homepage_stats...
[2026-05-05 23:54:33] [INFO] Reloading funds for homepage_stats via PostgreSQL...
[2026-05-05 23:54:34] [INFO]   funds_for_stats: 2400
[2026-05-05 23:54:34] [INFO] Computing category ranks...
[2026-05-05 23:54:35] [INFO]   category ranks upserted: 2400
[2026-05-05 23:54:35] [INFO] Computing homepage_stats...
[2026-05-05 23:54:36] [INFO]   homepage_stats upserted OK
[2026-05-05 23:54:36] [INFO] Done in 58.6s
[2026-05-05 23:54:50] [INFO] Starting fund_cascade
[2026-05-05 23:54:50] [INFO] today=2026-05-05, yesterday=2026-05-04
[2026-05-05 23:54:50] [INFO] Funds: 2400
[2026-05-05 23:54:50] [INFO] benchmark_symbol backfill done
[2026-05-05 23:54:50] [INFO] Fetching 6 benchmark symbols from Yahoo...
[2026-05-05 23:54:55] [INFO] Benchmark EURTRY=X: 33 prices
[2026-05-05 23:54:58] [INFO] Benchmark GC=F: 31 prices
[2026-05-05 23:54:58] [INFO] Benchmark TRY=X: 33 prices
[2026-05-05 23:55:00] [INFO] Benchmark XU100.IS: 30 prices
[2026-05-05 23:55:02] [INFO] Benchmark ^GSPC: 31 prices
[2026-05-05 23:55:05] [INFO] Benchmark ^IXIC: 31 prices
[2026-05-05 23:55:17] [INFO] Benchmark prices: 189 rows written
[2026-05-05 23:55:17] [INFO] Fetching funds with price_history...
[2026-05-05 23:55:30] [INFO] Total funds with price_history: 2400
[2026-05-05 23:55:30] [INFO] Computing fund metrics...
[2026-05-05 23:55:31] [INFO]   fund_updates: 2399, sparkline_updates: 2399
[2026-05-05 23:55:31] [INFO] Upserting fund metrics...
[2026-05-05 23:55:32] [INFO]   funds updated: 2399/2399
[2026-05-05 23:55:32] [INFO] Upserting sparklines...
[2026-05-05 23:55:35] [INFO]   sparklines upserted: 2399/2399
[2026-05-05 23:55:35] [INFO] Reloading funds for homepage_stats...
[2026-05-05 23:55:35] [INFO] Reloading funds for homepage_stats via PostgreSQL...
[2026-05-05 23:55:36] [INFO]   funds_for_stats: 2400
[2026-05-05 23:55:36] [INFO] Computing category ranks...
[2026-05-05 23:55:37] [INFO]   category ranks upserted: 2400
[2026-05-05 23:55:37] [INFO] Computing homepage_stats...
[2026-05-05 23:55:38] [INFO]   homepage_stats upserted OK
[2026-05-05 23:55:38] [INFO] Done in 48.3s
[2026-05-06 00:26:13] [INFO] Starting fund_cascade
[2026-05-06 00:26:13] [INFO] today=2026-05-06, yesterday=2026-05-05
[2026-05-06 00:26:14] [INFO] Funds: 2400
[2026-05-06 00:26:14] [INFO] benchmark_symbol backfill done
[2026-05-06 00:26:14] [INFO] Fetching 6 benchmark symbols from Yahoo...
[2026-05-06 00:26:22] [INFO] Benchmark EURTRY=X: 33 prices
[2026-05-06 00:26:27] [INFO] Benchmark GC=F: 31 prices
[2026-05-06 00:26:27] [INFO] Benchmark TRY=X: 33 prices
[2026-05-06 00:26:27] [INFO] Benchmark XU100.IS: 29 prices
[2026-05-06 00:26:33] [INFO] Benchmark ^GSPC: 31 prices
[2026-05-06 00:26:33] [INFO] Benchmark ^IXIC: 31 prices
[2026-05-06 00:26:33] [ERROR] upsert_benchmark_prices DB error: connection to server on socket "/tmp/.s.PGSQL.5432" failed: No such file or directory
	Is the server running locally and accepting connections on that socket?

[2026-05-06 00:26:33] [INFO] Benchmark prices: 0 rows written
[2026-05-06 00:26:33] [INFO] Fetching funds with price_history...
