[2026-05-05 12:05:46] [INFO] Starting homepage_stats
[2026-05-05 12:05:47] [INFO] Total funds: 2400
[2026-05-05 13:42:07] [INFO] Starting homepage_stats
[2026-05-05 13:42:08] [INFO] Total funds: 2400
[2026-05-05 13:46:01] [INFO] Starting homepage_stats
[2026-05-05 13:46:02] [INFO] Total funds: 2400
[2026-05-05 13:51:29] [INFO] fund_category_ranks: 2400 rows
[2026-05-05 13:51:31] [INFO] homepage_stats upserted
[2026-05-05 13:51:31] [INFO] Done in 330.3s
[2026-05-05 13:52:53] [INFO] Starting homepage_stats
[2026-05-05 13:52:54] [INFO] Total funds: 2400
[2026-05-05 13:58:10] [INFO] fund_category_ranks: 2400 rows
[2026-05-05 13:58:11] [INFO] homepage_stats upserted
[2026-05-05 13:58:11] [INFO] Done in 318.7s
[2026-05-05 16:35:55] [INFO] Starting homepage_stats
[2026-05-05 16:35:55] [INFO] Total funds: 2400
[2026-05-05 16:38:08] [INFO] Starting homepage_stats
[2026-05-05 16:38:08] [INFO] Total funds: 2400
[2026-05-05 16:55:20] [INFO] Starting homepage_stats
[2026-05-05 16:55:22] [INFO] Total funds: 2400
