[Thu Apr 23 20:22:37 +03 2026] TEFAS scraper tamamlandi
[Thu May 07 13:56:41 +0300 2026] TEFAS scraper v2 başlatılıyor
[TEFAS SCRAPER v2] Starting at 10:56:41 — max_funds=1000
  1000 funds in DB
  Need to scrape: 1000/1000 (0 up-to-date, skipping)
  Creating Chrome tab on port 9222...
  Tab created: D58363F85800932787C78E24AB63CEAD
  CDP connected
  [1/1000] VGA → 0.786235 | 1259 pts
  [2/1000] GRO → 50.614825 | 801 pts
  [3/1000] GEV → 0.07549 | 1167 pts
  [4/1000] TI1 → 1490.141742 | 1259 pts
  [5/1000] PAL → 53.263253 | 1259 pts
  [6/1000] ONS → 50.551717 | 797 pts
  [7/1000] AMZ → 0.70827 | 1259 pts
  [8/1000] GJH → 3.516018 | 1259 pts
  [9/1000] GTL → 0.12047 | 1259 pts
  [10/1000] EUZ → 59.674882 | 1259 pts
  [11/1000] YP4 → 50.871379 | 851 pts
  [12/1000] FPZ → 64.556945 | 1259 pts
  [13/1000] GHA → 0.797026 | 1259 pts
  [14/1000] TP2 → 1.89437 | 346 pts
  [15/1000] DCB → 4.251333 | 969 pts
  [16/1000] ILH → 3.567703 | 783 pts
  [17/1000] PUR → 9.321449 | 1259 pts
  [18/1000] YPT → 3.696134 | 838 pts
  [19/1000] YTY → 56.268441 | 531 pts
  [20/1000] GPL → 49.704128 | 870 pts
  [21/1000] AEA → 0.715115 | 1259 pts
  [22/1000] FI5 → 663.227493 | 1259 pts
  [23/1000] PRY → 2.764651 | 541 pts
  [24/1000] BGL → 0.064045 | 923 pts
  [25/1000] ILK → 716 | 546 pts
  [26/1000] AZL → 0.369306 | 1259 pts
  [27/1000] ONK → 57.26791 | 721 pts
  [28/1000] IDO → 55.361272 | 514 pts
  [29/1000] DOV → 57.524389 | 771 pts
  [30/1000] DLY → 5.433281 | 1259 pts
  [31/1000] ALE → 12.078884 | 1259 pts
  [32/1000] GEL → 0.396451 | 1259 pts
  [33/1000] ZUS → 47.317044 | 356 pts
  [34/1000] YJY → 54.026365 | 1259 pts
  [35/1000] ZAV → 54.746687 | 356 pts
  [36/1000] YLB → 1.627308 | 1259 pts
  [37/1000] KLU → 4.329797 | 1259 pts
  [38/1000] BGP → 5.833929 | 1259 pts
  [39/1000] GAL → 367.309701 | 1259 pts
  [40/1000] PPJ → 1.648231 | 307 pts
  [41/1000] TZH → 7.867033 | 1259 pts
  [42/1000] AE1 → 0.369916 | 1259 pts
  [43/1000] AEI → 0.094848 | 1259 pts
  [44/1000] PKZ → 8.591069 | 257 pts
  [45/1000] VEI → 0.096822 | 1259 pts
  [46/1000] ZBJ → 4.616925 | 1084 pts
  [47/1000] FKE → 56.427323 | 796 pts
  [48/1000] FGS → 695.75 | 1259 pts
  [49/1000] OJK → 13.445771 | 1194 pts
  [50/1000] AET → 0.098378 | 1259 pts
  [51/1000] DIP → 1.405164 | 264 pts
  [52/1000] OBR → 50.425524 | 767 pts
  [53/1000] KPR → 1.67563 | 331 pts
  [54/1000] PIP → 1.503328 | 265 pts
  [55/1000] TB9 → 49.900914 | 849 pts
  [56/1000] YVD → 3.95716 | 973 pts
  [57/1000] PCS → 4.524111 | 496 pts
  [58/1000] PVK → 5.187875 | 1259 pts
  [59/1000] AMF → 0.097427 | 1259 pts
  [60/1000] PHE → 2.893337 | 541 pts
  [61/1000] VGK → 0.089523 | 1259 pts
  [62/1000] YKT → 0.894878 | 1259 pts
  [63/1000] HDH → 9163.377806 | 1259 pts
  [64/1000] KSV → 5.164049 | 1259 pts
  [65/1000] UCP → 1.183647 | 265 pts
  [66/1000] PTE → 1.517029 | 265 pts
  [67/1000] HPC → 11.863614 | 1259 pts
  [68/1000] RTI → 3.025848 | 732 pts
  [69/1000] KDS → 51.011812 | 814 pts
  [70/1000] KEF → 0.739998 | 1259 pts
  [71/1000] AZH → 2.682165 | 1259 pts
  [72/1000] GHI → 0.109666 | 1259 pts
  [73/1000] VEL → 0.351125 | 1259 pts
  [74/1000] OJB → 49.82816 | 1259 pts
  [75/1000] AH2 → 0.366844 | 1259 pts
  [76/1000] TTA → 0.632901 | 1259 pts
  [77/1000] ZPR → 1.375196 | 264 pts
  [78/1000] IOO → 4.11298 | 994 pts
  [79/1000] GTA → 1.620958 | 1259 pts
  [80/1000] AZZ → 59.373828 | 1259 pts
  [81/1000] YOZ → 46.183745 | 265 pts
  [82/1000] FGA → 574.75 | 1259 pts
  [83/1000] KTV → 6.929575 | 1257 pts
  [84/1000] YIK → 1.371591 | 265 pts
  [85/1000] KDL → 49.321957 | 977 pts
  [86/1000] GTK → 6.382145 | 1160 pts
  [87/1000] AFT → 0.970203 | 1259 pts
  [88/1000] HME → 50.852638 | 860 pts
  [89/1000] AH5 → 3.055004 | 1259 pts
  [90/1000] NHA → 0.458965 | 1259 pts
  [91/1000] TOK → 56.309381 | 777 pts
  [92/1000] VGD → 0.428177 | 1259 pts
  [93/1000] IUV → 62.8599 | 1070 pts
  [94/1000] GMF → 0.025065 | 267 pts
  [95/1000] HSL → 368.816672 | 1256 pts
  [96/1000] IUF → 64.220407 | 1070 pts
  [97/1000] AFO → 1.344434 | 1259 pts
  [98/1000] AEH → 1.420973 | 1259 pts
  [99/1000] HB1 → 47.215909 | 316 pts
  [100/1000] TSI → 0.186175 | 1259 pts
  [101/1000] ZFZ → 65.203883 | 993 pts
  [102/1000] PSE → 1.640301 | 473 pts
  [103/1000] DPB → 22.798205 | 1257 pts
  [104/1000] DZM → 80.966409 | 1259 pts
  [105/1000] EKL → 1.633612 | 391 pts
  [106/1000] TIV → 47.717191 | 1259 pts
  [107/1000] FBI → 49.525592 | 684 pts
  [108/1000] KAV → 54.938817 | 977 pts
  [109/1000] DFI → 3.845956 | 965 pts
  [110/1000] KVS → 3.385616 | 759 pts
  [111/1000] KML → 0.019488 | 298 pts
  [112/1000] YNK → 45.427424 | 822 pts
  [113/1000] TUA → 1.477718 | 1256 pts
  [114/1000] GEH → 2.922205 | 1259 pts
  [115/1000] OYS → 9.884563 | 1259 pts
  [116/1000] BNA → 0.752912 | 1259 pts
  [117/1000] NKL → 3.162719 | 668 pts
  [118/1000] IOG → 15.30304 | 1259 pts
  [119/1000] KAC → 3.501348 | 953 pts
  [120/1000] AVB → 0.853145 | 1259 pts
  [121/1000] DMR → 54.7732 | 667 pts
  [122/1000] ZPK → 7.55403 | 1259 pts
  [123/1000] DOD → 64.373571 | 1119 pts
  [124/1000] PKV → 1.809313 | 331 pts
  [125/1000] HMV → 19.134044 | 994 pts
  [126/1000] GTZ → 13.273302 | 1259 pts
  [127/1000] KSM → 48.270426 | 549 pts
  [128/1000] GYC → 3.709416 | 1025 pts
  [129/1000] AL5 → 50.634479 | 849 pts
  [130/1000] AVR → 0.48045 | 1259 pts
  [131/1000] ZHE → 0.219411 | 1259 pts
  [132/1000] FNO → 0.19099 | 1259 pts
  [133/1000] VER → 0.139032 | 1259 pts
  [134/1000] FMG → 3.648405 | 526 pts
  [135/1000] ALR → 2.062709 | 1259 pts
  [136/1000] PBR → 3.942946 | 541 pts
  [137/1000] NKV → 2.063903 | 439 pts
  [138/1000] IDF → 72.127994 | 1259 pts
  [139/1000] PHN → 673.515439 | 496 pts
  [140/1000] HPH → 2.13549 | 464 pts
  [141/1000] YZG → 14.693714 | 1259 pts
  [142/1000] PPZ → 5.881909 | 1259 pts
  [143/1000] YPL → 68.570354 | 1259 pts
  [144/1000] ZA2 → 1.799212 | 423 pts
  [145/1000] KNI → 1.234237 | 265 pts
  [146/1000] BUP → 3.779682 | 843 pts
  [147/1000] FKH → 45.807423 | 780 pts
  [148/1000] AIS → 0.096017 | 1259 pts
  [149/1000] FIL → 0.332066 | 1259 pts
  [150/1000] HKJ → 1.237431 | 544 pts
  [151/1000] PDE → 1.005164 | 257 pts
  [152/1000] YDZ → 51.208869 | 1140 pts
  [153/1000] VET → 0.73948 | 1259 pts
  [154/1000] AH3 → 0.963467 | 1259 pts
  [155/1000] AHC → 0.130742 | 1259 pts
  [156/1000] VEH → 1.401348 | 1259 pts
  [157/1000] PPN → 5.137337 | 1198 pts
  [158/1000] DZ2 → 1.412771 | 322 pts
  [159/1000] ZCE → 4.180296 | 923 pts
  [160/1000] AE3 → 1.028735 | 1259 pts
  [161/1000] KHP → 1.032131 | 265 pts
  [162/1000] KSA → 3.647809 | 727 pts
  [163/1000] GRA → 0.751575 | 1259 pts
  [164/1000] GHT → 0.129679 | 1259 pts
  [165/1000] DBA → 0.751368 | 1256 pts
  [166/1000] GHL → 0.155265 | 1259 pts
  [167/1000] MEA → 0.233088 | 1259 pts
  [168/1000] ZJB → 11.675572 | 1259 pts
  [169/1000] FSF → 6.172262 | 1259 pts
  [170/1000] YAY → 1642.556967 | 1259 pts
  [171/1000] KDV → 45.509254 | 439 pts
  [172/1000] TNI → 10.17164 | 1259 pts
  [173/1000] TGV → 18.31699 | 972 pts
  [174/1000] GHO → 0.349343 | 1259 pts
  [175/1000] HB2 → 54.855584 | 316 pts
  [176/1000] PAU → 63.874685 | 360 pts
  [177/1000] T3B → 0.139464 | 832 pts
  [178/1000] AGA → 0.86373 | 1259 pts
  [179/1000] URD → 46.404935 | 218 pts
  [180/1000] AVG → 0.838331 | 1259 pts
  [181/1000] ILE → 4.616776 | 783 pts
  [182/1000] PGH → 7.503957 | 257 pts
  [183/1000] AH8 → 0.425381 | 1259 pts
  [184/1000] TLU → 50.033135 | 782 pts
  [185/1000] FHP → 3.030998 | 639 pts
  [186/1000] AHL → 0.501523 | 1259 pts
  [187/1000] NSD → 60.371309 | 784 pts
  [188/1000] AH9 → 1.020405 | 1259 pts
  [189/1000] KEA → 0.115871 | 1259 pts
  [190/1000] HSR → 0.013168 | 268 pts
  [191/1000] KUT → 12.771699 | 1173 pts
  [192/1000] AZK → 0.356258 | 1259 pts
  [193/1000] PTS → 1.428676 | 234 pts
  [194/1000] AVO → 0.128197 | 1259 pts
  [195/1000] URV → 3.588654 | 946 pts
  [196/1000] AC2 → 3.693682 | 883 pts
  [197/1000] VGZ → 0.092968 | 1259 pts
  [198/1000] HFV → 59.68541 | 1094 pts
  [199/1000] TMR → 7.103525 | 1259 pts
  [200/1000] PKT → 1.422051 | 265 pts
  [201/1000] FSR → 45.247259 | 604 pts
  [202/1000] FJM → 53.951272 | 1229 pts
  [203/1000] AK3 → 55.109528 | 1259 pts
  [204/1000] CVA → 3.728209 | 982 pts
  [205/1000] MTL → 3.155662 | 500 pts
  [206/1000] PPI → 2.045732 | 438 pts
  [207/1000] GGA → 62.861727 | 1259 pts
  [208/1000] ZYD → 4.389775 | 960 pts
  [209/1000] HDE → 54.701801 | 494 pts
  [210/1000] ZYC → 4.388964 | 960 pts
  [211/1000] VES → 0.136795 | 1259 pts
  [212/1000] GGJ → 0.015674 | 265 pts
  [213/1000] NCS → 53.681179 | 784 pts
  [214/1000] VNK → 2.368058 | 547 pts
  [215/1000] AE2 → 0.335381 | 1259 pts
  [216/1000] MZL → 0.075127 | 1259 pts
  [217/1000] VEK → 0.325833 | 1259 pts
  [218/1000] NHV → 4.154557 | 978 pts
  [219/1000] ABG → 62.414584 | 910 pts
  [220/1000] BSF → 1.370671 | 436 pts
  [221/1000] ALI → 0.591204 | 1259 pts
  [222/1000] GPC → 67.38341 | 1259 pts
  [223/1000] MZN → 0.066362 | 1259 pts
  [224/1000] YAS → 15.218312 | 1259 pts
  [225/1000] GHH → 0.387433 | 1259 pts
  [226/1000] VMV → 2.492083 | 547 pts
  [227/1000] HYV → 5.66225 | 1259 pts
  [228/1000] HBF → 51.48608 | 1259 pts
  [229/1000] IOP → 5.638999 | 1259 pts
  [230/1000] AMG → 1.107664 | 1259 pts
  [231/1000] AFH → 0.106626 | 1259 pts
  [232/1000] KJM → 0.134574 | 1227 pts
  [233/1000] NZT → 5.424589 | 1259 pts
  [234/1000] SRO → 26.586153 | 1259 pts
  [235/1000] ABE → 0.408707 | 1259 pts
  [236/1000] NRG → 4.977635 | 1135 pts
  [237/1000] GCS → 0.107465 | 1259 pts
  [238/1000] POU → 2.468574 | 444 pts
  [239/1000] HES → 0.791225 | 1259 pts
  [240/1000] AL7 → 3.377418 | 846 pts
  [241/1000] SSO → 13.258906 | 1259 pts
  [242/1000] BLA → 7.737794 | 195 pts
  [243/1000] SER → 54.385535 | 600 pts
  [244/1000] YPV → 7.736323 | 1259 pts
  [245/1000] MJE → 55.085505 | 765 pts
  [246/1000] ALS → 1.014164 | 1259 pts
  [247/1000] PUT → 7.404597 | 1259 pts
  [248/1000] KEH → 0.556758 | 1259 pts
  [249/1000] BVC → 3.895703 | 1009 pts
  [250/1000] EAE → 0.014865 | 265 pts
  [251/1000] PKU → 7.423936 | 211 pts
  [252/1000] IPP → 0.169728 | 1259 pts
  [253/1000] YMD → 52.874074 | 826 pts
  [254/1000] POF → 7.394664 | 297 pts
  [255/1000] AH4 → 0.696166 | 1259 pts
  [256/1000] MT9 → 0.558674 | 148 pts
  [257/1000] KSK → 2.613109 | 601 pts
  [258/1000] RPP → 4.429022 | 1014 pts
  [259/1000] CKS → 57.163314 | 770 pts
  [260/1000] IGE → 0.112166 | 1259 pts
  [261/1000] VPS → 1.445012 | 264 pts
  [262/1000] SDA → 47.091676 | 307 pts
  [263/1000] AC7 → 11.674851 | 857 pts
  [264/1000] BIP → 1.459741 | 245 pts
  [265/1000] FIB → 0.511037 | 1259 pts
  [266/1000] FSK → 5.468382 | 1259 pts
  [267/1000] HYY → 12.406828 | 1259 pts
  [268/1000] GHG → 1.136039 | 1259 pts
  [269/1000] ZUE → 4.665726 | 982 pts
  [270/1000] GGD → 61.555048 | 1259 pts
  [271/1000] ONB → 48.989638 | 546 pts
  [272/1000] OSF → 99.352589 | 1259 pts
  [273/1000] YVG → 60.141272 | 1110 pts
  [274/1000] TLV → 1.217504 | 261 pts
  [275/1000] CFA → 0.28631 | 1259 pts
  [276/1000] AFP → 0.094081 | 1259 pts
  [277/1000] CSH → 3.933932 | 806 pts
  [278/1000] NVB → 4.312042 | 951 pts
  [279/1000] GBN → 6.149098 | 1259 pts
  [280/1000] PGE → 14.455703 | 211 pts
  [281/1000] DP9 → 45.139752 | 829 pts
  [282/1000] ONT → 49.430242 | 671 pts
  [283/1000] DSD → 67.729709 | 1256 pts
  [284/1000] RBV → 6.203951 | 1259 pts
  [285/1000] GKH → 4.013719 | 968 pts
  [286/1000] IYS → 1.30293 | 1259 pts
  [287/1000] NHN → 0.365123 | 1259 pts
  [288/1000] MZP → 0.087852 | 1259 pts
  [289/1000] PDH → 15.868163 | 265 pts
  [290/1000] FJN → 53.756532 | 1182 pts
  [291/1000] YAC → 14.042015 | 1259 pts
  [292/1000] HLR → 244.980243 | 1149 pts
  [293/1000] AFA → 1.137503 | 1259 pts
  [294/1000] FSV → 53.318389 | 526 pts
  [295/1000] KRV → 45.364092 | 590 pts
  [296/1000] KTT → 66.057388 | 1259 pts
  [297/1000] IPU → 46.391682 | 1259 pts
  [298/1000] YBR → 51.862818 | 278 pts
  [299/1000] TNA → 1.574496 | 379 pts
  [300/1000] PYH → 7.378405 | 1259 pts
  [301/1000] NLK → 1.67672 | 318 pts
  [302/1000] AJL → 60.058185 | 1259 pts
  [303/1000] HEA → 0.653256 | 1259 pts
  [304/1000] TCF → 4.103236 | 827 pts
  [305/1000] RAI → 2.002449 | 267 pts
  [306/1000] GOL → 2.849386 | 551 pts
  [307/1000] PPK → 2.012689 | 431 pts
  [308/1000] YIV → 3.405168 | 1024 pts
  [309/1000] POB[Thu May 07 14:19:18 +0300 2026] TEFAS scraper v2 başlatılıyor
[TEFAS SCRAPER v2] Starting at 11:19:18 — max_funds=5000
  1000 funds in DB
  Need to scrape: 1000/1000 (0 up-to-date, skipping)
  Creating Chrome tab on port 9222...
  Tab created: F95A6911FD8FFCD1A9302AA7DFAC936B
  CDP connected
  [1/1000] VGA → 0.786235 | 1259 pts
  [2/1000] GRO → 50.614825 | 801 pts
  [3/1000] GEV → 0.07549 | 1167 pts
  [4/1000] TI1 → 1490.141742 | 1259 pts
  [5/1000] PAL → 53.263253 | 1259 pts
  [6/1000] ONS → 50.551717 | 797 pts
  [7/1000] AMZ → 0.70827 | 1259 pts
  [8/1000] GJH → 3.516018 | 1259 pts
  [9/1000] GTL → 0.12047 | 1259 pts
  [10/1000] EUZ → 59.674882 | 1259 pts
  [11/1000] YP4 → 50.871379 | 851 pts
  [12/1000] FPZ → 64.556945 | 1259 pts
  [13/1000] GHA → 0.797026 | 1259 pts
  [14/1000] TP2 → 1.89437 | 346 pts
  [15/1000] DCB → 4.251333 | 969 pts
  [16/1000] ILH → 3.567703 | 783 pts
  [17/1000] PUR → 9.321449 | 1259 pts
  [18/1000] YPT → 3.696134 | 838 pts
  [19/1000] YTY → 56.268441 | 531 pts
  [20/1000] GPL → 49.704128 | 870 pts
  [21/1000] AEA → 0.715115 | 1259 pts
  [22/1000] FI5 → 663.227493 | 1259 pts
  [23/1000] PRY → 2.764651 | 541 pts
  [24/1000] BGL → 0.064045 | 923 pts
  [25/1000] ILK → 716 | 546 pts
  [26/1000] AZL → 0.369306 | 1259 pts
  [27/1000] ONK → 57.26791 | 721 pts
  [28/1000] IDO → 55.361272 | 514 pts
  [29/1000] DOV → 57.524389 | 771 pts
  [30/1000] DLY → 5.433281 | 1259 pts
  [31/1000] ALE → 12.078884 | 1259 pts
  [32/1000] GEL → 0.396451 | 1259 pts
  [33/1000] ZUS → 47.317044 | 356 pts
  [34/1000] YJY → 54.026365 | 1259 pts
  [35/1000] ZAV → 54.746687 | 356 pts
  [36/1000] YLB → 1.627308 | 1259 pts
  [37/1000] KLU → 4.329797 | 1259 pts
  [38/1000] BGP → 5.833929 | 1259 pts
  [39/1000] GAL → 367.309701 | 1259 pts
  [40/1000] PPJ → 1.648231 | 307 pts
  [41/1000] TZH → 7.867033 | 1259 pts
  [42/1000] AE1 → 0.369916 | 1259 pts
  [43/1000] AEI → 0.094848 | 1259 pts
  [44/1000] PKZ → 8.591069 | 257 pts
  [45/1000] VEI → 0.096822 | 1259 pts
  [46/1000] ZBJ → 4.616925 | 1084 pts
  [47/1000] FKE → 56.427323 | 796 pts
  [48/1000] FGS → 695.75 | 1259 pts
  [49/1000] OJK → 13.445771 | 1194 pts
  [50/1000] AET → 0.098378 | 1259 pts
  [51/1000] DIP → 1.405164 | 264 pts
  [52/1000] OBR → 50.425524 | 767 pts
  [53/1000] KPR → 1.67563 | 331 pts
  [54/1000] PIP → 1.503328 | 265 pts
  [55/1000] TB9 → 49.900914 | 849 pts
  [56/1000] YVD → 3.95716 | 973 pts
  [57/1000] PCS → 4.524111 | 496 pts
  [58/1000] PVK → 5.187875 | 1259 pts
  [59/1000] AMF → 0.097427 | 1259 pts
  [60/1000] PHE → 2.893337 | 541 pts
  [61/1000] VGK → 0.089523 | 1259 pts
  [62/1000] YKT → 0.894878 | 1259 pts
  [63/1000] HDH → 9163.377806 | 1259 pts
  [64/1000] KSV → 5.164049 | 1259 pts
  [65/1000] UCP → 1.183647 | 265 pts
  [66/1000] PTE → 1.517029 | 265 pts
  [67/1000] HPC → 11.863614 | 1259 pts
  [68/1000] RTI → 3.025848 | 732 pts
  [69/1000] KDS → 51.011812 | 814 pts
  [70/1000] KEF → 0.739998 | 1259 pts
  [71/1000] AZH → 2.682165 | 1259 pts
  [72/1000] GHI → 0.109666 | 1259 pts
  [73/1000] VEL → 0.351125 | 1259 pts
  [74/1000] OJB → 49.82816 | 1259 pts
  [75/1000] AH2 → 0.366844 | 1259 pts
  [76/1000] TTA → 0.632901 | 1259 pts
  [77/1000] ZPR → 1.375196 | 264 pts
  [78/1000] IOO → 4.11298 | 994 pts
  [79/1000] GTA → 1.620958 | 1259 pts
  [80/1000] AZZ → 59.373828 | 1259 pts
  [81/1000] YOZ → 46.183745 | 265 pts
  [82/1000] FGA → 574.75 | 1259 pts
  [83/1000] KTV → 6.929575 | 1257 pts
  [84/1000] YIK → 1.371591 | 265 pts
  [85/1000] KDL → 49.321957 | 977 pts
  [86/1000] GTK → 6.382145 | 1160 pts
  [87/1000] AFT → 0.970203 | 1259 pts
  [88/1000] HME → 50.852638 | 860 pts
  [89/1000] AH5 → 3.055004 | 1259 pts
  [90/1000] NHA → 0.458965 | 1259 pts
  [91/1000] TOK → 56.309381 | 777 pts
  [92/1000] VGD → 0.428177 | 1259 pts
  [93/1000] IUV → 62.8599 | 1070 pts
  [94/1000] GMF → 0.025065 | 267 pts
  [95/1000] HSL → 368.816672 | 1256 pts
  [96/1000] IUF → 64.220407 | 1070 pts
  [97/1000] AFO → 1.344434 | 1259 pts
  [98/1000] AEH → 1.420973 | 1259 pts
  [99/1000] HB1 → 47.215909 | 316 pts
  [100/1000] TSI → 0.186175 | 1259 pts
  [101/1000] ZFZ → 65.203883 | 993 pts
  [102/1000] PSE → 1.640301 | 473 pts
  [103/1000] DPB → 22.798205 | 1257 pts
  [104/1000] DZM → 80.966409 | 1259 pts
  [105/1000] EKL → 1.633612 | 391 pts
  [106/1000] TIV → 47.717191 | 1259 pts
  [107/1000] FBI → 49.525592 | 684 pts
  [108/1000] KAV → 54.938817 | 977 pts
  [109/1000] DFI → 3.845956 | 965 pts
  [110/1000] KVS → 3.385616 | 759 pts
  [111/1000] KML → 0.019488 | 298 pts
  [112/1000] YNK → 45.427424 | 822 pts
  [113/1000] TUA → 1.477718 | 1256 pts
  [114/1000] GEH → 2.922205 | 1259 pts
  [115/1000] OYS → 9.884563 | 1259 pts
  [116/1000] BNA → 0.752912 | 1259 pts
  [117/1000] NKL → 3.162719 | 668 pts
  [118/1000] IOG → 15.30304 | 1259 pts
  [119/1000] KAC → 3.501348 | 953 pts
  [120/1000] AVB → 0.853145 | 1259 pts
  [121/1000] DMR → 54.7732 | 667 pts
  [122/1000] ZPK → 7.55403 | 1259 pts
  [123/1000] DOD → 64.373571 | 1119 pts
  [124/1000] PKV → 1.809313 | 331 pts
  [125/1000] HMV → 19.134044 | 994 pts
  [126/1000] GTZ → 13.273302 | 1259 pts
  [127/1000] KSM → 48.270426 | 549 pts
  [128/1000] GYC → 3.709416 | 1025 pts
  [129/1000] AL5 → 50.634479 | 849 pts
  [130/1000] AVR → 0.48045 | 1259 pts
  [131/1000] ZHE → 0.219411 | 1259 pts
  [132/1000] FNO → 0.19099 | 1259 pts
  [133/1000] VER → 0.139032 | 1259 pts
  [134/1000] FMG → 3.648405 | 526 pts
  [135/1000] ALR → 2.062709 | 1259 pts
  [136/1000] PBR → 3.942946 | 541 pts
  [137/1000] NKV → 2.063903 | 439 pts
  [138/1000] IDF → 72.127994 | 1259 pts
  [139/1000] PHN → 673.515439 | 496 pts
  [140/1000] HPH → 2.13549 | 464 pts
  [141/1000] YZG → 14.693714 | 1259 pts
  [142/1000] PPZ → 5.881909 | 1259 pts
  [143/1000] YPL → 68.570354 | 1259 pts
  [144/1000] ZA2 → 1.799212 | 423 pts
  [145/1000] KNI → 1.234237 | 265 pts
  [146/1000] BUP → 3.779682 | 843 pts
  [147/1000] FKH → 45.807423 | 780 pts
  [148/1000] AIS → 0.096017 | 1259 pts
  [149/1000] FIL → 0.332066 | 1259 pts
  [150/1000] HKJ → 1.237431 | 544 pts
  [151/1000] PDE → 1.005164 | 257 pts
  [152/1000] YDZ → 51.208869 | 1140 pts
  [153/1000] VET → 0.73948 | 1259 pts
  [154/1000] AH3 → 0.963467 | 1259 pts
  [155/1000] AHC → 0.130742 | 1259 pts
  [156/1000] VEH → 1.401348 | 1259 pts
  [157/1000] PPN → 5.137337 | 1198 pts
  [158/1000] DZ2 → 1.412771 | 322 pts
  [159/1000] ZCE → 4.180296 | 923 pts
  [160/1000] AE3 → 1.028735 | 1259 pts
  [161/1000] KHP → 1.032131 | 265 pts
  [162/1000] KSA → 3.647809 | 727 pts
  [163/1000] GRA → 0.751575 | 1259 pts
  [164/1000] GHT → 0.129679 | 1259 pts
  [165/1000] DBA → 0.751368 | 1256 pts
  [166/1000] GHL → 0.155265 | 1259 pts
  [167/1000] MEA → 0.233088 | 1259 pts
  [168/1000] ZJB → 11.675572 | 1259 pts
  [169/1000] FSF → 6.172262 | 1259 pts
  [170/1000] YAY → 1642.556967 | 1259 pts
  [171/1000] KDV → 45.509254 | 439 pts
  [172/1000] TNI → 10.17164 | 1259 pts
  [173/1000] TGV → 18.31699 | 972 pts
  [174/1000] GHO → 0.349343 | 1259 pts
  [175/1000] HB2 → 54.855584 | 316 pts
  [176/1000] PAU → 63.874685 | 360 pts
  [177/1000] T3B → 0.139464 | 832 pts
  [178/1000] AGA → 0.86373 | 1259 pts
  [179/1000] URD → 46.404935 | 218 pts
  [180/1000] AVG → 0.838331 | 1259 pts
  [181/1000] ILE → 4.616776 | 783 pts
  [182/1000] PGH → 7.503957 | 257 pts
  [183/1000] AH8 → 0.425381 | 1259 pts
  [184/1000] TLU → 50.033135 | 782 pts
  [185/1000] FHP → 3.030998 | 639 pts
  [186/1000] AHL → 0.501523 | 1259 pts
  [187/1000] NSD → 60.371309 | 784 pts
  [188/1000] AH9 → 1.020405 | 1259 pts
  [189/1000] KEA → 0.115871 | 1259 pts
  [190/1000] HSR → 0.013168 | 268 pts
  [191/1000] KUT → 12.771699 | 1173 pts
  [192/1000] AZK → 0.356258 | 1259 pts
  [193/1000] PTS → 1.428676 | 234 pts
  [194/1000] AVO → 0.128197 | 1259 pts
  [195/1000] URV → 3.588654 | 946 pts
  [196/1000] AC2 → 3.693682 | 883 pts
  [197/1000] VGZ → 0.092968 | 1259 pts
  [198/1000] HFV → 59.68541 | 1094 pts
  [199/1000] TMR → 7.103525 | 1259 pts
  [200/1000] PKT → 1.422051 | 265 pts
  [201/1000] FSR → 45.247259 | 604 pts
  [202/1000] FJM → 53.951272 | 1229 pts
  [203/1000] AK3 → 55.109528 | 1259 pts
  [204/1000] CVA → 3.728209 | 982 pts
  [205/1000] MTL → 3.155662 | 500 pts
  [206/1000] PPI → 2.045732 | 438 pts
  [207/1000] GGA → 62.861727 | 1259 pts
  [208/1000] ZYD → 4.389775 | 960 pts
  [209/1000] HDE → 54.701801 | 494 pts
  [210/1000] ZYC → 4.388964 | 960 pts
  [211/1000] VES → 0.136795 | 1259 pts
  [212/1000] GGJ → 0.015674 | 265 pts
  [213/1000] NCS → 53.681179 | 784 pts
  [214/1000] VNK → 2.368058 | 547 pts
  [215/1000] AE2 → 0.335381 | 1259 pts
  [216/1000] MZL → 0.075127 | 1259 pts
  [217/1000] VEK → 0.325833 | 1259 pts
  [218/1000] NHV → 4.154557 | 978 pts
  [219/1000] ABG → 62.414584 | 910 pts
  [220/1000] BSF → 1.370671 | 436 pts
  [221/1000] ALI → 0.591204 | 1259 pts
  [222/1000] GPC → 67.38341 | 1259 pts
  [223/1000] MZN → 0.066362 | 1259 pts
  [224/1000] YAS → 15.218312 | 1259 pts
  [225/1000] GHH → 0.387433 | 1259 pts
  [226/1000] VMV → 2.492083 | 547 pts
  [227/1000] HYV → 5.66225 | 1259 pts
  [228/1000] HBF → 51.48608 | 1259 pts
  [229/1000] IOP → 5.638999 | 1259 pts
  [230/1000] AMG → 1.107664 | 1259 pts
  [231/1000] AFH → 0.106626 | 1259 pts
  [232/1000] KJM → 0.134574 | 1227 pts
  [233/1000] NZT → 5.424589 | 1259 pts
  [234/1000] SRO → 26.586153 | 1259 pts
  [235/1000] ABE → 0.408707 | 1259 pts
  [236/1000] NRG → 4.977635 | 1135 pts
  [237/1000] GCS → 0.107465 | 1259 pts
  [238/1000] POU → 2.468574 | 444 pts
  [239/1000] HES → 0.791225 | 1259 pts
  [240/1000] AL7 → 3.377418 | 846 pts
  [241/1000] SSO → 13.258906 | 1259 pts
  [242/1000] BLA → 7.737794 | 195 pts
  [243/1000] SER → 54.385535 | 600 pts
  [244/1000] YPV → 7.736323 | 1259 pts
  [245/1000] MJE → 55.085505 | 765 pts
  [246/1000] ALS → 1.014164 | 1259 pts
  [247/1000] PUT → 7.404597 | 1259 pts
  [248/1000] KEH → 0.556758 | 1259 pts
  [249/1000] BVC → 3.895703 | 1009 pts
  [250/1000] EAE → 0.014865 | 265 pts
  [251/1000] PKU → 7.423936 | 211 pts
  [252/1000] IPP → 0.169728 | 1259 pts
  [253/1000] YMD → 52.874074 | 826 pts
  [254/1000] POF → 7.394664 | 297 pts
  [255/1000] AH4 → 0.696166 | 1259 pts
  [256/1000] MT9 → 0.558674 | 148 pts
  [257/1000] KSK → 2.613109 | 601 pts
  [258/1000] RPP → 4.429022 | 1014 pts
  [259/1000] CKS → 57.163314 | 770 pts
  [260/1000] IGE → 0.112166 | 1259 pts
  [261/1000] VPS → 1.445012 | 264 pts
  [262/1000] SDA → 47.091676 | 307 pts
  [263/1000] AC7 → 11.674851 | 857 pts
  [264/1000] BIP → 1.459741 | 245 pts
  [265/1000] FIB → 0.511037 | 1259 pts
  [266/1000] FSK → 5.468382 | 1259 pts
  [267/1000] HYY → 12.406828 | 1259 pts
  [268/1000] GHG → 1.136039 | 1259 pts
  [269/1000] ZUE → 4.665726 | 982 pts
  [270/1000] GGD → 61.555048 | 1259 pts
  [271/1000] ONB → 48.989638 | 546 pts
  [272/1000] OSF → 99.352589 | 1259 pts
  [273/1000] YVG → 60.141272 | 1110 pts
  [274/1000] TLV → 1.217504 | 261 pts
  [275/1000] CFA → 0.28631 | 1259 pts
  [276/1000] AFP → 0.094081 | 1259 pts
  [277/1000] CSH → 3.933932 | 806 pts
  [278/1000] NVB → 4.312042 | 951 pts
  [279/1000] GBN → 6.149098 | 1259 pts
  [280/1000] PGE → 14.455703 | 211 pts
  [281/1000] DP9 → 45.139752 | 829 pts
  [282/1000] ONT → 49.430242 | 671 pts
  [283/1000] DSD → 67.729709 | 1256 pts
  [284/1000] RBV → 6.203951 | 1259 pts
  [285/1000] GKH → 4.013719 | 968 pts
  [286/1000] IYS → 1.30293 | 1259 pts
  [287/1000] NHN → 0.365123 | 1259 pts
  [288/1000] MZP → 0.087852 | 1259 pts
  [289/1000] PDH → 15.868163 | 265 pts
  [290/1000] FJN → 53.756532 | 1182 pts
  [291/1000] YAC → 14.042015 | 1259 pts
  [292/1000] HLR → 244.980243 | 1149 pts
  [293/1000] AFA → 1.137503 | 1259 pts
  [294/1000] FSV → 53.318389 | 526 pts
  [295/1000] KRV → 45.364092 | 590 pts
  [296/1000] KTT → 66.057388 | 1259 pts
  [297/1000] IPU → 46.391682 | 1259 pts
  [298/1000] YBR → 51.862818 | 278 pts
  [299/1000] TNA → 1.574496 | 379 pts
  [300/1000] PYH → 7.378405 | 1259 pts
  [301/1000] NLK → 1.67672 | 318 pts
  [302/1000] AJL → 60.058185 | 1259 pts
  [303/1000] HEA → 0.653256 | 1259 pts
  [304/1000] TCF → 4.103236 | 827 pts
  [305/1000] RAI → 2.002449 | 267 pts
  [306/1000] GOL → 2.849386 | 551 pts
  [307/1000] PPK → 2.012689 | 431 pts
  [308/1000] YIV → 3.405168 | 1024 pts
  [309/1000] POB → 4.976592 | 444 pts
  [310/1000] DP1 → 18.170597 | 883 pts
  [311/1000] YBE → 1.713914 | 1259 pts
  [312/1000] GO6 → 3.772277 | 840 pts
  [313/1000] GMC → 8.992201 | 980 pts
  [314/1000] AL6 → 3.494514 | 846 pts
  [315/1000] PKL → 2.244431 | 496 pts
  [316/1000] GCK → 0.107175 | 1259 pts
  [317/1000] KAN → 6896.081844 | 265 pts
  [318/1000] MAC → 0.814983 | 1259 pts
  [319/1000] IGL → 517.722036 | 1256 pts
  [320/1000] ZCH → 2.403968 | 923 pts
  [321/1000] KDZ → 46.087664 | 568 pts
  [322/1000] TNF → 3.790297 | 827 pts
  [323/1000] AEN → 0.146742 | 1259 pts
  [324/1000] BDO → 3.101725 | 183 pts
  [325/1000] AAJ → 0.102498 | 1259 pts
  [326/1000] AH1 → 0.340735 | 1259 pts
  [327/1000] MP2 → 1.813305 | 308 pts
  [328/1000] KEB → 0.14376 | 1259 pts
  [329/1000] AZD → 1.060861 | 1259 pts
  [330/1000] POD → 64.838716 | 406 pts
  [331/1000] MP4 → 3.021614 | 265 pts
  [332/1000] BRH → 5.94918 | 395 pts
  [333/1000] DOC → 45.033422 | 480 pts
  [334/1000] BAC → 5.849794 | 549 pts
  [335/1000] IMO → 5.345743 | 1259 pts
  [336/1000] VEU → 0.147366 | 1259 pts
  [337/1000] TMG → 1.302715 | 1259 pts
  [338/1000] ZHB → 0.347013 | 1259 pts
  [339/1000] IEH → 2.484154 | 1259 pts
  [340/1000] VEO → 0.226261 | 1259 pts
  [341/1000] KNS → 3.993379 | 923 pts
  [342/1000] BNK → 0.106514 | 1259 pts
  [343/1000] KO4 → 53.279334 | 264 pts
  [344/1000] PUA → 9.167127 | 1210 pts
  [345/1000] HHY → 0.132066 | 1259 pts
  [346/1000] YPP → 24.421487 | 1259 pts
  [347/1000] BVB → 4.098209 | 1009 pts
  [348/1000] HDV → 62.602686 | 265 pts
  [349/1000] IBP → 64.835742 | 1029 pts
  [350/1000] BPH → 1.879445 | 1259 pts
  [351/1000] GZP → 7.13068 | 1259 pts
  [352/1000] ARL → 15.095595 | 1259 pts
  [353/1000] GEU → 0.521746 | 1259 pts
  [354/1000] DHS → 329.614256 | 1016 pts
  [355/1000] GEG → 0.743126 | 1259 pts
  [356/1000] AZV → 25.133059 | 1259 pts
  [357/1000] GCY → 0.052023 | 1073 pts
  [358/1000] PPP → 2.789834 | 593 pts
  [359/1000] FDE → 45.274215 | 638 pts
  [360/1000] SRA → 21.771179 | 642 pts
  [361/1000] AH6 → 1.159979 | 1259 pts
  [362/1000] HSA → 1583.979667 | 1256 pts
  [363/1000] HFA → 2.935012 | 803 pts
  [364/1000] ITL → 4.041636 | 899 pts
  [365/1000] ATE → 0.926643 | 1259 pts
  [366/1000] DK1 → 1.333374 | 353 pts
  [367/1000] RVS → 2.686465 | 520 pts
  [368/1000] TI2 → 0.133372 | 1259 pts
  [369/1000] GPZ → 1.752828 | 1209 pts
  [370/1000] KEU → 50.523554 | 439 pts
  [371/1000] DDC → 12.195551 | 1259 pts
  [372/1000] ADP → 1.330472 | 1259 pts
  [373/1000] DKP → 45.320773 | 509 pts
  [374/1000] MGE → 6.70158 | 624 pts
  [375/1000] MHT → 0.099539 | 1259 pts
  [376/1000] ALU → 0.334367 | 1259 pts
  [377/1000] FDY → 45.417636 | 664 pts
  [378/1000] GEA → 0.323301 | 1259 pts
  [379/1000] DTV → 64.065586 | 1135 pts
  [380/1000] GCT → 0.07002 | 1073 pts
  [381/1000] VYB → 0.279548 | 1259 pts
  [382/1000] FS4 → 7.132254 | 553 pts
  [383/1000] VGB → 0.160157 | 1259 pts
  [384/1000] VKE → 0.090178 | 1259 pts
  [385/1000] GEK → 0.407764 | 1259 pts
  [386/1000] IPE → 9.052421 | 1259 pts
  [387/1000] YPU → 62.787748 | 265 pts
  [388/1000] FEI → 0.091728 | 1259 pts
  [389/1000] KKP → 46.489223 | 493 pts
  [390/1000] SPE → 99.942729 | 1259 pts
  [391/1000] FYD → 12.052752 | 1259 pts
  [392/1000] KOA → 0.102548 | 1259 pts
  [393/1000] GCN → 0.066308 | 1073 pts
  [394/1000] GHD → 0.140383 | 1259 pts
  [395/1000] KOS → 0.095763 | 1259 pts
  [396/1000] ZHG → 0.063604 | 1259 pts
  [397/1000] RRA → 1.342167 | 265 pts
  [398/1000] USS → 3.432827 | 749 pts
  [399/1000] YHS → 26.382945 | 1259 pts
  [400/1000] AJE → 59.062619 | 1259 pts
  [401/1000] TCB → 0.209612 | 1259 pts
  [402/1000] KGM → 3.297977 | 423 pts
  [403/1000] KPC → 20.464233 | 1259 pts
  [404/1000] GBP → 67.022536 | 982 pts
  [405/1000] HGT → 88.93869 | 1125 pts
  [406/1000] IAS → 2.264912 | 1259 pts
  [407/1000] BHT → 0.130357 | 1239 pts
  [408/1000] TGE → 0.282442 | 1259 pts
  [409/1000] DMG → 7.568884 | 1050 pts
  [410/1000] TBJ → 0.074912 | 1149 pts
  [411/1000] BFO → 50.120251 | 242 pts
  [412/1000] OYL → 0.144766 | 1259 pts
  [413/1000] SVY → 1.784434 | 466 pts
  [414/1000] THV → 83.209354 | 1259 pts
  [415/1000] TGT → 0.107762 | 1259 pts
  [416/1000] OJT → 11.603359 | 1259 pts
  [417/1000] GUC → 1.306532 | 265 pts
  [418/1000] MPD → 56.841096 | 1259 pts
  [419/1000] AMR → 0.511506 | 1259 pts
  [420/1000] BIK → 1.477898 | 221 pts
  [421/1000] IER → 0.37636 | 1259 pts
  [422/1000] EBS → 45.809024 | 146 pts
  [423/1000] PBH → 1.456979 | 496 pts
  [424/1000] KPI → 1.316632 | 265 pts
  [425/1000] AVT → 202.58985 | 1259 pts
  [426/1000] YZD → 0.061598 | 1125 pts
  [427/1000] OND → 45.257153 | 404 pts
  [428/1000] ARM → 17.9258 | 1259 pts
  [429/1000] GVB → 63.63708 | 999 pts
  [430/1000] HJA → 29.452543 | 1255 pts
  [431/1000] NTO → 61.293399 | 945 pts
  [432/1000] GAS → 0.297711 | 1259 pts
  [433/1000] KOE → 0.087158 | 1259 pts
  [434/1000] HVV → 65.052551 | 1259 pts
  [435/1000] RTA → 1.825293 | 627 pts
  [436/1000] IJV → 5.031152 | 1259 pts
  [437/1000] CJH → 58.864126 | 1137 pts
  [438/1000] GEI → 83.214234 | 1259 pts
  [439/1000] HTS → 54.42112 | 265 pts
  [440/1000] FLS → 58.677144 | 328 pts
  [441/1000] TTE → 1.601744 | 1259 pts
  [442/1000] KSY → 9.833601 | 1259 pts
  [443/1000] ZPC → 18.998162 | 1256 pts
  [444/1000] GBL → 0.777736 | 1259 pts
  [445/1000] IIS → 86.25586 | 1259 pts
  [446/1000] DOS → 65.543967 | 1259 pts
  [447/1000] BKO → 1.144093 | 121 pts
  [448/1000] NUG → 46.114383 | 509 pts
  [449/1000] IJC → 15.800476 | 1259 pts
  [450/1000] PRU → 3.201617 | 782 pts
  [451/1000] IPK → 51.253851 | 1259 pts
  [452/1000] IDL → 5.388377 | 1259 pts
  [453/1000] ARP → 41.509449 | 1259 pts
  [454/1000] AUA → 0.167955 | 1259 pts
  [455/1000] NTB → 5.738158 | 1000 pts
  [456/1000] NNF → 22.843664 | 1259 pts
  [457/1000] GHS → 40.890996 | 1259 pts
  [458/1000] UPP → 6.288078 | 1259 pts
  [459/1000] GSP → 0.56376 | 1259 pts
  [460/1000] NAU → 3.200304 | 540 pts
  [461/1000] ILP → 58.34846 | 748 pts
  [462/1000] GHE → 1.132637 | 1259 pts
  [463/1000] FFC → 0.097336 | 998 pts
  [464/1000] ROD → 52.263699 | 891 pts
  [465/1000] TRR → 5.754307 | 1259 pts
  [466/1000] SPA → 63.392851 | 1259 pts
  [467/1000] ZSN → 52.71022 | 826 pts
  [468/1000] CFO → 2.245578 | 477 pts
  [469/1000] IEA → 0.504537 | 1259 pts
  [470/1000] IAC → 4.219203 | 1007 pts
  [471/1000] MT8 → 1.960508 | 265 pts
  [472/1000] AAL → 3.206933 | 1259 pts
  [473/1000] YLZ → 3.903675 | 265 pts
  [474/1000] ATK → 0.226948 | 1259 pts
  [475/1000] FYT → 0.328403 | 1259 pts
  [476/1000] BPL → 0.371589 | 1259 pts
  [477/1000] GGK → 14.082375 | 1259 pts
  [478/1000] GUH → 0.403726 | 1259 pts
  [479/1000] NMG → 121.175218 | 609 pts
  [480/1000] YUN → 54.232676 | 978 pts
  [481/1000] ZSB → 9.715026 | 1014 pts
  [482/1000] AVD → 0.804647 | 1259 pts
  [483/1000] AEB → 2.081179 | 1259 pts
  [484/1000] KKL → 2.191774 | 502 pts
  [485/1000] OJY → 74.126709 | 1187 pts
  [486/1000] VKI → 2.790781 | 732 pts
  [487/1000] KGC → 0.017394 | 265 pts
  [488/1000] RBE → 3.81501 | 807 pts
  [489/1000] BLH → 48.49 | 708 pts
  [490/1000] FET → 0.116063 | 1259 pts
  [491/1000] ONF → 62.152019 | 265 pts
  [492/1000] TLK → 1.581595 | 298 pts
  [493/1000] PO7 → 0.953207 | 279 pts
  [494/1000] BCC → 65.024004 | 573 pts
  [495/1000] GGM → 7.559822 | 1259 pts
  [496/1000] GKB → 0.179595 | 1259 pts
  [497/1000] DKY → 45.175102 | 437 pts
  [498/1000] PSD → 50.214886 | 347 pts
  [499/1000] GMA → 1.977547 | 1259 pts
  [500/1000] VGH → 0.184402 | 1259 pts
  [501/1000] HGU → 4.501268 | 847 pts
  [502/1000] PBF → 1.839397 | 601 pts
  [503/1000] ZR2 → 1.299915 | 853 pts
  [504/1000] AC8 → 201.999345 | 857 pts
  [505/1000] FFP → 7.440088 | 1259 pts
  [506/1000] MHK → 0.109892 | 1259 pts
  [507/1000] DPL → 96.517464 | 1259 pts
  [508/1000] UPD → 20.553951 | 1259 pts
  [509/1000] TTV → 7.876276 | 1259 pts
  [510/1000] BVZ → 4.009304 | 775 pts
  [511/1000] TAU → 0.674103 | 1259 pts
  [512/1000] IYP → 3.381931 | 1259 pts
  [513/1000] HPT → 0.101804 | 1256 pts
  [514/1000] PRV → 1.200845 | 265 pts
  [515/1000] UHL → 68.505777 | 885 pts
  [516/1000] IIN → 1.248976 | 265 pts
  [517/1000] TI3 → 0.125703 | 1259 pts
  [518/1000] DBG → 0.589627 | 1259 pts
  [519/1000] GBV → 12.485004 | 1166 pts
  [520/1000] HAE → 52.436497 | 860 pts
  [521/1000] RPU → 3.295953 | 732 pts
  [522/1000] AYJ → 0.09723 | 1259 pts
  [523/1000] TRN → 1.323807 | 998 pts
  [524/1000] IIA → 6.139848 | 907 pts
  [525/1000] ITD → 63.911944 | 875 pts
  [526/1000] TPJ → 72.915737 | 1257 pts
  [527/1000] LFD → 8.522339 | 1136 pts
  [528/1000] TE4 → 5.896056 | 1259 pts
  [529/1000] TPE → 0.510027 | 1259 pts
  [530/1000] TJT → 64.310407 | 1085 pts
  [531/1000] GMO → 3.092111 | 265 pts
  [532/1000] BOS → 1.372571 | 142 pts
  [533/1000] DKA → 44.989382 | 644 pts
  [534/1000] KEG → 0.265379 | 1259 pts
  [535/1000] GED → 0.228574 | 1259 pts
  [536/1000] RBA → 22.090515 | 1259 pts
  [537/1000] RKL → 3.027747 | 718 pts
  [538/1000] TI4 → 0.059572 | 1259 pts
  [539/1000] KCV → 4.822633 | 852 pts
  [540/1000] THO → 47.188524 | 855 pts
  [541/1000] BKY → 46.311178 | 161 pts
  [542/1000] ONY → 62.807617 | 256 pts
  [543/1000] IIH → 34.01551 | 1259 pts
  [544/1000] FKV → 45.423767 | 526 pts
  [545/1000] ZKK → 23.905816 | 826 pts
  [546/1000] TRJ → 1.890556 | 308 pts
  [547/1000] LTS → 4.476482 | 681 pts
  [548/1000] SPN → 9.061523 | 1259 pts
  [549/1000] MHH → 0.568142 | 1259 pts
  [550/1000] IMH → 6.129524 | 1259 pts
  [551/1000] GBH → 4.266428 | 801 pts
  [552/1000] MJK → 36.288572 | 1182 pts
  [553/1000] IRY → 3.558419 | 749 pts
  [554/1000] KKO → 45.873358 | 434 pts
  [555/1000] IGZ → 10.625975 | 1106 pts
  [556/1000] HUI → 94.109271 | 1072 pts
  [557/1000] MHL → 0.152333 | 1259 pts
  [558/1000] PPD → 34.564398 | 1259 pts
  [559/1000] ALC → 0.383208 | 1259 pts
  [560/1000] BPU → 0.702328 | 1259 pts
  [561/1000] AER → 0.139238 | 1259 pts
  [562/1000] SAT → 263.833808 | 265 pts
  [563/1000] HVB → 1.800532 | 1094 pts
  [564/1000] AGH → 0.852645 | 1259 pts
  [565/1000] KMF → 3.480157 | 629 pts
  [566/1000] TTS → 65.587984 | 1259 pts
  [567/1000] OFO → 64.932485 | 916 pts
  [568/1000] YPI → 53.063003 | 438 pts
  [569/1000] RBP → 2.005786 | 416 pts
  [570/1000] MHD → 0.389993 | 1259 pts
  [571/1000] NES → 2.051754 | 508 pts
  [572/1000] SYF → 265.246473 | 265 pts
  [573/1000] NUB → 56.910139 | 509 pts
  [574/1000] ICE → 114.320838 | 1257 pts
  [575/1000] KTZ → 0.095188 | 1259 pts
  [576/1000] TGN → 1.293984 | 265 pts
  [577/1000] VEB → 0.230609 | 1259 pts
  [578/1000] ZK1 → 47.365011 | 356 pts
  [579/1000] AG3 → 2.447826 | 1259 pts
  [580/1000] GAU → 61.763664 | 1174 pts
  [581/1000] YEF → 0.9919 | 1259 pts
  [582/1000] IPV → 73.268572 | 1259 pts
  [583/1000] IHK → 17.508732 | 1259 pts
  [584/1000] IST → 0.173518 | 1259 pts
  [585/1000] GZJ → 8.335054 | 1259 pts
  [586/1000] RDH → 4.728999 | 595 pts
  [587/1000] HSP → 44.484316 | 628 pts
  [588/1000] GFH → 0.075428 | 1124 pts
  [589/1000] YOT → 36.476338 | 1259 pts
  [590/1000] POH → 1.177692 | 316 pts
  [591/1000] KKT → 2.787112 | 711 pts
  [592/1000] TIE → 0.78519 | 1259 pts
  [593/1000] HFS → 0.01352 | 348 pts
  [594/1000] ZK2 → 55.465088 | 356 pts
  [595/1000] ZPN → 68.021987 | 1134 pts
  [596/1000] DNA → 9.446965 | 740 pts
  [597/1000] VEY → 0.38483 | 1259 pts
  [598/1000] GZE → 7.375722 | 1201 pts
  [599/1000] DAE → 3.932799 | 328 pts
  [600/1000] PYI → 4.941173 | 265 pts
  [601/1000] YHT → 0.372129 | 1259 pts
  [602/1000] AGE → 0.176437 | 1259 pts
  [603/1000] KES → 0.197802 | 1259 pts
  [604/1000] OYT → 0.122938 | 1256 pts
  [605/1000] GKK → 61.443604 | 1259 pts
  [606/1000] GUA → 5.499693 | 1259 pts
  [607/1000] HMG → 0.061465 | 1259 pts
  [608/1000] CBO → 265.930559 | 265 pts
  [609/1000] CJG → 61.787378 | 1251 pts
  [610/1000] GNP → 1.319966 | 264 pts
  [611/1000] ZTF → 6.76768 | 1023 pts
  [612/1000] DSV → 46.065061 | 402 pts
  [613/1000] CJF → 61.215813 | 1251 pts
  [614/1000] NFF → 1.222183 | 477 pts
  [615/1000] TKK → 1.732002 | 1259 pts
  [616/1000] AES → 0.17056 | 1259 pts
  [617/1000] INV → 43.108354 | 1008 pts
  [618/1000] CVB → 3.861618 | 982 pts
  [619/1000] DP6 → 45.093612 | 847 pts
  [620/1000] YOA → 83.539213 | 1259 pts
  [621/1000] BNB → 0.123532 | 1259 pts
  [622/1000] YBJ → 54.827051 | 571 pts
  [623/1000] YPN → 63.798455 | 334 pts
  [624/1000] GAE → 0.476006 | 1259 pts
  [625/1000] YAN → 13.273401 | 1259 pts
  [626/1000] FI3 → 733.703559 | 1259 pts
  [627/1000] HAM → 3.151188 | 535 pts
  [628/1000] FYA → 0.054556 | 1259 pts
  [629/1000] YBS → 0.130177 | 1259 pts
  [630/1000] VCG → 5.120567 | 987 pts
  [631/1000] AKU → 0.975319 | 1259 pts
  [632/1000] ZHD → 0.373322 | 1259 pts
  [633/1000] ITZ → 56.466393 | 579 pts
  [634/1000] KRH → 1.387273 | 265 pts
  [635/1000] PPT → 2.892711 | 619 pts
  [636/1000] UST → 3.746367 | 803 pts
  [637/1000] ZP9 → 57.7823 | 866 pts
  [638/1000] KLT → 0.03261 | 827 pts
  [639/1000] DK8 → 45.011604 | 746 pts
  [640/1000] HKR → 4.139078 | 860 pts
  [641/1000] DNM → 48.339731 | 494 pts
  [642/1000] ZCF → 3.80585 | 923 pts
  [643/1000] ZAY → 5.810291 | 1259 pts
  [644/1000] BRG → 4.570609 | 1165 pts
  [645/1000] YHP → 4.144405 | 1259 pts
  [646/1000] EPP → 1.317007 | 265 pts
  [647/1000] FJZ → 61.945912 | 1229 pts
  [648/1000] FTM → 52.563118 | 604 pts
  [649/1000] ZHF → 0.133371 | 1259 pts
  [650/1000] EIH → 1.273356 | 1259 pts
  [651/1000] ODV → 19.663377 | 1259 pts
  [652/1000] DTP → 1.860757 | 448 pts
  [653/1000] GNL → 56.719726 | 579 pts
  [654/1000] KDO → 53.741028 | 265 pts
  [655/1000] DRD → 53.317118 | 507 pts
  [656/1000] SYS → 46.108119 | 265 pts
  [657/1000] NBO → 1.347056 | 228 pts
  [658/1000] SVS → 2.583112 | 685 pts
  [659/1000] AYR → 0.125352 | 1259 pts
  [660/1000] GBZ → 3.488418 | 956 pts
  [661/1000] BSM → 1.489463 | 264 pts
  [662/1000] KUP → 46.969015 | 484 pts
  [663/1000] DP5 → 78.186514 | 849 pts
  [664/1000] GFI → 50.109719 | 331 pts
  [665/1000] FES → 0.112166 | 1259 pts
  [666/1000] HHB → 0.293008 | 1259 pts
  [667/1000] KRS → 0.495503 | 1259 pts
  [668/1000] THH → 133.079103 | 855 pts
  [669/1000] YTD → 0.850231 | 1259 pts
  [670/1000] MKG → 17.670591 | 1259 pts
  [671/1000] RAY → 3.691422 | 796 pts
  [672/1000] GCV → 0.09759 | 1259 pts
  [673/1000] BZY → 0.076375 | 1117 pts
  [674/1000] TSP → 65.717681 | 1259 pts
  [675/1000] BRZ → 51.329426 | 469 pts
  [676/1000] FS3 → 1.899507 | 623 pts
  [677/1000] KHA → 3.378974 | 576 pts
  [678/1000] RPO → 6.83815 | 1014 pts
  [679/1000] IEE → 0.795788 | 1259 pts
  [680/1000] ZP7 → 64.203324 | 866 pts
  [681/1000] IAT → 0.178907 | 1259 pts
  [682/1000] ONN → 5.786749 | 1259 pts
  [683/1000] OUY → 62.134998 | 1073 pts
  [684/1000] RSZ → 7.040609 | 638 pts
  [685/1000] FCS → 2.067742 | 439 pts
  [686/1000] VKJ → 0.094622 | 1259 pts
  [687/1000] IBR → 0.26372 | 1259 pts
  [688/1000] ORI → 56.829778 | 601 pts
  [689/1000] HDS → 15.517368 | 1259 pts
  [690/1000] FFH → 8.019214 | 1259 pts
  [691/1000] NSP → 1.647398 | 316 pts
  [692/1000] CHH → 1.738748 | 1259 pts
  [693/1000] IV6 → 61.008832 | 849 pts
  [694/1000] GMP → 58.50476 | 1259 pts
  [695/1000] BBN → 0.654742 | 221 pts
  [696/1000] TPP → 69.534994 | 1256 pts
  [697/1000] AC4 → 3.548299 | 883 pts
  [698/1000] GGR → 63.620605 | 1259 pts
  [699/1000] FPH → 34.755453 | 1259 pts
  [700/1000] IMY → 69.678146 | 1259 pts
  [701/1000] NKK → 7.908472 | 1012 pts
  [702/1000] LGK → 1.27741 | 298 pts
  [703/1000] RIK → 5.64841 | 790 pts
  [704/1000] AJA → 0.335854 | 1259 pts
  [705/1000] ZMT → 59.370455 | 669 pts
  [706/1000] NFK → 4.889666 | 825 pts
  [707/1000] SAS → 1.705478 | 550 pts
  [708/1000] NKJ → 14.695341 | 1176 pts
  [709/1000] FJG → 0.153519 | 1259 pts
  [710/1000] BEH → 1.488158 | 1259 pts
  [711/1000] EIL → 4.699529 | 1259 pts
  [712/1000] TCD → 47.042356 | 1259 pts
  [713/1000] FVL → 4.419257 | 979 pts
  [714/1000] SMP → 1.038678 | 727 pts
  [715/1000] MPF → 7.47381 | 1259 pts
  [716/1000] GDP → 62.297957 | 1259 pts
  [717/1000] TCS → 44.152752 | 1259 pts
  [718/1000] AUG → 0.638609 | 1259 pts
  [719/1000] BAS → 50.419884 | 347 pts
  [720/1000] AVN → 0.121604 | 1259 pts
  [721/1000] RPX → 58.983916 | 965 pts
  [722/1000] HET → 0.104097 | 1259 pts
  [723/1000] VPP → 48.775635 | 265 pts
  [724/1000] OHB → 24.074788 | 1256 pts
  [725/1000] TJL → 22.105241 | 1222 pts
  [726/1000] NAL → 1.898286 | 181 pts
  [727/1000] BHH → 0.692738 | 616 pts
  [728/1000] PIS → 1.288506 | 265 pts
  [729/1000] FUB → 0.71233 | 1259 pts
  [730/1000] GSE → 60.301688 | 1259 pts
  [731/1000] HPF → 32.070332 | 1259 pts
  [732/1000] AHJ → 0.099862 | 1259 pts
  [733/1000] NSA → 2.27476 | 533 pts
  [734/1000] TBV → 0.368914 | 1259 pts
  [735/1000] DVU → 7.769053 | 992 pts
  [736/1000] RPG → 6.223771 | 1014 pts
  [737/1000] DPE → 21.204037 | 1259 pts
  [738/1000] NLL → 3.424338 | 265 pts
  [739/1000] PJL → 4.649403 | 1181 pts
  [740/1000] GTN → 48.960243 | 298 pts
  [741/1000] AJG → 0.311631 | 1259 pts
  [742/1000] DNP → 1.282469 | 265 pts
  [743/1000] PMG → 1.607269 | 278 pts
  [744/1000] ACU → 53.007044 | 1259 pts
  [745/1000] AEU → 0.41284 | 1259 pts
  [746/1000] RE8 → 3.766104 | 265 pts
  [747/1000] AIR → 154.054645 | 1259 pts
  [748/1000] EIK → 0.573284 | 1259 pts
  [749/1000] IGF → 63.520228 | 1106 pts
  [750/1000] ILC → 47.817394 | 783 pts
  [751/1000] IPJ → 19.964519 | 1259 pts
  [752/1000] BOE → 41.31 | 708 pts
  [753/1000] TI7 → 73.213245 | 1259 pts
  [754/1000] BNO → 0.048788 | 947 pts
  [755/1000] TCI → 10.292987 | 1259 pts
  [756/1000] HIP → 1.934931 | 430 pts
  [757/1000] NLD → 50.771489 | 263 pts
  [758/1000] NBZ → 67.68841 | 1259 pts
  [759/1000] EIE → 0.697667 | 1259 pts
  [760/1000] FDV → 5.304109 | 1029 pts
  [761/1000] NP1 → 4.504325 | 832 pts
  [762/1000] ZPG → 9.631287 | 1259 pts
  [763/1000] NSH → 1.9607 | 434 pts
  [764/1000] DVZ → 62.135878 | 1095 pts
  [765/1000] CYD → 54.930702 | 348 pts
  [766/1000] GYN → 63.183757 | 915 pts
  [767/1000] YUK → 47.26451 | 491 pts
  [768/1000] HPO → 0.154395 | 1256 pts
  [769/1000] NJF → 12.520199 | 1167 pts
  [770/1000] UP1 → 6.263842 | 864 pts
  [771/1000] YP2 → 68.930649 | 871 pts
  [772/1000] KKV → 0.022064 | 541 pts
  [773/1000] USY → 0.239431 | 1259 pts
  [774/1000] FJC → 55.963716 | 1182 pts
  [775/1000] FZJ → 5.28805 | 1167 pts
  [776/1000] ENF → 0.017646 | 298 pts
  [777/1000] VGF → 0.192052 | 1259 pts
  [778/1000] ZJT → 63.690138 | 1228 pts
  [779/1000] GZB → 6.743108 | 1259 pts
  [780/1000] ZJR → 6.781082 | 1228 pts
  [781/1000] AG4 → 0.527899 | 1259 pts
  [782/1000] GUK → 1.602948 | 264 pts
  [783/1000] BDA → 53.780806 | 164 pts
  [784/1000] NJR → 5.143658 | 1167 pts
  [785/1000] OMG → 1.812784 | 443 pts
  [786/1000] ULH → 6.402568 | 862 pts
  [787/1000] FSM → 9.86833 | 485 pts
  [788/1000] BJD → 49.829535 | 1231 pts
  [789/1000] BPE → 0.77669 | 1259 pts
  [790/1000] MLS → 16.733299 | 1259 pts
  [791/1000] HOY → 0.338263 | 1259 pts
  [792/1000] GL1 → 1474.001468 | 1259 pts
  [793/1000] BPG → 0.239459 | 1259 pts
  [794/1000] SLR → 0.328109 | 157 pts
  [795/1000] IPB → 0.849955 | 1259 pts
  [796/1000] GPB → 11.206324 | 1259 pts
  [797/1000] AYA → 19.441562 | 1259 pts
  [798/1000] SNY → 2.939167 | 386 pts
  [799/1000] BMU → 1.803469 | 221 pts
  [800/1000] GPM → 58.294226 | 839 pts
  [801/1000] TFF → 37.615338 | 1256 pts
  [802/1000] YUI → 1.93168 | 944 pts
  [803/1000] GDV → 0.086134 | 1259 pts
  [804/1000] YCP → 8.994488 | 1040 pts
  [805/1000] MHE → 0.206589 | 1259 pts
  [806/1000] GHU → 0.315916 | 1259 pts
  [807/1000] GCC → 5.551901 | 909 pts
  [808/1000] VEG → 0.31314 | 1259 pts
  [809/1000] DCE → 68.474585 | 899 pts
  [810/1000] IIE → 8.879406 | 871 pts
  [811/1000] IGM → 62.019729 | 1106 pts
  [812/1000] SKS → 47.53135 | 199 pts
  [813/1000] YDI → 0.461669 | 1259 pts
  [814/1000] IV2 → 19.44838 | 867 pts
  [815/1000] GTM → 8.205918 | 968 pts
  [816/1000] DGH → 9.592495 | 1259 pts
  [817/1000] AFV → 0.548971 | 1259 pts
  [818/1000] SLF → 10.111932 | 1259 pts
  [819/1000] APG → 0.274492 | 1259 pts
  [820/1000] YDL → 55.669204 | 588 pts
  [821/1000] SYL → 4470.429752 | 822 pts
  [822/1000] MJG → 12.188809 | 1251 pts
  [823/1000] YPF → 9.365653 | 1259 pts
  [824/1000] YTJ → 65.845151 | 1036 pts
  [825/1000] HPL → 2.543546 | 1149 pts
  [826/1000] KSP → 61.630319 | 265 pts
  [827/1000] FPG → 2.439504 | 279 pts
  [828/1000] ILZ → 7.575711 | 1259 pts
  [829/1000] PUV → 53.51245 | 1259 pts
  [830/1000] AL4 → 3.574609 | 849 pts
  [831/1000] UCN → 2.118183 | 723 pts
  [832/1000] BVF → 1.257086 | 230 pts
  [833/1000] BOP → 46.086614 | 132 pts
  [834/1000] IFD → 56.409306 | 780 pts
  [835/1000] HVK → 5.128082 | 1094 pts
  [836/1000] IUZ → 4.251335 | 1070 pts
  [837/1000] YDM → 1.629018 | 303 pts
  [838/1000] IBB → 14.262219 | 1259 pts
  [839/1000] BBS → 1.408288 | 236 pts
  [840/1000] NSY → 1.304315 | 265 pts
  [841/1000] RPT → 4.61953 | 991 pts
  [842/1000] ABJ → 0.829084 | 866 pts
  [843/1000] YAK → 4.900876 | 1259 pts
  [844/1000] YZH → 11.586415 | 1256 pts
  [845/1000] TAZ → 2.391342 | 624 pts
  [846/1000] AZS → 0.125604 | 1259 pts
  [847/1000] PYS → 55.601591 | 838 pts
  [848/1000] ICG → 65.959073 | 1259 pts
  [849/1000] BIO → 2.526496 | 647 pts
  [850/1000] FUS → 4238 | 1264 pts
  [851/1000] OSL → 0.139445 | 1259 pts
  [852/1000] JOT → 54.477844 | 519 pts
  [853/1000] CPU → 3.416721 | 628 pts
  [854/1000] DYJ → 45.250993 | 973 pts
  [855/1000] GZR → 12.043692 | 1259 pts
  [856/1000] AN1 → 99.499785 | 1259 pts
  [857/1000] FZP → 6.106095 | 1259 pts
  [858/1000] IDH → 12.943457 | 1259 pts
  [859/1000] IKP → 9.041369 | 1259 pts
  [860/1000] YHK → 1.968744 | 528 pts
  [861/1000] OFK → 48.773633 | 828 pts
  [862/1000] KZO → 2.13054 | 264 pts
  [863/1000] MSK → 3.54723 | 760 pts
  [864/1000] GHK → 0.794292 | 1259 pts
  [865/1000] AKE → 0.494437 | 1259 pts
  [866/1000] BHO → 1.127144 | 121 pts
  [867/1000] ZDZ → 13.222078 | 1259 pts
  [868/1000] THK → 0.014897 | 279 pts
  [869/1000] AOY → 0.371402 | 1259 pts
  [870/1000] DAV → 55.073302 | 402 pts
  [871/1000] PTF → 1.322634 | 265 pts
  [872/1000] AP6 → 8.571004 | 576 pts
  [873/1000] RSF → 3.925387 | 1201 pts
  [874/1000] ITR → 3.966499 | 875 pts
  [875/1000] DFO → 3.53935 | 718 pts
  [876/1000] GRL → 1.74789 | 518 pts
  [877/1000] PHY → 8.004339 | 265 pts
  [878/1000] NSS → 60.121138 | 888 pts
  [879/1000] TKF → 66.677295 | 1259 pts
  [880/1000] FYO → 1.061826 | 1259 pts
  [881/1000] BAL → 46.713089 | 163 pts
  [882/1000] FFF → 62.651873 | 873 pts
  [883/1000] HII → 3.107107 | 1259 pts
  [884/1000] CVD → 59.684084 | 982 pts
  [885/1000] ZLG → 60.555735 | 1182 pts
  [886/1000] ATJ → 23.092044 | 1259 pts
  [887/1000] FGF → 0.073561 | 1259 pts
  [888/1000] IML → 1.718535 | 389 pts
  [889/1000] BGH → 2.292204 | 721 pts
  [890/1000] ICZ → 8.740427 | 1259 pts
  [891/1000] AP2 → 3.665338 | 879 pts
  [892/1000] HYU → 1.609869 | 319 pts
  [893/1000] RAN → 54.434187 | 519 pts
  [894/1000] RBH → 32.782767 | 1259 pts
  [895/1000] PUC → 6.580923 | 1259 pts
  [896/1000] DBH → 0.35618 | 1256 pts
  [897/1000] FSG → 3.826115 | 819 pts
  [898/1000] TGZ → 5.476705 | 972 pts
  [899/1000] TZP → 12.593186 | 1259 pts
  [900/1000] NYH → 58.071579 | 1000 pts
  [901/1000] YUY → 1.008571 | 978 pts
  [902/1000] YOS → 53.778895 | 265 pts
  [903/1000] OZC → 2.848764 | 1035 pts
  [904/1000] PPG → 1.302489 | 265 pts
  [905/1000] RAV → 1.364271 | 245 pts
  [906/1000] ADE → 0.869592 | 1259 pts
  [907/1000] GES → 0.155304 | 1259 pts
  [908/1000] YHZ → 8.82996 | 1259 pts
  [909/1000] VED → 0.083091 | 1259 pts
  [910/1000] CRL → 45.705199 | 265 pts
  [911/1000] PTC → 61.612014 | 1107 pts
  [912/1000] P1A → 1.347916 | 265 pts
  [913/1000] PDD → 5.430239 | 1256 pts
  [914/1000] KNZ → 66.386844 | 970 pts
  [915/1000] AO1 → 0.095876 | 1259 pts
  [916/1000] FYH → 83.494916 | 1259 pts
  [917/1000] NIS → 1.535158 | 285 pts
  [918/1000] AHB → 1.393359 | 1259 pts
  [919/1000] FID → 1.02139 | 1259 pts
  [920/1000] GYL → 13.054186 | 1259 pts
  [921/1000] HZV → 5.82501 | 1025 pts
  [922/1000] URS → 3.594739 | 946 pts
  [923/1000] ISR → 18.275891 | 1259 pts
  [924/1000] EDT → 2.017947 | 437 pts
  [925/1000] YIS → 1.271353 | 265 pts
  [926/1000] SRE → 59.8334 | 828 pts
  [927/1000] IMG → 46.52372 | 475 pts
  [928/1000] KLM → 62.537524 | 849 pts
  [929/1000] BHS → 0.127137 | 1239 pts
  [930/1000] IUC → 1.902315 | 995 pts
  [931/1000] DSC → 62.551614 | 1259 pts
  [932/1000] VVA → 0.271151 | 1259 pts
  [933/1000] URA → 2.067047 | 375 pts
  [934/1000] YFV → 0.097164 | 1259 pts
  [935/1000] NOI → 1.311661 | 265 pts
  [936/1000] OFB → 10.15151 | 1254 pts
  [937/1000] EPT → 1.191735 | 179 pts
  [938/1000] HBV → 16.759873 | 1030 pts
  [939/1000] PLS → 25.833358 | 1259 pts
  [940/1000] MUT → 1.742151 | 441 pts
  [941/1000] YVF → 69.745712 | 996 pts
  [942/1000] VGG → 0.120423 | 1259 pts
  [943/1000] SFA → 18.268134 | 956 pts
  [944/1000] BNL → 0.093859 | 1254 pts
  [945/1000] SHI → 1.12314 | 522 pts
  [946/1000] MJL → 58.257621 | 1229 pts
  [947/1000] IJF → 10.181482 | 1212 pts
  [948/1000] IOL → 62.544595 | 889 pts
  [949/1000] GPJ → 54.170035 | 579 pts
  [950/1000] BPK → 0.707543 | 1259 pts
  [951/1000] ITP → 11.64909 | 1259 pts
  [952/1000] CHT → 0.119729 | 1254 pts
  [953/1000] GJA → 61.984634 | 1225 pts
  [954/1000] MAV → 55.719206 | 595 pts
  [955/1000] NPK → 1.499858 | 335 pts
  [956/1000] ECB → 47.829547 | 1254 pts
  [957/1000] YBP → 11.611277 | 1259 pts
  [958/1000] BRB → 1.348855 | 221 pts
  [959/1000] CVF → 4.238071 | 982 pts
  [960/1000] UYH → 4.55394 | 926 pts
  [961/1000] MAS → 13.110866 | 1259 pts
  [962/1000] NBE → 1.604176 | 318 pts
  [963/1000] SBH → 1.938728 | 265 pts
  [964/1000] PAI → 6.270401 | 1259 pts
  [965/1000] ZVO → 3.707712 | 968 pts
  [966/1000] GHJ → 0.271022 | 1260 pts
  [967/1000] GPG → 14.624238 | 1254 pts
  [968/1000] AGT → 0.108348 | 1259 pts
  [969/1000] BSA → 0.42709 | 347 pts
  [970/1000] GFN → 74.415208 | 972 pts
  [971/1000] PCH → 3.717991 | 265 pts
  [972/1000] GKL → 15.598492 | 1254 pts
  [973/1000] IRB → 1.172969 | 265 pts
  [974/1000] GPF → 8.389255 | 1259 pts
  [975/1000] PSO → 0.41943 | 347 pts
  [976/1000] JET → 2.220918 | 518 pts
  [977/1000] TGA → 0.464026 | 1259 pts
  [978/1000] OVD → 3.260585 | 1008 pts
  [979/1000] FIF → 0.246442 | 1254 pts
  [980/1000] PAC → 3.280937 | 760 pts
  [981/1000] TTP → 48.13339 | 1259 pts
  [982/1000] DUT → 45.051611 | 899 pts
  [983/1000] SAR → 49.438896 | 347 pts
  [984/1000] DPK → 7.780589 | 1256 pts
  [985/1000] PDG → 0.186711 | 265 pts
  [986/1000] ZFB → 7.048086 | 1208 pts
  [987/1000] BBO → 2.564291 | 121 pts
  [988/1000] ZUD → 3.956814 | 982 pts
  [989/1000] BIS → 1.639015 | 649 pts
  [990/1000] OPH → 25.578976 | 1259 pts
  [991/1000] KRT → 69.704829 | 1259 pts
  [992/1000] IEG → 0.286365 | 1259 pts
  [993/1000] RPN → 5.382774 | 1020 pts
  [994/1000] HVT → 4.198414 | 936 pts
  [995/1000] HFY → 1.175781 | 239 pts
  [996/1000] NOV → 61.995916 | 807 pts
  [997/1000] ZPF → 21.671962 | 1259 pts
  [998/1000] AJB → 0.3166 | 1259 pts
  [999/1000] ZNF → 52.349213 | 826 pts
  [1000/1000] MT6 → 1.708915 | 264 pts
  Chrome tab closed

[TEFAS SCRAPER v2] Done — 1000 scraped, 0 errors, last_ok=MT6
  Upserted 1000/1000 rows to funds table
  system_status updated
[Thu May 07 15:30:29 +0300 2026] TEFAS scraper v2 tamamlandi — cascade tetikleniyor
[Thu May 07 15:30:30 +0300 2026] Cascade HTTP 404
