/Users/admin/Library/Python/3.9/lib/python/site-packages/urllib3/__init__.py:35: NotOpenSSLWarning: urllib3 v2 only supports OpenSSL 1.1.1+, currently the 'ssl' module is compiled with 'LibreSSL 2.8.3'. See: https://github.com/urllib3/urllib3/issues/3020
  warnings.warn(
[TEFAS SCRAPER v2] Starting at 14:06:12 — max_funds=1000
  1000 funds in DB
  Need to scrape: 1000/1000 (0 up-to-date, skipping)
  Creating Chrome tab on port 9222...
  Tab created: 246F0D39D82FF01CB0D14427A1AF29D0
  CDP connected
  [1/1000] VGA → 0.767085 | 1255 pts | 3M=-16.97% 6M=13.74%
  [2/1000] GRO → 50.40209 | 797 pts | 3M=4.62% 6M=9.23%
  [3/1000] GEV → 0.073453 | 1163 pts | 3M=-16.31% 6M=16.83%
  [4/1000] TI1 → 1479.455524 | 1255 pts | 3M=9.38% 6M=20.19%
  [5/1000] PAL → 53.043294 | 1255 pts | 3M=4.65% 6M=9.23%
  [6/1000] ONS → 50.336513 | 793 pts | 3M=4.67% 6M=9.22%
  [7/1000] AMZ → 0.68899 | 1255 pts | 3M=-16.69% 6M=17.02%
  [8/1000] GJH → 3.489886 | 1255 pts | 3M=9.61% 6M=20.23%
  [9/1000] GTL → 0.119612 | 1255 pts | 3M=9.22% 6M=20.06%
  [10/1000] EUZ → 59.138917 | 1255 pts | 3M=2.08% 6M=9.39%
  [11/1000] YP4 → 50.659161 | 847 pts | 3M=4.59% 6M=9.06%
  [12/1000] FPZ → 64.284969 | 1255 pts | 3M=4.68% 6M=9.25%
  [13/1000] GHA → 0.777155 | 1255 pts | 3M=-16.58% 6M=14.02%
  [14/1000] TP2 → 1.877419 | 342 pts | 3M=12.05% 6M=26.7%
  [15/1000] DAS → 51.24037 | 891 pts | 3M=4.68% 6M=9.29%
  [16/1000] PUR → 9.251496 | 1255 pts | 3M=9.7% 6M=20.38%
  [17/1000] ILH → 3.54086 | 779 pts | 3M=9.74% 6M=20.5%
  [18/1000] DCB → 4.218929 | 965 pts | 3M=9.71% 6M=20.5%
  [19/1000] TLY → 5223.812438 | 1255 pts | 3M=53.93% 6M=113.84%
  [20/1000] YPT → 3.668207 | 834 pts | 3M=9.65% 6M=20.36%
  [21/1000] YTY → 55.76244 | 527 pts | 3M=2.13% 6M=9.44%
  [22/1000] GPL → 49.498035 | 866 pts | 3M=4.57% 6M=9.01%
  [23/1000] AEA → 0.697959 | 1255 pts | 3M=-16.64% 6M=12.25%
  [24/1000] FI5 → 658.43228 | 1255 pts | 3M=9.41% 6M=20.29%
  [25/1000] KZL → 27.598833 | 1255 pts | 3M=-16.08% 6M=18.44%
  [26/1000] PRY → 2.740376 | 537 pts | 3M=12.01% 6M=26.22%
  [27/1000] BGL → 0.062516 | 919 pts | 3M=-17.36% 6M=12.22%
  [28/1000] ILK → 696.75 | 542 pts | 3M=-16.86% 6M=13.48%
  [29/1000] IDO → 54.865156 | 510 pts | 3M=2.08% 6M=9.37%
  [30/1000] AZL → 0.366689 | 1255 pts | 3M=9.23% 6M=20.84%
  [31/1000] ONK → 56.757233 | 717 pts | 3M=2.09% 6M=9.38%
  [32/1000] DOV → 57.005378 | 767 pts | 3M=2.2% 6M=9.58%
  [33/1000] ALE → 11.991439 | 1255 pts | 3M=9.4% 6M=20.14%
  [34/1000] TZL → 0.122463 | 1255 pts | 3M=9.56% 6M=20.32%
  [35/1000] GEL → 0.393501 | 1255 pts | 3M=9.32% 6M=20.95%
  [36/1000] ZUS → 47.130313 | 352 pts | 3M=4.4% 6M=8.84%
  [37/1000] YLB → 1.615399 | 1255 pts | 3M=9.42% 6M=20.27%
  [38/1000] YJY → 53.795924 | 1255 pts | 3M=4.7% 6M=9.26%
  [39/1000] ZAV → 54.266621 | 352 pts | 3M=1.87% 6M=9.04%
  [40/1000] KLU → 4.298085 | 1255 pts | 3M=9.31% 6M=19.17%
  [41/1000] BGP → 5.790315 | 1255 pts | 3M=9.53% 6M=20.63%
  [42/1000] TRU → 1.403757 | 429 pts | 3M=1.98% 6M=10.26%
  [43/1000] TKM → 0.191049 | 1255 pts | 3M=9.58% 6M=20.37%
  [44/1000] GAL → 364.754419 | 1255 pts | 3M=8.99% 6M=19.77%
  [45/1000] TZH → 7.75294 | 1255 pts | 3M=4.3% 6M=19.36%
  [46/1000] ZP8 → 3.615096 | 862 pts | 3M=9.58% 6M=20.23%
  [47/1000] PPJ → 1.635586 | 303 pts | 3M=9.95% 6M=20.87%
  [48/1000] AE1 → 0.367315 | 1255 pts | 3M=9.31% 6M=20.79%
  [49/1000] AEI → 0.092617 | 1255 pts | 3M=0.83% 6M=22.27%
  [50/1000] VEI → 0.094794 | 1255 pts | 3M=-2.58% 6M=15.65%
  [51/1000] FKE → 55.923994 | 792 pts | 3M=2.02% 6M=9.24%
  [52/1000] ZBJ → 4.58227 | 1080 pts | 3M=9.79% 6M=20.81%
  [53/1000] PKZ → 8.213626 | 253 pts | 3M=356.51% 6M=1723.94%
  [54/1000] OJK → 13.092442 | 1190 pts | 3M=-15.82% 6M=19.19%
  [55/1000] KPR → 1.663328 | 327 pts | 3M=9.34% 6M=19.78%
  [56/1000] AET → 0.096385 | 1255 pts | 3M=0.22% 6M=20.51%
  [57/1000] FGS → 652.75 | 1255 pts | 3M=-41.19% 6M=58.82%
  [58/1000] OBR → 50.215824 | 763 pts | 3M=4.67% 6M=9.25%
  [59/1000] HLL → 0.338622 | 1255 pts | 3M=9.57% 6M=20.36%
  [60/1000] PTE → 1.505674 | 261 pts | 3M=9.76% 6M=20.55%
  [61/1000] YVD → 3.929327 | 969 pts | 3M=9.12% 6M=19.96%
  [62/1000] TB9 → 49.701394 | 845 pts | 3M=4.4% 6M=8.69%
  [63/1000] PVK → 5.151883 | 1255 pts | 3M=9.11% 6M=19.3%
  [64/1000] AMF → 0.095384 | 1255 pts | 3M=0.71% 6M=21.45%
  [65/1000] PHE → 2.816142 | 537 pts | 3M=51.22% 6M=123.1%
  [66/1000] PCS → 4.431619 | 492 pts | 3M=119.31% 6M=82.93%
  [67/1000] YKT → 0.870778 | 1255 pts | 3M=-15.73% 6M=16.58%
  [68/1000] HDH → 9427.181553 | 1255 pts | 3M=180.11% 6M=96.82%
  [69/1000] VGK → 0.087938 | 1255 pts | 3M=5.75% 6M=22.66%
  [70/1000] HPC → 11.567553 | 1255 pts | 3M=-3.91% 6M=21.53%
  [71/1000] KDS → 50.799111 | 810 pts | 3M=4.66% 6M=9.2%
  [72/1000] KEF → 0.720852 | 1255 pts | 3M=-17.0% 6M=16.47%
  [73/1000] KSV → 5.128562 | 1255 pts | 3M=8.69% 6M=18.26%
  [74/1000] AZH → 2.574892 | 1255 pts | 3M=0.67% 6M=24.06%
  [75/1000] GHI → 0.107345 | 1255 pts | 3M=0.47% 6M=21.1%
  [76/1000] OJB → 49.617784 | 1255 pts | 3M=4.65% 6M=9.15%
  [77/1000] VEL → 0.348619 | 1255 pts | 3M=9.44% 6M=21.08%
  [78/1000] RTI → 3.004005 | 728 pts | 3M=9.46% 6M=19.99%
  [79/1000] TTA → 0.616133 | 1255 pts | 3M=-17.95% 6M=10.55%
  [80/1000] AH2 → 0.364235 | 1255 pts | 3M=9.28% 6M=20.82%
  [81/1000] IOO → 4.08421 | 990 pts | 3M=9.33% 6M=20.24%
  [82/1000] GTA → 1.574077 | 1255 pts | 3M=-16.36% 6M=17.14%
  [83/1000] AZZ → 59.111284 | 1255 pts | 3M=4.89% 6M=9.75%
  [84/1000] FGA → 553.25 | 1255 pts | 3M=-20.17% 6M=15.48%
  [85/1000] KTV → 6.883329 | 1255 pts | 3M=8.62% 6M=18.72%
  [86/1000] KDL → 49.130316 | 973 pts | 3M=4.26% 6M=8.35%
  [87/1000] YIK → 1.361379 | 261 pts | 3M=9.78% 6M=20.82%
  [88/1000] GTK → 6.342655 | 1156 pts | 3M=5.85% 6M=16.7%
  [89/1000] YOZ → 45.980913 | 261 pts | 3M=4.97% 6M=9.79%
  [90/1000] HME → 50.643382 | 856 pts | 3M=4.37% 6M=8.75%
  [91/1000] AH5 → 2.937155 | 1255 pts | 3M=-0.92% 6M=22.83%
  [92/1000] AFT → 0.907028 | 1255 pts | 3M=2.2% 6M=7.25%
  [93/1000] GUV → 1.584154 | 499 pts | 3M=-4.31% 6M=9.37%
  [94/1000] ZPR → 1.364891 | 260 pts | 3M=9.65% 6M=20.67%
  [95/1000] MUT → 1.757107 | 437 pts | 3M=2.88% 6M=12.72%
  [96/1000] NHA → 0.447162 | 1255 pts | 3M=-16.44% 6M=17.17%
  [97/1000] TOK → 55.814466 | 773 pts | 3M=1.86% 6M=8.93%
  [98/1000] IUV → 62.537261 | 1066 pts | 3M=4.46% 6M=11.82%
  [99/1000] VGD → 0.411964 | 1255 pts | 3M=-19.7% 6M=25.26%
  [100/1000] GMF → 0.023645 | 263 pts | 3M=-33.69% 6M=50.59%
  [101/1000] HSL → 366.113544 | 1255 pts | 3M=9.53% 6M=20.3%
  [102/1000] EKL → 1.621775 | 387 pts | 3M=9.41% 6M=19.8%
  [103/1000] IUF → 63.227596 | 1066 pts | 3M=0.87% 6M=9.28%
  [104/1000] AFO → 1.309161 | 1255 pts | 3M=-16.26% 6M=16.85%
  [105/1000] UCP → 1.174843 | 261 pts | 3M=9.78% 6M=-81.91%
  [106/1000] AEH → 1.370142 | 1255 pts | 3M=4.01% 6M=33.2%
  [107/1000] HB1 → 47.022429 | 312 pts | 3M=4.57% 6M=9.24%
  [108/1000] ZFZ → 64.667277 | 989 pts | 3M=4.94% 6M=10.95%
  [109/1000] DPB → 22.73177 | 1255 pts | 3M=3.53% 6M=11.68%
  [110/1000] TSI → 0.184935 | 1255 pts | 3M=8.4% 6M=19.19%
  [111/1000] DZM → 80.655775 | 1255 pts | 3M=3.24% 6M=10.32%
  [112/1000] FBI → 49.319808 | 680 pts | 3M=4.62% 6M=9.09%
  [113/1000] PSE → 1.625681 | 469 pts | 3M=12.24% 6M=26.42%
  [114/1000] KAV → 54.460471 | 973 pts | 3M=1.79% 6M=8.73%
  [115/1000] TIV → 47.414812 | 1255 pts | 3M=8.01% 6M=18.93%
  [116/1000] KVS → 3.359551 | 755 pts | 3M=10.11% 6M=21.42%
  [117/1000] KML → 0.019201 | 294 pts | 3M=-22.87% 6M=36.63%
  [118/1000] DFI → 3.792143 | 961 pts | 3M=29.08% 6M=158.26%
  [119/1000] GEH → 2.806323 | 1255 pts | 3M=0.63% 6M=29.62%
  [120/1000] BPG → 0.237577 | 1255 pts | 3M=0.54% 6M=16.3%
  [121/1000] YNK → 45.197679 | 818 pts | 3M=2.29% 6M=6.45%
  [122/1000] TUA → 1.439271 | 1255 pts | 3M=-15.73% 6M=16.04%
  [123/1000] NKL → 3.138747 | 664 pts | 3M=9.66% 6M=20.41%
  [124/1000] KAC → 3.476134 | 949 pts | 3M=9.28% 6M=19.49%
  [125/1000] BNA → 0.733124 | 1255 pts | 3M=-16.41% 6M=18.85%
  [126/1000] OYS → 9.158074 | 1255 pts | 3M=11.61% 6M=18.68%
  [127/1000] ZPK → 7.502168 | 1255 pts | 3M=8.82% 6M=18.94%
  [128/1000] AVB → 0.842304 | 1255 pts | 3M=3.23% 6M=9.06%
  [129/1000] PKV → 1.793661 | 327 pts | 3M=11.55% 6M=24.73%
  [130/1000] DMR → 54.086026 | 663 pts | 3M=4.87% 6M=10.98%
  [131/1000] IOG → 14.32274 | 1255 pts | 3M=-37.1% 6M=51.03%
  [132/1000] DOD → 64.024236 | 1115 pts | 3M=4.72% 6M=12.5%
  [133/1000] TCA → 0.795953 | 1255 pts | 3M=-16.4% 6M=8.7%
  [134/1000] KSM → 48.077678 | 545 pts | 3M=4.64% 6M=9.1%
  [135/1000] GTZ → 12.434631 | 1255 pts | 3M=-37.59% 6M=54.68%
  [136/1000] GYC → 3.686757 | 1021 pts | 3M=7.99% 6M=16.9%
  [137/1000] AL5 → 50.445442 | 845 pts | 3M=4.33% 6M=8.41%
  [138/1000] ESP → 0.484906 | 705 pts | 3M=-17.58% 6M=-47.04%
  [139/1000] FNO → 0.188868 | 1255 pts | 3M=-0.16% 6M=17.38%
  [140/1000] ZHE → 0.214901 | 1255 pts | 3M=1.01% 6M=17.18%
  [141/1000] HMV → 18.127527 | 990 pts | 3M=135.93% 6M=79.37%
  [142/1000] AVR → 0.44698 | 1255 pts | 3M=9.66% 6M=15.58%
  [143/1000] ALR → 1.996334 | 1255 pts | 3M=4.97% 6M=14.76%
  [144/1000] FMG → 3.571714 | 522 pts | 3M=-36.25% 6M=59.37%
  [145/1000] VER → 0.135484 | 1255 pts | 3M=9.24% 6M=22.97%
  [146/1000] PBR → 3.84985 | 537 pts | 3M=47.56% 6M=93.88%
  [147/1000] IDF → 71.752989 | 1255 pts | 3M=4.73% 6M=10.67%
  [148/1000] NKV → 2.047826 | 435 pts | 3M=9.72% 6M=20.66%
  [149/1000] ZA2 → 1.782616 | 419 pts | 3M=12.67% 6M=28.57%
  [150/1000] AIS → 0.095273 | 1255 pts | 3M=9.68% 6M=20.69%
  [151/1000] YPL → 68.236041 | 1255 pts | 3M=4.31% 6M=10.63%
  [152/1000] YZG → 13.802334 | 1255 pts | 3M=-38.58% 6M=55.94%
  [153/1000] PPZ → 5.838883 | 1255 pts | 3M=9.5% 6M=20.41%
  [154/1000] KNI → 1.225487 | 261 pts | 3M=9.23% 6M=19.43%
  [155/1000] BUP → 3.754833 | 839 pts | 3M=8.8% 6M=19.15%
  [156/1000] HKJ → 1.227227 | 540 pts | 3M=11.18% 6M=None%
  [157/1000] FKH → 45.605532 | 776 pts | 3M=4.27% 6M=7.91%
  [158/1000] FIL → 0.329632 | 1255 pts | 3M=9.48% 6M=20.43%
  [159/1000] PPN → 5.09817 | 1194 pts | 3M=9.96% 6M=21.0%
  [160/1000] NSD → 60.110345 | 780 pts | 3M=4.83% 6M=9.74%
  [161/1000] VET → 0.730094 | 1255 pts | 3M=2.67% 6M=7.47%
  [162/1000] YDZ → 50.982297 | 1136 pts | 3M=4.94% 6M=9.62%
  [163/1000] AH3 → 0.952416 | 1255 pts | 3M=3.63% 6M=11.65%
  [164/1000] FHP → 3.008075 | 635 pts | 3M=9.83% 6M=20.78%
  [165/1000] AHC → 0.129801 | 1255 pts | 3M=8.62% 6M=19.34%
  [166/1000] PHN → 582.805229 | 492 pts | 3M=479.94% 6M=882.62%
  [167/1000] DXP → 1.788257 | 607 pts | 3M=0.97% 6M=22.75%
  [168/1000] VEH → 1.355222 | 1255 pts | 3M=-0.22% 6M=22.51%
  [169/1000] HPH → 2.119528 | 460 pts | 3M=9.72% 6M=20.32%
  [170/1000] PDE → 1.120222 | 253 pts | 3M=-32.81% 6M=-20.4%
  [171/1000] DZ2 → 1.38375 | 318 pts | 3M=-1.8% 6M=25.32%
  [172/1000] KSA → 3.61855 | 723 pts | 3M=10.63% 6M=22.53%
  [173/1000] KHP → 1.022214 | 261 pts | 3M=-62.33% 6M=-52.75%
  [174/1000] KDV → 45.315507 | 435 pts | 3M=4.78% 6M=9.45%
  [175/1000] ZCE → 4.150188 | 919 pts | 3M=8.84% 6M=19.76%
  [176/1000] AE3 → 0.99765 | 1255 pts | 3M=3.15% 6M=29.24%
  [177/1000] GHT → 0.126997 | 1255 pts | 3M=1.0% 6M=12.99%
  [178/1000] GRA → 0.733571 | 1255 pts | 3M=-16.3% 6M=16.06%
  [179/1000] FSF → 6.126126 | 1255 pts | 3M=9.65% 6M=20.42%
  [180/1000] MT2 → 1.228264 | 355 pts | 3M=12.29% 6M=None%
  [181/1000] DBA → 0.731552 | 1255 pts | 3M=-14.96% 6M=18.62%
  [182/1000] MEA → 0.226919 | 1255 pts | 3M=-15.7% 6M=18.19%
  [183/1000] ZJB → 11.476951 | 1255 pts | 3M=-11.18% 6M=-6.39%
  [184/1000] TGV → 17.025031 | 968 pts | 3M=-80.43% 6M=-22.6%
  [185/1000] GHL → 0.152037 | 1255 pts | 3M=9.31% 6M=26.5%
  [186/1000] HB2 → 54.366457 | 312 pts | 3M=2.05% 6M=9.5%
  [187/1000] TNI → 10.092447 | 1255 pts | 3M=9.42% 6M=22.63%
  [188/1000] GHO → 0.339043 | 1255 pts | 3M=1.68% 6M=14.03%
  [189/1000] PAU → 63.082512 | 356 pts | 3M=2.28% 6M=11.63%
  [190/1000] YAY → 1526.31836 | 1255 pts | 3M=8.67% 6M=18.76%
  [191/1000] AGA → 0.841753 | 1255 pts | 3M=-16.59% 6M=18.07%
  [192/1000] T3B → 0.134473 | 828 pts | 3M=41.31% 6M=-69.32%
  [193/1000] URD → 46.19777 | 214 pts | 3M=4.95% 6M=9.91%
  [194/1000] PGH → 7.74748 | 253 pts | 3M=132.04% 6M=60.5%
  [195/1000] AVG → 0.829315 | 1255 pts | 3M=3.21% 6M=9.23%
  [196/1000] ILE → 4.582711 | 779 pts | 3M=8.76% 6M=20.56%
  [197/1000] AH8 → 0.420911 | 1255 pts | 3M=4.86% 6M=17.21%
  [198/1000] TLU → 49.828737 | 778 pts | 3M=4.55% 6M=9.05%
  [199/1000] AHL → 0.488153 | 1255 pts | 3M=1.12% 6M=23.6%
  [200/1000] AH9 → 0.994665 | 1255 pts | 3M=0.87% 6M=19.18%
  [201/1000] AZK → 0.353175 | 1255 pts | 3M=0.15% 6M=16.1%
  [202/1000] HTF → 1.283162 | 261 pts | 3M=9.66% 6M=20.31%
  [203/1000] URV → 3.515998 | 942 pts | 3M=-13.56% 6M=25.22%
  [204/1000] PKT → 1.411212 | 261 pts | 3M=9.51% 6M=20.35%
  [205/1000] KEA → 0.113942 | 1255 pts | 3M=10.68% 6M=27.44%
  [206/1000] KUT → 12.224461 | 1169 pts | 3M=-23.96% 6M=38.24%
  [207/1000] AVO → 0.127281 | 1255 pts | 3M=9.47% 6M=20.03%
  [208/1000] PTS → 1.4179 | 230 pts | 3M=9.66% 6M=20.42%
  [209/1000] VGZ → 0.091866 | 1255 pts | 3M=0.16% 6M=19.2%
  [210/1000] HSR → 0.012659 | 264 pts | 3M=-0.22% 6M=26.17%
  [211/1000] DHM → 5.100723 | 1106 pts | 3M=3.49% 6M=20.56%
  [212/1000] HFV → 59.351446 | 1090 pts | 3M=3.87% 6M=9.41%
  [213/1000] AC2 → 3.55478 | 879 pts | 3M=71.63% 6M=-33.88%
  [214/1000] FSR → 44.836844 | 600 pts | 3M=2.03% 6M=9.16%
  [215/1000] TMR → 7.020255 | 1255 pts | 3M=0.28% 6M=18.62%
  [216/1000] FJM → 53.732641 | 1225 pts | 3M=4.68% 6M=9.36%
  [217/1000] OGD → 11.458387 | 1255 pts | 3M=-15.7% 6M=16.89%
  [218/1000] ZJI → 11.996577 | 1195 pts | 3M=-10.4% 6M=-5.81%
  [219/1000] AK3 → 53.325126 | 1255 pts | 3M=5.54% 6M=37.15%
  [220/1000] CVA → 3.701445 | 978 pts | 3M=7.17% 6M=19.63%
  [221/1000] PPI → 2.031124 | 434 pts | 3M=9.35% 6M=20.5%
  [222/1000] GGA → 62.508984 | 1255 pts | 3M=4.24% 6M=9.99%
  [223/1000] AL7 → 3.353522 | 842 pts | 3M=9.27% 6M=19.72%
  [224/1000] ZYD → 4.358311 | 956 pts | 3M=9.44% 6M=20.09%
  [225/1000] HDE → 54.215239 | 490 pts | 3M=1.68% 6M=8.69%
  [226/1000] ZYC → 4.35721 | 956 pts | 3M=9.77% 6M=20.71%
  [227/1000] VES → 0.135688 | 1255 pts | 3M=6.72% 6M=18.04%
  [228/1000] MTL → 2.982477 | 496 pts | 3M=131.49% 6M=87.57%
  [229/1000] NCS → 53.446007 | 780 pts | 3M=5.04% 6M=9.99%
  [230/1000] GGJ → 0.014951 | 261 pts | 3M=-33.67% 6M=54.74%
  [231/1000] ABG → 62.244692 | 906 pts | 3M=39.37% 6M=460.68%
  [232/1000] VNK → 2.33693 | 543 pts | 3M=1.42% 6M=23.64%
  [233/1000] GUM → 13.257897 | 1255 pts | 3M=-35.62% 6M=55.98%
  [234/1000] AE2 → 0.33155 | 1255 pts | 3M=0.3% 6M=14.45%
  [235/1000] TPC → 13.181384 | 1255 pts | 3M=-19.94% 6M=20.48%
  [236/1000] VEK → 0.319554 | 1255 pts | 3M=0.34% 6M=16.1%
  [237/1000] NHV → 4.121789 | 974 pts | 3M=9.02% 6M=18.56%
  [238/1000] MZL → 0.073486 | 1255 pts | 3M=0.49% 6M=23.01%
  [239/1000] ALI → 0.584571 | 1255 pts | 3M=-1.03% 6M=16.88%
  [240/1000] BSF → 1.316854 | 432 pts | 3M=-3.33% 6M=25.17%
  [241/1000] GPC → 66.841314 | 1255 pts | 3M=3.63% 6M=9.18%
  [242/1000] YAS → 15.033866 | 1255 pts | 3M=-1.32% 6M=14.01%
  [243/1000] MZN → 0.065192 | 1255 pts | 3M=0.53% 6M=21.59%
  [244/1000] OTJ → 7.247722 | 1165 pts | 3M=-24.87% 6M=33.24%
  [245/1000] HYV → 5.621099 | 1255 pts | 3M=9.47% 6M=20.7%
  [246/1000] VMV → 2.473511 | 543 pts | 3M=9.78% 6M=21.53%
  [247/1000] HBF → 50.04015 | 1255 pts | 3M=-16.69% 6M=18.62%
  [248/1000] AFH → 0.105299 | 1255 pts | 3M=1.4% 6M=18.52%
  [249/1000] GHH → 0.375686 | 1255 pts | 3M=5.41% 6M=24.26%
  [250/1000] IOP → 5.597874 | 1255 pts | 3M=9.65% 6M=20.73%
  [251/1000] ZP6 → 54.50599 | 862 pts | 3M=4.36% 6M=8.99%
  [252/1000] AMG → 1.092091 | 1255 pts | 3M=2.9% 6M=9.51%
  [253/1000] KJM → 0.131366 | 1223 pts | 3M=-24.42% 6M=37.85%
  [254/1000] GCS → 0.105891 | 1255 pts | 3M=1.16% 6M=19.48%
  [255/1000] BDC → 8.966733 | 1017 pts | 3M=-9.41% 6M=-0.17%
  [256/1000] ABE → 0.397799 | 1255 pts | 3M=4.97% 6M=12.46%
  [257/1000] SRO → 24.4161 | 1255 pts | 3M=-6.93% 6M=19.54%
  [258/1000] HES → 0.761676 | 1255 pts | 3M=-0.67% 6M=24.06%
  [259/1000] PNU → 1.065972 | 80 pts | 3M=1.65% 6M=None%
  [260/1000] BLA → 7.181645 | 191 pts | 3M=-80.86% 6M=-23.23%
  [261/1000] SSO → 13.155089 | 1255 pts | 3M=9.09% 6M=21.23%
  [262/1000] SER → 54.157822 | 596 pts | 3M=4.83% 6M=10.65%
  [263/1000] POU → 2.335344 | 440 pts | 3M=174.27% 6M=265.19%
  [264/1000] YPV → 7.578403 | 1255 pts | 3M=-1.74% 6M=17.91%
  [265/1000] ALS → 0.995376 | 1255 pts | 3M=-0.01% 6M=18.69%
  [266/1000] MJE → 54.604309 | 761 pts | 3M=1.8% 6M=8.76%
  [267/1000] NRG → 4.940695 | 1131 pts | 3M=9.8% 6M=21.01%
  [268/1000] PUT → 7.331832 | 1255 pts | 3M=2.71% 6M=18.78%
  [269/1000] EUN → 59.475277 | 519 pts | 3M=1.33% 6M=9.45%
  [270/1000] NZT → 5.384383 | 1255 pts | 3M=9.59% 6M=20.33%
  [271/1000] BVC → 3.867062 | 1005 pts | 3M=9.62% 6M=20.36%
  [272/1000] FSK → 5.43078 | 1255 pts | 3M=9.23% 6M=20.33%
  [273/1000] IPP → 0.167573 | 1255 pts | 3M=5.04% 6M=23.71%
  [274/1000] MT9 → 0.553474 | 144 pts | 3M=-19.11% 6M=None%
  [275/1000] KEH → 0.532368 | 1255 pts | 3M=9.28% 6M=37.56%
  [276/1000] EAE → 0.014456 | 261 pts | 3M=-15.04% 6M=19.12%
  [277/1000] YMD → 52.648833 | 822 pts | 3M=4.64% 6M=9.2%
  [278/1000] AC7 → 11.397391 | 853 pts | 3M=62.4% 6M=125.36%
  [279/1000] AH4 → 0.687 | 1255 pts | 3M=1.39% 6M=11.23%
  [280/1000] GZN → 44.202498 | 1255 pts | 3M=14.45% 6M=42.38%
  [281/1000] VPS → 1.439968 | 260 pts | 3M=20.89% 6M=-48.04%
  [282/1000] KSK → 2.593383 | 597 pts | 3M=9.84% 6M=20.42%
  [283/1000] CKS → 56.93504 | 766 pts | 3M=4.82% 6M=10.32%
  [284/1000] TMV → 5.087298 | 980 pts | 3M=37.1% 6M=87.63%
  [285/1000] HYY → 12.185176 | 1255 pts | 3M=-6.31% 6M=23.49%
  [286/1000] FIB → 0.498479 | 1255 pts | 3M=-16.86% 6M=15.94%
  [287/1000] RPP → 4.396488 | 1010 pts | 3M=9.77% 6M=20.75%
  [288/1000] SDA → 46.890309 | 303 pts | 3M=4.58% 6M=9.15%
  [289/1000] IGE → 0.109839 | 1255 pts | 3M=0.56% 6M=21.48%
  [290/1000] PKU → 6.96064 | 207 pts | 3M=182.72% 6M=465.98%
  [291/1000] GHG → 1.121441 | 1255 pts | 3M=3.26% 6M=9.73%
  [292/1000] GGD → 61.225099 | 1255 pts | 3M=4.25% 6M=9.59%
  [293/1000] ZUE → 4.634168 | 978 pts | 3M=-4.17% 6M=-2.89%
  [294/1000] OSF → 98.596212 | 1255 pts | 3M=8.83% 6M=19.45%
  [295/1000] YVG → 59.580786 | 1106 pts | 3M=2.09% 6M=9.54%
  [296/1000] TLV → 1.20794 | 261 pts | 3M=10.97% 6M=-97.65%
  [297/1000] AFP → 0.093185 | 1255 pts | 3M=7.21% 6M=19.07%
  [298/1000] CFA → 0.278678 | 1255 pts | 3M=-15.03% 6M=21.24%
  [299/1000] ONB → 48.778583 | 542 pts | 3M=4.87% 6M=9.48%
  [300/1000] GKH → 3.98346 | 964 pts | 3M=9.33% 6M=19.94%
  [301/1000] NVB → 4.280547 | 947 pts | 3M=9.66% 6M=20.8%
  [302/1000] RBV → 6.161405 | 1255 pts | 3M=8.8% 6M=19.01%
  [303/1000] DP9 → 44.984611 | 825 pts | 3M=4.33% 6M=8.31%
  [304/1000] GBN → 6.10416 | 1255 pts | 3M=9.55% 6M=19.97%
  [305/1000] ONT → 49.228371 | 667 pts | 3M=4.55% 6M=9.04%
  [306/1000] DSD → 66.906605 | 1255 pts | 3M=1.41% 6M=10.15%
  [307/1000] HLR → 239.258268 | 1145 pts | 3M=64.63% 6M=90.19%
  [308/1000] CSH → 3.775817 | 802 pts | 3M=114.41% 6M=-77.72%
  [309/1000] IYS → 1.28077 | 1255 pts | 3M=1.1% 6M=22.0%
  [310/1000] NHN → 0.350981 | 1255 pts | 3M=-4.56% 6M=18.67%
  [311/1000] MZP → 0.085594 | 1255 pts | 3M=0.8% 6M=25.09%
  [312/1000] YAC → 13.800931 | 1255 pts | 3M=-0.81% 6M=16.78%
  [313/1000] PGE → 13.609895 | 207 pts | 3M=151.36% 6M=349.71%
  [314/1000] FJN → 53.537799 | 1178 pts | 3M=4.67% 6M=9.32%
  [315/1000] DLY → 5.39363 | 1255 pts | 3M=9.45% 6M=20.28%
  [316/1000] PPK → 1.997364 | 427 pts | 3M=9.53% 6M=20.13%
  [317/1000] AFA → 1.094314 | 1255 pts | 3M=5.71% 6M=13.57%
  [318/1000] KRV → 45.17714 | 586 pts | 3M=3.85% 6M=7.75%
  [319/1000] FSV → 52.832662 | 522 pts | 3M=1.55% 6M=8.23%
  [320/1000] TNA → 1.564241 | 375 pts | 3M=-3.78% 6M=30.8%
  [321/1000] KTT → 65.685344 | 1255 pts | 3M=4.31% 6M=9.31%
  [322/1000] YBR → 51.571617 | 274 pts | 3M=5.22% 6M=12.25%
  [323/1000] YBE → 1.691176 | 1255 pts | 3M=3.09% 6M=9.47%
  [324/1000] KDZ → 45.917396 | 564 pts | 3M=4.02% 6M=7.86%
  [325/1000] AJL → 59.807174 | 1255 pts | 3M=4.63% 6M=9.11%
  [326/1000] HEA → 0.636664 | 1255 pts | 3M=-16.14% 6M=12.8%
  [327/1000] NLK → 1.663697 | 314 pts | 3M=10.33% 6M=21.87%
  [328/1000] IPU → 44.68628 | 1255 pts | 3M=5.09% 6M=12.99%
  [329/1000] PYH → 7.130906 | 1255 pts | 3M=9.34% 6M=15.45%
  [330/1000] GRT → 1.587221 | 327 pts | 3M=16.69% 6M=31.49%
  [331/1000] PDH → 15.359836 | 261 pts | 3M=100.29% 6M=141.99%
  [332/1000] GOL → 2.768545 | 547 pts | 3M=-16.63% 6M=15.85%
  [333/1000] RAI → 1.930735 | 263 pts | 3M=2.7% 6M=34.5%
  [334/1000] DP1 → 17.583357 | 879 pts | 3M=-0.46% 6M=16.0%
  [335/1000] GO6 → 3.74178 | 836 pts | 3M=11.01% 6M=23.33%
  [336/1000] AL6 → 3.469541 | 842 pts | 3M=9.34% 6M=19.62%
  [337/1000] POB → 4.778422 | 440 pts | 3M=20.89% 6M=125.55%
  [338/1000] BAC → 6.478033 | 545 pts | 3M=84.3% 6M=86.37%
  [339/1000] GCK → 0.105356 | 1255 pts | 3M=5.29% 6M=20.3%
  [340/1000] KAN → 6693.207437 | 261 pts | 3M=-15.66% 6M=19.41%
  [341/1000] ZCH → 2.371459 | 919 pts | 3M=4.63% 6M=15.42%
  [342/1000] BDO → 2.906951 | 179 pts | 3M=3.57% 6M=53.99%
  [343/1000] DLN → 1.909296 | 454 pts | 3M=8.35% 6M=18.79%
  [344/1000] MAC → 0.763603 | 1255 pts | 3M=-2.46% 6M=12.42%
  [345/1000] MP4 → 2.618515 | 261 pts | 3M=74.5% 6M=66.94%
  [346/1000] DHS → 361.722856 | 1012 pts | 3M=20.58% 6M=59.19%
  [347/1000] AEN → 0.144679 | 1255 pts | 3M=6.93% 6M=24.09%
  [348/1000] TNF → 3.761561 | 823 pts | 3M=9.88% 6M=20.85%
  [349/1000] AAJ → 0.100996 | 1255 pts | 3M=3.1% 6M=19.8%
  [350/1000] AH1 → 0.336819 | 1255 pts | 3M=0.33% 6M=13.85%
  [351/1000] PKL → 2.232551 | 492 pts | 3M=9.67% 6M=20.81%
  [352/1000] BIP → 1.448611 | 241 pts | 3M=9.98% 6M=20.96%
  [353/1000] KEB → 0.14159 | 1255 pts | 3M=9.45% 6M=25.17%
  [354/1000] DOL → 49.034326 | 551 pts | 3M=4.7% 6M=9.4%
  [355/1000] POD → 64.039867 | 402 pts | 3M=2.24% 6M=11.67%
  [356/1000] MP2 → 1.743582 | 304 pts | 3M=51.44% 6M=-21.68%
  [357/1000] YIV → 3.38549 | 1020 pts | 3M=1.87% 6M=9.49%
  [358/1000] BRH → 5.702197 | 391 pts | 3M=43.0% 6M=126.36%
  [359/1000] DOC → 44.889268 | 476 pts | 3M=3.34% 6M=8.06%
  [360/1000] VEU → 0.146082 | 1255 pts | 3M=4.45% 6M=21.41%
  [361/1000] IEH → 2.406671 | 1255 pts | 3M=-2.79% 6M=26.83%
  [362/1000] IMO → 5.305357 | 1255 pts | 3M=9.94% 6M=21.58%
  [363/1000] ZHB → 0.337241 | 1255 pts | 3M=4.1% 6M=27.43%
  [364/1000] YPP → 24.047811 | 1255 pts | 3M=1.64% 6M=18.0%
  [365/1000] TMG → 1.257272 | 1255 pts | 3M=5.93% 6M=11.34%
  [366/1000] PUA → 8.985894 | 1206 pts | 3M=5.81% 6M=24.36%
  [367/1000] KNS → 3.962655 | 919 pts | 3M=9.96% 6M=21.65%
  [368/1000] VEO → 0.219085 | 1255 pts | 3M=6.98% 6M=24.01%
  [369/1000] KO4 → 52.802253 | 260 pts | 3M=1.58% 6M=8.33%
  [370/1000] BNK → 0.104319 | 1255 pts | 3M=1.32% 6M=23.0%
  [371/1000] HHY → 0.130276 | 1255 pts | 3M=-3.04% 6M=16.37%
  [372/1000] DUV → 1.195311 | 298 pts | 3M=-4.99% 6M=7.49%
  [373/1000] BVB → 4.06793 | 1005 pts | 3M=9.8% 6M=20.84%
  [374/1000] HDV → 61.844606 | 261 pts | 3M=1.95% 6M=10.97%
  [375/1000] BPH → 1.821365 | 1255 pts | 3M=-2.37% 6M=27.23%
  [376/1000] IBP → 64.33744 | 1025 pts | 3M=5.1% 6M=11.94%
  [377/1000] GUK → 1.503362 | 260 pts | 3M=-39.18% 6M=None%
  [378/1000] GPZ → 1.741753 | 1205 pts | 3M=9.67% 6M=20.68%
  [379/1000] GZP → 7.049907 | 1255 pts | 3M=4.23% 6M=18.34%
  [380/1000] MGE → 7.445189 | 620 pts | 3M=87.91% 6M=86.13%
  [381/1000] GEG → 0.713477 | 1255 pts | 3M=1.18% 6M=31.01%
  [382/1000] DK1 → 1.324221 | 349 pts | 3M=9.1% 6M=19.6%
  [383/1000] ARL → 14.94906 | 1255 pts | 3M=2.98% 6M=18.79%
  [384/1000] GCY → 0.050525 | 1069 pts | 3M=-3.25% 6M=12.19%
  [385/1000] AZV → 24.989553 | 1255 pts | 3M=4.97% 6M=12.37%
  [386/1000] GEU → 0.519006 | 1255 pts | 3M=6.19% 6M=12.51%
  [387/1000] FDE → 45.081969 | 634 pts | 3M=3.83% 6M=7.45%
  [388/1000] SKL → 1.804453 | 380 pts | 3M=9.45% 6M=20.26%
  [389/1000] AZD → 1.032673 | 1255 pts | 3M=-1.96% 6M=3.94%
  [390/1000] PPP → 2.770686 | 589 pts | 3M=9.71% 6M=20.58%
  [391/1000] ZPA → 62.338951 | 1255 pts | 3M=4.46% 6M=9.63%
  [392/1000] AH6 → 1.1294 | 1255 pts | 3M=3.31% 6M=12.46%
  [393/1000] HFA → 2.922639 | 799 pts | 3M=1.54% 6M=10.4%
  [394/1000] ATE → 0.889379 | 1255 pts | 3M=-3.71% 6M=16.41%
  [395/1000] ITL → 4.000444 | 895 pts | 3M=11.01% 6M=23.41%
  [396/1000] TI2 → 0.129995 | 1255 pts | 3M=0.13% 6M=23.16%
  [397/1000] RVS → 2.632949 | 516 pts | 3M=-6.26% 6M=-5.32%
  [398/1000] HSA → 1540.705301 | 1255 pts | 3M=3.72% 6M=16.25%
  [399/1000] ADP → 1.299809 | 1255 pts | 3M=-10.34% 6M=18.08%
  [400/1000] FS4 → 7.900051 | 549 pts | 3M=85.68% 6M=89.78%
  [401/1000] KEU → 50.069242 | 435 pts | 3M=2.08% 6M=9.16%
  [402/1000] DKP → 45.134819 | 505 pts | 3M=3.87% 6M=None%
  [403/1000] SRA → 19.725425 | 638 pts | 3M=50.25% 6M=41.97%
  [404/1000] ALU → 0.321359 | 1255 pts | 3M=0.36% 6M=27.45%
  [405/1000] FDY → 45.216427 | 660 pts | 3M=3.84% 6M=7.44%
  [406/1000] MHT → 0.097156 | 1255 pts | 3M=-1.64% 6M=18.44%
  [407/1000] DTV → 63.624431 | 1131 pts | 3M=5.22% 6M=12.06%
  [408/1000] IPE → 9.170814 | 1255 pts | 3M=5.71% 6M=23.09%
  [409/1000] GCT → 0.06953 | 1069 pts | 3M=8.51% 6M=22.33%
  [410/1000] GEK → 0.404338 | 1255 pts | 3M=-0.16% 6M=13.72%
  [411/1000] VKE → 0.089539 | 1255 pts | 3M=7.37% 6M=22.97%
  [412/1000] GEA → 0.312965 | 1255 pts | 3M=7.11% 6M=30.6%
  [413/1000] VGB → 0.157534 | 1255 pts | 3M=8.4% 6M=25.28%
  [414/1000] KKP → 46.296311 | 489 pts | 3M=2.91% 6M=7.24%
  [415/1000] SPE → 99.618829 | 1255 pts | 3M=6.0% 6M=13.67%
  [416/1000] YPU → 62.009581 | 261 pts | 3M=2.35% 6M=11.81%
  [417/1000] OYL → 0.143722 | 1255 pts | 3M=9.24% 6M=19.8%
  [418/1000] KOA → 0.101041 | 1255 pts | 3M=3.26% 6M=19.73%
  [419/1000] VYB → 0.26942 | 1255 pts | 3M=7.47% 6M=28.9%
  [420/1000] HKV → 525.808083 | 1255 pts | 3M=8.92% 6M=19.6%
  [421/1000] FEI → 0.090108 | 1255 pts | 3M=2.24% 6M=20.14%
  [422/1000] GHD → 0.13788 | 1255 pts | 3M=0.91% 6M=20.58%
  [423/1000] DDC → 11.034432 | 1255 pts | 3M=111.18% 6M=118.08%
  [424/1000] KOS → 0.094503 | 1255 pts | 3M=7.09% 6M=22.29%
  [425/1000] YHS → 25.380673 | 1255 pts | 3M=-0.55% 6M=26.72%
  [426/1000] ZHG → 0.063097 | 1255 pts | 3M=0.95% 6M=13.98%
  [427/1000] USS → 3.394578 | 745 pts | 3M=10.02% 6M=22.15%
  [428/1000] AJE → 58.811391 | 1255 pts | 3M=4.71% 6M=9.35%
  [429/1000] TCB → 0.208052 | 1255 pts | 3M=9.54% 6M=20.15%
  [430/1000] FYD → 11.683194 | 1255 pts | 3M=-1.12% 6M=23.13%
  [431/1000] HGT → 88.520371 | 1121 pts | 3M=4.38% 6M=10.61%
  [432/1000] GBP → 66.060959 | 978 pts | 3M=0.67% 6M=8.98%
  [433/1000] TGE → 0.281453 | 1255 pts | 3M=11.09% 6M=40.17%
  [434/1000] KPC → 19.535939 | 1255 pts | 3M=9.27% 6M=35.2%
  [435/1000] SVY → 1.672535 | 462 pts | 3M=3.78% 6M=54.67%
  [436/1000] GCN → 0.062719 | 1069 pts | 3M=15.63% 6M=26.71%
  [437/1000] KGM → 3.063171 | 419 pts | 3M=-35.92% 6M=54.62%
  [438/1000] BFO → 49.837772 | 238 pts | 3M=4.76% 6M=11.15%
  [439/1000] IAS → 2.175199 | 1255 pts | 3M=6.49% 6M=25.12%
  [440/1000] DMG → 7.149847 | 1046 pts | 3M=-35.31% 6M=57.76%
  [441/1000] THV → 77.390725 | 1255 pts | 3M=-80.25% 6M=-21.83%
  [442/1000] BHT → 0.123285 | 1235 pts | 3M=20.46% 6M=30.42%
  [443/1000] KPI → 1.307141 | 261 pts | 3M=9.48% 6M=19.93%
  [444/1000] AMR → 0.507211 | 1255 pts | 3M=3.39% 6M=9.69%
  [445/1000] TNK → 30.135241 | 1255 pts | 3M=8.09% 6M=18.97%
  [446/1000] GEI → 92.2874 | 1255 pts | 3M=84.89% 6M=83.09%
  [447/1000] AVT → 201.219055 | 1255 pts | 3M=8.73% 6M=20.18%
  [448/1000] TBJ → 0.07171 | 1145 pts | 3M=10.79% 6M=19.47%
  [449/1000] EBS → 45.515167 | 142 pts | 3M=4.33% 6M=9.45%
  [450/1000] MPD → 56.576217 | 1255 pts | 3M=4.76% 6M=9.38%
  [451/1000] TGT → 0.107077 | 1255 pts | 3M=8.15% 6M=19.39%
  [452/1000] BIK → 1.442367 | 217 pts | 3M=10.62% 6M=-9.37%
  [453/1000] IER → 0.373765 | 1255 pts | 3M=9.25% 6M=20.99%
  [454/1000] OJT → 10.952347 | 1255 pts | 3M=11.91% 6M=17.8%
  [455/1000] MTK → 1.508777 | 261 pts | 3M=1.28% 6M=28.61%
  [456/1000] OND → 45.071898 | 400 pts | 3M=3.86% 6M=None%
  [457/1000] GAS → 0.296129 | 1255 pts | 3M=4.15% 6M=9.14%
  [458/1000] ARM → 17.669715 | 1255 pts | 3M=-0.12% 6M=19.82%
  [459/1000] GVB → 63.099366 | 995 pts | 3M=3.62% 6M=10.47%
  [460/1000] NTO → 60.983781 | 941 pts | 3M=5.87% 6M=13.44%
  [461/1000] KOE → 0.085847 | 1255 pts | 3M=5.85% 6M=22.41%
  [462/1000] HVV → 64.712025 | 1255 pts | 3M=3.98% 6M=9.64%
  [463/1000] HJA → 28.160803 | 1251 pts | 3M=58.34% 6M=44.72%
  [464/1000] RRA → 1.331731 | 261 pts | 3M=10.22% 6M=21.94%
  [465/1000] IIS → 86.856832 | 1255 pts | 3M=18.36% 6M=31.92%
  [466/1000] YZD → 0.058424 | 1121 pts | 3M=14.69% 6M=24.67%
  [467/1000] CJH → 58.337664 | 1133 pts | 3M=2.08% 6M=9.36%
  [468/1000] RTA → 1.733576 | 623 pts | 3M=45.82% 6M=35.92%
  [469/1000] HTS → 51.983921 | 261 pts | 3M=6.32% 6M=10.47%
  [470/1000] PBH → 1.321271 | 492 pts | 3M=-81.67% 6M=-74.08%
  [471/1000] IJH → 6.668301 | 1245 pts | 3M=3.17% 6M=16.45%
  [472/1000] KSY → 9.759566 | 1255 pts | 3M=8.15% 6M=21.2%
  [473/1000] FYT → 0.326459 | 1255 pts | 3M=8.15% 6M=18.99%
  [474/1000] ZPC → 18.478622 | 1255 pts | 3M=0.41% 6M=13.98%
  [475/1000] NTB → 5.604888 | 996 pts | 3M=-0.78% 6M=24.2%
  [476/1000] DOS → 65.258723 | 1255 pts | 3M=3.9% 6M=11.35%
  [477/1000] ARP → 40.574826 | 1255 pts | 3M=-5.66% 6M=23.67%
  [478/1000] BKO → 1.135811 | 117 pts | 3M=9.51% 6M=None%
  [479/1000] NUG → 45.929425 | 505 pts | 3M=4.46% 6M=9.45%
  [480/1000] IJV → 4.994103 | 1255 pts | 3M=9.8% 6M=20.84%
  [481/1000] IDL → 5.348747 | 1255 pts | 3M=9.54% 6M=20.37%
  [482/1000] GBL → 0.77234 | 1255 pts | 3M=9.67% 6M=20.55%
  [483/1000] GHS → 39.290178 | 1255 pts | 3M=0.49% 6M=30.59%
  [484/1000] NNF → 22.059318 | 1255 pts | 3M=-8.56% 6M=5.68%
  [485/1000] TTE → 1.499339 | 1255 pts | 3M=28.75% 6M=45.9%
  [486/1000] PRU → 3.172796 | 778 pts | 3M=12.2% 6M=26.36%
  [487/1000] KTR → 9.483792 | 1255 pts | 3M=9.03% 6M=19.28%
  [488/1000] AUA → 0.163275 | 1255 pts | 3M=-5.0% 6M=17.12%
  [489/1000] FLS → 57.440171 | 324 pts | 3M=1.36% 6M=9.67%
  [490/1000] IPK → 49.861855 | 1255 pts | 3M=6.34% 6M=9.86%
  [491/1000] DUD → 47.833885 | 261 pts | 3M=1.97% 6M=8.01%
  [492/1000] UPP → 6.24249 | 1255 pts | 3M=9.61% 6M=20.46%
  [493/1000] NAU → 3.112043 | 536 pts | 3M=-16.06% 6M=15.64%
  [494/1000] GSP → 0.543136 | 1255 pts | 3M=7.77% 6M=38.23%
  [495/1000] MT8 → 1.913134 | 261 pts | 3M=70.72% 6M=None%
  [496/1000] GHE → 1.100612 | 1255 pts | 3M=2.62% 6M=25.79%
  [497/1000] ILP → 58.021722 | 744 pts | 3M=4.15% 6M=10.03%
  [498/1000] SPA → 63.16914 | 1255 pts | 3M=4.39% 6M=11.73%
  [499/1000] HVS → 1.574896 | 1255 pts | 3M=3.57% 6M=29.58%
  [500/1000] ROD → 52.049882 | 887 pts | 3M=4.75% 6M=9.7%
  [501/1000] TRR → 5.711781 | 1255 pts | 3M=9.45% 6M=20.01%
  [502/1000] ZSN → 52.463657 | 822 pts | 3M=6.01% 6M=11.33%
  [503/1000] CFO → 2.229334 | 473 pts | 3M=9.77% 6M=20.75%
  [504/1000] IAC → 4.11561 | 1003 pts | 3M=8.17% 6M=11.95%
  [505/1000] IEA → 0.4995 | 1255 pts | 3M=3.34% 6M=10.62%
  [506/1000] FFC → 0.091998 | 994 pts | 3M=11.52% 6M=26.08%
  [507/1000] AAL → 3.182752 | 1255 pts | 3M=9.45% 6M=20.62%
  [508/1000] RBP → 1.989555 | 412 pts | 3M=10.45% 6M=22.13%
  [509/1000] ATK → 0.22375 | 1255 pts | 3M=0.37% 6M=17.82%
  [510/1000] GUC → 1.296818 | 261 pts | 3M=10.04% 6M=21.09%
  [511/1000] IJC → 14.236184 | 1255 pts | 3M=29.33% 6M=39.87%
  [512/1000] GGK → 13.692298 | 1255 pts | 3M=-17.09% 6M=15.39%
  [513/1000] YUN → 53.964094 | 974 pts | 3M=4.11% 6M=10.14%
  [514/1000] AVD → 0.784569 | 1255 pts | 3M=1.06% 6M=25.57%
  [515/1000] NMG → 120.679961 | 605 pts | 3M=9.5% 6M=18.63%
  [516/1000] AEB → 2.001781 | 1255 pts | 3M=3.78% 6M=32.91%
  [517/1000] BPL → 0.36903 | 1255 pts | 3M=9.37% 6M=21.2%
  [518/1000] OJY → 73.843293 | 1183 pts | 3M=11.82% 6M=20.43%
  [519/1000] KKL → 2.173042 | 498 pts | 3M=11.62% 6M=24.84%
  [520/1000] BLH → 46.64 | 704 pts | 3M=-11.97% 6M=18.2%
  [521/1000] VKI → 2.771069 | 728 pts | 3M=9.19% 6M=18.98%
  [522/1000] YLZ → 3.835409 | 261 pts | 3M=39.7% 6M=-93.16%
  [523/1000] GUH → 0.367814 | 1255 pts | 3M=10.48% 6M=17.11%
  [524/1000] TLK → 1.570262 | 294 pts | 3M=9.32% 6M=19.8%
  [525/1000] RBE → 3.786229 | 803 pts | 3M=9.8% 6M=20.63%
  [526/1000] ZSB → 9.572295 | 1010 pts | 3M=24.38% 6M=50.58%
  [527/1000] PO7 → 0.923048 | 275 pts | 3M=17.15% 6M=18.74%
  [528/1000] KGC → 0.017207 | 261 pts | 3M=-32.14% 6M=61.86%
  [529/1000] UPD → 20.466659 | 1255 pts | 3M=2.69% 6M=10.51%
  [530/1000] FET → 0.115188 | 1255 pts | 3M=9.47% 6M=20.62%
  [531/1000] BCC → 64.129623 | 569 pts | 3M=15.07% 6M=30.64%
  [532/1000] ONF → 61.386488 | 261 pts | 3M=2.25% 6M=228.96%
  [533/1000] GGM → 7.502701 | 1255 pts | 3M=9.93% 6M=20.85%
  [534/1000] DKY → 45.00477 | 433 pts | 3M=5.27% 6M=8.89%
  [535/1000] GKB → 0.17859 | 1255 pts | 3M=6.02% 6M=15.05%
  [536/1000] PSD → 49.975145 | 343 pts | 3M=4.44% 6M=10.6%
  [537/1000] VGH → 0.17714 | 1255 pts | 3M=4.8% 6M=23.7%
  [538/1000] GMA → 1.933982 | 1255 pts | 3M=4.45% 6M=23.15%
  [539/1000] TAU → 0.659209 | 1255 pts | 3M=-10.85% 6M=18.61%
  [540/1000] ZR2 → 1.248132 | 849 pts | 3M=-0.91% 6M=14.22%
  [541/1000] MHK → 0.108076 | 1255 pts | 3M=-0.94% 6M=15.82%
  [542/1000] FFP → 7.296923 | 1255 pts | 3M=0.1% 6M=20.61%
  [543/1000] HGU → 4.434046 | 843 pts | 3M=6.75% 6M=24.77%
  [544/1000] PBF → 1.817549 | 597 pts | 3M=6.59% 6M=-5.74%
  [545/1000] DPL → 95.73999 | 1255 pts | 3M=2.11% 6M=7.79%
  [546/1000] TRN → 1.346778 | 994 pts | 3M=8.78% 6M=0.09%
  [547/1000] TTV → 7.874052 | 1255 pts | 3M=9.27% 6M=18.13%
  [548/1000] HPT → 0.101168 | 1255 pts | 3M=8.16% 6M=18.87%
  [549/1000] PRV → 1.191739 | 261 pts | 3M=10.15% 6M=None%
  [550/1000] UHL → 68.120777 | 881 pts | 3M=4.2% 6M=10.28%
  [551/1000] BVZ → 3.983516 | 771 pts | 3M=10.17% 6M=21.22%
  [552/1000] IIA → 6.321383 | 903 pts | 3M=40.24% 6M=54.41%
  [553/1000] TI3 → 0.120601 | 1255 pts | 3M=-4.08% 6M=15.77%
  [554/1000] IIN → 1.239211 | 261 pts | 3M=10.11% 6M=21.67%
  [555/1000] GBV → 11.400281 | 1162 pts | 3M=7.15% 6M=16.22%
  [556/1000] AC8 → 194.307408 | 853 pts | 3M=-36.58% 6M=-9.92%
  [557/1000] DBG → 0.578702 | 1255 pts | 3M=5.32% 6M=10.27%
  [558/1000] HAE → 52.238728 | 856 pts | 3M=4.33% 6M=8.93%
  [559/1000] BOS → 1.418979 | 138 pts | 3M=1.27% 6M=-7.12%
  [560/1000] IYP → 3.087721 | 1255 pts | 3M=-20.12% 6M=1.2%
  [561/1000] RPU → 3.272893 | 728 pts | 3M=8.87% 6M=19.1%
  [562/1000] AYJ → 0.09598 | 1255 pts | 3M=6.99% 6M=22.9%
  [563/1000] LFD → 8.236267 | 1132 pts | 3M=5.93% 6M=25.62%
  [564/1000] KCL → 1.65768 | 328 pts | 3M=1.65% 6M=23.78%
  [565/1000] TPJ → 72.24748 | 1255 pts | 3M=3.68% 6M=9.35%
  [566/1000] ITD → 63.079166 | 871 pts | 3M=3.19% 6M=8.56%
  [567/1000] TJT → 63.531252 | 1081 pts | 3M=1.31% 6M=9.69%
  [568/1000] TPE → 0.507578 | 1255 pts | 3M=4.79% 6M=12.13%
  [569/1000] DKA → 45.034121 | 640 pts | 3M=5.26% 6M=7.07%
  [570/1000] GMO → 2.862755 | 261 pts | 3M=-20.44% 6M=-12.12%
  [571/1000] TI4 → 0.059674 | 1255 pts | 3M=7.63% 6M=21.31%
  [572/1000] RBA → 21.489601 | 1255 pts | 3M=-15.52% 6M=16.63%
  [573/1000] RKL → 2.898022 | 714 pts | 3M=-8.24% 6M=20.2%
  [574/1000] KEG → 0.259561 | 1255 pts | 3M=2.39% 6M=16.8%
  [575/1000] IIH → 32.708865 | 1255 pts | 3M=0.12% 6M=24.64%
  [576/1000] GED → 0.218514 | 1255 pts | 3M=4.58% 6M=34.73%
  [577/1000] THO → 46.984334 | 851 pts | 3M=2.79% 6M=7.98%
  [578/1000] SPN → 9.055209 | 1255 pts | 3M=8.08% 6M=16.86%
  [579/1000] ONY → 62.045518 | 252 pts | 3M=2.02% 6M=11.15%
  [580/1000] FKV → 45.225245 | 522 pts | 3M=3.62% 6M=7.24%
  [581/1000] ZKK → 23.68961 | 822 pts | 3M=2.11% 6M=9.49%
  [582/1000] KCV → 4.693026 | 848 pts | 3M=9.94% 6M=29.17%
  [583/1000] IMH → 6.206578 | 1255 pts | 3M=6.11% 6M=17.68%
  [584/1000] MHH → 0.547609 | 1255 pts | 3M=-1.25% 6M=25.59%
  [585/1000] GBH → 4.140814 | 797 pts | 3M=2.44% 6M=28.6%
  [586/1000] BKY → 46.101058 | 157 pts | 3M=5.1% 6M=9.83%
  [587/1000] PPT → 2.869359 | 615 pts | 3M=10.7% 6M=23.17%
  [588/1000] TGN → 1.284354 | 261 pts | 3M=9.72% 6M=20.54%
  [589/1000] MPL → 1.831356 | 355 pts | 3M=11.39% 6M=23.66%
  [590/1000] MJK → 35.319742 | 1178 pts | 3M=-5.16% 6M=16.38%
  [591/1000] IGZ → 10.539565 | 1102 pts | 3M=5.72% 6M=14.79%
  [592/1000] KKO → 45.639184 | 430 pts | 3M=3.36% 6M=7.06%
  [593/1000] ZK1 → 47.176779 | 352 pts | 3M=4.47% 6M=8.88%
  [594/1000] TRJ → 1.875572 | 304 pts | 3M=13.44% 6M=30.5%
  [595/1000] SAT → 264.619348 | 261 pts | 3M=6.18% 6M=19.75%
  [596/1000] IRY → 3.532055 | 745 pts | 3M=9.83% 6M=21.23%
  [597/1000] SYF → 267.367635 | 261 pts | 3M=9.49% 6M=20.02%
  [598/1000] PPD → 32.994717 | 1255 pts | 3M=1.86% 6M=36.82%
  [599/1000] BLD → 1.479719 | 261 pts | 3M=9.42% 6M=20.01%
  [600/1000] HUI → 86.580189 | 1068 pts | 3M=-6.7% 6M=18.95%
  [601/1000] ALC → 0.368026 | 1255 pts | 3M=4.75% 6M=33.47%
  [602/1000] BPU → 0.694137 | 1255 pts | 3M=3.17% 6M=9.37%
  [603/1000] HVB → 1.765587 | 1090 pts | 3M=98.27% 6M=103.5%
  [604/1000] OFO → 64.318429 | 912 pts | 3M=1.84% 6M=9.16%
  [605/1000] MHD → 0.387599 | 1255 pts | 3M=3.89% 6M=8.77%
  [606/1000] NES → 2.017786 | 504 pts | 3M=3.0% 6M=23.27%
  [607/1000] TTS → 64.817762 | 1255 pts | 3M=3.49% 6M=10.76%
  [608/1000] YPI → 52.573123 | 434 pts | 3M=3.65% 6M=9.83%
  [609/1000] KMF → 3.398912 | 625 pts | 3M=-13.13% 6M=18.56%
  [610/1000] AGH → 0.81912 | 1255 pts | 3M=6.52% 6M=25.66%
  [611/1000] KTZ → 0.093844 | 1255 pts | 3M=5.12% 6M=17.02%
  [612/1000] YEF → 0.956698 | 1255 pts | 3M=9.37% 6M=39.5%
  [613/1000] AER → 0.137193 | 1255 pts | 3M=9.55% 6M=26.11%
  [614/1000] NUB → 56.391729 | 505 pts | 3M=2.31% 6M=9.87%
  [615/1000] GAU → 61.338749 | 1170 pts | 3M=4.87% 6M=11.21%
  [616/1000] IHK → 16.95795 | 1255 pts | 3M=-1.8% 6M=22.14%
  [617/1000] AG3 → 2.349863 | 1255 pts | 3M=0.87% 6M=24.22%
  [618/1000] VEB → 0.225325 | 1255 pts | 3M=7.68% 6M=29.51%
  [619/1000] PPS → 4.091997 | 1040 pts | 3M=-0.96% 6M=16.75%
  [620/1000] IPV → 72.924779 | 1255 pts | 3M=4.11% 6M=11.39%
  [621/1000] THH → 154.37391 | 851 pts | 3M=41.36% 6M=81.3%
  [622/1000] GZJ → 8.183716 | 1255 pts | 3M=-0.14% 6M=19.23%
  [623/1000] MHL → 0.151224 | 1255 pts | 3M=9.64% 6M=21.38%
  [624/1000] IST → 0.172216 | 1255 pts | 3M=9.95% 6M=21.18%
  [625/1000] TIE → 0.755999 | 1255 pts | 3M=9.48% 6M=40.06%
  [626/1000] YOT → 36.167907 | 1255 pts | 3M=0.5% 6M=14.62%
  [627/1000] GFH → 0.073264 | 1120 pts | 3M=3.47% 6M=23.64%
  [628/1000] ODS → 65.849964 | 1255 pts | 3M=2.33% 6M=6.73%
  [629/1000] HSP → 45.268635 | 624 pts | 3M=4.43% 6M=8.84%
  [630/1000] KKT → 2.766381 | 707 pts | 3M=9.35% 6M=19.64%
  [631/1000] CBO → 267.832675 | 261 pts | 3M=9.52% 6M=20.07%
  [632/1000] LTS → 3.807072 | 677 pts | 3M=52.71% 6M=74.03%
  [633/1000] ZK2 → 54.971619 | 352 pts | 3M=2.07% 6M=9.44%
  [634/1000] YHT → 0.370085 | 1255 pts | 3M=8.2% 6M=19.54%
  [635/1000] POH → 1.110715 | 312 pts | 3M=4.17% 6M=34.93%
  [636/1000] ZNF → 51.846154 | 822 pts | 3M=2.14% 6M=9.46%
  [637/1000] ZPN → 66.853108 | 1130 pts | 3M=4.46% 6M=9.74%
  [638/1000] GZE → 7.313628 | 1197 pts | 3M=0.65% 6M=32.81%
  [639/1000] HIH → 1.405538 | 261 pts | 3M=-2.44% 6M=21.63%
  [640/1000] HFS → 0.013095 | 344 pts | 3M=3.13% 6M=22.09%
  [641/1000] VEY → 0.381985 | 1255 pts | 3M=9.31% 6M=20.05%
  [642/1000] DNA → 9.410081 | 736 pts | 3M=59.17% 6M=63.0%
  [643/1000] KES → 0.196678 | 1255 pts | 3M=3.51% 6M=8.25%
  [644/1000] AGE → 0.174824 | 1255 pts | 3M=8.64% 6M=21.33%
  [645/1000] HMG → 0.061099 | 1255 pts | 3M=4.47% 6M=8.98%
  [646/1000] GUA → 5.450843 | 1255 pts | 3M=5.05% 6M=15.17%
  [647/1000] GKK → 60.83974 | 1255 pts | 3M=3.98% 6M=10.04%
  [648/1000] RDH → 4.34081 | 591 pts | 3M=15.22% 6M=11.6%
  [649/1000] CJG → 61.215805 | 1247 pts | 3M=2.94% 6M=9.14%
  [650/1000] DSV → 45.800045 | 398 pts | 3M=1.34% 6M=5.34%
  [651/1000] ZTF → 6.729565 | 1019 pts | 3M=9.92% 6M=20.93%
  [652/1000] CJF → 60.909348 | 1247 pts | 3M=3.96% 6M=10.04%
  [653/1000] NFF → 1.214083 | 473 pts | 3M=-6.39% 6M=-4.28%
  [654/1000] FI3 → 726.2751 | 1255 pts | 3M=1.39% 6M=14.69%
  [655/1000] AES → 0.180383 | 1255 pts | 3M=65.03% 6M=86.43%
  [656/1000] INV → 42.648407 | 1004 pts | 3M=8.74% 6M=18.6%
  [657/1000] BNB → 0.122657 | 1255 pts | 3M=9.13% 6M=20.57%
  [658/1000] DP6 → 44.920681 | 843 pts | 3M=7.23% 6M=13.67%
  [659/1000] CVB → 3.823492 | 978 pts | 3M=9.06% 6M=21.04%
  [660/1000] YOA → 82.996664 | 1255 pts | 3M=4.13% 6M=10.77%
  [661/1000] YBJ → 54.581127 | 567 pts | 3M=4.32% 6M=10.55%
  [662/1000] TKK → 1.69219 | 1255 pts | 3M=-1.33% 6M=27.16%
  [663/1000] FYA → 0.053955 | 1255 pts | 3M=12.54% 6M=31.78%
  [664/1000] YPN → 63.011767 | 330 pts | 3M=2.26% 6M=11.6%
  [665/1000] EKF → 0.125378 | 1255 pts | 3M=10.2% 6M=21.53%
  [666/1000] GAE → 0.458367 | 1255 pts | 3M=8.68% 6M=37.74%
  [667/1000] YAN → 13.172316 | 1255 pts | 3M=3.53% 6M=17.43%
  [668/1000] HAM → 3.063779 | 531 pts | 3M=-14.68% 6M=20.25%
  [669/1000] PYI → 4.713997 | 261 pts | 3M=217.67% 6M=464.38%
  [670/1000] YBS → 0.129222 | 1255 pts | 3M=9.52% 6M=21.01%
  [671/1000] VCG → 5.083106 | 983 pts | 3M=9.68% 6M=20.43%
  [672/1000] KRH → 1.350114 | 261 pts | 3M=-1.3% 6M=18.56%
  [673/1000] ITZ → 56.138983 | 575 pts | 3M=5.39% 6M=12.26%
  [674/1000] ZHD → 0.371047 | 1255 pts | 3M=3.54% 6M=8.13%
  [675/1000] DK8 → 45.143673 | 742 pts | 3M=7.97% 6M=13.01%
  [676/1000] ZP9 → 57.273925 | 862 pts | 3M=1.88% 6M=8.89%
  [677/1000] UST → 3.717625 | 799 pts | 3M=9.68% 6M=20.72%
  [678/1000] DAE → 3.466896 | 324 pts | 3M=64.98% 6M=42.69%
  [679/1000] ZAY → 5.772937 | 1255 pts | 3M=8.61% 6M=18.07%
  [680/1000] DNM → 48.46195 | 490 pts | 3M=0.32% 6M=10.36%
  [681/1000] HKH → 8.341399 | 955 pts | 3M=-7.55% 6M=6.23%
  [682/1000] TYH → 2.079048 | 1255 pts | 3M=-3.44% 6M=24.58%
  [683/1000] EPP → 1.306785 | 261 pts | 3M=9.86% 6M=20.96%
  [684/1000] ZCF → 3.740234 | 919 pts | 3M=8.45% 6M=24.65%
  [685/1000] ILU → 1.084734 | 261 pts | 3M=-27.6% 6M=15.93%
  [686/1000] FJZ → 61.572761 | 1225 pts | 3M=4.66% 6M=11.17%
  [687/1000] KLT → 0.031339 | 823 pts | 3M=6.92% 6M=24.19%
  [688/1000] YHP → 4.078727 | 1255 pts | 3M=1.93% 6M=27.34%
  [689/1000] EIH → 1.231548 | 1255 pts | 3M=0.03% 6M=28.9%
  [690/1000] FTM → 52.370921 | 600 pts | 3M=4.92% 6M=9.85%
  [691/1000] ZHF → 0.131695 | 1255 pts | 3M=6.85% 6M=20.73%
  [692/1000] HKR → 3.948709 | 856 pts | 3M=1.67% 6M=21.46%
  [693/1000] KDO → 53.255639 | 261 pts | 3M=2.25% 6M=None%
  [694/1000] ODV → 19.325535 | 1255 pts | 3M=-2.78% 6M=20.26%
  [695/1000] GNL → 56.423152 | 575 pts | 3M=4.8% 6M=11.73%
  [696/1000] DTP → 1.843817 | 444 pts | 3M=3.39% 6M=12.62%
  [697/1000] DRD → 52.965267 | 503 pts | 3M=1.93% 6M=8.64%
  [698/1000] SYS → 45.886546 | 261 pts | 3M=2.49% 6M=7.07%
  [699/1000] KHA → 3.280282 | 572 pts | 3M=20.89% 6M=51.62%
  [700/1000] SVS → 2.533915 | 681 pts | 3M=5.56% 6M=25.24%
  [701/1000] NBO → 1.336505 | 224 pts | 3M=10.26% 6M=23.39%
  [702/1000] DP5 → 75.203921 | 845 pts | 3M=-2.38% 6M=2.44%
  [703/1000] KUP → 46.37236 | 480 pts | 3M=1.58% 6M=5.12%
  [704/1000] AYR → 0.124441 | 1255 pts | 3M=9.56% 6M=20.17%
  [705/1000] FES → 0.110516 | 1255 pts | 3M=3.91% 6M=16.92%
  [706/1000] KRS → 0.483677 | 1255 pts | 3M=-1.29% 6M=7.99%
  [707/1000] GFI → 49.821531 | 327 pts | 3M=3.73% 6M=10.61%
  [708/1000] GBZ → 3.392229 | 952 pts | 3M=6.07% 6M=29.47%
  [709/1000] RPO → 6.59275 | 1010 pts | 3M=-0.54% 6M=23.12%
  [710/1000] RAY → 3.665464 | 792 pts | 3M=9.29% 6M=19.83%
  [711/1000] IEE → 0.779073 | 1255 pts | 3M=0.79% 6M=25.08%
  [712/1000] TSP → 65.192835 | 1255 pts | 3M=4.51% 6M=11.11%
  [713/1000] SSF → 0.986227 | 383 pts | 3M=-7.3% 6M=2.2%
  [714/1000] ONN → 5.744764 | 1255 pts | 3M=9.27% 6M=20.05%
  [715/1000] BRZ → 50.949906 | 465 pts | 3M=3.92% 6M=10.49%
  [716/1000] HHB → 0.277966 | 1255 pts | 3M=-3.44% 6M=15.28%
  [717/1000] ZP7 → 63.291524 | 862 pts | 3M=1.2% 6M=9.41%
  [718/1000] IAT → 0.177794 | 1255 pts | 3M=8.04% 6M=18.23%
  [719/1000] BSM → 1.47043 | 260 pts | 3M=20.73% 6M=44.81%
  [720/1000] YTD → 0.798103 | 1255 pts | 3M=-4.67% 6M=4.35%
  [721/1000] GCV → 0.096911 | 1255 pts | 3M=9.0% 6M=20.68%
  [722/1000] OUY → 61.54259 | 1069 pts | 3M=2.56% 6M=9.09%
  [723/1000] AKU → 0.94247 | 1255 pts | 3M=8.59% 6M=38.85%
  [724/1000] FCS → 2.051344 | 435 pts | 3M=10.45% 6M=21.31%
  [725/1000] BBN → 0.675762 | 217 pts | 3M=16.67% 6M=-41.77%
  [726/1000] IBR → 0.266546 | 1255 pts | 3M=10.35% 6M=21.72%
  [727/1000] MKG → 17.202186 | 1255 pts | 3M=-15.53% 6M=18.24%
  [728/1000] ORI → 56.433303 | 597 pts | 3M=3.99% 6M=9.82%
  [729/1000] VKJ → 0.093955 | 1255 pts | 3M=9.31% 6M=20.73%
  [730/1000] DID → 1.347971 | 261 pts | 3M=4.36% 6M=16.42%
  [731/1000] HDS → 15.3656 | 1255 pts | 3M=6.92% 6M=17.11%
  [732/1000] FS3 → 1.813904 | 619 pts | 3M=15.36% 6M=1.89%
  [733/1000] BZY → 0.071579 | 1113 pts | 3M=15.63% 6M=29.16%
  [734/1000] AC4 → 3.521407 | 879 pts | 3M=9.98% 6M=21.79%
  [735/1000] NFK → 4.659019 | 821 pts | 3M=-11.88% 6M=6.17%
  [736/1000] RPX → 58.759936 | 961 pts | 3M=4.8% 6M=9.56%
  [737/1000] MPF → 7.422014 | 1255 pts | 3M=8.98% 6M=19.18%
  [738/1000] CHH → 1.664369 | 1255 pts | 3M=1.96% 6M=27.55%
  [739/1000] IV6 → 60.368742 | 845 pts | 3M=4.7% 6M=10.77%
  [740/1000] GGR → 63.253107 | 1255 pts | 3M=4.33% 6M=9.44%
  [741/1000] GMP → 57.596304 | 1255 pts | 3M=2.82% 6M=9.47%
  [742/1000] FPH → 33.648161 | 1255 pts | 3M=2.1% 6M=22.93%
  [743/1000] TPP → 68.185828 | 1255 pts | 3M=5.57% 6M=34.91%
  [744/1000] HOA → 0.217595 | 1255 pts | 3M=6.68% 6M=13.58%
  [745/1000] ZMT → 58.699924 | 665 pts | 3M=2.29% 6M=9.98%
  [746/1000] AJA → 0.327816 | 1255 pts | 3M=1.55% 6M=24.5%
  [747/1000] IMY → 69.255756 | 1255 pts | 3M=4.41% 6M=9.67%
  [748/1000] PIS → 1.276884 | 261 pts | 3M=11.3% 6M=24.9%
  [749/1000] LGK → 1.272357 | 294 pts | 3M=9.22% 6M=18.55%
  [750/1000] SAS → 1.678738 | 546 pts | 3M=-1.29% 6M=25.74%
  [751/1000] RSZ → 6.712433 | 634 pts | 3M=196.51% 6M=302.93%
  [752/1000] NKK → 7.759969 | 1008 pts | 3M=5.41% 6M=18.91%
  [753/1000] NKJ → 14.404262 | 1172 pts | 3M=-1.34% 6M=19.28%
  [754/1000] NSP → 1.635048 | 312 pts | 3M=9.72% 6M=20.44%
  [755/1000] RIK → 5.472608 | 786 pts | 3M=-0.36% 6M=22.3%
  [756/1000] BEH → 1.442723 | 1255 pts | 3M=2.58% 6M=23.24%
  [757/1000] FJG → 0.149218 | 1255 pts | 3M=0.31% 6M=18.96%
  [758/1000] GSE → 60.112276 | 1255 pts | 3M=5.07% 6M=10.6%
  [759/1000] TCD → 45.410537 | 1255 pts | 3M=6.1% 6M=28.33%
  [760/1000] EIL → 4.662558 | 1255 pts | 3M=9.74% 6M=21.4%
  [761/1000] FVL → 4.386133 | 975 pts | 3M=9.8% 6M=20.77%
  [762/1000] SMP → 1.032249 | 723 pts | 3M=1.37% 6M=0.5%
  [763/1000] GDP → 61.950116 | 1255 pts | 3M=4.09% 6M=10.14%
  [764/1000] AUG → 0.632931 | 1255 pts | 3M=4.23% 6M=10.45%
  [765/1000] BAS → 50.169791 | 343 pts | 3M=4.43% 6M=10.55%
  [766/1000] TCS → 41.103991 | 1255 pts | 3M=6.15% 6M=38.94%
  [767/1000] AVN → 0.119526 | 1255 pts | 3M=2.93% 6M=20.87%
  [768/1000] FUB → 0.701166 | 1255 pts | 3M=2.98% 6M=9.34%
  [769/1000] TLE → 26.498949 | 1255 pts | 3M=7.39% 6M=14.26%
  [770/1000] NSA → 2.25778 | 529 pts | 3M=9.58% 6M=20.53%
  [771/1000] HET → 0.101679 | 1255 pts | 3M=1.56% 6M=22.94%
  [772/1000] VPP → 48.436044 | 261 pts | 3M=8.39% 6M=1047.54%
  [773/1000] NLL → 3.450654 | 261 pts | 3M=58.9% 6M=235.88%
  [774/1000] PJL → 4.615639 | 1177 pts | 3M=9.41% 6M=20.23%
  [775/1000] ZCD → 4.289502 | 919 pts | 3M=-3.82% 6M=7.99%
  [776/1000] TJL → 20.432599 | 1218 pts | 3M=-5.31% 6M=22.65%
  [777/1000] GVI → 5.411883 | 1023 pts | 3M=-2.88% 6M=19.56%
  [778/1000] HPF → 31.970389 | 1255 pts | 3M=6.95% 6M=-6.08%
  [779/1000] POF → 7.207681 | 293 pts | 3M=70.29% 6M=112.46%
  [780/1000] NAL → 1.862741 | 177 pts | 3M=23.51% 6M=62.45%
  [781/1000] DVU → 7.644985 | 988 pts | 3M=6.07% 6M=27.47%
  [782/1000] DPE → 21.025749 | 1255 pts | 3M=3.54% 6M=9.25%
  [783/1000] RPG → 6.033819 | 1010 pts | 3M=-16.82% 6M=17.71%
  [784/1000] PMG → 1.561396 | 274 pts | 3M=4.16% 6M=22.02%
  [785/1000] GTN → 48.703993 | 294 pts | 3M=4.3% 6M=10.42%
  [786/1000] AHJ → 0.099133 | 1255 pts | 3M=9.36% 6M=21.63%
  [787/1000] AJG → 0.304927 | 1255 pts | 3M=9.72% 6M=30.22%
  [788/1000] ACU → 52.777566 | 1255 pts | 3M=5.1% 6M=10.28%
  [789/1000] AIR → 153.026676 | 1255 pts | 3M=4.35% 6M=9.88%
  [790/1000] BOE → 39.59 | 704 pts | 3M=4.82% 6M=35.58%
  [791/1000] NP1 → 4.458607 | 828 pts | 3M=-19.89% 6M=7.91%
  [792/1000] BNO → 0.047662 | 943 pts | 3M=3.79% 6M=23.98%
  [793/1000] OHB → 23.283903 | 1255 pts | 3M=-0.04% 6M=28.33%
  [794/1000] IGF → 63.180199 | 1102 pts | 3M=5.0% 6M=11.74%
  [795/1000] FNT → 1.994976 | 677 pts | 3M=-0.48% 6M=16.39%
  [796/1000] TI7 → 72.595089 | 1255 pts | 3M=1.71% 6M=15.6%
  [797/1000] EIK → 0.566045 | 1255 pts | 3M=2.69% 6M=7.85%
  [798/1000] AEU → 0.398463 | 1255 pts | 3M=6.55% 6M=36.15%
  [799/1000] ILC → 47.600675 | 779 pts | 3M=4.31% 6M=8.94%
  [800/1000] NBZ → 67.403992 | 1255 pts | 3M=4.84% 6M=9.95%
  [801/1000] RE8 → 3.503797 | 261 pts | 3M=-13.2% 6M=66.38%
  [802/1000] NSH → 1.95388 | 430 pts | 3M=9.3% 6M=19.04%
  [803/1000] TCI → 10.23641 | 1255 pts | 3M=9.73% 6M=19.42%
  [804/1000] NLD → 50.538068 | 259 pts | 3M=4.42% 6M=10.45%
  [805/1000] EIE → 0.677808 | 1255 pts | 3M=2.19% 6M=20.39%
  [806/1000] TBV → 0.366187 | 1255 pts | 3M=9.99% 6M=20.82%
  [807/1000] ZPG → 9.55972 | 1255 pts | 3M=8.26% 6M=18.1%
  [808/1000] FDV → 5.227511 | 1025 pts | 3M=10.18% 6M=28.83%
  [809/1000] HPO → 0.153188 | 1255 pts | 3M=7.31% 6M=18.99%
  [810/1000] IPJ → 19.127173 | 1255 pts | 3M=14.81% 6M=28.55%
  [811/1000] DVZ → 61.709242 | 1091 pts | 3M=3.93% 6M=10.03%
  [812/1000] GYN → 62.850384 | 911 pts | 3M=3.91% 6M=10.08%
  [813/1000] CYD → 54.431884 | 344 pts | 3M=2.28% 6M=9.74%
  [814/1000] YUK → 47.032123 | 487 pts | 3M=2.63% 6M=7.23%
  [815/1000] HIP → 1.920089 | 426 pts | 3M=9.75% 6M=20.89%
  [816/1000] UP1 → 6.127242 | 860 pts | 3M=-14.37% 6M=18.69%
  [817/1000] DNP → 1.272775 | 261 pts | 3M=9.61% 6M=20.45%
  [818/1000] NJF → 12.219619 | 1163 pts | 3M=-11.45% 6M=19.02%
  [819/1000] ZJR → 6.561972 | 1224 pts | 3M=-2.3% 6M=27.28%
  [820/1000] YP2 → 68.229968 | 867 pts | 3M=3.06% 6M=8.61%
  [821/1000] FJC → 55.716066 | 1178 pts | 3M=4.91% 6M=9.78%
  [822/1000] FZJ → 5.217501 | 1163 pts | 3M=2.39% 6M=17.7%
  [823/1000] USY → 0.237289 | 1255 pts | 3M=4.03% 6M=20.22%
  [824/1000] KKV → 0.021936 | 537 pts | 3M=8.43% 6M=18.73%
  [825/1000] VGF → 0.184516 | 1255 pts | 3M=2.62% 6M=25.58%
  [826/1000] ULH → 6.350352 | 858 pts | 3M=5.21% 6M=14.68%
  [827/1000] ZJT → 63.431729 | 1224 pts | 3M=4.5% 6M=9.95%
  [828/1000] GZB → 6.631013 | 1255 pts | 3M=7.35% 6M=25.23%
  [829/1000] AG4 → 0.520608 | 1255 pts | 3M=4.95% 6M=17.42%
  [830/1000] NJR → 5.104906 | 1163 pts | 3M=10.21% 6M=21.09%
  [831/1000] FPG → 2.318305 | 275 pts | 3M=-35.71% 6M=54.37%
  [832/1000] OMG → 1.723282 | 439 pts | 3M=4.25% 6M=32.38%
  [833/1000] GL1 → 1421.164997 | 1255 pts | 3M=0.01% 6M=28.47%
  [834/1000] BPE → 0.759926 | 1255 pts | 3M=0.87% 6M=26.37%
  [835/1000] IPB → 0.846193 | 1255 pts | 3M=15.71% 6M=26.02%
  [836/1000] MLS → 16.562968 | 1255 pts | 3M=4.31% 6M=9.93%
  [837/1000] AYA → 18.922965 | 1255 pts | 3M=-1.38% 6M=20.25%
  [838/1000] FFH → 7.915479 | 1255 pts | 3M=6.87% 6M=25.69%
  [839/1000] BDA → 53.289129 | 160 pts | 3M=2.31% 6M=9.41%
  [840/1000] YCP → 8.802154 | 1036 pts | 3M=-11.61% 6M=17.26%
  [841/1000] GPB → 11.137272 | 1255 pts | 3M=6.53% 6M=19.36%
  [842/1000] HOY → 0.327356 | 1255 pts | 3M=3.57% 6M=12.69%
  [843/1000] SPP → 1.40482 | 261 pts | 3M=10.5% 6M=20.99%
  [844/1000] BMU → 1.459725 | 217 pts | 3M=75.3% 6M=64.25%
  [845/1000] FSM → 9.042191 | 481 pts | 3M=113.03% 6M=158.87%
  [846/1000] IUZ → 4.220518 | 1066 pts | 3M=9.47% 6M=20.41%
  [847/1000] PUC → 6.5297 | 1255 pts | 3M=9.9% 6M=20.8%
  [848/1000] GPM → 57.818975 | 835 pts | 3M=3.08% 6M=9.65%
  [849/1000] GUB → 2.28044 | 499 pts | 3M=9.73% 6M=20.51%
  [850/1000] YUI → 1.86427 | 940 pts | 3M=-4.65% 6M=24.09%
  [851/1000] ZPE → 32.647511 | 1255 pts | 3M=4.65% 6M=25.22%
  [852/1000] ENF → 0.017027 | 294 pts | 3M=11.55% 6M=22.53%
  [853/1000] GDV → 0.085465 | 1255 pts | 3M=9.47% 6M=20.21%
  [854/1000] MHE → 0.204836 | 1255 pts | 3M=4.5% 6M=20.81%
  [855/1000] SLR → 0.312529 | 153 pts | 3M=-8.87% 6M=-9.65%
  [856/1000] YDI → 0.445561 | 1255 pts | 3M=-2.02% 6M=22.28%
  [857/1000] IIE → 8.931599 | 867 pts | 3M=25.67% 6M=-8.72%
  [858/1000] VEG → 0.306381 | 1255 pts | 3M=0.48% 6M=10.71%
  [859/1000] DCE → 67.930329 | 895 pts | 3M=4.87% 6M=11.76%
  [860/1000] SKS → 47.077845 | 195 pts | 3M=3.7% 6M=9.67%
  [861/1000] IGM → 61.616338 | 1102 pts | 3M=4.17% 6M=9.96%
  [862/1000] TFF → 35.555331 | 1255 pts | 3M=8.67% 6M=10.48%
  [863/1000] SLF → 10.038658 | 1255 pts | 3M=9.57% 6M=20.43%
  [864/1000] DGH → 9.516197 | 1255 pts | 3M=10.09% 6M=21.48%
  [865/1000] GTM → 7.822358 | 964 pts | 3M=5.18% 6M=35.19%
  [866/1000] GHU → 0.302439 | 1255 pts | 3M=8.29% 6M=36.9%
  [867/1000] GCC → 5.24984 | 905 pts | 3M=-13.76% 6M=6.67%
  [868/1000] AFV → 0.527864 | 1255 pts | 3M=-0.13% 6M=11.93%
  [869/1000] APG → 0.267974 | 1255 pts | 3M=4.08% 6M=20.72%
  [870/1000] YDL → 55.353777 | 584 pts | 3M=4.63% 6M=10.53%
  [871/1000] YTJ → 65.476494 | 1032 pts | 3M=4.63% 6M=11.66%
  [872/1000] HPL → 2.524993 | 1145 pts | 3M=-9.17% 6M=-30.82%
  [873/1000] IV2 → 18.674001 | 863 pts | 3M=68.47% 6M=131.02%
  [874/1000] YPF → 9.083071 | 1255 pts | 3M=7.77% 6M=28.34%
  [875/1000] KSP → 60.861272 | 261 pts | 3M=1.55% 6M=10.04%
  [876/1000] OTF → 6.192927 | 1255 pts | 3M=8.6% 6M=18.36%
  [877/1000] UCN → 2.08738 | 719 pts | 3M=1.89% 6M=19.45%
  [878/1000] PUV → 53.150272 | 1255 pts | 3M=4.9% 6M=None%
  [879/1000] THF → 2.123635 | 304 pts | 3M=13.91% 6M=41.59%
  [880/1000] AL4 → 3.548083 | 845 pts | 3M=9.2% 6M=18.86%
  [881/1000] ORC → 1.411588 | 350 pts | 3M=3.05% 6M=24.84%
  [882/1000] YZH → 11.323404 | 1255 pts | 3M=-10.71% 6M=19.4%
  [883/1000] BVF → 1.24777 | 226 pts | 3M=9.84% 6M=21.62%
  [884/1000] BOP → 45.854268 | 128 pts | 3M=4.84% 6M=None%
  [885/1000] OSL → 0.138477 | 1255 pts | 3M=9.18% 6M=20.26%
  [886/1000] SYL → 4056.624591 | 818 pts | 3M=-8.52% 6M=20.8%
  [887/1000] MJG → 11.361289 | 1247 pts | 3M=-37.14% 6M=51.08%
  [888/1000] IFD → 56.022272 | 776 pts | 3M=3.69% 6M=8.76%
  [889/1000] IBB → 14.226491 | 1255 pts | 3M=3.62% 6M=17.91%
  [890/1000] HVK → 5.0891 | 1090 pts | 3M=10.57% 6M=21.7%
  [891/1000] JUP → 0.502873 | 418 pts | 3M=3.56% 6M=1.28%
  [892/1000] YDM → 1.604331 | 299 pts | 3M=8.78% 6M=21.36%
  [893/1000] NSY → 1.304677 | 261 pts | 3M=5.54% 6M=23.35%
  [894/1000] RPT → 4.586315 | 987 pts | 3M=9.65% 6M=20.53%
  [895/1000] TAZ → 2.345192 | 620 pts | 3M=10.94% 6M=32.38%
  [896/1000] YAK → 4.817389 | 1255 pts | 3M=2.86% 6M=22.43%
  [897/1000] BBS → 1.395448 | 232 pts | 3M=12.8% 6M=28.6%
  [898/1000] AZS → 0.123469 | 1255 pts | 3M=2.89% 6M=21.14%
  [899/1000] BIO → 2.437608 | 643 pts | 3M=-1.77% 6M=23.16%
  [900/1000] PYS → 55.344606 | 834 pts | 3M=3.49% 6M=9.96%
  [901/1000] ICG → 65.475544 | 1255 pts | 3M=3.52% 6M=9.15%
  [902/1000] ICF → 185.131694 | 1255 pts | 3M=2.03% 6M=21.29%
  [903/1000] ILZ → 7.567015 | 1255 pts | 3M=2.88% 6M=17.65%
  [904/1000] PHY → 7.807695 | 261 pts | 3M=69.85% 6M=148.09%
  [905/1000] BHH → 0.605398 | 612 pts | 3M=-40.79% 6M=-59.58%
  [906/1000] GZR → 11.661729 | 1255 pts | 3M=3.67% 6M=29.25%
  [907/1000] GPN → 1.232635 | 260 pts | 3M=9.39% 6M=20.05%
  [908/1000] AP6 → 8.852013 | 572 pts | 3M=16.41% 6M=-50.16%
  [909/1000] JOT → 54.156864 | 515 pts | 3M=4.06% 6M=9.79%
  [910/1000] DYJ → 45.201731 | 969 pts | 3M=3.95% 6M=None%
  [911/1000] TE3 → 38.158678 | 1255 pts | 3M=5.13% 6M=32.66%
  [912/1000] AN1 → 98.831281 | 1255 pts | 3M=14.04% 6M=24.25%
  [913/1000] FZP → 6.035362 | 1255 pts | 3M=7.75% 6M=19.63%
  [914/1000] FUS → 4237 | 1260 pts | 3M=4.57% 6M=7.89%
  [915/1000] OFK → 48.585985 | 824 pts | 3M=4.24% 6M=8.33%
  [916/1000] GHK → 0.784107 | 1255 pts | 3M=3.39% 6M=9.98%
  [917/1000] IDH → 12.548854 | 1255 pts | 3M=3.57% 6M=18.68%
  [918/1000] MSK → 3.509355 | 756 pts | 3M=8.39% 6M=19.6%
  [919/1000] DIP → 1.394247 | 260 pts | 3M=9.99% 6M=21.0%
  [920/1000] AKE → 0.489737 | 1255 pts | 3M=3.28% 6M=8.43%
  [921/1000] ATJ → 21.927407 | 1255 pts | 3M=0.82% 6M=26.61%
  [922/1000] BHO → 1.1251 | 117 pts | 3M=8.41% 6M=None%
  [923/1000] SNY → 2.762227 | 382 pts | 3M=82.68% 6M=127.01%
  [924/1000] IML → 1.654557 | 385 pts | 3M=-2.36% 6M=25.7%
  [925/1000] NBH → 5.929735 | 1255 pts | 3M=13.13% 6M=28.63%
  [926/1000] PTF → 1.312907 | 261 pts | 3M=6.05% 6M=19.65%
  [927/1000] BJD → 49.628784 | 1227 pts | 3M=4.37% 6M=8.79%
  [928/1000] DAV → 54.577183 | 398 pts | 3M=2.21% 6M=9.35%
  [929/1000] KZO → 1.997752 | 260 pts | 3M=1.05% 6M=68.97%
  [930/1000] ITR → 3.937789 | 871 pts | 3M=8.7% 6M=18.92%
  [931/1000] ZDZ → 12.531503 | 1255 pts | 3M=5.66% 6M=2.55%
  [932/1000] FFF → 62.424089 | 869 pts | 3M=2.99% 6M=10.66%
  [933/1000] NSS → 59.713315 | 884 pts | 3M=5.6% 6M=9.39%
  [934/1000] ABJ → 0.767563 | 862 pts | 3M=21.83% 6M=-65.2%
  [935/1000] YHK → 1.866925 | 524 pts | 3M=10.75% 6M=43.15%
  [936/1000] TKF → 64.239675 | 1255 pts | 3M=3.03% 6M=25.16%
  [937/1000] CPU → 3.160449 | 624 pts | 3M=15.72% 6M=32.61%
  [938/1000] DFO → 3.459156 | 714 pts | 3M=9.65% 6M=32.74%
  [939/1000] FYO → 1.053972 | 1255 pts | 3M=9.74% 6M=20.51%
  [940/1000] HYU → 1.598352 | 315 pts | 3M=9.24% 6M=19.91%
  [941/1000] BAL → 46.524464 | 159 pts | 3M=4.6% 6M=10.48%
  [942/1000] THK → 0.014787 | 275 pts | 3M=9.92% 6M=20.63%
  [943/1000] HII → 3.091609 | 1255 pts | 3M=4.05% 6M=9.7%
  [944/1000] FGF → 0.072771 | 1255 pts | 3M=0.61% 6M=15.31%
  [945/1000] IKP → 8.757874 | 1255 pts | 3M=14.32% 6M=28.63%
  [946/1000] CVD → 59.409402 | 978 pts | 3M=4.84% 6M=9.49%
  [947/1000] FSG → 3.701697 | 815 pts | 3M=2.37% 6M=23.98%
  [948/1000] ZLG → 60.247815 | 1178 pts | 3M=3.88% 6M=9.41%
  [949/1000] AOY → 0.357947 | 1255 pts | 3M=5.6% 6M=26.53%
  [950/1000] RAN → 54.13951 | 515 pts | 3M=5.0% 6M=11.51%
  [951/1000] PTL → 1.654872 | 314 pts | 3M=9.57% 6M=20.4%
  [952/1000] GRL → 1.7325 | 514 pts | 3M=3.17% 6M=25.3%
  [953/1000] PPG → 1.292981 | 261 pts | 3M=9.38% 6M=19.95%
  [954/1000] ADE → 0.863209 | 1255 pts | 3M=-3.58% 6M=13.24%
  [955/1000] RBH → 31.298268 | 1255 pts | 3M=7.61% 6M=31.35%
  [956/1000] DBH → 0.352719 | 1255 pts | 3M=3.93% 6M=9.42%
  [957/1000] RSF → 3.916636 | 1197 pts | 3M=9.26% 6M=18.98%
  [958/1000] TGZ → 5.468642 | 968 pts | 3M=11.68% 6M=22.03%
  [959/1000] TZP → 12.535811 | 1255 pts | 3M=11.04% 6M=21.35%
  [960/1000] NYH → 57.824734 | 996 pts | 3M=4.71% 6M=9.42%
  [961/1000] YUY → 1.001098 | 974 pts | 3M=0.01% 6M=-0.0%
  [962/1000] AP2 → 3.453655 | 875 pts | 3M=54.69% 6M=11.83%
  [963/1000] RAV → 1.345308 | 241 pts | 3M=6.6% 6M=20.59%
  [964/1000] YOS → 53.287239 | 261 pts | 3M=2.34% 6M=1211.53%
  [965/1000] BGH → 2.099888 | 717 pts | 3M=-7.2% 6M=21.3%
  [966/1000] ICZ → 8.277842 | 1255 pts | 3M=20.18% 6M=36.57%
  [967/1000] GES → 0.152736 | 1255 pts | 3M=7.46% 6M=23.56%
  [968/1000] CRL → 45.478744 | 261 pts | 3M=4.89% 6M=1808.28%
  [969/1000] VED → 0.082457 | 1255 pts | 3M=8.98% 6M=19.89%
  [970/1000] PTC → 61.294123 | 1103 pts | 3M=4.26% 6M=11.29%
  [971/1000] GYL → 12.963321 | 1255 pts | 3M=8.73% 6M=19.58%
  [972/1000] KNZ → 66.139994 | 966 pts | 3M=3.37% 6M=9.8%
  [973/1000] P1A → 1.33731 | 261 pts | 3M=10.5% 6M=23.19%
  [974/1000] PDD → 5.385855 | 1255 pts | 3M=8.15% 6M=17.12%
  [975/1000] OZC → 2.68294 | 1031 pts | 3M=-20.34% 6M=-10.46%
  [976/1000] FYH → 81.686537 | 1255 pts | 3M=-4.16% 6M=10.26%
  [977/1000] FID → 0.999759 | 1255 pts | 3M=2.59% 6M=17.94%
  [978/1000] GMC → 8.339815 | 976 pts | 3M=-38.34% 6M=57.28%
  [979/1000] AHB → 1.3379 | 1255 pts | 3M=0.55% 6M=23.5%
  [980/1000] AO1 → 0.095184 | 1255 pts | 3M=9.25% 6M=20.75%
  [981/1000] NIS → 1.528575 | 281 pts | 3M=8.84% 6M=23.02%
  [982/1000] YHZ → 8.310116 | 1255 pts | 3M=23.99% 6M=41.32%
  [983/1000] HZV → 5.758018 | 1021 pts | 3M=5.31% 6M=17.41%
  [984/1000] EDT → 2.002821 | 433 pts | 3M=9.46% 6M=19.98%
  [985/1000] URS → 3.59075 | 942 pts | 3M=7.4% 6M=24.91%
  [986/1000] ISR → 18.079741 | 1255 pts | 3M=0.63% 6M=13.04%
  [987/1000] YIS → 1.262129 | 261 pts | 3M=9.63% 6M=20.49%
  [988/1000] SRE → 59.378282 | 824 pts | 3M=1.03% 6M=10.61%
  [989/1000] YIT → 2.356889 | 315 pts | 3M=23.16% 6M=51.06%
  [990/1000] IMG → 46.477338 | 471 pts | 3M=3.39% 6M=6.87%
  [991/1000] KLM → 62.218074 | 845 pts | 3M=5.17% 6M=11.96%
  [992/1000] BHS → 0.123801 | 1235 pts | 3M=3.47% 6M=25.9%
  [993/1000] IUC → 1.903103 | 991 pts | 3M=8.14% 6M=2.95%
  [994/1000] DSC → 62.153554 | 1255 pts | 3M=3.94% 6M=9.47%
  [995/1000] VVA → 0.26151 | 1255 pts | 3M=3.46% 6M=31.13%
  [996/1000] URA → 1.940325 | 371 pts | 3M=-2.42% 6M=11.14%
  [997/1000] KNJ → 1.909881 | 552 pts | 3M=16.59% 6M=43.82%
  [998/1000] YFV → 0.096594 | 1255 pts | 3M=7.8% 6M=18.8%
  [999/1000] NOI → 1.305773 | 261 pts | 3M=9.88% 6M=18.82%
  [1000/1000] DOH → 2.014114 | 261 pts | 3M=12.63% 6M=34.91%
  Chrome tab closed

[TEFAS SCRAPER v2] Done — 1000 scraped, 0 errors, last_ok=DOH
  Upserted 1000/1000 rows to funds table
  system_status updated
