2026-05-06 12:24:16,599 [INFO] === ETF Sparkline Backfill started at 2026-05-06T12:24:16.599514 ===
2026-05-06 12:24:16,599 [INFO] Supabase: https://oqkobptbvcazifpvjwfz.supabase.co
2026-05-06 12:24:17,166 [INFO] Found 1000 ETFs in foreign_etfs
2026-05-06 12:26:37,369 [INFO] Already complete (>=252 rows): 770 ETFs
2026-05-06 12:26:37,371 [INFO]   Already have: AGG (501 rows)
2026-05-06 12:26:37,371 [INFO]   Already have: BND (501 rows)
2026-05-06 12:26:37,371 [INFO]   Already have: CAFG (501 rows)
2026-05-06 12:26:37,371 [INFO]   Already have: CAFX (411 rows)
2026-05-06 12:26:37,371 [INFO]   Already have: CALF (501 rows)
2026-05-06 12:26:37,371 [INFO]   ... and 765 more
2026-05-06 12:26:37,371 [INFO] Need to fetch: 230 ETFs
2026-05-06 12:26:37,371 [INFO]   Will fetch: CAIE (217 existing rows)
2026-05-06 12:26:37,371 [INFO]   Will fetch: CAIQ (113 existing rows)
2026-05-06 12:26:37,371 [INFO]   Will fetch: CAM (146 existing rows)
2026-05-06 12:26:37,371 [INFO]   Will fetch: CBOL (140 existing rows)
2026-05-06 12:26:37,371 [INFO]   Will fetch: CBOO (145 existing rows)
2026-05-06 12:26:37,372 [INFO]   Will fetch: CBOX (13 existing rows)
2026-05-06 12:26:37,372 [INFO]   Will fetch: CBOY (209 existing rows)
2026-05-06 12:26:37,372 [INFO]   Will fetch: CBTL (140 existing rows)
2026-05-06 12:26:37,372 [INFO]   Will fetch: CBTO (145 existing rows)
2026-05-06 12:26:37,372 [INFO]   Will fetch: CBTY (209 existing rows)
2026-05-06 12:26:37,372 [INFO]   ... and 220 more
2026-05-06 12:26:37,372 [INFO] [1/230] Processing CAIE (has 217 rows)...
2026-05-06 12:26:37,926 [INFO] CAIE: fetched 217 price records
2026-05-06 12:26:38,099 [INFO]   CAIE: upserted=0 errors=0 (total: inserted=0 errors=0)
2026-05-06 12:26:38,641 [INFO] [2/230] Processing CAIQ (has 113 rows)...
2026-05-06 12:26:38,762 [INFO] CAIQ: fetched 113 price records
2026-05-06 12:26:38,917 [INFO]   CAIQ: upserted=0 errors=0 (total: inserted=0 errors=0)
2026-05-06 12:26:39,460 [INFO] [3/230] Processing CAM (has 146 rows)...
2026-05-06 12:26:39,577 [INFO] CAM: fetched 146 price records
2026-05-06 12:26:39,734 [INFO]   CAM: upserted=0 errors=0 (total: inserted=0 errors=0)
2026-05-06 12:26:40,276 [INFO] [4/230] Processing CBOL (has 140 rows)...
2026-05-06 12:26:40,394 [INFO] CBOL: fetched 140 price records
2026-05-06 12:26:40,544 [INFO]   CBOL: upserted=0 errors=0 (total: inserted=0 errors=0)
2026-05-06 12:26:41,093 [INFO] [5/230] Processing CBOO (has 145 rows)...
2026-05-06 12:26:41,209 [INFO] CBOO: fetched 145 price records
2026-05-06 12:26:41,369 [INFO]   CBOO: upserted=0 errors=0 (total: inserted=0 errors=0)
2026-05-06 12:26:41,918 [INFO] [6/230] Processing CBOX (has 13 rows)...
2026-05-06 12:26:42,049 [INFO] CBOX: fetched 13 price records
2026-05-06 12:26:42,204 [INFO]   CBOX: upserted=0 errors=0 (total: inserted=0 errors=0)
2026-05-06 12:26:42,751 [INFO] [7/230] Processing CBOY (has 209 rows)...
2026-05-06 12:26:42,943 [INFO] CBOY: fetched 209 price records
2026-05-06 12:26:43,092 [INFO]   CBOY: upserted=0 errors=0 (total: inserted=0 errors=0)
2026-05-06 12:26:43,638 [INFO] [8/230] Processing CBTL (has 140 rows)...
2026-05-06 12:26:43,804 [INFO] CBTL: fetched 140 price records
2026-05-06 12:26:43,954 [INFO]   CBTL: upserted=0 errors=0 (total: inserted=0 errors=0)
2026-05-06 12:26:44,503 [INFO] [9/230] Processing CBTO (has 145 rows)...
2026-05-06 12:26:44,739 [INFO] CBTO: fetched 145 price records
2026-05-06 12:26:44,891 [INFO]   CBTO: upserted=0 errors=0 (total: inserted=0 errors=0)
2026-05-06 12:26:45,433 [INFO] [10/230] Processing CBTY (has 209 rows)...
2026-05-06 12:26:45,562 [INFO] CBTY: fetched 209 price records
2026-05-06 12:26:45,712 [INFO]   CBTY: upserted=0 errors=0 (total: inserted=0 errors=0)
2026-05-06 12:26:46,260 [INFO] [11/230] Processing CBXL (has 140 rows)...
2026-05-06 12:26:46,377 [INFO] CBXL: fetched 140 price records
2026-05-06 12:26:46,509 [INFO]   CBXL: upserted=0 errors=0 (total: inserted=0 errors=0)
2026-05-06 12:26:47,054 [INFO] [12/230] Processing CBXO (has 145 rows)...
2026-05-06 12:26:47,167 [INFO] CBXO: fetched 145 price records
2026-05-06 12:26:47,302 [INFO]   CBXO: upserted=0 errors=0 (total: inserted=0 errors=0)
2026-05-06 12:26:47,840 [INFO] [13/230] Processing CBXY (has 209 rows)...
2026-05-06 12:26:47,967 [INFO] CBXY: fetched 209 price records
2026-05-06 12:26:48,102 [INFO]   CBXY: upserted=0 errors=0 (total: inserted=0 errors=0)
2026-05-06 12:26:48,651 [INFO] [14/230] Processing CCFE (has 225 rows)...
2026-05-06 12:26:48,797 [INFO] CCFE: fetched 225 price records
2026-05-06 12:26:48,945 [INFO]   CCFE: upserted=0 errors=0 (total: inserted=0 errors=0)
2026-05-06 12:26:49,495 [INFO] [15/230] Processing CCOM (has 68 rows)...
2026-05-06 12:26:49,606 [INFO] CCOM: fetched 68 price records
2026-05-06 12:26:49,748 [INFO]   CCOM: upserted=0 errors=0 (total: inserted=0 errors=0)
2026-05-06 12:26:50,291 [INFO] [16/230] Processing CCUP (has 185 rows)...
2026-05-06 12:26:50,481 [INFO] CCUP: fetched 185 price records
2026-05-06 12:26:50,614 [INFO]   CCUP: upserted=0 errors=0 (total: inserted=0 errors=0)
2026-05-06 12:26:51,164 [INFO] [17/230] Processing CDIG (has 159 rows)...
2026-05-06 12:26:51,350 [INFO] CDIG: fetched 159 price records
2026-05-06 12:26:51,485 [INFO]   CDIG: upserted=0 errors=0 (total: inserted=0 errors=0)
2026-05-06 12:26:52,035 [INFO] [18/230] Processing CEFZ (has 190 rows)...
2026-05-06 12:26:52,227 [INFO] CEFZ: fetched 190 price records
2026-05-06 12:26:52,362 [INFO]   CEFZ: upserted=0 errors=0 (total: inserted=0 errors=0)
2026-05-06 12:26:52,902 [INFO] [19/230] Processing CEGX (has 206 rows)...
2026-05-06 12:26:53,090 [INFO] CEGX: fetched 206 price records
2026-05-06 12:26:53,224 [INFO]   CEGX: upserted=0 errors=0 (total: inserted=0 errors=0)
2026-05-06 12:26:53,771 [INFO] [20/230] Processing CGGG (has 216 rows)...
2026-05-06 12:26:53,912 [INFO] CGGG: fetched 216 price records
2026-05-06 12:26:54,050 [INFO]   CGGG: upserted=0 errors=0 (total: inserted=0 errors=0)
2026-05-06 12:26:54,598 [INFO] [21/230] Processing CGHY (has 216 rows)...
2026-05-06 12:26:54,719 [INFO] CGHY: fetched 216 price records
2026-05-06 12:26:54,857 [INFO]   CGHY: upserted=0 errors=0 (total: inserted=0 errors=0)
2026-05-06 12:26:55,398 [INFO] [22/230] Processing CGVV (has 216 rows)...
2026-05-06 12:26:55,578 [INFO] CGVV: fetched 216 price records
2026-05-06 12:26:55,716 [INFO]   CGVV: upserted=0 errors=0 (total: inserted=0 errors=0)
2026-05-06 12:26:56,254 [INFO] [23/230] Processing CHNL (has 24 rows)...
2026-05-06 12:26:56,365 [INFO] CHNL: fetched 24 price records
2026-05-06 12:26:56,502 [INFO]   CHNL: upserted=0 errors=0 (total: inserted=0 errors=0)
2026-05-06 12:26:57,039 [INFO] [24/230] Processing CHNU (has 24 rows)...
2026-05-06 12:26:57,147 [INFO] CHNU: fetched 24 price records
2026-05-06 12:26:57,278 [INFO]   CHNU: upserted=0 errors=0 (total: inserted=0 errors=0)
2026-05-06 12:26:57,826 [INFO] [25/230] Processing CHPX (has 149 rows)...
2026-05-06 12:26:57,942 [INFO] CHPX: fetched 149 price records
2026-05-06 12:26:58,073 [INFO]   CHPX: upserted=0 errors=0 (total: inserted=0 errors=0)
2026-05-06 12:26:58,623 [INFO] [26/230] Processing CHRI (has 154 rows)...
2026-05-06 12:26:58,736 [INFO] CHRI: fetched 154 price records
2026-05-06 12:26:58,870 [INFO]   CHRI: upserted=0 errors=0 (total: inserted=0 errors=0)
2026-05-06 12:26:59,413 [INFO] [27/230] Processing CIFG (has 99 rows)...
2026-05-06 12:26:59,525 [INFO] CIFG: fetched 99 price records
2026-05-06 12:26:59,668 [INFO]   CIFG: upserted=0 errors=0 (total: inserted=0 errors=0)
2026-05-06 12:27:00,204 [INFO] [28/230] Processing CIFU (has 112 rows)...
2026-05-06 12:27:00,316 [INFO] CIFU: fetched 112 price records
2026-05-06 12:27:00,459 [INFO]   CIFU: upserted=0 errors=0 (total: inserted=0 errors=0)
2026-05-06 12:27:01,008 [INFO] [29/230] Processing CLCG (has 198 rows)...
2026-05-06 12:27:01,141 [INFO] CLCG: fetched 198 price records
2026-05-06 12:27:01,280 [INFO]   CLCG: upserted=0 errors=0 (total: inserted=0 errors=0)
2026-05-06 12:27:01,827 [INFO] [30/230] Processing CLCV (has 198 rows)...
2026-05-06 12:27:02,022 [INFO] CLCV: fetched 198 price records
2026-05-06 12:27:02,159 [INFO]   CLCV: upserted=0 errors=0 (total: inserted=0 errors=0)
2026-05-06 12:27:02,693 [INFO] [31/230] Processing CLSX (has 160 rows)...
2026-05-06 12:27:02,799 [INFO] CLSX: fetched 160 price records
2026-05-06 12:27:02,935 [INFO]   CLSX: upserted=0 errors=0 (total: inserted=0 errors=0)
2026-05-06 12:27:03,483 [INFO] [32/230] Processing CLSZ (has 53 rows)...
2026-05-06 12:27:03,591 [INFO] CLSZ: fetched 53 price records
2026-05-06 12:27:03,727 [INFO]   CLSZ: upserted=0 errors=0 (total: inserted=0 errors=0)
2026-05-06 12:27:04,270 [INFO] [33/230] Processing CMBO (has 125 rows)...
2026-05-06 12:27:04,398 [INFO] CMBO: fetched 125 price records
2026-05-06 12:27:04,531 [INFO]   CMBO: upserted=0 errors=0 (total: inserted=0 errors=0)
2026-05-06 12:27:05,081 [INFO] [34/230] Processing CMGG (has 116 rows)...
2026-05-06 12:27:05,186 [INFO] CMGG: fetched 116 price records
2026-05-06 12:27:05,332 [INFO]   CMGG: upserted=0 errors=0 (total: inserted=0 errors=0)
2026-05-06 12:27:05,881 [INFO] [35/230] Processing CNCG (has 94 rows)...
2026-05-06 12:27:06,052 [INFO] CNCG: fetched 94 price records
2026-05-06 12:27:06,191 [INFO]   CNCG: upserted=0 errors=0 (total: inserted=0 errors=0)
2026-05-06 12:27:06,733 [INFO] [36/230] Processing CNQQ (has 152 rows)...
2026-05-06 12:27:06,862 [INFO] CNQQ: fetched 152 price records
2026-05-06 12:27:07,001 [INFO]   CNQQ: upserted=0 errors=0 (total: inserted=0 errors=0)
2026-05-06 12:27:07,548 [INFO] [37/230] Processing COHX (has 53 rows)...
2026-05-06 12:27:07,653 [INFO] COHX: fetched 53 price records
2026-05-06 12:27:07,790 [INFO]   COHX: upserted=0 errors=0 (total: inserted=0 errors=0)
2026-05-06 12:27:08,340 [INFO] [38/230] Processing COII (has 231 rows)...
2026-05-06 12:27:08,466 [INFO] COII: fetched 231 price records
2026-05-06 12:27:08,600 [INFO]   COII: upserted=0 errors=0 (total: inserted=0 errors=0)
2026-05-06 12:27:09,150 [INFO] [39/230] Processing COIO (has 183 rows)...
2026-05-06 12:27:09,267 [INFO] COIO: fetched 183 price records
2026-05-06 12:27:09,404 [INFO]   COIO: upserted=0 errors=0 (total: inserted=0 errors=0)
2026-05-06 12:27:09,954 [INFO] [40/230] Processing COMD (has 58 rows)...
2026-05-06 12:27:10,056 [INFO] COMD: fetched 58 price records
2026-05-06 12:27:10,194 [INFO]   COMD: upserted=0 errors=0 (total: inserted=0 errors=0)
2026-05-06 12:27:10,743 [INFO] [41/230] Processing CONX (has 114 rows)...
2026-05-06 12:27:10,874 [INFO] CONX: fetched 114 price records
2026-05-06 12:27:11,013 [INFO]   CONX: upserted=0 errors=0 (total: inserted=0 errors=0)
2026-05-06 12:27:11,548 [INFO] [42/230] Processing CORB (has 121 rows)...
2026-05-06 12:27:11,793 [INFO] CORB: fetched 121 price records
2026-05-06 12:27:11,926 [INFO]   CORB: upserted=0 errors=0 (total: inserted=0 errors=0)
2026-05-06 12:27:12,475 [INFO] [43/230] Processing CORD (has 152 rows)...
2026-05-06 12:27:12,636 [INFO] CORD: fetched 152 price records
2026-05-06 12:27:12,773 [INFO]   CORD: upserted=0 errors=0 (total: inserted=0 errors=0)
2026-05-06 12:27:13,322 [INFO] [44/230] Processing COSW (has 133 rows)...
2026-05-06 12:27:13,449 [INFO] COSW: fetched 133 price records
2026-05-06 12:27:13,584 [INFO]   COSW: upserted=0 errors=0 (total: inserted=0 errors=0)
2026-05-06 12:27:14,126 [INFO] [45/230] Processing COTG (has 158 rows)...
2026-05-06 12:27:14,238 [INFO] COTG: fetched 158 price records
2026-05-06 12:27:14,376 [INFO]   COTG: upserted=0 errors=0 (total: inserted=0 errors=0)
2026-05-06 12:27:14,927 [INFO] [46/230] Processing COYY (has 194 rows)...
2026-05-06 12:27:15,101 [INFO] COYY: fetched 194 price records
2026-05-06 12:27:15,236 [INFO]   COYY: upserted=0 errors=0 (total: inserted=0 errors=0)
2026-05-06 12:27:15,776 [INFO] [47/230] Processing COZX (has 124 rows)...
2026-05-06 12:27:15,908 [INFO] COZX: fetched 124 price records
2026-05-06 12:27:16,053 [INFO]   COZX: upserted=0 errors=0 (total: inserted=0 errors=0)
2026-05-06 12:27:16,602 [INFO] [48/230] Processing CPAG (has 184 rows)...
2026-05-06 12:27:16,723 [INFO] CPAG: fetched 184 price records
2026-05-06 12:27:16,862 [INFO]   CPAG: upserted=0 errors=0 (total: inserted=0 errors=0)
2026-05-06 12:27:17,410 [INFO] [49/230] Processing CPHY (has 184 rows)...
2026-05-06 12:27:17,530 [INFO] CPHY: fetched 184 price records
2026-05-06 12:27:17,668 [INFO]   CPHY: upserted=0 errors=0 (total: inserted=0 errors=0)
2026-05-06 12:27:18,212 [INFO] [50/230] Processing CPSU (has 233 rows)...
2026-05-06 12:27:18,351 [INFO] CPSU: fetched 233 price records
2026-05-06 12:27:18,492 [INFO]   CPSU: upserted=0 errors=0 (total: inserted=0 errors=0)
2026-05-06 12:27:19,040 [INFO] [51/230] Processing CRCD (has 152 rows)...
2026-05-06 12:27:19,153 [INFO] CRCD: fetched 152 price records
2026-05-06 12:27:19,288 [INFO]   CRCD: upserted=0 errors=0 (total: inserted=0 errors=0)
2026-05-06 12:27:19,835 [INFO] [52/230] Processing CRCG (has 185 rows)...
2026-05-06 12:27:19,961 [INFO] CRCG: fetched 185 price records
2026-05-06 12:27:20,098 [INFO]   CRCG: upserted=0 errors=0 (total: inserted=0 errors=0)
2026-05-06 12:27:20,648 [INFO] [53/230] Processing CRDD (has 24 rows)...
2026-05-06 12:27:20,785 [INFO] CRDD: fetched 24 price records
2026-05-06 12:27:20,920 [INFO]   CRDD: upserted=0 errors=0 (total: inserted=0 errors=0)
2026-05-06 12:27:21,458 [INFO] [54/230] Processing CRDU (has 160 rows)...
2026-05-06 12:27:21,571 [INFO] CRDU: fetched 160 price records
2026-05-06 12:27:21,708 [INFO]   CRDU: upserted=0 errors=0 (total: inserted=0 errors=0)
2026-05-06 12:27:22,246 [INFO] [55/230] Processing CRDX (has 24 rows)...
2026-05-06 12:27:22,348 [INFO] CRDX: fetched 24 price records
2026-05-06 12:27:22,483 [INFO]   CRDX: upserted=0 errors=0 (total: inserted=0 errors=0)
2026-05-06 12:27:23,032 [INFO] [56/230] Processing CRMU (has 59 rows)...
2026-05-06 12:27:23,138 [INFO] CRMU: fetched 59 price records
2026-05-06 12:27:23,276 [INFO]   CRMU: upserted=0 errors=0 (total: inserted=0 errors=0)
2026-05-06 12:27:23,826 [INFO] [57/230] Processing CRMX (has 78 rows)...
2026-05-06 12:27:23,944 [INFO] CRMX: fetched 78 price records
2026-05-06 12:27:24,084 [INFO]   CRMX: upserted=0 errors=0 (total: inserted=0 errors=0)
2026-05-06 12:27:24,631 [INFO] [58/230] Processing CRUX (has 36 rows)...
2026-05-06 12:27:24,744 [INFO] CRUX: fetched 36 price records
2026-05-06 12:27:24,878 [INFO]   CRUX: upserted=0 errors=0 (total: inserted=0 errors=0)
2026-05-06 12:27:25,427 [INFO] [59/230] Processing CRWG (has 185 rows)...
2026-05-06 12:27:25,553 [INFO] CRWG: fetched 185 price records
2026-05-06 12:27:25,688 [INFO]   CRWG: upserted=0 errors=0 (total: inserted=0 errors=0)
2026-05-06 12:27:26,235 [INFO] [60/230] Processing CRWU (has 195 rows)...
2026-05-06 12:27:26,348 [INFO] CRWU: fetched 195 price records
2026-05-06 12:27:26,484 [INFO]   CRWU: upserted=0 errors=0 (total: inserted=0 errors=0)
2026-05-06 12:27:27,031 [INFO] [61/230] Processing CSCL (has 217 rows)...
2026-05-06 12:27:27,153 [INFO] CSCL: fetched 217 price records
2026-05-06 12:27:27,287 [INFO]   CSCL: upserted=0 errors=0 (total: inserted=0 errors=0)
2026-05-06 12:27:27,835 [INFO] [62/230] Processing CSCS (has 217 rows)...
2026-05-06 12:27:27,972 [INFO] CSCS: fetched 217 price records
2026-05-06 12:27:28,103 [INFO]   CSCS: upserted=0 errors=0 (total: inserted=0 errors=0)
2026-05-06 12:27:28,652 [INFO] [63/230] Processing CSEX (has 118 rows)...
2026-05-06 12:27:28,749 [INFO] CSEX: fetched 118 price records
2026-05-06 12:27:28,872 [INFO]   CSEX: upserted=0 errors=0 (total: inserted=0 errors=0)
2026-05-06 12:27:29,282 [INFO] [64/230] Processing CSTK (has 250 rows)...
2026-05-06 12:27:29,385 [INFO] CSTK: fetched 250 price records
2026-05-06 12:27:29,519 [INFO]   CSTK: upserted=0 errors=0 (total: inserted=0 errors=0)
2026-05-06 12:27:30,012 [INFO] [65/230] Processing CTEF (has 221 rows)...
2026-05-06 12:27:30,110 [INFO] CTEF: fetched 221 price records
2026-05-06 12:27:30,247 [INFO]   CTEF: upserted=0 errors=0 (total: inserted=0 errors=0)
2026-05-06 12:27:30,703 [INFO] [66/230] Processing CTIF (has 217 rows)...
2026-05-06 12:27:30,851 [INFO] CTIF: fetched 217 price records
2026-05-06 12:27:30,983 [INFO]   CTIF: upserted=0 errors=0 (total: inserted=0 errors=0)
2026-05-06 12:27:31,532 [INFO] [67/230] Processing CTWO (has 220 rows)...
2026-05-06 12:27:31,643 [INFO] CTWO: fetched 220 price records
2026-05-06 12:27:31,774 [INFO]   CTWO: upserted=0 errors=0 (total: inserted=0 errors=0)
2026-05-06 12:27:32,312 [INFO] [68/230] Processing CVNX (has 235 rows)...
2026-05-06 12:27:32,439 [INFO] CVNX: fetched 235 price records
2026-05-06 12:27:32,578 [INFO]   CVNX: upserted=0 errors=0 (total: inserted=0 errors=0)
2026-05-06 12:27:33,128 [INFO] [69/230] Processing CWII (has 125 rows)...
2026-05-06 12:27:33,313 [INFO] CWII: fetched 125 price records
2026-05-06 12:27:33,449 [INFO]   CWII: upserted=0 errors=0 (total: inserted=0 errors=0)
2026-05-06 12:27:33,998 [INFO] [70/230] Processing CWVX (has 206 rows)...
2026-05-06 12:27:34,138 [INFO] CWVX: fetched 206 price records
2026-05-06 12:27:34,280 [INFO]   CWVX: upserted=0 errors=0 (total: inserted=0 errors=0)
2026-05-06 12:27:34,829 [INFO] [71/230] Processing CWY (has 15 rows)...
2026-05-06 12:27:35,008 [INFO] CWY: fetched 15 price records
2026-05-06 12:27:35,143 [INFO]   CWY: upserted=0 errors=0 (total: inserted=0 errors=0)
2026-05-06 12:27:35,691 [INFO] [72/230] Processing DADS (has 188 rows)...
2026-05-06 12:27:35,863 [INFO] DADS: fetched 188 price records
2026-05-06 12:27:36,004 [INFO]   DADS: upserted=0 errors=0 (total: inserted=0 errors=0)
2026-05-06 12:27:36,554 [INFO] [73/230] Processing DAK (has 193 rows)...
2026-05-06 12:27:36,737 [INFO] DAK: fetched 193 price records
2026-05-06 12:27:36,870 [INFO]   DAK: upserted=0 errors=0 (total: inserted=0 errors=0)
2026-05-06 12:27:37,416 [INFO] [74/230] Processing DANA (has 105 rows)...
2026-05-06 12:27:37,527 [INFO] DANA: fetched 105 price records
2026-05-06 12:27:37,660 [INFO]   DANA: upserted=0 errors=0 (total: inserted=0 errors=0)
2026-05-06 12:27:38,210 [INFO] [75/230] Processing DBSC (has 94 rows)...
2026-05-06 12:27:38,376 [INFO] DBSC: fetched 94 price records
2026-05-06 12:27:38,506 [INFO]   DBSC: upserted=0 errors=0 (total: inserted=0 errors=0)
2026-05-06 12:27:39,050 [INFO] [76/230] Processing DDFA (has 24 rows)...
2026-05-06 12:27:39,158 [INFO] DDFA: fetched 24 price records
2026-05-06 12:27:39,292 [INFO]   DDFA: upserted=0 errors=0 (total: inserted=0 errors=0)
2026-05-06 12:27:39,840 [INFO] [77/230] Processing DDFD (has 106 rows)...
2026-05-06 12:27:39,949 [INFO] DDFD: fetched 106 price records
2026-05-06 12:27:40,101 [INFO]   DDFD: upserted=0 errors=0 (total: inserted=0 errors=0)
2026-05-06 12:27:40,644 [INFO] [78/230] Processing DDFF (has 65 rows)...
2026-05-06 12:27:40,747 [INFO] DDFF: fetched 65 price records
2026-05-06 12:27:40,887 [INFO]   DDFF: upserted=0 errors=0 (total: inserted=0 errors=0)
2026-05-06 12:27:41,435 [INFO] [79/230] Processing DDFJ (has 85 rows)...
2026-05-06 12:27:41,562 [INFO] DDFJ: fetched 85 price records
2026-05-06 12:27:41,705 [INFO]   DDFJ: upserted=0 errors=0 (total: inserted=0 errors=0)
2026-05-06 12:27:42,238 [INFO] [80/230] Processing DDFL (has 213 rows)...
2026-05-06 12:27:42,369 [INFO] DDFL: fetched 213 price records
2026-05-06 12:27:42,502 [INFO]   DDFL: upserted=0 errors=0 (total: inserted=0 errors=0)
2026-05-06 12:27:43,044 [INFO] [81/230] Processing DDFM (has 46 rows)...
2026-05-06 12:27:43,154 [INFO] DDFM: fetched 46 price records
2026-05-06 12:27:43,288 [INFO]   DDFM: upserted=0 errors=0 (total: inserted=0 errors=0)
2026-05-06 12:27:43,835 [INFO] [82/230] Processing DDFN (has 126 rows)...
2026-05-06 12:27:44,004 [INFO] DDFN: fetched 126 price records
2026-05-06 12:27:44,165 [INFO]   DDFN: upserted=0 errors=0 (total: inserted=0 errors=0)
2026-05-06 12:27:44,709 [INFO] [83/230] Processing DDFO (has 149 rows)...
2026-05-06 12:27:44,823 [INFO] DDFO: fetched 149 price records
2026-05-06 12:27:44,959 [INFO]   DDFO: upserted=0 errors=0 (total: inserted=0 errors=0)
2026-05-06 12:27:45,507 [INFO] [84/230] Processing DDFS (has 170 rows)...
2026-05-06 12:27:45,688 [INFO] DDFS: fetched 170 price records
2026-05-06 12:27:45,822 [INFO]   DDFS: upserted=0 errors=0 (total: inserted=0 errors=0)
2026-05-06 12:27:46,364 [INFO] [85/230] Processing DDNQ (has 85 rows)...
2026-05-06 12:27:46,500 [INFO] DDNQ: fetched 85 price records
2026-05-06 12:27:46,634 [INFO]   DDNQ: upserted=0 errors=0 (total: inserted=0 errors=0)
2026-05-06 12:27:47,167 [INFO] [86/230] Processing DDSQ (has 85 rows)...
2026-05-06 12:27:47,272 [INFO] DDSQ: fetched 85 price records
2026-05-06 12:27:47,420 [INFO]   DDSQ: upserted=0 errors=0 (total: inserted=0 errors=0)
2026-05-06 12:27:47,963 [INFO] [87/230] Processing DDTA (has 24 rows)...
2026-05-06 12:27:48,080 [INFO] DDTA: fetched 24 price records
2026-05-06 12:27:48,272 [INFO]   DDTA: upserted=0 errors=0 (total: inserted=0 errors=0)
2026-05-06 12:27:48,820 [INFO] [88/230] Processing DDTD (has 106 rows)...
2026-05-06 12:27:48,938 [INFO] DDTD: fetched 106 price records
2026-05-06 12:27:49,129 [INFO]   DDTD: upserted=0 errors=0 (total: inserted=0 errors=0)
2026-05-06 12:27:49,677 [INFO] [89/230] Processing DDTF (has 65 rows)...
2026-05-06 12:27:49,781 [INFO] DDTF: fetched 65 price records
2026-05-06 12:27:49,940 [INFO]   DDTF: upserted=0 errors=0 (total: inserted=0 errors=0)
2026-05-06 12:27:50,354 [INFO] [90/230] Processing DDTJ (has 85 rows)...
2026-05-06 12:27:50,462 [INFO] DDTJ: fetched 85 price records
2026-05-06 12:27:50,624 [INFO]   DDTJ: upserted=0 errors=0 (total: inserted=0 errors=0)
2026-05-06 12:27:51,167 [INFO] [91/230] Processing DDTL (has 213 rows)...
2026-05-06 12:27:51,286 [INFO] DDTL: fetched 213 price records
2026-05-06 12:27:51,411 [INFO]   DDTL: upserted=0 errors=0 (total: inserted=0 errors=0)
2026-05-06 12:27:51,960 [INFO] [92/230] Processing DDTM (has 46 rows)...
2026-05-06 12:27:52,067 [INFO] DDTM: fetched 46 price records
2026-05-06 12:27:52,222 [INFO]   DDTM: upserted=0 errors=0 (total: inserted=0 errors=0)
2026-05-06 12:27:52,770 [INFO] [93/230] Processing DDTN (has 126 rows)...
2026-05-06 12:27:52,967 [INFO] DDTN: fetched 126 price records
2026-05-06 12:27:53,100 [INFO]   DDTN: upserted=0 errors=0 (total: inserted=0 errors=0)
2026-05-06 12:27:53,645 [INFO] [94/230] Processing DDTO (has 149 rows)...
2026-05-06 12:27:53,757 [INFO] DDTO: fetched 149 price records
2026-05-06 12:27:53,893 [INFO]   DDTO: upserted=0 errors=0 (total: inserted=0 errors=0)
2026-05-06 12:27:54,437 [INFO] [95/230] Processing DDTS (has 170 rows)...
2026-05-06 12:27:54,549 [INFO] DDTS: fetched 170 price records
2026-05-06 12:27:54,689 [INFO]   DDTS: upserted=0 errors=0 (total: inserted=0 errors=0)
2026-05-06 12:27:55,234 [INFO] [96/230] Processing DDV (has 118 rows)...
2026-05-06 12:27:55,367 [INFO] DDV: fetched 118 price records
2026-05-06 12:27:55,494 [INFO]   DDV: upserted=0 errors=0 (total: inserted=0 errors=0)
2026-05-06 12:27:56,039 [INFO] [97/230] Processing DDXX (has 118 rows)...
2026-05-06 12:27:56,158 [INFO] DDXX: fetched 118 price records
2026-05-06 12:27:56,309 [INFO]   DDXX: upserted=0 errors=0 (total: inserted=0 errors=0)
2026-05-06 12:27:56,857 [INFO] [98/230] Processing DEFR (has 245 rows)...
2026-05-06 12:27:56,979 [INFO] DEFR: fetched 245 price records
2026-05-06 12:27:57,135 [INFO]   DEFR: upserted=0 errors=0 (total: inserted=0 errors=0)
2026-05-06 12:27:57,537 [INFO] [99/230] Processing DGAP (has 11 rows)...
2026-05-06 12:27:57,687 [INFO] DGAP: fetched 11 price records
2026-05-06 12:27:57,827 [INFO]   DGAP: upserted=0 errors=0 (total: inserted=0 errors=0)
2026-05-06 12:27:58,371 [INFO] [100/230] Processing DGJA (has 74 rows)...
2026-05-06 12:27:58,496 [INFO] DGJA: fetched 74 price records
2026-05-06 12:27:58,649 [INFO]   DGJA: upserted=0 errors=0 (total: inserted=0 errors=0)
2026-05-06 12:27:59,193 [INFO] [101/230] Processing DGLO (has 187 rows)...
2026-05-06 12:27:59,310 [INFO] DGLO: fetched 187 price records
2026-05-06 12:27:59,460 [INFO]   DGLO: upserted=0 errors=0 (total: inserted=0 errors=0)
2026-05-06 12:28:00,008 [INFO] [102/230] Processing DGOC (has 136 rows)...
2026-05-06 12:28:00,143 [INFO] DGOC: fetched 136 price records
2026-05-06 12:28:00,296 [INFO]   DGOC: upserted=0 errors=0 (total: inserted=0 errors=0)
2026-05-06 12:28:00,839 [INFO] [103/230] Processing DHLX (has 151 rows)...
2026-05-06 12:28:00,959 [INFO] DHLX: fetched 151 price records
2026-05-06 12:28:01,094 [INFO]   DHLX: upserted=0 errors=0 (total: inserted=0 errors=0)
2026-05-06 12:28:01,630 [INFO] [104/230] Processing DIME (has 145 rows)...
2026-05-06 12:28:01,741 [INFO] DIME: fetched 145 price records
2026-05-06 12:28:01,890 [INFO]   DIME: upserted=0 errors=0 (total: inserted=0 errors=0)
2026-05-06 12:28:02,435 [INFO] [105/230] Processing DIVN (has 216 rows)...
2026-05-06 12:28:02,565 [INFO] DIVN: fetched 216 price records
2026-05-06 12:28:02,704 [INFO]   DIVN: upserted=0 errors=0 (total: inserted=0 errors=0)
2026-05-06 12:28:03,241 [INFO] [106/230] Processing DKNX (has 192 rows)...
2026-05-06 12:28:03,373 [INFO] DKNX: fetched 192 price records
2026-05-06 12:28:03,506 [INFO]   DKNX: upserted=0 errors=0 (total: inserted=0 errors=0)
2026-05-06 12:28:04,057 [INFO] [107/230] Processing DLAG (has 156 rows)...
2026-05-06 12:28:04,170 [INFO] DLAG: fetched 156 price records
2026-05-06 12:28:04,301 [INFO]   DLAG: upserted=0 errors=0 (total: inserted=0 errors=0)
2026-05-06 12:28:04,846 [INFO] [108/230] Processing DLFE (has 51 rows)...
2026-05-06 12:28:04,966 [INFO] DLFE: fetched 51 price records
2026-05-06 12:28:05,138 [INFO]   DLFE: upserted=0 errors=0 (total: inserted=0 errors=0)
2026-05-06 12:28:05,678 [INFO] [109/230] Processing DLNV (has 111 rows)...
2026-05-06 12:28:05,793 [INFO] DLNV: fetched 111 price records
2026-05-06 12:28:05,929 [INFO]   DLNV: upserted=0 errors=0 (total: inserted=0 errors=0)
2026-05-06 12:28:06,476 [INFO] [110/230] Processing DNNG (has 59 rows)...
2026-05-06 12:28:06,584 [INFO] DNNG: fetched 59 price records
2026-05-06 12:28:06,714 [INFO]   DNNG: upserted=0 errors=0 (total: inserted=0 errors=0)
2026-05-06 12:28:07,261 [INFO] [111/230] Processing DOGD (has 178 rows)...
2026-05-06 12:28:07,390 [INFO] DOGD: fetched 178 price records
2026-05-06 12:28:07,523 [INFO]   DOGD: upserted=0 errors=0 (total: inserted=0 errors=0)
2026-05-06 12:28:08,069 [INFO] [112/230] Processing DOJE (has 158 rows)...
2026-05-06 12:28:08,209 [INFO] DOJE: fetched 158 price records
2026-05-06 12:28:08,352 [INFO]   DOJE: upserted=0 errors=0 (total: inserted=0 errors=0)
2026-05-06 12:28:08,894 [INFO] [113/230] Processing DRAM (has 23 rows)...
2026-05-06 12:28:08,997 [INFO] DRAM: fetched 23 price records
2026-05-06 12:28:09,140 [INFO]   DRAM: upserted=0 errors=0 (total: inserted=0 errors=0)
2026-05-06 12:28:09,678 [INFO] [114/230] Processing DRGN (has 204 rows)...
2026-05-06 12:28:09,798 [INFO] DRGN: fetched 204 price records
2026-05-06 12:28:09,944 [INFO]   DRGN: upserted=0 errors=0 (total: inserted=0 errors=0)
2026-05-06 12:28:10,491 [INFO] [115/230] Processing DRNL (has 45 rows)...
2026-05-06 12:28:10,595 [INFO] DRNL: fetched 45 price records
2026-05-06 12:28:10,730 [INFO]   DRNL: upserted=0 errors=0 (total: inserted=0 errors=0)
2026-05-06 12:28:11,270 [INFO] [116/230] Processing DRNZ (has 129 rows)...
2026-05-06 12:28:11,434 [INFO] DRNZ: fetched 129 price records
2026-05-06 12:28:11,578 [INFO]   DRNZ: upserted=0 errors=0 (total: inserted=0 errors=0)
2026-05-06 12:28:12,127 [INFO] [117/230] Processing DSCO (has 65 rows)...
2026-05-06 12:28:12,234 [INFO] DSCO: fetched 65 price records
2026-05-06 12:28:12,372 [INFO]   DSCO: upserted=0 errors=0 (total: inserted=0 errors=0)
2026-05-06 12:28:12,919 [INFO] [118/230] Processing DUOG (has 99 rows)...
2026-05-06 12:28:13,019 [INFO] DUOG: fetched 99 price records
2026-05-06 12:28:13,179 [INFO]   DUOG: upserted=0 errors=0 (total: inserted=0 errors=0)
2026-05-06 12:28:13,725 [INFO] [119/230] Processing DUTY (has 20 rows)...
2026-05-06 12:28:13,870 [INFO] DUTY: fetched 20 price records
2026-05-06 12:28:14,019 [INFO]   DUTY: upserted=0 errors=0 (total: inserted=0 errors=0)
2026-05-06 12:28:14,545 [INFO] [120/230] Processing DVGR (has 103 rows)...
2026-05-06 12:28:14,663 [INFO] DVGR: fetched 103 price records
2026-05-06 12:28:14,805 [INFO]   DVGR: upserted=0 errors=0 (total: inserted=0 errors=0)
2026-05-06 12:28:15,344 [INFO] [121/230] Processing DVIN (has 198 rows)...
2026-05-06 12:28:15,558 [INFO] DVIN: fetched 198 price records
2026-05-06 12:28:15,687 [INFO]   DVIN: upserted=0 errors=0 (total: inserted=0 errors=0)
2026-05-06 12:28:16,232 [INFO] [122/230] Processing DVRE (has 198 rows)...
2026-05-06 12:28:16,398 [INFO] DVRE: fetched 198 price records
2026-05-06 12:28:16,531 [INFO]   DVRE: upserted=0 errors=0 (total: inserted=0 errors=0)
2026-05-06 12:28:17,068 [INFO] [123/230] Processing DVUT (has 198 rows)...
2026-05-06 12:28:17,181 [INFO] DVUT: fetched 198 price records
2026-05-06 12:28:17,316 [INFO]   DVUT: upserted=0 errors=0 (total: inserted=0 errors=0)
2026-05-06 12:28:17,866 [INFO] [124/230] Processing DVVY (has 33 rows)...
2026-05-06 12:28:18,022 [INFO] DVVY: fetched 33 price records
2026-05-06 12:28:18,163 [INFO]   DVVY: upserted=0 errors=0 (total: inserted=0 errors=0)
2026-05-06 12:28:18,712 [INFO] [125/230] Processing DVXB (has 198 rows)...
2026-05-06 12:28:18,842 [INFO] DVXB: fetched 198 price records
2026-05-06 12:28:18,990 [INFO]   DVXB: upserted=0 errors=0 (total: inserted=0 errors=0)
2026-05-06 12:28:19,539 [INFO] [126/230] Processing DVXC (has 198 rows)...
2026-05-06 12:28:19,661 [INFO] DVXC: fetched 198 price records
2026-05-06 12:28:19,801 [INFO]   DVXC: upserted=0 errors=0 (total: inserted=0 errors=0)
2026-05-06 12:28:20,345 [INFO] [127/230] Processing DVXE (has 198 rows)...
2026-05-06 12:28:20,464 [INFO] DVXE: fetched 198 price records
2026-05-06 12:28:20,615 [INFO]   DVXE: upserted=0 errors=0 (total: inserted=0 errors=0)
2026-05-06 12:28:21,165 [INFO] [128/230] Processing DVXF (has 198 rows)...
2026-05-06 12:28:21,296 [INFO] DVXF: fetched 198 price records
2026-05-06 12:28:21,441 [INFO]   DVXF: upserted=0 errors=0 (total: inserted=0 errors=0)
2026-05-06 12:28:21,982 [INFO] [129/230] Processing DVXK (has 198 rows)...
2026-05-06 12:28:22,110 [INFO] DVXK: fetched 198 price records
2026-05-06 12:28:22,261 [INFO]   DVXK: upserted=0 errors=0 (total: inserted=0 errors=0)
2026-05-06 12:28:22,811 [INFO] [130/230] Processing DVXP (has 197 rows)...
2026-05-06 12:28:22,926 [INFO] DVXP: fetched 197 price records
2026-05-06 12:28:23,070 [INFO]   DVXP: upserted=0 errors=0 (total: inserted=0 errors=0)
2026-05-06 12:28:23,609 [INFO] [131/230] Processing DVXV (has 198 rows)...
2026-05-06 12:28:23,778 [INFO] DVXV: fetched 198 price records
2026-05-06 12:28:23,918 [INFO]   DVXV: upserted=0 errors=0 (total: inserted=0 errors=0)
2026-05-06 12:28:24,467 [INFO] [132/230] Processing DVXY (has 198 rows)...
2026-05-06 12:28:24,587 [INFO] DVXY: fetched 198 price records
2026-05-06 12:28:24,722 [INFO]   DVXY: upserted=0 errors=0 (total: inserted=0 errors=0)
2026-05-06 12:28:25,269 [INFO] [133/230] Processing DYNB (has 154 rows)...
2026-05-06 12:28:25,386 [INFO] DYNB: fetched 154 price records
2026-05-06 12:28:25,522 [INFO]   DYNB: upserted=0 errors=0 (total: inserted=0 errors=0)
2026-05-06 12:28:26,067 [INFO] [134/230] Processing EASY (has 149 rows)...
2026-05-06 12:28:26,232 [INFO] EASY: fetched 149 price records
2026-05-06 12:28:26,376 [INFO]   EASY: upserted=0 errors=0 (total: inserted=0 errors=0)
2026-05-06 12:28:26,923 [INFO] [135/230] Processing EEE (has 66 rows)...
2026-05-06 12:28:27,035 [INFO] EEE: fetched 66 price records
2026-05-06 12:28:27,173 [INFO]   EEE: upserted=0 errors=0 (total: inserted=0 errors=0)
2026-05-06 12:28:27,720 [INFO] [136/230] Processing MMMA (has 95 rows)...
2026-05-06 12:28:27,837 [INFO] MMMA: fetched 95 price records
2026-05-06 12:28:27,987 [INFO]   MMMA: upserted=0 errors=0 (total: inserted=0 errors=0)
2026-05-06 12:28:28,536 [INFO] [137/230] Processing MMSD (has 251 rows)...
2026-05-06 12:28:28,664 [INFO] MMSD: fetched 251 price records
2026-05-06 12:28:28,798 [INFO]   MMSD: upserted=0 errors=0 (total: inserted=0 errors=0)
2026-05-06 12:28:29,346 [INFO] [138/230] Processing MNVT (has 34 rows)...
2026-05-06 12:28:29,455 [INFO] MNVT: fetched 34 price records
2026-05-06 12:28:29,597 [INFO]   MNVT: upserted=0 errors=0 (total: inserted=0 errors=0)
2026-05-06 12:28:30,143 [INFO] [139/230] Processing MNZL (has 114 rows)...
2026-05-06 12:28:30,270 [INFO] MNZL: fetched 114 price records
2026-05-06 12:28:30,417 [INFO]   MNZL: upserted=0 errors=0 (total: inserted=0 errors=0)
2026-05-06 12:28:30,966 [INFO] [140/230] Processing MPG (has 131 rows)...
2026-05-06 12:28:31,106 [INFO] MPG: fetched 131 price records
2026-05-06 12:28:31,259 [INFO]   MPG: upserted=0 errors=0 (total: inserted=0 errors=0)
2026-05-06 12:28:31,809 [INFO] [141/230] Processing MPL (has 135 rows)...
2026-05-06 12:28:31,928 [INFO] MPL: fetched 135 price records
2026-05-06 12:28:32,071 [INFO]   MPL: upserted=0 errors=0 (total: inserted=0 errors=0)
2026-05-06 12:28:32,619 [INFO] [142/230] Processing MPLY (has 243 rows)...
2026-05-06 12:28:32,757 [INFO] MPLY: fetched 243 price records
2026-05-06 12:28:32,888 [INFO]   MPLY: upserted=0 errors=0 (total: inserted=0 errors=0)
2026-05-06 12:28:33,438 [INFO] [143/230] Processing MRNX (has 63 rows)...
2026-05-06 12:28:33,537 [INFO] MRNX: fetched 63 price records
2026-05-06 12:28:33,678 [INFO]   MRNX: upserted=0 errors=0 (total: inserted=0 errors=0)
2026-05-06 12:28:34,227 [INFO] [144/230] Processing MRVU (has 57 rows)...
2026-05-06 12:28:34,364 [INFO] MRVU: fetched 57 price records
2026-05-06 12:28:34,500 [INFO]   MRVU: upserted=0 errors=0 (total: inserted=0 errors=0)
2026-05-06 12:28:35,039 [INFO] [145/230] Processing MSBT (has 21 rows)...
2026-05-06 12:28:35,156 [INFO] MSBT: fetched 21 price records
2026-05-06 12:28:35,293 [INFO]   MSBT: upserted=0 errors=0 (total: inserted=0 errors=0)
2026-05-06 12:28:35,843 [INFO] [146/230] Processing MSDD (has 227 rows)...
2026-05-06 12:28:35,960 [INFO] MSDD: fetched 227 price records
2026-05-06 12:28:36,117 [INFO]   MSDD: upserted=0 errors=0 (total: inserted=0 errors=0)
2026-05-06 12:28:36,666 [INFO] [147/230] Processing MSFW (has 197 rows)...
2026-05-06 12:28:36,804 [INFO] MSFW: fetched 197 price records
2026-05-06 12:28:36,936 [INFO]   MSFW: upserted=0 errors=0 (total: inserted=0 errors=0)
2026-05-06 12:28:37,485 [INFO] [148/230] Processing MSII (has 231 rows)...
2026-05-06 12:28:37,606 [INFO] MSII: fetched 231 price records
2026-05-06 12:28:37,737 [INFO]   MSII: upserted=0 errors=0 (total: inserted=0 errors=0)
