2026-04-27 10:05:28,015 [INFO] === ETF Sparkline Backfill started at 2026-04-27T10:05:28.015427 ===
2026-04-27 10:05:28,015 [INFO] Supabase: https://oqkobptbvcazifpvjwfz.supabase.co
2026-04-27 10:05:28,248 [INFO] Found 1000 ETFs in foreign_etfs
2026-04-27 10:07:53,662 [INFO] Already complete (>=252 rows): 753 ETFs
2026-04-27 10:07:53,663 [INFO]   Already have: AGG (501 rows)
2026-04-27 10:07:53,663 [INFO]   Already have: BND (501 rows)
2026-04-27 10:07:53,663 [INFO]   Already have: CAFG (501 rows)
2026-04-27 10:07:53,664 [INFO]   Already have: CAFX (404 rows)
2026-04-27 10:07:53,664 [INFO]   Already have: CALF (501 rows)
2026-04-27 10:07:53,664 [INFO]   ... and 748 more
2026-04-27 10:07:53,664 [INFO] Need to fetch: 247 ETFs
2026-04-27 10:07:53,664 [INFO]   Will fetch: CAIE (210 existing rows)
2026-04-27 10:07:53,664 [INFO]   Will fetch: CAIQ (106 existing rows)
2026-04-27 10:07:53,665 [INFO]   Will fetch: CAM (139 existing rows)
2026-04-27 10:07:53,665 [INFO]   Will fetch: CBOL (133 existing rows)
2026-04-27 10:07:53,665 [INFO]   Will fetch: CBOO (138 existing rows)
2026-04-27 10:07:53,665 [INFO]   Will fetch: CBOX (6 existing rows)
2026-04-27 10:07:53,665 [INFO]   Will fetch: CBOY (202 existing rows)
2026-04-27 10:07:53,665 [INFO]   Will fetch: CBTL (133 existing rows)
2026-04-27 10:07:53,665 [INFO]   Will fetch: CBTO (138 existing rows)
2026-04-27 10:07:53,666 [INFO]   Will fetch: CBTY (202 existing rows)
2026-04-27 10:07:53,666 [INFO]   ... and 237 more
2026-04-27 10:07:53,666 [INFO] [1/247] Processing CAIE (has 210 rows)...
2026-04-27 10:07:54,699 [INFO] CAIE: fetched 210 price records
2026-04-27 10:07:54,861 [INFO]   CAIE: upserted=0 errors=0 (total: inserted=0 errors=0)
2026-04-27 10:07:55,411 [INFO] [2/247] Processing CAIQ (has 106 rows)...
2026-04-27 10:07:55,550 [INFO] CAIQ: fetched 106 price records
2026-04-27 10:07:55,688 [INFO]   CAIQ: upserted=0 errors=0 (total: inserted=0 errors=0)
2026-04-27 10:07:56,190 [INFO] [3/247] Processing CAM (has 139 rows)...
2026-04-27 10:07:56,309 [INFO] CAM: fetched 139 price records
2026-04-27 10:07:56,433 [INFO]   CAM: upserted=0 errors=0 (total: inserted=0 errors=0)
2026-04-27 10:07:56,984 [INFO] [4/247] Processing CBOL (has 133 rows)...
2026-04-27 10:07:57,116 [INFO] CBOL: fetched 133 price records
2026-04-27 10:07:57,247 [INFO]   CBOL: upserted=0 errors=0 (total: inserted=0 errors=0)
2026-04-27 10:07:57,789 [INFO] [5/247] Processing CBOO (has 138 rows)...
2026-04-27 10:07:57,929 [INFO] CBOO: fetched 138 price records
2026-04-27 10:07:58,071 [INFO]   CBOO: upserted=0 errors=0 (total: inserted=0 errors=0)
2026-04-27 10:07:58,543 [INFO] [6/247] Processing CBOX (has 6 rows)...
2026-04-27 10:07:58,664 [INFO] CBOX: fetched 6 price records
2026-04-27 10:07:58,804 [INFO]   CBOX: upserted=0 errors=0 (total: inserted=0 errors=0)
2026-04-27 10:07:59,352 [INFO] [7/247] Processing CBOY (has 202 rows)...
2026-04-27 10:07:59,502 [INFO] CBOY: fetched 202 price records
2026-04-27 10:07:59,633 [INFO]   CBOY: upserted=0 errors=0 (total: inserted=0 errors=0)
2026-04-27 10:08:00,183 [INFO] [8/247] Processing CBTL (has 133 rows)...
2026-04-27 10:08:00,377 [INFO] CBTL: fetched 133 price records
2026-04-27 10:08:00,528 [INFO]   CBTL: upserted=0 errors=0 (total: inserted=0 errors=0)
2026-04-27 10:08:01,077 [INFO] [9/247] Processing CBTO (has 138 rows)...
2026-04-27 10:08:01,279 [INFO] CBTO: fetched 138 price records
2026-04-27 10:08:01,422 [INFO]   CBTO: upserted=0 errors=0 (total: inserted=0 errors=0)
2026-04-27 10:08:01,969 [INFO] [10/247] Processing CBTY (has 202 rows)...
2026-04-27 10:08:02,168 [INFO] CBTY: fetched 202 price records
2026-04-27 10:08:02,350 [INFO]   CBTY: upserted=0 errors=0 (total: inserted=0 errors=0)
2026-04-27 10:08:02,896 [INFO] [11/247] Processing CBXL (has 133 rows)...
2026-04-27 10:08:03,078 [INFO] CBXL: fetched 133 price records
2026-04-27 10:08:03,218 [INFO]   CBXL: upserted=0 errors=0 (total: inserted=0 errors=0)
2026-04-27 10:08:03,732 [INFO] [12/247] Processing CBXO (has 138 rows)...
2026-04-27 10:08:03,862 [INFO] CBXO: fetched 138 price records
2026-04-27 10:08:03,999 [INFO]   CBXO: upserted=0 errors=0 (total: inserted=0 errors=0)
2026-04-27 10:08:04,524 [INFO] [13/247] Processing CBXY (has 202 rows)...
2026-04-27 10:08:04,669 [INFO] CBXY: fetched 202 price records
2026-04-27 10:08:04,789 [INFO]   CBXY: upserted=0 errors=0 (total: inserted=0 errors=0)
2026-04-27 10:08:05,202 [INFO] [14/247] Processing CCFE (has 218 rows)...
2026-04-27 10:08:05,345 [INFO] CCFE: fetched 218 price records
2026-04-27 10:08:05,464 [INFO]   CCFE: upserted=0 errors=0 (total: inserted=0 errors=0)
2026-04-27 10:08:06,002 [INFO] [15/247] Processing CCOM (has 61 rows)...
2026-04-27 10:08:06,126 [INFO] CCOM: fetched 61 price records
2026-04-27 10:08:06,262 [INFO]   CCOM: upserted=0 errors=0 (total: inserted=0 errors=0)
2026-04-27 10:08:06,811 [INFO] [16/247] Processing CCUP (has 178 rows)...
2026-04-27 10:08:06,940 [INFO] CCUP: fetched 178 price records
2026-04-27 10:08:07,083 [INFO]   CCUP: upserted=0 errors=0 (total: inserted=0 errors=0)
2026-04-27 10:08:07,632 [INFO] [17/247] Processing CDIG (has 152 rows)...
2026-04-27 10:08:07,770 [INFO] CDIG: fetched 152 price records
2026-04-27 10:08:07,906 [INFO]   CDIG: upserted=0 errors=0 (total: inserted=0 errors=0)
2026-04-27 10:08:08,456 [INFO] [18/247] Processing CEFS (has 2 rows)...
2026-04-27 10:08:08,612 [INFO] CEFS: fetched 251 price records
2026-04-27 10:08:08,939 [INFO]   CEFS: upserted=249 errors=0 (total: inserted=249 errors=0)
2026-04-27 10:08:09,486 [INFO] [19/247] Processing CEFZ (has 183 rows)...
2026-04-27 10:08:09,630 [INFO] CEFZ: fetched 183 price records
2026-04-27 10:08:09,756 [INFO]   CEFZ: upserted=0 errors=0 (total: inserted=249 errors=0)
2026-04-27 10:08:10,307 [INFO] [20/247] Processing CEGX (has 199 rows)...
2026-04-27 10:08:10,450 [INFO] CEGX: fetched 199 price records
2026-04-27 10:08:10,588 [INFO]   CEGX: upserted=0 errors=0 (total: inserted=249 errors=0)
2026-04-27 10:08:11,138 [INFO] [21/247] Processing CGGG (has 209 rows)...
2026-04-27 10:08:11,279 [INFO] CGGG: fetched 209 price records
2026-04-27 10:08:11,415 [INFO]   CGGG: upserted=0 errors=0 (total: inserted=249 errors=0)
2026-04-27 10:08:11,965 [INFO] [22/247] Processing CGHY (has 209 rows)...
2026-04-27 10:08:12,100 [INFO] CGHY: fetched 209 price records
2026-04-27 10:08:12,226 [INFO]   CGHY: upserted=0 errors=0 (total: inserted=249 errors=0)
2026-04-27 10:08:12,774 [INFO] [23/247] Processing CGVV (has 209 rows)...
2026-04-27 10:08:12,924 [INFO] CGVV: fetched 209 price records
2026-04-27 10:08:13,065 [INFO]   CGVV: upserted=0 errors=0 (total: inserted=249 errors=0)
2026-04-27 10:08:13,615 [INFO] [24/247] Processing CHNL (has 17 rows)...
2026-04-27 10:08:13,741 [INFO] CHNL: fetched 17 price records
2026-04-27 10:08:13,880 [INFO]   CHNL: upserted=0 errors=0 (total: inserted=249 errors=0)
2026-04-27 10:08:14,429 [INFO] [25/247] Processing CHNU (has 17 rows)...
2026-04-27 10:08:14,554 [INFO] CHNU: fetched 17 price records
2026-04-27 10:08:14,684 [INFO]   CHNU: upserted=0 errors=0 (total: inserted=249 errors=0)
2026-04-27 10:08:15,231 [INFO] [26/247] Processing CHPX (has 142 rows)...
2026-04-27 10:08:15,360 [INFO] CHPX: fetched 142 price records
2026-04-27 10:08:15,498 [INFO]   CHPX: upserted=0 errors=0 (total: inserted=249 errors=0)
2026-04-27 10:08:16,036 [INFO] [27/247] Processing CHRI (has 147 rows)...
2026-04-27 10:08:16,160 [INFO] CHRI: fetched 147 price records
2026-04-27 10:08:16,300 [INFO]   CHRI: upserted=0 errors=0 (total: inserted=249 errors=0)
2026-04-27 10:08:16,844 [INFO] [28/247] Processing CIFG (has 92 rows)...
2026-04-27 10:08:17,031 [INFO] CIFG: fetched 92 price records
2026-04-27 10:08:17,158 [INFO]   CIFG: upserted=0 errors=0 (total: inserted=249 errors=0)
2026-04-27 10:08:17,707 [INFO] [29/247] Processing CIFU (has 105 rows)...
2026-04-27 10:08:17,827 [INFO] CIFU: fetched 105 price records
2026-04-27 10:08:17,964 [INFO]   CIFU: upserted=0 errors=0 (total: inserted=249 errors=0)
2026-04-27 10:08:18,515 [INFO] [30/247] Processing CLCG (has 191 rows)...
2026-04-27 10:08:18,702 [INFO] CLCG: fetched 191 price records
2026-04-27 10:08:18,837 [INFO]   CLCG: upserted=0 errors=0 (total: inserted=249 errors=0)
2026-04-27 10:08:19,387 [INFO] [31/247] Processing CLCV (has 191 rows)...
2026-04-27 10:08:19,522 [INFO] CLCV: fetched 191 price records
2026-04-27 10:08:19,647 [INFO]   CLCV: upserted=0 errors=0 (total: inserted=249 errors=0)
2026-04-27 10:08:20,194 [INFO] [32/247] Processing CLSX (has 153 rows)...
2026-04-27 10:08:20,324 [INFO] CLSX: fetched 153 price records
2026-04-27 10:08:20,460 [INFO]   CLSX: upserted=0 errors=0 (total: inserted=249 errors=0)
2026-04-27 10:08:21,010 [INFO] [33/247] Processing CLSZ (has 46 rows)...
2026-04-27 10:08:21,126 [INFO] CLSZ: fetched 46 price records
2026-04-27 10:08:21,263 [INFO]   CLSZ: upserted=0 errors=0 (total: inserted=249 errors=0)
2026-04-27 10:08:21,810 [INFO] [34/247] Processing CMBO (has 118 rows)...
2026-04-27 10:08:21,954 [INFO] CMBO: fetched 118 price records
2026-04-27 10:08:22,080 [INFO]   CMBO: upserted=0 errors=0 (total: inserted=249 errors=0)
2026-04-27 10:08:22,627 [INFO] [35/247] Processing CMGG (has 109 rows)...
2026-04-27 10:08:22,753 [INFO] CMGG: fetched 109 price records
2026-04-27 10:08:22,894 [INFO]   CMGG: upserted=0 errors=0 (total: inserted=249 errors=0)
2026-04-27 10:08:23,444 [INFO] [36/247] Processing CNCG (has 87 rows)...
2026-04-27 10:08:23,581 [INFO] CNCG: fetched 87 price records
2026-04-27 10:08:23,753 [INFO]   CNCG: upserted=0 errors=0 (total: inserted=249 errors=0)
2026-04-27 10:08:24,302 [INFO] [37/247] Processing CNQQ (has 145 rows)...
2026-04-27 10:08:24,510 [INFO] CNQQ: fetched 145 price records
2026-04-27 10:08:24,637 [INFO]   CNQQ: upserted=0 errors=0 (total: inserted=249 errors=0)
2026-04-27 10:08:25,185 [INFO] [38/247] Processing COHX (has 46 rows)...
2026-04-27 10:08:25,306 [INFO] COHX: fetched 46 price records
2026-04-27 10:08:25,445 [INFO]   COHX: upserted=0 errors=0 (total: inserted=249 errors=0)
2026-04-27 10:08:25,911 [INFO] [39/247] Processing COII (has 224 rows)...
2026-04-27 10:08:26,055 [INFO] COII: fetched 224 price records
2026-04-27 10:08:26,191 [INFO]   COII: upserted=0 errors=0 (total: inserted=249 errors=0)
2026-04-27 10:08:26,742 [INFO] [40/247] Processing COIO (has 176 rows)...
2026-04-27 10:08:26,886 [INFO] COIO: fetched 176 price records
2026-04-27 10:08:27,011 [INFO]   COIO: upserted=0 errors=0 (total: inserted=249 errors=0)
2026-04-27 10:08:27,550 [INFO] [41/247] Processing COMD (has 51 rows)...
2026-04-27 10:08:27,675 [INFO] COMD: fetched 51 price records
2026-04-27 10:08:27,814 [INFO]   COMD: upserted=0 errors=0 (total: inserted=249 errors=0)
2026-04-27 10:08:28,356 [INFO] [42/247] Processing CONX (has 107 rows)...
2026-04-27 10:08:28,541 [INFO] CONX: fetched 107 price records
2026-04-27 10:08:28,674 [INFO]   CONX: upserted=0 errors=0 (total: inserted=249 errors=0)
2026-04-27 10:08:29,223 [INFO] [43/247] Processing CORB (has 114 rows)...
2026-04-27 10:08:29,352 [INFO] CORB: fetched 114 price records
2026-04-27 10:08:29,482 [INFO]   CORB: upserted=0 errors=0 (total: inserted=249 errors=0)
2026-04-27 10:08:30,032 [INFO] [44/247] Processing CORD (has 145 rows)...
2026-04-27 10:08:30,158 [INFO] CORD: fetched 145 price records
2026-04-27 10:08:30,305 [INFO]   CORD: upserted=0 errors=0 (total: inserted=249 errors=0)
2026-04-27 10:08:30,850 [INFO] [45/247] Processing COSW (has 126 rows)...
2026-04-27 10:08:31,035 [INFO] COSW: fetched 126 price records
2026-04-27 10:08:31,175 [INFO]   COSW: upserted=0 errors=0 (total: inserted=249 errors=0)
2026-04-27 10:08:31,723 [INFO] [46/247] Processing COTG (has 151 rows)...
2026-04-27 10:08:31,854 [INFO] COTG: fetched 151 price records
2026-04-27 10:08:31,988 [INFO]   COTG: upserted=0 errors=0 (total: inserted=249 errors=0)
2026-04-27 10:08:32,477 [INFO] [47/247] Processing COYY (has 187 rows)...
2026-04-27 10:08:32,612 [INFO] COYY: fetched 187 price records
2026-04-27 10:08:32,749 [INFO]   COYY: upserted=0 errors=0 (total: inserted=249 errors=0)
2026-04-27 10:08:33,298 [INFO] [48/247] Processing COZX (has 117 rows)...
2026-04-27 10:08:33,475 [INFO] COZX: fetched 117 price records
2026-04-27 10:08:33,609 [INFO]   COZX: upserted=0 errors=0 (total: inserted=249 errors=0)
2026-04-27 10:08:34,158 [INFO] [49/247] Processing CPAG (has 177 rows)...
2026-04-27 10:08:34,290 [INFO] CPAG: fetched 177 price records
2026-04-27 10:08:34,423 [INFO]   CPAG: upserted=0 errors=0 (total: inserted=249 errors=0)
2026-04-27 10:08:34,965 [INFO] [50/247] Processing CPHY (has 177 rows)...
2026-04-27 10:08:35,152 [INFO] CPHY: fetched 177 price records
2026-04-27 10:08:35,291 [INFO]   CPHY: upserted=0 errors=0 (total: inserted=249 errors=0)
2026-04-27 10:08:35,840 [INFO] [51/247] Processing CPSU (has 226 rows)...
2026-04-27 10:08:35,995 [INFO] CPSU: fetched 226 price records
2026-04-27 10:08:36,122 [INFO]   CPSU: upserted=0 errors=0 (total: inserted=249 errors=0)
2026-04-27 10:08:36,555 [INFO] [52/247] Processing CRCD (has 145 rows)...
2026-04-27 10:08:36,683 [INFO] CRCD: fetched 145 price records
2026-04-27 10:08:36,816 [INFO]   CRCD: upserted=0 errors=0 (total: inserted=249 errors=0)
2026-04-27 10:08:37,345 [INFO] [53/247] Processing CRCG (has 178 rows)...
2026-04-27 10:08:37,486 [INFO] CRCG: fetched 178 price records
2026-04-27 10:08:37,642 [INFO]   CRCG: upserted=0 errors=0 (total: inserted=249 errors=0)
2026-04-27 10:08:38,190 [INFO] [54/247] Processing CRDD (has 17 rows)...
2026-04-27 10:08:38,315 [INFO] CRDD: fetched 17 price records
2026-04-27 10:08:38,452 [INFO]   CRDD: upserted=0 errors=0 (total: inserted=249 errors=0)
2026-04-27 10:08:38,979 [INFO] [55/247] Processing CRDU (has 153 rows)...
2026-04-27 10:08:39,109 [INFO] CRDU: fetched 153 price records
2026-04-27 10:08:39,232 [INFO]   CRDU: upserted=0 errors=0 (total: inserted=249 errors=0)
2026-04-27 10:08:39,781 [INFO] [56/247] Processing CRDX (has 17 rows)...
2026-04-27 10:08:39,901 [INFO] CRDX: fetched 17 price records
2026-04-27 10:08:40,037 [INFO]   CRDX: upserted=0 errors=0 (total: inserted=249 errors=0)
2026-04-27 10:08:40,513 [INFO] [57/247] Processing CRMU (has 52 rows)...
2026-04-27 10:08:40,635 [INFO] CRMU: fetched 52 price records
2026-04-27 10:08:40,771 [INFO]   CRMU: upserted=0 errors=0 (total: inserted=249 errors=0)
2026-04-27 10:08:41,319 [INFO] [58/247] Processing CRMX (has 71 rows)...
2026-04-27 10:08:41,448 [INFO] CRMX: fetched 71 price records
2026-04-27 10:08:41,578 [INFO]   CRMX: upserted=0 errors=0 (total: inserted=249 errors=0)
2026-04-27 10:08:42,129 [INFO] [59/247] Processing CRUX (has 29 rows)...
2026-04-27 10:08:42,249 [INFO] CRUX: fetched 29 price records
2026-04-27 10:08:42,394 [INFO]   CRUX: upserted=0 errors=0 (total: inserted=249 errors=0)
2026-04-27 10:08:42,942 [INFO] [60/247] Processing CRWG (has 178 rows)...
2026-04-27 10:08:43,128 [INFO] CRWG: fetched 178 price records
2026-04-27 10:08:43,276 [INFO]   CRWG: upserted=0 errors=0 (total: inserted=249 errors=0)
2026-04-27 10:08:43,825 [INFO] [61/247] Processing CRWU (has 188 rows)...
2026-04-27 10:08:43,957 [INFO] CRWU: fetched 188 price records
2026-04-27 10:08:44,080 [INFO]   CRWU: upserted=0 errors=0 (total: inserted=249 errors=0)
2026-04-27 10:08:44,608 [INFO] [62/247] Processing CSCL (has 210 rows)...
2026-04-27 10:08:44,743 [INFO] CSCL: fetched 210 price records
2026-04-27 10:08:44,882 [INFO]   CSCL: upserted=0 errors=0 (total: inserted=249 errors=0)
2026-04-27 10:08:45,421 [INFO] [63/247] Processing CSCS (has 210 rows)...
2026-04-27 10:08:45,554 [INFO] CSCS: fetched 210 price records
2026-04-27 10:08:45,690 [INFO]   CSCS: upserted=0 errors=0 (total: inserted=249 errors=0)
2026-04-27 10:08:46,118 [INFO] [64/247] Processing CSEX (has 111 rows)...
2026-04-27 10:08:46,224 [INFO] CSEX: fetched 111 price records
2026-04-27 10:08:46,347 [INFO]   CSEX: upserted=0 errors=0 (total: inserted=249 errors=0)
2026-04-27 10:08:46,897 [INFO] [65/247] Processing CSHI (has 2 rows)...
2026-04-27 10:08:47,049 [INFO] CSHI: fetched 251 price records
2026-04-27 10:08:47,381 [INFO]   CSHI: upserted=249 errors=0 (total: inserted=498 errors=0)
2026-04-27 10:08:47,804 [INFO] [66/247] Processing CSTK (has 243 rows)...
2026-04-27 10:08:47,939 [INFO] CSTK: fetched 243 price records
2026-04-27 10:08:48,086 [INFO]   CSTK: upserted=0 errors=0 (total: inserted=498 errors=0)
2026-04-27 10:08:48,633 [INFO] [67/247] Processing CTEF (has 214 rows)...
2026-04-27 10:08:48,832 [INFO] CTEF: fetched 214 price records
2026-04-27 10:08:48,968 [INFO]   CTEF: upserted=0 errors=0 (total: inserted=498 errors=0)
2026-04-27 10:08:49,510 [INFO] [68/247] Processing CTIF (has 210 rows)...
2026-04-27 10:08:49,650 [INFO] CTIF: fetched 210 price records
2026-04-27 10:08:49,781 [INFO]   CTIF: upserted=0 errors=0 (total: inserted=498 errors=0)
2026-04-27 10:08:50,329 [INFO] [69/247] Processing CTWO (has 213 rows)...
2026-04-27 10:08:50,460 [INFO] CTWO: fetched 213 price records
2026-04-27 10:08:50,614 [INFO]   CTWO: upserted=0 errors=0 (total: inserted=498 errors=0)
2026-04-27 10:08:51,164 [INFO] [70/247] Processing CVNX (has 228 rows)...
2026-04-27 10:08:51,294 [INFO] CVNX: fetched 228 price records
2026-04-27 10:08:51,444 [INFO]   CVNX: upserted=0 errors=0 (total: inserted=498 errors=0)
2026-04-27 10:08:51,954 [INFO] [71/247] Processing CWII (has 118 rows)...
2026-04-27 10:08:52,114 [INFO] CWII: fetched 118 price records
2026-04-27 10:08:52,256 [INFO]   CWII: upserted=0 errors=0 (total: inserted=498 errors=0)
2026-04-27 10:08:52,804 [INFO] [72/247] Processing CWVX (has 199 rows)...
2026-04-27 10:08:52,939 [INFO] CWVX: fetched 199 price records
2026-04-27 10:08:53,091 [INFO]   CWVX: upserted=0 errors=0 (total: inserted=498 errors=0)
2026-04-27 10:08:53,642 [INFO] [73/247] Processing CWY (has 8 rows)...
2026-04-27 10:08:53,768 [INFO] CWY: fetched 8 price records
2026-04-27 10:08:53,908 [INFO]   CWY: upserted=0 errors=0 (total: inserted=498 errors=0)
2026-04-27 10:08:54,459 [INFO] [74/247] Processing DADS (has 181 rows)...
2026-04-27 10:08:54,591 [INFO] DADS: fetched 181 price records
2026-04-27 10:08:54,723 [INFO]   DADS: upserted=0 errors=0 (total: inserted=498 errors=0)
2026-04-27 10:08:55,182 [INFO] [75/247] Processing DAK (has 186 rows)...
2026-04-27 10:08:55,317 [INFO] DAK: fetched 186 price records
2026-04-27 10:08:55,454 [INFO]   DAK: upserted=0 errors=0 (total: inserted=498 errors=0)
2026-04-27 10:08:55,987 [INFO] [76/247] Processing DANA (has 98 rows)...
2026-04-27 10:08:56,117 [INFO] DANA: fetched 98 price records
2026-04-27 10:08:56,256 [INFO]   DANA: upserted=0 errors=0 (total: inserted=498 errors=0)
2026-04-27 10:08:56,803 [INFO] [77/247] Processing DBSC (has 89 rows)...
2026-04-27 10:08:56,929 [INFO] DBSC: fetched 89 price records
2026-04-27 10:08:57,058 [INFO]   DBSC: upserted=0 errors=0 (total: inserted=498 errors=0)
2026-04-27 10:08:57,608 [INFO] [78/247] Processing DDFA (has 17 rows)...
2026-04-27 10:08:57,727 [INFO] DDFA: fetched 17 price records
2026-04-27 10:08:57,868 [INFO]   DDFA: upserted=0 errors=0 (total: inserted=498 errors=0)
2026-04-27 10:08:58,418 [INFO] [79/247] Processing DDFD (has 99 rows)...
2026-04-27 10:08:58,518 [INFO] DDFD: fetched 99 price records
2026-04-27 10:08:58,644 [INFO]   DDFD: upserted=0 errors=0 (total: inserted=498 errors=0)
2026-04-27 10:08:59,173 [INFO] [80/247] Processing DDFF (has 58 rows)...
2026-04-27 10:08:59,308 [INFO] DDFF: fetched 58 price records
2026-04-27 10:08:59,435 [INFO]   DDFF: upserted=0 errors=0 (total: inserted=498 errors=0)
2026-04-27 10:08:59,962 [INFO] [81/247] Processing DDFJ (has 78 rows)...
2026-04-27 10:09:00,082 [INFO] DDFJ: fetched 78 price records
2026-04-27 10:09:00,211 [INFO]   DDFJ: upserted=0 errors=0 (total: inserted=498 errors=0)
2026-04-27 10:09:00,759 [INFO] [82/247] Processing DDFL (has 206 rows)...
2026-04-27 10:09:00,895 [INFO] DDFL: fetched 206 price records
2026-04-27 10:09:01,038 [INFO]   DDFL: upserted=0 errors=0 (total: inserted=498 errors=0)
2026-04-27 10:09:01,587 [INFO] [83/247] Processing DDFM (has 39 rows)...
2026-04-27 10:09:01,760 [INFO] DDFM: fetched 39 price records
2026-04-27 10:09:01,892 [INFO]   DDFM: upserted=0 errors=0 (total: inserted=498 errors=0)
2026-04-27 10:09:02,441 [INFO] [84/247] Processing DDFN (has 119 rows)...
2026-04-27 10:09:02,605 [INFO] DDFN: fetched 119 price records
2026-04-27 10:09:02,758 [INFO]   DDFN: upserted=0 errors=0 (total: inserted=498 errors=0)
2026-04-27 10:09:03,308 [INFO] [85/247] Processing DDFO (has 142 rows)...
2026-04-27 10:09:03,434 [INFO] DDFO: fetched 142 price records
2026-04-27 10:09:03,576 [INFO]   DDFO: upserted=0 errors=0 (total: inserted=498 errors=0)
2026-04-27 10:09:04,118 [INFO] [86/247] Processing DDFS (has 163 rows)...
2026-04-27 10:09:04,247 [INFO] DDFS: fetched 163 price records
2026-04-27 10:09:04,377 [INFO]   DDFS: upserted=0 errors=0 (total: inserted=498 errors=0)
2026-04-27 10:09:04,925 [INFO] [87/247] Processing DDNQ (has 78 rows)...
2026-04-27 10:09:05,053 [INFO] DDNQ: fetched 78 price records
2026-04-27 10:09:05,187 [INFO]   DDNQ: upserted=0 errors=0 (total: inserted=498 errors=0)
2026-04-27 10:09:05,737 [INFO] [88/247] Processing DDSQ (has 78 rows)...
2026-04-27 10:09:05,859 [INFO] DDSQ: fetched 78 price records
2026-04-27 10:09:05,998 [INFO]   DDSQ: upserted=0 errors=0 (total: inserted=498 errors=0)
2026-04-27 10:09:06,545 [INFO] [89/247] Processing DDTA (has 17 rows)...
2026-04-27 10:09:06,673 [INFO] DDTA: fetched 17 price records
2026-04-27 10:09:06,809 [INFO]   DDTA: upserted=0 errors=0 (total: inserted=498 errors=0)
2026-04-27 10:09:07,358 [INFO] [90/247] Processing DDTD (has 99 rows)...
2026-04-27 10:09:07,498 [INFO] DDTD: fetched 99 price records
2026-04-27 10:09:07,637 [INFO]   DDTD: upserted=0 errors=0 (total: inserted=498 errors=0)
2026-04-27 10:09:08,187 [INFO] [91/247] Processing DDTF (has 58 rows)...
2026-04-27 10:09:08,362 [INFO] DDTF: fetched 58 price records
2026-04-27 10:09:08,504 [INFO]   DDTF: upserted=0 errors=0 (total: inserted=498 errors=0)
2026-04-27 10:09:09,041 [INFO] [92/247] Processing DDTJ (has 78 rows)...
2026-04-27 10:09:09,228 [INFO] DDTJ: fetched 78 price records
2026-04-27 10:09:09,353 [INFO]   DDTJ: upserted=0 errors=0 (total: inserted=498 errors=0)
2026-04-27 10:09:09,889 [INFO] [93/247] Processing DDTL (has 206 rows)...
2026-04-27 10:09:10,027 [INFO] DDTL: fetched 206 price records
2026-04-27 10:09:10,166 [INFO]   DDTL: upserted=0 errors=0 (total: inserted=498 errors=0)
2026-04-27 10:09:10,716 [INFO] [94/247] Processing DDTM (has 39 rows)...
2026-04-27 10:09:10,892 [INFO] DDTM: fetched 39 price records
2026-04-27 10:09:11,029 [INFO]   DDTM: upserted=0 errors=0 (total: inserted=498 errors=0)
2026-04-27 10:09:11,578 [INFO] [95/247] Processing DDTN (has 119 rows)...
2026-04-27 10:09:11,757 [INFO] DDTN: fetched 119 price records
2026-04-27 10:09:11,889 [INFO]   DDTN: upserted=0 errors=0 (total: inserted=498 errors=0)
2026-04-27 10:09:12,413 [INFO] [96/247] Processing DDTO (has 142 rows)...
2026-04-27 10:09:12,596 [INFO] DDTO: fetched 142 price records
2026-04-27 10:09:12,737 [INFO]   DDTO: upserted=0 errors=0 (total: inserted=498 errors=0)
2026-04-27 10:09:13,286 [INFO] [97/247] Processing DDTS (has 163 rows)...
2026-04-27 10:09:13,425 [INFO] DDTS: fetched 163 price records
2026-04-27 10:09:13,561 [INFO]   DDTS: upserted=0 errors=0 (total: inserted=498 errors=0)
2026-04-27 10:09:14,111 [INFO] [98/247] Processing DDV (has 111 rows)...
2026-04-27 10:09:14,299 [INFO] DDV: fetched 111 price records
2026-04-27 10:09:14,425 [INFO]   DDV: upserted=0 errors=0 (total: inserted=498 errors=0)
2026-04-27 10:09:14,976 [INFO] [99/247] Processing DDXX (has 111 rows)...
2026-04-27 10:09:15,103 [INFO] DDXX: fetched 111 price records
2026-04-27 10:09:15,243 [INFO]   DDXX: upserted=0 errors=0 (total: inserted=498 errors=0)
2026-04-27 10:09:15,791 [INFO] [100/247] Processing DEFR (has 238 rows)...
2026-04-27 10:09:15,927 [INFO] DEFR: fetched 238 price records
2026-04-27 10:09:16,065 [INFO]   DEFR: upserted=0 errors=0 (total: inserted=498 errors=0)
2026-04-27 10:09:16,611 [INFO] [101/247] Processing DES (has 2 rows)...
2026-04-27 10:09:16,780 [INFO] DES: fetched 251 price records
2026-04-27 10:09:17,102 [INFO]   DES: upserted=249 errors=0 (total: inserted=747 errors=0)
2026-04-27 10:09:17,607 [INFO] [102/247] Processing DGAP (has 4 rows)...
2026-04-27 10:09:17,735 [INFO] DGAP: fetched 4 price records
2026-04-27 10:09:17,878 [INFO]   DGAP: upserted=0 errors=0 (total: inserted=747 errors=0)
2026-04-27 10:09:18,428 [INFO] [103/247] Processing DGJA (has 67 rows)...
2026-04-27 10:09:18,544 [INFO] DGJA: fetched 67 price records
2026-04-27 10:09:18,670 [INFO]   DGJA: upserted=0 errors=0 (total: inserted=747 errors=0)
2026-04-27 10:09:19,220 [INFO] [104/247] Processing DGLO (has 180 rows)...
2026-04-27 10:09:19,359 [INFO] DGLO: fetched 180 price records
2026-04-27 10:09:19,496 [INFO]   DGLO: upserted=0 errors=0 (total: inserted=747 errors=0)
2026-04-27 10:09:20,043 [INFO] [105/247] Processing DGOC (has 129 rows)...
2026-04-27 10:09:20,187 [INFO] DGOC: fetched 129 price records
2026-04-27 10:09:20,323 [INFO]   DGOC: upserted=0 errors=0 (total: inserted=747 errors=0)
2026-04-27 10:09:20,870 [INFO] [106/247] Processing DGRS (has 2 rows)...
2026-04-27 10:09:21,071 [INFO] DGRS: fetched 251 price records
2026-04-27 10:09:21,375 [INFO]   DGRS: upserted=249 errors=0 (total: inserted=996 errors=0)
2026-04-27 10:09:21,924 [INFO] [107/247] Processing DGRW (has 2 rows)...
2026-04-27 10:09:22,073 [INFO] DGRW: fetched 251 price records
2026-04-27 10:09:22,370 [INFO]   DGRW: upserted=249 errors=0 (total: inserted=1245 errors=0)
2026-04-27 10:09:22,920 [INFO] [108/247] Processing DHLX (has 144 rows)...
2026-04-27 10:09:23,054 [INFO] DHLX: fetched 144 price records
2026-04-27 10:09:23,201 [INFO]   DHLX: upserted=0 errors=0 (total: inserted=1245 errors=0)
2026-04-27 10:09:23,749 [INFO] [109/247] Processing DHS (has 2 rows)...
2026-04-27 10:09:23,923 [INFO] DHS: fetched 251 price records
2026-04-27 10:09:24,234 [INFO]   DHS: upserted=249 errors=0 (total: inserted=1494 errors=0)
2026-04-27 10:09:24,780 [INFO] [110/247] Processing DIME (has 138 rows)...
2026-04-27 10:09:24,910 [INFO] DIME: fetched 138 price records
2026-04-27 10:09:25,051 [INFO]   DIME: upserted=0 errors=0 (total: inserted=1494 errors=0)
2026-04-27 10:09:25,599 [INFO] [111/247] Processing DIVN (has 209 rows)...
2026-04-27 10:09:25,742 [INFO] DIVN: fetched 209 price records
2026-04-27 10:09:25,879 [INFO]   DIVN: upserted=0 errors=0 (total: inserted=1494 errors=0)
2026-04-27 10:09:26,428 [INFO] [112/247] Processing DIVZ (has 2 rows)...
2026-04-27 10:09:26,624 [INFO] DIVZ: fetched 251 price records
2026-04-27 10:09:26,937 [INFO]   DIVZ: upserted=249 errors=0 (total: inserted=1743 errors=0)
2026-04-27 10:09:27,486 [INFO] [113/247] Processing DKNX (has 185 rows)...
2026-04-27 10:09:27,589 [INFO] DKNX: fetched 185 price records
2026-04-27 10:09:27,714 [INFO]   DKNX: upserted=0 errors=0 (total: inserted=1743 errors=0)
2026-04-27 10:09:28,264 [INFO] [114/247] Processing DLAG (has 149 rows)...
2026-04-27 10:09:28,400 [INFO] DLAG: fetched 149 price records
2026-04-27 10:09:28,524 [INFO]   DLAG: upserted=0 errors=0 (total: inserted=1743 errors=0)
2026-04-27 10:09:29,074 [INFO] [115/247] Processing DLFE (has 44 rows)...
2026-04-27 10:09:29,196 [INFO] DLFE: fetched 44 price records
2026-04-27 10:09:29,325 [INFO]   DLFE: upserted=0 errors=0 (total: inserted=1743 errors=0)
2026-04-27 10:09:29,874 [INFO] [116/247] Processing DLN (has 2 rows)...
2026-04-27 10:09:30,046 [INFO] DLN: fetched 251 price records
2026-04-27 10:09:30,331 [INFO]   DLN: upserted=249 errors=0 (total: inserted=1992 errors=0)
2026-04-27 10:09:30,878 [INFO] [117/247] Processing DLNV (has 104 rows)...
2026-04-27 10:09:31,007 [INFO] DLNV: fetched 104 price records
2026-04-27 10:09:31,144 [INFO]   DLNV: upserted=0 errors=0 (total: inserted=1992 errors=0)
2026-04-27 10:09:31,694 [INFO] [118/247] Processing DNNG (has 52 rows)...
2026-04-27 10:09:31,870 [INFO] DNNG: fetched 52 price records
2026-04-27 10:09:31,996 [INFO]   DNNG: upserted=0 errors=0 (total: inserted=1992 errors=0)
2026-04-27 10:09:32,509 [INFO] [119/247] Processing DOGD (has 177 rows)...
2026-04-27 10:09:32,715 [INFO] DOGD: fetched 177 price records
2026-04-27 10:09:32,868 [INFO]   DOGD: upserted=0 errors=0 (total: inserted=1992 errors=0)
2026-04-27 10:09:33,419 [INFO] [120/247] Processing DOJE (has 151 rows)...
2026-04-27 10:09:33,557 [INFO] DOJE: fetched 151 price records
2026-04-27 10:09:33,694 [INFO]   DOJE: upserted=0 errors=0 (total: inserted=1992 errors=0)
2026-04-27 10:09:34,244 [INFO] [121/247] Processing DON (has 2 rows)...
2026-04-27 10:09:34,407 [INFO] DON: fetched 251 price records
2026-04-27 10:09:34,724 [INFO]   DON: upserted=249 errors=0 (total: inserted=2241 errors=0)
2026-04-27 10:09:35,251 [INFO] [122/247] Processing DRAM (has 16 rows)...
2026-04-27 10:09:35,377 [INFO] DRAM: fetched 16 price records
2026-04-27 10:09:35,508 [INFO]   DRAM: upserted=0 errors=0 (total: inserted=2241 errors=0)
2026-04-27 10:09:36,057 [INFO] [123/247] Processing DRGN (has 197 rows)...
2026-04-27 10:09:36,201 [INFO] DRGN: fetched 197 price records
2026-04-27 10:09:36,348 [INFO]   DRGN: upserted=0 errors=0 (total: inserted=2241 errors=0)
2026-04-27 10:09:36,894 [INFO] [124/247] Processing DRNL (has 38 rows)...
2026-04-27 10:09:37,128 [INFO] DRNL: fetched 38 price records
2026-04-27 10:09:37,265 [INFO]   DRNL: upserted=0 errors=0 (total: inserted=2241 errors=0)
2026-04-27 10:09:37,815 [INFO] [125/247] Processing DRNZ (has 122 rows)...
2026-04-27 10:09:37,960 [INFO] DRNZ: fetched 122 price records
2026-04-27 10:09:38,087 [INFO]   DRNZ: upserted=0 errors=0 (total: inserted=2241 errors=0)
2026-04-27 10:09:38,636 [INFO] [126/247] Processing DSCO (has 58 rows)...
2026-04-27 10:09:38,831 [INFO] DSCO: fetched 58 price records
2026-04-27 10:09:38,976 [INFO]   DSCO: upserted=0 errors=0 (total: inserted=2241 errors=0)
2026-04-27 10:09:39,524 [INFO] [127/247] Processing DTD (has 2 rows)...
2026-04-27 10:09:39,694 [INFO] DTD: fetched 251 price records
2026-04-27 10:09:39,993 [INFO]   DTD: upserted=249 errors=0 (total: inserted=2490 errors=0)
2026-04-27 10:09:40,541 [INFO] [128/247] Processing DUOG (has 92 rows)...
2026-04-27 10:09:40,669 [INFO] DUOG: fetched 92 price records
2026-04-27 10:09:40,804 [INFO]   DUOG: upserted=0 errors=0 (total: inserted=2490 errors=0)
2026-04-27 10:09:41,338 [INFO] [129/247] Processing DUTY (has 13 rows)...
2026-04-27 10:09:41,452 [INFO] DUTY: fetched 13 price records
2026-04-27 10:09:41,591 [INFO]   DUTY: upserted=0 errors=0 (total: inserted=2490 errors=0)
2026-04-27 10:09:42,141 [INFO] [130/247] Processing DVGR (has 96 rows)...
2026-04-27 10:09:42,269 [INFO] DVGR: fetched 96 price records
2026-04-27 10:09:42,398 [INFO]   DVGR: upserted=0 errors=0 (total: inserted=2490 errors=0)
2026-04-27 10:09:42,944 [INFO] [131/247] Processing DVIN (has 191 rows)...
2026-04-27 10:09:43,075 [INFO] DVIN: fetched 191 price records
2026-04-27 10:09:43,235 [INFO]   DVIN: upserted=0 errors=0 (total: inserted=2490 errors=0)
2026-04-27 10:09:43,779 [INFO] [132/247] Processing DVRE (has 191 rows)...
2026-04-27 10:09:43,909 [INFO] DVRE: fetched 191 price records
2026-04-27 10:09:44,044 [INFO]   DVRE: upserted=0 errors=0 (total: inserted=2490 errors=0)
2026-04-27 10:09:44,530 [INFO] [133/247] Processing DVUT (has 191 rows)...
2026-04-27 10:09:44,657 [INFO] DVUT: fetched 191 price records
2026-04-27 10:09:44,788 [INFO]   DVUT: upserted=0 errors=0 (total: inserted=2490 errors=0)
2026-04-27 10:09:45,338 [INFO] [134/247] Processing DVVY (has 26 rows)...
2026-04-27 10:09:45,458 [INFO] DVVY: fetched 26 price records
2026-04-27 10:09:45,594 [INFO]   DVVY: upserted=0 errors=0 (total: inserted=2490 errors=0)
2026-04-27 10:09:46,140 [INFO] [135/247] Processing DVXB (has 191 rows)...
2026-04-27 10:09:46,269 [INFO] DVXB: fetched 191 price records
2026-04-27 10:09:46,412 [INFO]   DVXB: upserted=0 errors=0 (total: inserted=2490 errors=0)
2026-04-27 10:09:46,947 [INFO] [136/247] Processing DVXC (has 191 rows)...
2026-04-27 10:09:47,136 [INFO] DVXC: fetched 191 price records
2026-04-27 10:09:47,267 [INFO]   DVXC: upserted=0 errors=0 (total: inserted=2490 errors=0)
2026-04-27 10:09:47,799 [INFO] [137/247] Processing DVXE (has 191 rows)...
2026-04-27 10:09:47,922 [INFO] DVXE: fetched 191 price records
2026-04-27 10:09:48,061 [INFO]   DVXE: upserted=0 errors=0 (total: inserted=2490 errors=0)
2026-04-27 10:09:48,611 [INFO] [138/247] Processing DVXF (has 191 rows)...
2026-04-27 10:09:48,742 [INFO] DVXF: fetched 191 price records
2026-04-27 10:09:48,878 [INFO]   DVXF: upserted=0 errors=0 (total: inserted=2490 errors=0)
2026-04-27 10:09:49,427 [INFO] [139/247] Processing DVXK (has 191 rows)...
2026-04-27 10:09:49,582 [INFO] DVXK: fetched 191 price records
2026-04-27 10:09:49,711 [INFO]   DVXK: upserted=0 errors=0 (total: inserted=2490 errors=0)
2026-04-27 10:09:50,261 [INFO] [140/247] Processing DVXP (has 190 rows)...
2026-04-27 10:09:50,397 [INFO] DVXP: fetched 190 price records
2026-04-27 10:09:50,532 [INFO]   DVXP: upserted=0 errors=0 (total: inserted=2490 errors=0)
2026-04-27 10:09:50,946 [INFO] [141/247] Processing DVXV (has 191 rows)...
2026-04-27 10:09:51,081 [INFO] DVXV: fetched 191 price records
2026-04-27 10:09:51,207 [INFO]   DVXV: upserted=0 errors=0 (total: inserted=2490 errors=0)
2026-04-27 10:09:51,757 [INFO] [142/247] Processing DVXY (has 191 rows)...
2026-04-27 10:09:51,894 [INFO] DVXY: fetched 191 price records
2026-04-27 10:09:52,023 [INFO]   DVXY: upserted=0 errors=0 (total: inserted=2490 errors=0)
2026-04-27 10:09:52,574 [INFO] [143/247] Processing DYNB (has 147 rows)...
2026-04-27 10:09:52,702 [INFO] DYNB: fetched 147 price records
2026-04-27 10:09:52,848 [INFO]   DYNB: upserted=0 errors=0 (total: inserted=2490 errors=0)
2026-04-27 10:09:53,384 [INFO] [144/247] Processing EASY (has 142 rows)...
2026-04-27 10:09:53,522 [INFO] EASY: fetched 142 price records
2026-04-27 10:09:53,665 [INFO]   EASY: upserted=0 errors=0 (total: inserted=2490 errors=0)
2026-04-27 10:09:54,215 [INFO] [145/247] Processing EEE (has 59 rows)...
2026-04-27 10:09:54,346 [INFO] EEE: fetched 59 price records
2026-04-27 10:09:54,476 [INFO]   EEE: upserted=0 errors=0 (total: inserted=2490 errors=0)
2026-04-27 10:09:54,994 [INFO] [146/247] Processing MMMA (has 88 rows)...
2026-04-27 10:09:55,125 [INFO] MMMA: fetched 88 price records
2026-04-27 10:09:55,260 [INFO]   MMMA: upserted=0 errors=0 (total: inserted=2490 errors=0)
2026-04-27 10:09:55,784 [INFO] [147/247] Processing MMSD (has 244 rows)...
2026-04-27 10:09:55,927 [INFO] MMSD: fetched 244 price records
2026-04-27 10:09:56,068 [INFO]   MMSD: upserted=0 errors=0 (total: inserted=2490 errors=0)
2026-04-27 10:09:56,615 [INFO] [148/247] Processing MNVT (has 27 rows)...
2026-04-27 10:09:56,733 [INFO] MNVT: fetched 27 price records
2026-04-27 10:09:56,867 [INFO]   MNVT: upserted=0 errors=0 (total: inserted=2490 errors=0)
2026-04-27 10:09:57,395 [INFO] [149/247] Processing MNZL (has 107 rows)...
2026-04-27 10:09:57,524 [INFO] MNZL: fetched 107 price records
2026-04-27 10:09:57,660 [INFO]   MNZL: upserted=0 errors=0 (total: inserted=2490 errors=0)
2026-04-27 10:09:58,207 [INFO] [150/247] Processing MPG (has 124 rows)...
2026-04-27 10:09:58,405 [INFO] MPG: fetched 124 price records
2026-04-27 10:09:58,544 [INFO]   MPG: upserted=0 errors=0 (total: inserted=2490 errors=0)
2026-04-27 10:09:59,050 [INFO] [151/247] Processing MPL (has 128 rows)...
2026-04-27 10:09:59,163 [INFO] MPL: fetched 128 price records
2026-04-27 10:09:59,280 [INFO]   MPL: upserted=0 errors=0 (total: inserted=2490 errors=0)
2026-04-27 10:09:59,819 [INFO] [152/247] Processing MPLY (has 236 rows)...
2026-04-27 10:09:59,929 [INFO] MPLY: fetched 236 price records
2026-04-27 10:10:00,064 [INFO]   MPLY: upserted=0 errors=0 (total: inserted=2490 errors=0)
2026-04-27 10:10:00,611 [INFO] [153/247] Processing MRNX (has 56 rows)...
2026-04-27 10:10:00,749 [INFO] MRNX: fetched 56 price records
2026-04-27 10:10:00,892 [INFO]   MRNX: upserted=0 errors=0 (total: inserted=2490 errors=0)
2026-04-27 10:10:01,438 [INFO] [154/247] Processing MRVU (has 50 rows)...
2026-04-27 10:10:01,564 [INFO] MRVU: fetched 50 price records
2026-04-27 10:10:01,697 [INFO]   MRVU: upserted=0 errors=0 (total: inserted=2490 errors=0)
2026-04-27 10:10:02,245 [INFO] [155/247] Processing MSBT (has 14 rows)...
2026-04-27 10:10:02,388 [INFO] MSBT: fetched 14 price records
2026-04-27 10:10:02,532 [INFO]   MSBT: upserted=0 errors=0 (total: inserted=2490 errors=0)
2026-04-27 10:10:03,082 [INFO] [156/247] Processing MSDD (has 220 rows)...
2026-04-27 10:10:03,289 [INFO] MSDD: fetched 220 price records
2026-04-27 10:10:03,427 [INFO]   MSDD: upserted=0 errors=0 (total: inserted=2490 errors=0)
2026-04-27 10:10:03,977 [INFO] [157/247] Processing MSFW (has 190 rows)...
2026-04-27 10:10:04,120 [INFO] MSFW: fetched 190 price records
2026-04-27 10:10:04,248 [INFO]   MSFW: upserted=0 errors=0 (total: inserted=2490 errors=0)
2026-04-27 10:10:04,788 [INFO] [158/247] Processing MSFY (has 2 rows)...
2026-04-27 10:10:04,936 [INFO] MSFY: fetched 251 price records
2026-04-27 10:10:05,267 [INFO]   MSFY: upserted=249 errors=0 (total: inserted=2739 errors=0)
2026-04-27 10:10:05,811 [INFO] [159/247] Processing MSII (has 224 rows)...
2026-04-27 10:10:05,955 [INFO] MSII: fetched 224 price records
2026-04-27 10:10:06,081 [INFO]   MSII: upserted=0 errors=0 (total: inserted=2739 errors=0)
2026-04-27 10:10:06,628 [INFO] [160/247] Processing MSOO (has 176 rows)...
2026-04-27 10:10:06,763 [INFO] MSOO: fetched 176 price records
2026-04-27 10:10:06,918 [INFO]   MSOO: upserted=0 errors=0 (total: inserted=2739 errors=0)
2026-04-27 10:10:07,386 [INFO] [161/247] Processing MSST (has 108 rows)...
2026-04-27 10:10:07,567 [INFO] MSST: fetched 108 price records
2026-04-27 10:10:07,709 [INFO]   MSST: upserted=0 errors=0 (total: inserted=2739 errors=0)
2026-04-27 10:10:08,257 [INFO] [162/247] Processing MST (has 246 rows)...
2026-04-27 10:10:08,414 [INFO] MST: fetched 246 price records
2026-04-27 10:10:08,543 [INFO]   MST: upserted=0 errors=0 (total: inserted=2739 errors=0)
2026-04-27 10:10:09,086 [INFO] [163/247] Processing MSTP (has 220 rows)...
2026-04-27 10:10:09,193 [INFO] MSTP: fetched 220 price records
2026-04-27 10:10:09,324 [INFO]   MSTP: upserted=0 errors=0 (total: inserted=2739 errors=0)
2026-04-27 10:10:09,870 [INFO] [164/247] Processing MSTW (has 190 rows)...
2026-04-27 10:10:10,020 [INFO] MSTW: fetched 190 price records
2026-04-27 10:10:10,158 [INFO]   MSTW: upserted=0 errors=0 (total: inserted=2739 errors=0)
2026-04-27 10:10:10,607 [INFO] [165/247] Processing MTGP (has 2 rows)...
2026-04-27 10:10:10,752 [INFO] MTGP: fetched 251 price records
2026-04-27 10:10:11,056 [INFO]   MTGP: upserted=249 errors=0 (total: inserted=2988 errors=0)
2026-04-27 10:10:11,606 [INFO] [166/247] Processing MTRA (has 219 rows)...
2026-04-27 10:10:11,798 [INFO] MTRA: fetched 219 price records
2026-04-27 10:10:11,937 [INFO]   MTRA: upserted=0 errors=0 (total: inserted=2988 errors=0)
2026-04-27 10:10:12,461 [INFO] [167/247] Processing MTYY (has 148 rows)...
2026-04-27 10:10:12,606 [INFO] MTYY: fetched 148 price records
2026-04-27 10:10:12,737 [INFO]   MTYY: upserted=0 errors=0 (total: inserted=2988 errors=0)
2026-04-27 10:10:13,285 [INFO] [168/247] Processing MULT (has 165 rows)...
2026-04-27 10:10:13,416 [INFO] MULT: fetched 165 price records
2026-04-27 10:10:13,550 [INFO]   MULT: upserted=0 errors=0 (total: inserted=2988 errors=0)
2026-04-27 10:10:14,098 [INFO] [169/247] Processing MUNY (has 232 rows)...
2026-04-27 10:10:14,241 [INFO] MUNY: fetched 232 price records
2026-04-27 10:10:14,380 [INFO]   MUNY: upserted=0 errors=0 (total: inserted=2988 errors=0)
2026-04-27 10:10:14,867 [INFO] [170/247] Processing MUYY (has 9 rows)...
2026-04-27 10:10:14,989 [INFO] MUYY: fetched 9 price records
2026-04-27 10:10:15,119 [INFO]   MUYY: upserted=0 errors=0 (total: inserted=2988 errors=0)
2026-04-27 10:10:15,658 [INFO] [171/247] Processing MYCO (has 152 rows)...
2026-04-27 10:10:15,788 [INFO] MYCO: fetched 152 price records
2026-04-27 10:10:15,925 [INFO]   MYCO: upserted=0 errors=0 (total: inserted=2988 errors=0)
2026-04-27 10:10:16,342 [INFO] [172/247] Processing MYHA (has 41 rows)...
2026-04-27 10:10:16,486 [INFO] MYHA: fetched 41 price records
2026-04-27 10:10:16,618 [INFO]   MYHA: upserted=0 errors=0 (total: inserted=2988 errors=0)
2026-04-27 10:10:17,158 [INFO] [173/247] Processing MYHB (has 41 rows)...
2026-04-27 10:10:17,281 [INFO] MYHB: fetched 41 price records
2026-04-27 10:10:17,426 [INFO]   MYHB: upserted=0 errors=0 (total: inserted=2988 errors=0)
2026-04-27 10:10:17,962 [INFO] [174/247] Processing MYHC (has 41 rows)...
2026-04-27 10:10:18,086 [INFO] MYHC: fetched 41 price records
2026-04-27 10:10:18,224 [INFO]   MYHC: upserted=0 errors=0 (total: inserted=2988 errors=0)
2026-04-27 10:10:18,773 [INFO] [175/247] Processing MYHD (has 41 rows)...
2026-04-27 10:10:18,896 [INFO] MYHD: fetched 41 price records
2026-04-27 10:10:19,045 [INFO]   MYHD: upserted=0 errors=0 (total: inserted=2988 errors=0)
2026-04-27 10:10:19,587 [INFO] [176/247] Processing MYHE (has 41 rows)...
2026-04-27 10:10:19,714 [INFO] MYHE: fetched 41 price records
2026-04-27 10:10:19,841 [INFO]   MYHE: upserted=0 errors=0 (total: inserted=2988 errors=0)
2026-04-27 10:10:20,330 [INFO] [177/247] Processing MYMK (has 152 rows)...
2026-04-27 10:10:20,470 [INFO] MYMK: fetched 152 price records
2026-04-27 10:10:20,610 [INFO]   MYMK: upserted=0 errors=0 (total: inserted=2988 errors=0)
2026-04-27 10:10:21,160 [INFO] [178/247] Processing NBIE (has 34 rows)...
2026-04-27 10:10:21,337 [INFO] NBIE: fetched 34 price records
2026-04-27 10:10:21,475 [INFO]   NBIE: upserted=0 errors=0 (total: inserted=2988 errors=0)
2026-04-27 10:10:22,023 [INFO] [179/247] Processing NBIG (has 124 rows)...
2026-04-27 10:10:22,154 [INFO] NBIG: fetched 124 price records
2026-04-27 10:10:22,281 [INFO]   NBIG: upserted=0 errors=0 (total: inserted=2988 errors=0)
2026-04-27 10:10:22,829 [INFO] [180/247] Processing NBIL (has 138 rows)...
2026-04-27 10:10:22,964 [INFO] NBIL: fetched 138 price records
2026-04-27 10:10:23,097 [INFO]   NBIL: upserted=0 errors=0 (total: inserted=2988 errors=0)
2026-04-27 10:10:23,635 [INFO] [181/247] Processing NBIZ (has 65 rows)...
2026-04-27 10:10:23,756 [INFO] NBIZ: fetched 65 price records
2026-04-27 10:10:23,889 [INFO]   NBIZ: upserted=0 errors=0 (total: inserted=2988 errors=0)
2026-04-27 10:10:24,439 [INFO] [182/247] Processing NEBX (has 158 rows)...
2026-04-27 10:10:24,563 [INFO] NEBX: fetched 158 price records
2026-04-27 10:10:24,693 [INFO]   NEBX: upserted=0 errors=0 (total: inserted=2988 errors=0)
2026-04-27 10:10:25,224 [INFO] [183/247] Processing NEHI (has 98 rows)...
2026-04-27 10:10:25,386 [INFO] NEHI: fetched 98 price records
2026-04-27 10:10:25,521 [INFO]   NEHI: upserted=0 errors=0 (total: inserted=2988 errors=0)
2026-04-27 10:10:26,067 [INFO] [184/247] Processing NELS (has 132 rows)...
2026-04-27 10:10:26,224 [INFO] NELS: fetched 132 price records
2026-04-27 10:10:26,366 [INFO]   NELS: upserted=0 errors=0 (total: inserted=2988 errors=0)
2026-04-27 10:10:26,862 [INFO] [185/247] Processing NEMD (has 177 rows)...
2026-04-27 10:10:27,108 [INFO] NEMD: fetched 177 price records
2026-04-27 10:10:27,237 [INFO]   NEMD: upserted=0 errors=0 (total: inserted=2988 errors=0)
2026-04-27 10:10:27,782 [INFO] [186/247] Processing NEMG (has 109 rows)...
2026-04-27 10:10:27,926 [INFO] NEMG: fetched 109 price records
2026-04-27 10:10:28,064 [INFO]   NEMG: upserted=0 errors=0 (total: inserted=2988 errors=0)
2026-04-27 10:10:28,615 [INFO] [187/247] Processing NETG (has 109 rows)...
2026-04-27 10:10:28,753 [INFO] NETG: fetched 109 price records
2026-04-27 10:10:28,890 [INFO]   NETG: upserted=0 errors=0 (total: inserted=2988 errors=0)
2026-04-27 10:10:29,440 [INFO] [188/247] Processing NETL (has 2 rows)...
2026-04-27 10:10:29,650 [INFO] NETL: fetched 251 price records
2026-04-27 10:10:29,957 [INFO]   NETL: upserted=249 errors=0 (total: inserted=3237 errors=0)
2026-04-27 10:10:30,506 [INFO] [189/247] Processing NFLP (has 2 rows)...
2026-04-27 10:10:30,667 [INFO] NFLP: fetched 251 price records
2026-04-27 10:10:30,970 [INFO]   NFLP: upserted=249 errors=0 (total: inserted=3486 errors=0)
2026-04-27 10:10:31,379 [INFO] [190/247] Processing NFLW (has 214 rows)...
2026-04-27 10:10:31,516 [INFO] NFLW: fetched 214 price records
2026-04-27 10:10:31,651 [INFO]   NFLW: upserted=0 errors=0 (total: inserted=3486 errors=0)
2026-04-27 10:10:32,198 [INFO] [191/247] Processing NFRX (has 59 rows)...
2026-04-27 10:10:32,322 [INFO] NFRX: fetched 59 price records
2026-04-27 10:10:32,459 [INFO]   NFRX: upserted=0 errors=0 (total: inserted=3486 errors=0)
2026-04-27 10:10:33,006 [INFO] [192/247] Processing NGHT (has 13 rows)...
2026-04-27 10:10:33,194 [INFO] NGHT: fetched 13 price records
2026-04-27 10:10:33,323 [INFO]   NGHT: upserted=0 errors=0 (total: inserted=3486 errors=0)
2026-04-27 10:10:33,872 [INFO] [193/247] Processing NIHI (has 152 rows)...
2026-04-27 10:10:34,007 [INFO] NIHI: fetched 152 price records
2026-04-27 10:10:34,145 [INFO]   NIHI: upserted=0 errors=0 (total: inserted=3486 errors=0)
2026-04-27 10:10:34,693 [INFO] [194/247] Processing NIOG (has 87 rows)...
2026-04-27 10:10:34,816 [INFO] NIOG: fetched 87 price records
2026-04-27 10:10:34,954 [INFO]   NIOG: upserted=0 errors=0 (total: inserted=3486 errors=0)
2026-04-27 10:10:35,502 [INFO] [195/247] Processing NLSI (has 93 rows)...
2026-04-27 10:10:35,692 [INFO] NLSI: fetched 93 price records
2026-04-27 10:10:35,822 [INFO]   NLSI: upserted=0 errors=0 (total: inserted=3486 errors=0)
2026-04-27 10:10:36,368 [INFO] [196/247] Processing NMAY (has 247 rows)...
2026-04-27 10:10:36,541 [INFO] NMAY: fetched 247 price records
2026-04-27 10:10:36,679 [INFO]   NMAY: upserted=0 errors=0 (total: inserted=3486 errors=0)
2026-04-27 10:10:37,227 [INFO] [197/247] Processing NMBL (has 119 rows)...
2026-04-27 10:10:37,356 [INFO] NMBL: fetched 119 price records
2026-04-27 10:10:37,497 [INFO]   NMBL: upserted=0 errors=0 (total: inserted=3486 errors=0)
2026-04-27 10:10:38,031 [INFO] [198/247] Processing NNEX (has 112 rows)...
2026-04-27 10:10:38,162 [INFO] NNEX: fetched 112 price records
2026-04-27 10:10:38,292 [INFO]   NNEX: upserted=0 errors=0 (total: inserted=3486 errors=0)
2026-04-27 10:10:38,841 [INFO] [199/247] Processing NODE (has 238 rows)...
2026-04-27 10:10:38,982 [INFO] NODE: fetched 238 price records
2026-04-27 10:10:39,119 [INFO]   NODE: upserted=0 errors=0 (total: inserted=3486 errors=0)
2026-04-27 10:10:39,668 [INFO] [200/247] Processing NOEQ (has 24 rows)...
2026-04-27 10:10:39,772 [INFO] NOEQ: fetched 24 price records
2026-04-27 10:10:39,892 [INFO]   NOEQ: upserted=0 errors=0 (total: inserted=3486 errors=0)
2026-04-27 10:10:40,442 [INFO] [201/247] Processing NOVP (has 249 rows)...
2026-04-27 10:10:40,581 [INFO] NOVP: fetched 249 price records
2026-04-27 10:10:40,702 [INFO]   NOVP: upserted=0 errors=0 (total: inserted=3486 errors=0)
2026-04-27 10:10:41,198 [INFO] [202/247] Processing NOWL (has 197 rows)...
2026-04-27 10:10:41,328 [INFO] NOWL: fetched 197 price records
2026-04-27 10:10:41,469 [INFO]   NOWL: upserted=0 errors=0 (total: inserted=3486 errors=0)
2026-04-27 10:10:42,018 [INFO] [203/247] Processing NPFE (has 32 rows)...
2026-04-27 10:10:42,139 [INFO] NPFE: fetched 32 price records
2026-04-27 10:10:42,271 [INFO]   NPFE: upserted=0 errors=0 (total: inserted=3486 errors=0)
2026-04-27 10:10:42,814 [INFO] [204/247] Processing NUG (has 109 rows)...
2026-04-27 10:10:42,950 [INFO] NUG: fetched 109 price records
2026-04-27 10:10:43,098 [INFO]   NUG: upserted=0 errors=0 (total: inserted=3486 errors=0)
2026-04-27 10:10:43,648 [INFO] [205/247] Processing NUGY (has 108 rows)...
2026-04-27 10:10:43,795 [INFO] NUGY: fetched 108 price records
2026-04-27 10:10:43,938 [INFO]   NUGY: upserted=0 errors=0 (total: inserted=3486 errors=0)
2026-04-27 10:10:44,485 [INFO] [206/247] Processing NVDO (has 176 rows)...
2026-04-27 10:10:44,610 [INFO] NVDO: fetched 176 price records
2026-04-27 10:10:44,741 [INFO]   NVDO: upserted=0 errors=0 (total: inserted=3486 errors=0)
2026-04-27 10:10:45,280 [INFO] [207/247] Processing NVII (has 229 rows)...
2026-04-27 10:10:45,418 [INFO] NVII: fetched 229 price records
2026-04-27 10:10:45,552 [INFO]   NVII: upserted=0 errors=0 (total: inserted=3486 errors=0)
2026-04-27 10:10:45,978 [INFO] [208/247] Processing NVIT (has 108 rows)...
2026-04-27 10:10:46,119 [INFO] NVIT: fetched 108 price records
2026-04-27 10:10:46,261 [INFO]   NVIT: upserted=0 errors=0 (total: inserted=3486 errors=0)
2026-04-27 10:10:46,812 [INFO] [209/247] Processing NVTX (has 158 rows)...
2026-04-27 10:10:46,966 [INFO] NVTX: fetched 158 price records
2026-04-27 10:10:47,100 [INFO]   NVTX: upserted=0 errors=0 (total: inserted=3486 errors=0)
2026-04-27 10:10:47,639 [INFO] [210/247] Processing NVYY (has 239 rows)...
2026-04-27 10:10:47,800 [INFO] NVYY: fetched 239 price records
2026-04-27 10:10:47,936 [INFO]   NVYY: upserted=0 errors=0 (total: inserted=3486 errors=0)
2026-04-27 10:10:48,485 [INFO] [211/247] Processing NYM (has 114 rows)...
2026-04-27 10:10:48,664 [INFO] NYM: fetched 114 price records
2026-04-27 10:10:48,806 [INFO]   NYM: upserted=0 errors=0 (total: inserted=3486 errors=0)
2026-04-27 10:10:49,356 [INFO] [212/247] Processing OCTB (has 133 rows)...
2026-04-27 10:10:49,497 [INFO] OCTB: fetched 133 price records
2026-04-27 10:10:49,635 [INFO]   OCTB: upserted=0 errors=0 (total: inserted=3486 errors=0)
2026-04-27 10:10:50,087 [INFO] [213/247] Processing ODHY (has 207 rows)...
2026-04-27 10:10:50,244 [INFO] ODHY: fetched 207 price records
2026-04-27 10:10:50,379 [INFO]   ODHY: upserted=0 errors=0 (total: inserted=3486 errors=0)
2026-04-27 10:10:50,926 [INFO] [214/247] Processing ODTE (has 16 rows)...
2026-04-27 10:10:51,058 [INFO] ODTE: fetched 16 price records
2026-04-27 10:10:51,207 [INFO]   ODTE: upserted=0 errors=0 (total: inserted=3486 errors=0)
2026-04-27 10:10:51,753 [INFO] [215/247] Processing OKLL (has 211 rows)...
2026-04-27 10:10:51,965 [INFO] OKLL: fetched 211 price records
2026-04-27 10:10:52,099 [INFO]   OKLL: upserted=0 errors=0 (total: inserted=3486 errors=0)
2026-04-27 10:10:52,643 [INFO] [216/247] Processing OKLS (has 102 rows)...
2026-04-27 10:10:52,775 [INFO] OKLS: fetched 102 price records
2026-04-27 10:10:52,914 [INFO]   OKLS: upserted=0 errors=0 (total: inserted=3486 errors=0)
2026-04-27 10:10:53,431 [INFO] [217/247] Processing OKTG (has 109 rows)...
2026-04-27 10:10:53,555 [INFO] OKTG: fetched 109 price records
2026-04-27 10:10:53,704 [INFO]   OKTG: upserted=0 errors=0 (total: inserted=3486 errors=0)
2026-04-27 10:10:54,243 [INFO] [218/247] Processing ONDG (has 71 rows)...
2026-04-27 10:10:54,367 [INFO] ONDG: fetched 71 price records
2026-04-27 10:10:54,501 [INFO]   ONDG: upserted=0 errors=0 (total: inserted=3486 errors=0)
2026-04-27 10:10:55,051 [INFO] [219/247] Processing ONDL (has 80 rows)...
2026-04-27 10:10:55,167 [INFO] ONDL: fetched 80 price records
2026-04-27 10:10:55,296 [INFO]   ONDL: upserted=0 errors=0 (total: inserted=3486 errors=0)
2026-04-27 10:10:55,846 [INFO] [220/247] Processing ONDU (has 71 rows)...
2026-04-27 10:10:55,982 [INFO] ONDU: fetched 71 price records
2026-04-27 10:10:56,109 [INFO]   ONDU: upserted=0 errors=0 (total: inserted=3486 errors=0)
2026-04-27 10:10:56,658 [INFO] [221/247] Processing ONEH (has 59 rows)...
2026-04-27 10:10:56,783 [INFO] ONEH: fetched 59 price records
2026-04-27 10:10:56,926 [INFO]   ONEH: upserted=0 errors=0 (total: inserted=3486 errors=0)
2026-04-27 10:10:57,433 [INFO] [222/247] Processing OPEG (has 92 rows)...
2026-04-27 10:10:57,619 [INFO] OPEG: fetched 92 price records
2026-04-27 10:10:57,762 [INFO]   OPEG: upserted=0 errors=0 (total: inserted=3486 errors=0)
2026-04-27 10:10:58,252 [INFO] [223/247] Processing OPEX (has 126 rows)...
2026-04-27 10:10:58,385 [INFO] OPEX: fetched 126 price records
2026-04-27 10:10:58,526 [INFO]   OPEX: upserted=0 errors=0 (total: inserted=3486 errors=0)
2026-04-27 10:10:59,076 [INFO] [224/247] Processing ORBX (has 8 rows)...
2026-04-27 10:10:59,207 [INFO] ORBX: fetched 8 price records
2026-04-27 10:10:59,345 [INFO]   ORBX: upserted=0 errors=0 (total: inserted=3486 errors=0)
2026-04-27 10:10:59,887 [INFO] [225/247] Processing ORCS (has 107 rows)...
2026-04-27 10:11:00,045 [INFO] ORCS: fetched 107 price records
2026-04-27 10:11:00,182 [INFO]   ORCS: upserted=0 errors=0 (total: inserted=3486 errors=0)
2026-04-27 10:11:00,589 [INFO] [226/247] Processing ORCU (has 107 rows)...
2026-04-27 10:11:00,707 [INFO] ORCU: fetched 107 price records
2026-04-27 10:11:00,844 [INFO]   ORCU: upserted=0 errors=0 (total: inserted=3486 errors=0)
2026-04-27 10:11:01,394 [INFO] [227/247] Processing ORLG (has 69 rows)...
2026-04-27 10:11:01,523 [INFO] ORLG: fetched 69 price records
2026-04-27 10:11:01,677 [INFO]   ORLG: upserted=0 errors=0 (total: inserted=3486 errors=0)
2026-04-27 10:11:02,226 [INFO] [228/247] Processing ORO (has 130 rows)...
2026-04-27 10:11:02,360 [INFO] ORO: fetched 130 price records
2026-04-27 10:11:02,505 [INFO]   ORO: upserted=0 errors=0 (total: inserted=3486 errors=0)
2026-04-27 10:11:03,013 [INFO] [229/247] Processing OSCG (has 117 rows)...
2026-04-27 10:11:03,139 [INFO] OSCG: fetched 117 price records
2026-04-27 10:11:03,268 [INFO]   OSCG: upserted=0 errors=0 (total: inserted=3486 errors=0)
2026-04-27 10:11:03,818 [INFO] [230/247] Processing OSCX (has 146 rows)...
2026-04-27 10:11:03,966 [INFO] OSCX: fetched 146 price records
2026-04-27 10:11:04,110 [INFO]   OSCX: upserted=0 errors=0 (total: inserted=3486 errors=0)
2026-04-27 10:11:04,650 [INFO] [231/247] Processing OTGL (has 197 rows)...
2026-04-27 10:11:04,835 [INFO] OTGL: fetched 197 price records
2026-04-27 10:11:04,977 [INFO]   OTGL: upserted=0 errors=0 (total: inserted=3486 errors=0)
2026-04-27 10:11:05,460 [INFO] [232/247] Processing PAAU (has 31 rows)...
2026-04-27 10:11:05,640 [INFO] PAAU: fetched 31 price records
2026-04-27 10:11:05,778 [INFO]   PAAU: upserted=0 errors=0 (total: inserted=3486 errors=0)
2026-04-27 10:11:06,327 [INFO] [233/247] Processing PATX (has 71 rows)...
2026-04-27 10:11:06,470 [INFO] PATX: fetched 71 price records
2026-04-27 10:11:06,607 [INFO]   PATX: upserted=0 errors=0 (total: inserted=3486 errors=0)
2026-04-27 10:11:07,123 [INFO] [234/247] Processing PAYH (has 80 rows)...
2026-04-27 10:11:07,304 [INFO] PAYH: fetched 80 price records
2026-04-27 10:11:07,444 [INFO]   PAYH: upserted=0 errors=0 (total: inserted=3486 errors=0)
2026-04-27 10:11:07,993 [INFO] [235/247] Processing PAYM (has 80 rows)...
2026-04-27 10:11:08,122 [INFO] PAYM: fetched 80 price records
2026-04-27 10:11:08,253 [INFO]   PAYM: upserted=0 errors=0 (total: inserted=3486 errors=0)
2026-04-27 10:11:08,793 [INFO] [236/247] Processing PAYR (has 137 rows)...
2026-04-27 10:11:08,928 [INFO] PAYR: fetched 137 price records
2026-04-27 10:11:09,076 [INFO]   PAYR: upserted=0 errors=0 (total: inserted=3486 errors=0)
2026-04-27 10:11:09,610 [INFO] [237/247] Processing PBEU (has 100 rows)...
2026-04-27 10:11:09,744 [INFO] PBEU: fetched 100 price records
2026-04-27 10:11:09,883 [INFO]   PBEU: upserted=0 errors=0 (total: inserted=3486 errors=0)
2026-04-27 10:11:10,409 [INFO] [238/247] Processing PBOG (has 100 rows)...
2026-04-27 10:11:10,543 [INFO] PBOG: fetched 100 price records
2026-04-27 10:11:10,685 [INFO]   PBOG: upserted=0 errors=0 (total: inserted=3486 errors=0)
2026-04-27 10:11:11,235 [INFO] [239/247] Processing PBPH (has 100 rows)...
2026-04-27 10:11:11,368 [INFO] PBPH: fetched 100 price records
2026-04-27 10:11:11,497 [INFO]   PBPH: upserted=0 errors=0 (total: inserted=3486 errors=0)
2026-04-27 10:11:12,020 [INFO] [240/247] Processing PBRG (has 87 rows)...
2026-04-27 10:11:12,157 [INFO] PBRG: fetched 87 price records
2026-04-27 10:11:12,296 [INFO]   PBRG: upserted=0 errors=0 (total: inserted=3486 errors=0)
2026-04-27 10:11:12,847 [INFO] [241/247] Processing PCI (has 184 rows)...
2026-04-27 10:11:13,044 [INFO] PCI: fetched 184 price records
2026-04-27 10:11:13,188 [INFO]   PCI: upserted=0 errors=0 (total: inserted=3486 errors=0)
2026-04-27 10:11:13,728 [INFO] [242/247] Processing PCL (has 182 rows)...
2026-04-27 10:11:13,860 [INFO] PCL: fetched 182 price records
2026-04-27 10:11:13,989 [INFO]   PCL: upserted=0 errors=0 (total: inserted=3486 errors=0)
2026-04-27 10:11:14,539 [INFO] [243/247] Processing PCLG (has 143 rows)...
2026-04-27 10:11:14,664 [INFO] PCLG: fetched 143 price records
2026-04-27 10:11:14,801 [INFO]   PCLG: upserted=0 errors=0 (total: inserted=3486 errors=0)
2026-04-27 10:11:15,332 [INFO] [244/247] Processing PCPI (has 15 rows)...
2026-04-27 10:11:15,450 [INFO] PCPI: fetched 15 price records
2026-04-27 10:11:15,592 [INFO]   PCPI: upserted=0 errors=0 (total: inserted=3486 errors=0)
2026-04-27 10:11:16,139 [INFO] [245/247] Processing PCS (has 184 rows)...
2026-04-27 10:11:16,285 [INFO] PCS: fetched 184 price records
2026-04-27 10:11:16,417 [INFO]   PCS: upserted=0 errors=0 (total: inserted=3486 errors=0)
2026-04-27 10:11:16,967 [INFO] [246/247] Processing PDDL (has 197 rows)...
2026-04-27 10:11:17,092 [INFO] PDDL: fetched 197 price records
2026-04-27 10:11:17,228 [INFO]   PDDL: upserted=0 errors=0 (total: inserted=3486 errors=0)
2026-04-27 10:11:17,761 [INFO] [247/247] Processing PFDE (has 79 rows)...
2026-04-27 10:11:17,892 [INFO] PFDE: fetched 79 price records
2026-04-27 10:11:18,030 [INFO]   PFDE: upserted=0 errors=0 (total: inserted=3486 errors=0)
2026-04-27 10:11:18,580 [INFO] === DONE in 350.6s ===
2026-04-27 10:11:18,581 [INFO] Total upserted: 3486, errors: 0
