Total ETFs: 1000
  [1/50] AGG... 501 rows
  [1/50] BND... 501 rows
  [1/50] CAFG... 501 rows
  [1/50] CAFX... 404 rows
  [1/50] CAIE... 210 rows
  [1/50] CAIQ... 106 rows
  [1/50] CALF... 501 rows
  [1/50] CALI... 501 rows
  [1/50] CAM... 139 rows
  [1/50] CAML... 501 rows
  [1/50] CAMX... 501 rows
  [1/50] CANC... 501 rows
  [1/50] CANE... 501 rows
  [1/50] CANQ... 501 rows
  [1/50] CAOS... 501 rows
  [1/50] CAPE... 501 rows
  [1/50] CARD... 449 rows
  [1/50] CARK... 501 rows
  [1/50] CARU... 448 rows
  [1/50] CARY... 501 rows
  -> Inserted 8770 rows (1/50 batches, 25s elapsed)
  [2/50] CARZ... 501 rows
  [2/50] CAS... 321 rows
  [2/50] CATF... 444 rows
  [2/50] CATH... 501 rows
  [2/50] CBLS... 501 rows
  [2/50] CBOA... 264 rows
  [2/50] CBOJ... 316 rows
  [2/50] CBOL... 133 rows
  [2/50] CBON... 501 rows
  [2/50] CBOO... 138 rows
  [2/50] CBOX... 6 rows
  [2/50] CBOY... 202 rows
  [2/50] CBSE... 501 rows
  [2/50] CBTA... 264 rows
  [2/50] CBTJ... 307 rows
  [2/50] CBTL... 133 rows
  [2/50] CBTO... 138 rows
  [2/50] CBTY... 202 rows
  [2/50] CBXA... 264 rows
  [2/50] CBXJ... 307 rows
  -> Inserted 5944 rows (2/50 batches, 47s elapsed)
  [3/50] CBXL... 133 rows
  [3/50] CBXO... 138 rows
  [3/50] CBXY... 202 rows
  [3/50] CCEF... 501 rows
  [3/50] CCFE... 218 rows
  [3/50] CCNR... 449 rows
  [3/50] CCOM... 61 rows
  [3/50] CCOR... 501 rows
  [3/50] CCSB... 501 rows
  [3/50] CCSO... 501 rows
  [3/50] CCUP... 178 rows
  [3/50] CDC... 501 rows
  [3/50] CDEI... 501 rows
  [3/50] CDIG... 152 rows
  [3/50] CDL... 501 rows
  [3/50] CDX... 501 rows
  [3/50] CEFA... 501 rows
  [3/50] CEFD... 501 rows
  [3/50] CEFS... 502 rows
  [3/50] CEFZ... 183 rows
  INSERT ERROR for CEFS: 400 {"code":"PGRST102","details":null,"hint":null,"message":"Empty or invalid json"}
  -> Inserted 6726 rows (3/50 batches, 70s elapsed)
  [4/50] CEGX... 199 rows
  [4/50] CEMB... 501 rows
  [4/50] CEPI... 347 rows
  [4/50] CERY... 410 rows
  [4/50] CEW... 501 rows
  [4/50] CFA... 501 rows
  [4/50] CFIT... 270 rows
  [4/50] CFO... 501 rows
  [4/50] CGBL... 501 rows
  [4/50] CGCB... 501 rows
  [4/50] CGCP... 501 rows
  [4/50] CGCV... 458 rows
  [4/50] CGDG... 501 rows
  [4/50] CGDV... 501 rows
  [4/50] CGGE... 458 rows
  [4/50] CGGG... 209 rows
  [4/50] CGGO... 501 rows
  [4/50] CGGR... 501 rows
  [4/50] CGHM... 458 rows
  [4/50] CGHY... 209 rows
  INSERT ERROR for CGGE: 409 {"code":"23505","details":"Key (symbol, date)=(CGGE, 2026-03-13) already exists.","hint":null,"messa
  -> Inserted 8071 rows (4/50 batches, 93s elapsed)
  [5/50] CGIB... 458 rows
  [5/50] CGIC... 458 rows
  [5/50] CGIE... 501 rows
  [5/50] CGMM... 319 rows
  [5/50] CGMS... 501 rows
  [5/50] CGMU... 501 rows
  [5/50] CGNG... 458 rows
  [5/50] CGRO... 501 rows
  [5/50] CGSD... 501 rows
  [5/50] CGSM... 501 rows
  [5/50] CGUI... 458 rows
  [5/50] CGUS... 501 rows
  [5/50] CGV... 501 rows
  [5/50] CGVV... 209 rows
  [5/50] CGW... 501 rows
  [5/50] CGXU... 501 rows
  [5/50] CHAT... 501 rows
  [5/50] CHAU... 501 rows
  [5/50] CHGX... 501 rows
  [5/50] CHIQ... 501 rows
  -> Inserted 9374 rows (5/50 batches, 117s elapsed)
  [6/50] CHNL... 17 rows
  [6/50] CHNU... 17 rows
  [6/50] CHPS... 501 rows
  [6/50] CHPX... 142 rows
  [6/50] CHPY... 263 rows
  [6/50] CHRI... 147 rows
  [6/50] CIBR... 501 rows
  [6/50] CIFG... 92 rows
  [6/50] CIFU... 105 rows
  [6/50] CLCG... 191 rows
  [6/50] CLCV... 191 rows
  [6/50] CLIP... 501 rows
  [6/50] CLIX... 501 rows
  [6/50] CLOA... 501 rows
  [6/50] CLOB... 396 rows
  [6/50] CLOD... 501 rows
  [6/50] CLOI... 501 rows
  [6/50] CLOU... 501 rows
  [6/50] CLOX... 501 rows
  [6/50] CLOZ... 501 rows
  -> Inserted 6571 rows (6/50 batches, 139s elapsed)
  [7/50] CLSE... 501 rows
  [7/50] CLSM... 501 rows
  [7/50] CLSX... 153 rows
  [7/50] CLSZ... 46 rows
  [7/50] CMBO... 118 rows
  [7/50] CMBS... 501 rows
  [7/50] CMCI... 501 rows
  [7/50] CMDT... 501 rows
  [7/50] CMDY... 501 rows
  [7/50] CMF... 501 rows
  [7/50] CMGG... 109 rows
  [7/50] CNAV... 392 rows
  [7/50] CNBS... 501 rows
  [7/50] CNCG... 87 rows
  [7/50] CNEQ... 501 rows
  [7/50] CNQQ... 145 rows
  [7/50] CNRG... 501 rows
  [7/50] CNXT... 501 rows
  [7/50] CNYA... 501 rows
  [7/50] COAL... 501 rows
  -> Inserted 7563 rows (7/50 batches, 162s elapsed)
  [8/50] COHX... 46 rows
  [8/50] COIG... 279 rows
  [8/50] COII... 224 rows
  [8/50] COIO... 176 rows
  [8/50] COIW... 297 rows
  [8/50] COLO... 501 rows
  [8/50] COM... 501 rows
  [8/50] COMB... 501 rows
  [8/50] COMD... 51 rows
  [8/50] COMT... 501 rows
  [8/50] CONI... 411 rows
  [8/50] CONL... 501 rows
  [8/50] CONX... 107 rows
  [8/50] CONY... 501 rows
  [8/50] COPA... 397 rows
  [8/50] COPJ... 501 rows
  [8/50] COPP... 501 rows
  [8/50] COPX... 501 rows
  [8/50] COPY... 331 rows
  [8/50] CORB... 114 rows
  -> Inserted 6942 rows (8/50 batches, 185s elapsed)
  [9/50] CORD... 145 rows
  [9/50] CORN... 501 rows
  [9/50] CORO... 345 rows
  [9/50] CORP... 501 rows
  [9/50] COSW... 126 rows
  [9/50] COTG... 151 rows
  [9/50] COWG... 501 rows
  [9/50] COWS... 501 rows
  [9/50] COWZ... 501 rows
  [9/50] COYY... 187 rows
  [9/50] COZX... 117 rows
  [9/50] CPAG... 177 rows
  [9/50] CPAI... 501 rows
  [9/50] CPER... 501 rows
  [9/50] CPHY... 177 rows
  [9/50] CPII... 501 rows
  [9/50] CPLB... 501 rows
  [9/50] CPLS... 501 rows
  [9/50] CPNJ... 475 rows
  [9/50] CPNM... 289 rows
  -> Inserted 7199 rows (9/50 batches, 207s elapsed)
  [10/50] CPNQ... 349 rows
  [10/50] CPNS... 412 rows
  [10/50] CPRA... 268 rows
  [10/50] CPRJ... 456 rows
  [10/50] CPRO... 392 rows
  [10/50] CPRY... 328 rows
  [10/50] CPSA... 434 rows
  [10/50] CPSD... 349 rows
  [10/50] CPSF... 308 rows
  [10/50] CPSJ... 456 rows
  [10/50] CPSL... 408 rows
  [10/50] CPSM... 497 rows
  [10/50] CPSN... 369 rows
  [10/50] CPSO... 392 rows
  [10/50] CPSP... 268 rows
  [10/50] CPSR... 289 rows
  [10/50] CPST... 412 rows
  [10/50] CPSU... 226 rows
  [10/50] CPSY... 328 rows
  [10/50] CPXR... 316 rows
  -> Inserted 7257 rows (10/50 batches, 227s elapsed)
  [11/50] CQQQ... 501 rows
  [11/50] CRAK... 501 rows
  [11/50] CRBN... 501 rows
  [11/50] CRCD... 145 rows
  [11/50] CRCG... 178 rows
  [11/50] CRDD... 17 rows
  [11/50] CRDT... 501 rows
  [11/50] CRDU... 153 rows
  [11/50] CRDX... 17 rows
  [11/50] CRED... 501 rows
  [11/50] CRMG... 265 rows
  [11/50] CRMU... 52 rows
  [11/50] CRMX... 71 rows
  [11/50] CRPT... 501 rows
  [11/50] CRSH... 496 rows
  [11/50] CRTC... 501 rows
  [11/50] CRUX... 29 rows
  [11/50] CRWG... 178 rows
  [11/50] CRWL... 362 rows
  [11/50] CRWU... 188 rows
  -> Inserted 5658 rows (11/50 batches, 248s elapsed)
  [12/50] CSB... 501 rows
  [12/50] CSCL... 210 rows
  [12/50] CSCS... 210 rows
  [12/50] CSD... 501 rows
  [12/50] CSEX... 111 rows
  [12/50] CSHI... 502 rows
  [12/50] CSHP... 434 rows
  [12/50] CSM... 501 rows
  [12/50] CSMD... 501 rows
  [12/50] CSNR... 306 rows
  [12/50] CSPF... 306 rows
  [12/50] CSRE... 306 rows
  [12/50] CSTK... 243 rows
  [12/50] CTA... 501 rows
  [12/50] CTEC... 501 rows
  [12/50] CTEF... 214 rows
  [12/50] CTEX... 501 rows
  [12/50] CTIF... 210 rows
  [12/50] CTWO... 213 rows
  [12/50] CURE... 501 rows
  INSERT ERROR for CSHI: 400 {"code":"PGRST102","details":null,"hint":null,"message":"Empty or invalid json"}
  -> Inserted 6773 rows (12/50 batches, 269s elapsed)
  [13/50] CUSD... 501 rows
  [13/50] CUT... 501 rows
  [13/50] CVAR... 501 rows
  [13/50] CVIE... 501 rows
  [13/50] CVLC... 501 rows
  [13/50] CVMC... 501 rows
  [13/50] CVNX... 228 rows
  [13/50] CVNY... 309 rows
  [13/50] CVRD... 501 rows
  [13/50] CVRT... 501 rows
  [13/50] CVSB... 501 rows
  [13/50] CVY... 501 rows
  [13/50] CWB... 501 rows
  [13/50] CWEB... 501 rows
  [13/50] CWI... 501 rows
  [13/50] CWII... 118 rows
  [13/50] CWS... 501 rows
  [13/50] CWVX... 199 rows
  [13/50] CWY... 8 rows
  [13/50] CXRN... 294 rows
  -> Inserted 8170 rows (13/50 batches, 293s elapsed)
  [14/50] CXSE... 501 rows
  [14/50] CZA... 501 rows
  [14/50] CZAR... 501 rows
  [14/50] DABS... 288 rows
  [14/50] DADS... 181 rows
  [14/50] DAK... 186 rows
  [14/50] DALI... 501 rows
  [14/50] DANA... 98 rows
  [14/50] DAPP... 501 rows
  [14/50] DAPR... 501 rows
  [14/50] DARP... 501 rows
  [14/50] DAT... 501 rows
  [14/50] DAUG... 501 rows
  [14/50] DAX... 501 rows
  [14/50] DBA... 501 rows
  [14/50] DBAW... 501 rows
  [14/50] DBB... 501 rows
  [14/50] DBC... 501 rows
  [14/50] DBE... 501 rows
  [14/50] DBEF... 501 rows
  -> Inserted 8769 rows (14/50 batches, 317s elapsed)
  [15/50] DBEM... 501 rows
  [15/50] DBEU... 501 rows
  [15/50] DBEZ... 501 rows
  [15/50] DBJP... 501 rows
  [15/50] DBMF... 501 rows
  [15/50] DBND... 501 rows
  [15/50] DBO... 501 rows
  [15/50] DBP... 501 rows
  [15/50] DBSC... 89 rows
  [15/50] DCMT... 501 rows
  [15/50] DCOR... 501 rows
  [15/50] DCRE... 501 rows
  [15/50] DDEC... 501 rows
  [15/50] DDFA... 17 rows
  [15/50] DDFD... 99 rows
  [15/50] DDFF... 58 rows
  [15/50] DDFJ... 78 rows
  [15/50] DDFL... 206 rows
  [15/50] DDFM... 39 rows
  [15/50] DDFN... 119 rows
  -> Inserted 6717 rows (15/50 batches, 340s elapsed)
  [16/50] DDFO... 142 rows
  [16/50] DDFS... 163 rows
  [16/50] DDIV... 501 rows
  [16/50] DDLS... 501 rows
  [16/50] DDM... 501 rows
  [16/50] DDNQ... 78 rows
  [16/50] DDSQ... 78 rows
  [16/50] DDTA... 17 rows
  [16/50] DDTD... 99 rows
  [16/50] DDTF... 58 rows
  [16/50] DDTJ... 78 rows
  [16/50] DDTL... 206 rows
  [16/50] DDTM... 39 rows
  [16/50] DDTN... 119 rows
  [16/50] DDTO... 142 rows
  [16/50] DDTS... 163 rows
  [16/50] DDV... 111 rows
  [16/50] DDWM... 501 rows
  [16/50] DDX... 501 rows
  [16/50] DDXX... 111 rows
  -> Inserted 4109 rows (16/50 batches, 360s elapsed)
  [17/50] DECM... 334 rows
  [17/50] DECO... 407 rows
  [17/50] DECP... 467 rows
  [17/50] DECT... 501 rows
  [17/50] DECU... 349 rows
  [17/50] DECW... 501 rows
  [17/50] DECZ... 501 rows
  [17/50] DEED... 501 rows
  [17/50] DEEF... 501 rows
  [17/50] DEEP... 501 rows
  [17/50] DEFI... 501 rows
  [17/50] DEFR... 238 rows
  [17/50] DEHP... 501 rows
  [17/50] DEM... 501 rows
  [17/50] DEMZ... 501 rows
  [17/50] DES... 502 rows
  [17/50] DESK... 501 rows
  [17/50] DEUS... 501 rows
  [17/50] DEW... 501 rows
  [17/50] DEXC... 360 rows
  INSERT ERROR for DES: 400 {"code":"PGRST102","details":null,"hint":null,"message":"Empty or invalid json"}
  -> Inserted 8670 rows (17/50 batches, 384s elapsed)
  [18/50] DFAC... 501 rows
  [18/50] DFAE... 501 rows
  [18/50] DFAI... 501 rows
  [18/50] DFAR... 501 rows
  [18/50] DFAS... 501 rows
  [18/50] DFAT... 501 rows
  [18/50] DFAU... 501 rows
  [18/50] DFAW... 501 rows
  [18/50] DFAX... 501 rows
  [18/50] DFCA... 501 rows
  [18/50] DFCF... 501 rows
  [18/50] DFE... 501 rows
  [18/50] DFEB... 501 rows
  [18/50] DFEM... 501 rows
  [18/50] DFEN... 501 rows
  [18/50] DFEV... 501 rows
  [18/50] DFGP... 501 rows
  [18/50] DFGR... 501 rows
  [18/50] DFGX... 501 rows
  [18/50] DFIC... 501 rows
  -> Inserted 10020 rows (18/50 batches, 410s elapsed)
  [19/50] DFII... 266 rows
  [19/50] DFIP... 501 rows
  [19/50] DFIS... 501 rows
  [19/50] DFIV... 501 rows
  [19/50] DFJ... 501 rows
  [19/50] DFLV... 501 rows
  [19/50] DFNL... 501 rows
  [19/50] DFNM... 501 rows
  [19/50] DFSB... 501 rows
  [19/50] DFSD... 501 rows
  [19/50] DFSE... 501 rows
  [19/50] DFSI... 501 rows
  [19/50] DFSU... 501 rows
  [19/50] DFSV... 501 rows
  [19/50] DFUS... 501 rows
  [19/50] DFUV... 501 rows
  [19/50] DFVE... 501 rows
  [19/50] DFVX... 501 rows
  [19/50] DGAP... 4 rows
  [19/50] DGCB... 501 rows
  -> Inserted 9288 rows (19/50 batches, 434s elapsed)
  [20/50] DGIN... 501 rows
  [20/50] DGJA... 67 rows
  [20/50] DGLO... 180 rows
  [20/50] DGOC... 129 rows
  [20/50] DGRE... 501 rows
  [20/50] DGRO... 501 rows
  [20/50] DGRS... 502 rows
  [20/50] DGRW... 502 rows
  [20/50] DGS... 501 rows
  [20/50] DGT... 501 rows
  [20/50] DHDG... 378 rows
  [20/50] DHLX... 144 rows
  [20/50] DHS... 502 rows
  [20/50] DHSB... 293 rows
  [20/50] DIA... 501 rows
  [20/50] DIAL... 501 rows
  [20/50] DIEM... 501 rows
  [20/50] DIG... 501 rows
  [20/50] DIHP... 501 rows
  [20/50] DIM... 501 rows
  INSERT ERROR for DGRS: 400 {"code":"PGRST102","details":null,"hint":null,"message":"Empty or invalid json"}
  INSERT ERROR for DGRW: 400 {"code":"PGRST102","details":null,"hint":null,"message":"Empty or invalid json"}
  INSERT ERROR for DHS: 400 {"code":"PGRST102","details":null,"hint":null,"message":"Empty or invalid json"}
  -> Inserted 6708 rows (20/50 batches, 458s elapsed)
  [21/50] DIME... 138 rows
  [21/50] DINT... 501 rows
  [21/50] DIPS... 440 rows
  [21/50] DISO... 501 rows
  [21/50] DISV... 501 rows
  [21/50] DIV... 501 rows
  [21/50] DIVB... 501 rows
  [21/50] DIVD... 501 rows
  [21/50] DIVG... 501 rows
  [21/50] DIVI... 501 rows
  [21/50] DIVL... 501 rows
  [21/50] DIVN... 209 rows
  [21/50] DIVO... 501 rows
  [21/50] DIVP... 501 rows
  [21/50] DIVS... 501 rows
  [21/50] DIVY... 501 rows
  [21/50] DIVZ... 502 rows
  [21/50] DJAN... 501 rows
  [21/50] DJD... 501 rows
  [21/50] DJIA... 501 rows
  INSERT ERROR for DIVZ: 400 {"code":"PGRST102","details":null,"hint":null,"message":"Empty or invalid json"}
  -> Inserted 8805 rows (21/50 batches, 482s elapsed)
  [22/50] DJP... 501 rows
  [22/50] DJTU... 288 rows
  [22/50] DJUL... 501 rows
  [22/50] DJUN... 501 rows
  [22/50] DKNX... 185 rows
  [22/50] DLAG... 149 rows
  [22/50] DLFE... 44 rows
  [22/50] DLLL... 299 rows
  [22/50] DLN... 502 rows
  [22/50] DLNV... 104 rows
  [22/50] DLS... 501 rows
  [22/50] DMAR... 501 rows
  [22/50] DMAX... 328 rows
  [22/50] DMAY... 501 rows
  [22/50] DMBS... 501 rows
  [22/50] DMX... 348 rows
  [22/50] DMXF... 501 rows
  [22/50] DNL... 501 rows
  [22/50] DNNG... 52 rows
  [22/50] DNOV... 501 rows
  INSERT ERROR for DLN: 400 {"code":"PGRST102","details":null,"hint":null,"message":"Empty or invalid json"}
  -> Inserted 6809 rows (22/50 batches, 505s elapsed)
  [23/50] DOCT... 501 rows
  [23/50] DOG... 501 rows
  [23/50] DOGD... 177 rows
  [23/50] DOGG... 501 rows
  [23/50] DOJE... 151 rows
  [23/50] DOL... 501 rows
  [23/50] DON... 502 rows
  [23/50] DPST... 501 rows
  [23/50] DRAI... 449 rows
  [23/50] DRAM... 16 rows
  [23/50] DRGN... 197 rows
  [23/50] DRIP... 501 rows
  [23/50] DRIV... 501 rows
  [23/50] DRLL... 501 rows
  [23/50] DRN... 501 rows
  [23/50] DRNL... 38 rows
  [23/50] DRNZ... 122 rows
  [23/50] DRSK... 501 rows
  [23/50] DRUP... 501 rows
  [23/50] DRV... 501 rows
  INSERT ERROR for DON: 400 {"code":"PGRST102","details":null,"hint":null,"message":"Empty or invalid json"}
  -> Inserted 7164 rows (23/50 batches, 527s elapsed)
  [24/50] DSCO... 58 rows
  [24/50] DSEP... 501 rows
  [24/50] DSI... 501 rows
  [24/50] DSMC... 501 rows
  [24/50] DSPY... 267 rows
  [24/50] DSTL... 501 rows
  [24/50] DSTX... 501 rows
  [24/50] DTAN... 407 rows
  [24/50] DTCR... 501 rows
  [24/50] DTD... 502 rows
  [24/50] DTEC... 501 rows
  [24/50] DTH... 501 rows
  [24/50] DTRE... 501 rows
  [24/50] DUBS... 501 rows
  [24/50] DUG... 501 rows
  [24/50] DUHP... 501 rows
  [24/50] DUKH... 449 rows
  [24/50] DUKQ... 449 rows
  [24/50] DUKX... 449 rows
  [24/50] DUKZ... 449 rows
  INSERT ERROR for DTD: 400 {"code":"PGRST102","details":null,"hint":null,"message":"Empty or invalid json"}
  -> Inserted 8542 rows (24/50 batches, 551s elapsed)
  [25/50] DULL... 501 rows
  [25/50] DUOG... 92 rows
  [25/50] DURA... 501 rows
  [25/50] DUSA... 501 rows
  [25/50] DUSB... 501 rows
  [25/50] DUSL... 501 rows
  [25/50] DUST... 501 rows
  [25/50] DUTY... 13 rows
  [25/50] DVAL... 501 rows
  [25/50] DVDN... 501 rows
  [25/50] DVGR... 96 rows
  [25/50] DVIN... 191 rows
  [25/50] DVLU... 501 rows
  [25/50] DVND... 501 rows
  [25/50] DVOL... 501 rows
  [25/50] DVQQ... 333 rows
  [25/50] DVRE... 191 rows
  [25/50] DVSP... 338 rows
  [25/50] DVUT... 191 rows
  [25/50] DVVY... 26 rows
  -> Inserted 6982 rows (25/50 batches, 574s elapsed)
  [26/50] DVXB... 191 rows
  [26/50] DVXC... 191 rows
  [26/50] DVXE... 191 rows
  [26/50] DVXF... 191 rows
  [26/50] DVXK... 191 rows
  [26/50] DVXP... 190 rows
  [26/50] DVXV... 191 rows
  [26/50] DVXY... 191 rows
  [26/50] DVY... 501 rows
  [26/50] DVYA... 501 rows
  [26/50] DVYE... 501 rows
  [26/50] DWAS... 501 rows
  [26/50] DWAW... 501 rows
  [26/50] DWLD... 501 rows
  [26/50] DWM... 501 rows
  [26/50] DWMF... 501 rows
  [26/50] DWSH... 501 rows
  [26/50] DWUS... 501 rows
  [26/50] DWX... 501 rows
  [26/50] DXD... 501 rows
  -> Inserted 7539 rows (26/50 batches, 596s elapsed)
  [27/50] DXIV... 405 rows
  [27/50] DXJ... 501 rows
  [27/50] DXUV... 405 rows
  [27/50] DYFI... 501 rows
  [27/50] DYLD... 501 rows
  [27/50] DYLG... 501 rows
  [27/50] DYNB... 147 rows
  [27/50] DYNF... 501 rows
  [27/50] DYTA... 501 rows
  [27/50] EAFG... 501 rows
  [27/50] EAGG... 501 rows
  [27/50] EAGL... 501 rows
  [27/50] EALT... 501 rows
  [27/50] EAOA... 501 rows
  [27/50] EAOK... 501 rows
  [27/50] EAOM... 501 rows
  [27/50] EAOR... 501 rows
  [27/50] EAPR... 501 rows
  [27/50] EART... 501 rows
  [27/50] EASG... 501 rows
  -> Inserted 9474 rows (27/50 batches, 621s elapsed)
  [28/50] EASY... 142 rows
  [28/50] EATZ... 501 rows
  [28/50] EBI... 290 rows
  [28/50] EBIT... 449 rows
  [28/50] EBIZ... 501 rows
  [28/50] EBND... 501 rows
  [28/50] EBUF... 456 rows
  [28/50] ECH... 501 rows
  [28/50] ECML... 501 rows
  [28/50] ECNS... 501 rows
  [28/50] ECON... 501 rows
  [28/50] ECOW... 501 rows
  [28/50] EDC... 501 rows
  [28/50] EDEN... 501 rows
  [28/50] EDGE... 316 rows
  [28/50] EDGF... 390 rows
  [28/50] EDGH... 390 rows
  [28/50] EDGI... 390 rows
  [28/50] EDGU... 390 rows
  [28/50] EDIV... 501 rows
  -> Inserted 8724 rows (28/50 batches, 644s elapsed)
  [29/50] EDOG... 501 rows
  [29/50] EDOW... 501 rows
  [29/50] EDV... 501 rows
  [29/50] EDZ... 501 rows
  [29/50] EEE... 59 rows
  [29/50] EELV... 501 rows
  [29/50] EEM... 501 rows
  [29/50] EEMA... 501 rows
  [29/50] EEMO... 501 rows
  [29/50] EEMS... 501 rows
  [29/50] EEMV... 501 rows
  [29/50] EEMX... 501 rows
  [29/50] EES... 501 rows
  [29/50] EET... 501 rows
  [29/50] EETH... 501 rows
  [29/50] EEV... 501 rows
  [29/50] EFA... 501 rows
  [29/50] GLD... 501 rows
  [29/50] HYG... 501 rows
  [29/50] IEFA... 501 rows
  -> Inserted 9578 rows (29/50 batches, 671s elapsed)
  [30/50] ITOT... 501 rows
  [30/50] IVV... 501 rows
  [30/50] LQD... 501 rows
  [30/50] MMMA... 88 rows
  [30/50] MMSC... 501 rows
  [30/50] MMSD... 244 rows
  [30/50] MMTM... 501 rows
  [30/50] MNA... 501 rows
  [30/50] MNBD... 501 rows
  [30/50] MNRS... 310 rows
  [30/50] MNVT... 27 rows
  [30/50] MNZL... 107 rows
  [30/50] MOAT... 501 rows
  [30/50] MODL... 501 rows
  [30/50] MOO... 501 rows
  [30/50] MOOD... 501 rows
  [30/50] MORT... 501 rows
  [30/50] MOTG... 501 rows
  [30/50] MOTI... 501 rows
  [30/50] MOTO... 501 rows
  -> Inserted 8291 rows (30/50 batches, 696s elapsed)
  [31/50] MPG... 124 rows
  [31/50] MPL... 128 rows
  [31/50] MPLY... 236 rows
  [31/50] MPRO... 501 rows
  [31/50] MQQQ... 412 rows
  [31/50] MRAL... 285 rows
  [31/50] MRCP... 501 rows
  [31/50] MRGR... 501 rows
  [31/50] MRNX... 56 rows
  [31/50] MRNY... 501 rows
  [31/50] MRSK... 501 rows
  [31/50] MRVU... 50 rows
  [31/50] MSBT... 14 rows
  [31/50] MSDD... 220 rows
  [31/50] MSFD... 501 rows
  [31/50] MSFL... 501 rows
  [31/50] MSFO... 501 rows
  [31/50] MSFU... 501 rows
  [31/50] MSFW... 190 rows
  [31/50] MSFX... 501 rows
  -> Inserted 6725 rows (31/50 batches, 719s elapsed)
  [32/50] MSFY... 502 rows
  [32/50] MSII... 224 rows
  [32/50] MSLC... 342 rows
  [32/50] MSMR... 501 rows
  [32/50] MSOO... 176 rows
  [32/50] MSOS... 501 rows
  [32/50] MSOX... 501 rows
  [32/50] MSSM... 342 rows
  [32/50] MSSS... 501 rows
  [32/50] MSST... 108 rows
  [32/50] MST... 246 rows
  [32/50] MSTB... 501 rows
  [32/50] MSTI... 501 rows
  [32/50] MSTP... 220 rows
  [32/50] MSTQ... 501 rows
  [32/50] MSTU... 401 rows
  [32/50] MSTW... 190 rows
  [32/50] MSTX... 424 rows
  [32/50] MSTY... 501 rows
  [32/50] MSTZ... 401 rows
  INSERT ERROR for MSFY: 400 {"code":"PGRST102","details":null,"hint":null,"message":"Empty or invalid json"}
  -> Inserted 7084 rows (32/50 batches, 741s elapsed)
  [33/50] MTBA... 501 rows
  [33/50] MTGP... 502 rows
  [33/50] MTRA... 219 rows
  [33/50] MTUL... 501 rows
  [33/50] MTUM... 501 rows
  [33/50] MTYY... 148 rows
  [33/50] MUB... 501 rows
  [33/50] MUD... 379 rows
  [33/50] MULL... 362 rows
  [33/50] MULT... 165 rows
  [33/50] MUNI... 501 rows
  [33/50] MUNY... 232 rows
  [33/50] MUSE... 357 rows
  [33/50] MUSI... 501 rows
  [33/50] MUSQ... 501 rows
  [33/50] MUST... 501 rows
  [33/50] MUU... 385 rows
  [33/50] MUYY... 9 rows
  [33/50] MVAL... 501 rows
  [33/50] MVFD... 501 rows
  INSERT ERROR for MTGP: 400 {"code":"PGRST102","details":null,"hint":null,"message":"Empty or invalid json"}
  -> Inserted 7268 rows (33/50 batches, 765s elapsed)
  [34/50] MVFG... 501 rows
  [34/50] MVLL... 285 rows
  [34/50] MVPA... 501 rows
  [34/50] MVPL... 501 rows
  [34/50] MVRL... 501 rows
  [34/50] MVV... 501 rows
  [34/50] MXI... 501 rows
  [34/50] MYCF... 397 rows
  [34/50] MYCG... 397 rows
  [34/50] MYCH... 397 rows
  [34/50] MYCI... 397 rows
  [34/50] MYCJ... 397 rows
  [34/50] MYCK... 397 rows
  [34/50] MYCL... 397 rows
  [34/50] MYCM... 397 rows
  [34/50] MYCN... 397 rows
  [34/50] MYCO... 152 rows
  [34/50] MYHA... 41 rows
  [34/50] MYHB... 41 rows
  [34/50] MYHC... 41 rows
  -> Inserted 7139 rows (34/50 batches, 807s elapsed)
  [35/50] MYHD... 41 rows
  [35/50] MYHE... 41 rows
  [35/50] MYLD... 501 rows
  [35/50] MYMF... 397 rows
  [35/50] MYMG... 397 rows
  [35/50] MYMH... 397 rows
  [35/50] MYMI... 397 rows
  [35/50] MYMJ... 397 rows
  [35/50] MYMK... 152 rows
  [35/50] MYY... 501 rows
  [35/50] MZZ... 501 rows
  [35/50] NACP... 501 rows
  [35/50] NAIL... 501 rows
  [35/50] NANC... 501 rows
  [35/50] NANR... 501 rows
  [35/50] NAPR... 501 rows
  [35/50] NATO... 384 rows
  [35/50] NAUG... 434 rows
  [35/50] NBCE... 501 rows
  [35/50] NBCM... 501 rows
  -> Inserted 8047 rows (35/50 batches, 844s elapsed)
  [36/50] NBCR... 434 rows
  [36/50] NBDS... 501 rows
  [36/50] NBET... 501 rows
  [36/50] NBFC... 460 rows
  [36/50] NBGX... 336 rows
  [36/50] NBIE... 34 rows
  [36/50] NBIG... 124 rows
  [36/50] NBIL... 138 rows
  [36/50] NBIZ... 65 rows
  [36/50] NBJP... 405 rows
  [36/50] NBOS... 501 rows
  [36/50] NBSD... 461 rows
  [36/50] NBSM... 501 rows
  [36/50] NBTR... 337 rows
  [36/50] NCIQ... 299 rows
  [36/50] NCLO... 342 rows
  [36/50] NCPB... 501 rows
  [36/50] NDAA... 379 rows
  [36/50] NDEC... 349 rows
  [36/50] NDIA... 501 rows
  -> Inserted 7169 rows (36/50 batches, 867s elapsed)
  [37/50] NDIV... 501 rows
  [37/50] NDOW... 488 rows
  [37/50] NEAR... 501 rows
  [37/50] NEBX... 158 rows
  [37/50] NEHI... 98 rows
  [37/50] NELS... 132 rows
  [37/50] NEMD... 177 rows
  [37/50] NEMG... 109 rows
  [37/50] NERD... 501 rows
  [37/50] NETG... 109 rows
  [37/50] NETL... 502 rows
  [37/50] NEWZ... 501 rows
  [37/50] NFEB... 308 rows
  [37/50] NFLP... 502 rows
  [37/50] NFLT... 501 rows
  [37/50] NFLU... 394 rows
  [37/50] NFLW... 214 rows
  [37/50] NFLY... 501 rows
  [37/50] NFRA... 501 rows
  [37/50] NFRX... 59 rows
  INSERT ERROR for NETL: 400 {"code":"PGRST102","details":null,"hint":null,"message":"Empty or invalid json"}
  INSERT ERROR for NFLP: 400 {"code":"PGRST102","details":null,"hint":null,"message":"Empty or invalid json"}
  -> Inserted 5757 rows (37/50 batches, 890s elapsed)
  [38/50] NFTY... 501 rows
  [38/50] NFXL... 390 rows
  [38/50] NFXS... 390 rows
  [38/50] NGHT... 13 rows
  [38/50] NHYM... 315 rows
  [38/50] NIHI... 152 rows
  [38/50] NIKL... 501 rows
  [38/50] NIOG... 87 rows
  [38/50] NITE... 461 rows
  [38/50] NIXT... 407 rows
  [38/50] NJAN... 501 rows
  [38/50] NJNK... 410 rows
  [38/50] NJUL... 501 rows
  [38/50] NJUN... 475 rows
  [38/50] NLR... 501 rows
  [38/50] NLSI... 93 rows
  [38/50] NMAR... 289 rows
  [38/50] NMAY... 247 rows
  [38/50] NMB... 406 rows
  [38/50] NMBL... 119 rows
  -> Inserted 6759 rows (38/50 batches, 912s elapsed)
  [39/50] NNEX... 112 rows
  [39/50] NNOV... 369 rows
  [39/50] NOBL... 501 rows
  [39/50] NOCT... 501 rows
  [39/50] NODE... 238 rows
  [39/50] NOEQ... 24 rows
  [39/50] NORW... 501 rows
  [39/50] NOVM... 358 rows
  [39/50] NOVP... 249 rows
  [39/50] NOVZ... 501 rows
  [39/50] NOWL... 197 rows
  [39/50] NPFE... 32 rows
  [39/50] NPFI... 501 rows
  [39/50] NRES... 501 rows
  [39/50] NRGD... 296 rows
  [39/50] NRGU... 296 rows
  [39/50] NRSH... 501 rows
  [39/50] NSEP... 412 rows
  [39/50] NSI... 501 rows
  [39/50] NTSE... 501 rows
  -> Inserted 7092 rows (39/50 batches, 934s elapsed)
  [40/50] NTSI... 501 rows
  [40/50] NTSX... 501 rows
  [40/50] NUAG... 501 rows
  [40/50] NUBD... 501 rows
  [40/50] NUDM... 501 rows
  [40/50] NUDV... 501 rows
  [40/50] NUEM... 501 rows
  [40/50] NUG... 109 rows
  [40/50] NUGO... 501 rows
  [40/50] NUGT... 501 rows
  [40/50] NUGY... 108 rows
  [40/50] NUHY... 501 rows
  [40/50] NUKZ... 501 rows
  [40/50] NULC... 501 rows
  [40/50] NULG... 501 rows
  [40/50] NULV... 501 rows
  [40/50] NUMG... 501 rows
  [40/50] NUMI... 315 rows
  [40/50] NUMV... 501 rows
  [40/50] NURE... 501 rows
  -> Inserted 9049 rows (40/50 batches, 958s elapsed)
  [41/50] NUSA... 501 rows
  [41/50] NUSB... 501 rows
  [41/50] NUSC... 501 rows
  [41/50] NVBT... 501 rows
  [41/50] NVBU... 369 rows
  [41/50] NVBW... 501 rows
  [41/50] NVD... 501 rows
  [41/50] NVDD... 501 rows
  [41/50] NVDG... 340 rows
  [41/50] NVDL... 501 rows
  [41/50] NVDO... 176 rows
  [41/50] NVDQ... 501 rows
  [41/50] NVDS... 501 rows
  [41/50] NVDU... 501 rows
  [41/50] NVDW... 297 rows
  [41/50] NVDX... 501 rows
  [41/50] NVDY... 501 rows
  [41/50] NVII... 229 rows
  [41/50] NVIR... 501 rows
  [41/50] NVIT... 108 rows
  -> Inserted 8533 rows (41/50 batches, 982s elapsed)
  [42/50] NVOH... 325 rows
  [42/50] NVOX... 348 rows
  [42/50] NVTX... 158 rows
  [42/50] NVYY... 239 rows
  [42/50] NXTE... 501 rows
  [42/50] NXTG... 501 rows
  [42/50] NXTI... 501 rows
  [42/50] NYF... 501 rows
  [42/50] NYM... 114 rows
  [42/50] NZAC... 501 rows
  [42/50] NZUS... 501 rows
  [42/50] OACP... 501 rows
  [42/50] OAEM... 501 rows
  [42/50] OAIM... 501 rows
  [42/50] OAKM... 348 rows
  [42/50] OALC... 501 rows
  [42/50] OARK... 501 rows
  [42/50] OASC... 466 rows
  [42/50] OBIL... 501 rows
  [42/50] OBND... 501 rows
  -> Inserted 8511 rows (42/50 batches, 1006s elapsed)
  [43/50] OBOR... 501 rows
  [43/50] OBTC... 501 rows
  [43/50] OCIO... 501 rows
  [43/50] OCTB... 133 rows
  [43/50] OCTH... 501 rows
  [43/50] OCTJ... 501 rows
  [43/50] OCTM... 378 rows
  [43/50] OCTP... 485 rows
  [43/50] OCTT... 501 rows
  [43/50] OCTU... 392 rows
  [43/50] OCTW... 501 rows
  [43/50] OCTZ... 501 rows
  [43/50] ODDS... 501 rows
  [43/50] ODHY... 207 rows
  [43/50] ODTE... 16 rows
  [43/50] OEF... 501 rows
  [43/50] OEFA... 501 rows
  [43/50] OGIG... 501 rows
  [43/50] OGSP... 501 rows
  [43/50] OIH... 501 rows
  -> Inserted 8625 rows (43/50 batches, 1030s elapsed)
  [44/50] OILD... 501 rows
  [44/50] OILK... 501 rows
  [44/50] OILT... 501 rows
  [44/50] OILU... 501 rows
  [44/50] OKLL... 211 rows
  [44/50] OKLS... 102 rows
  [44/50] OKTG... 109 rows
  [44/50] OMAH... 287 rows
  [44/50] OMFL... 501 rows
  [44/50] OMFS... 501 rows
  [44/50] OND... 501 rows
  [44/50] ONDG... 71 rows
  [44/50] ONDL... 80 rows
  [44/50] ONDU... 71 rows
  [44/50] ONEH... 59 rows
  [44/50] ONEO... 501 rows
  [44/50] ONEQ... 501 rows
  [44/50] ONEV... 501 rows
  [44/50] ONEY... 501 rows
  [44/50] ONEZ... 309 rows
  -> Inserted 6810 rows (44/50 batches, 1053s elapsed)
  [45/50] ONLN... 501 rows
  [45/50] ONOF... 501 rows
  [45/50] OOSP... 501 rows
  [45/50] OPEG... 92 rows
  [45/50] OPER... 501 rows
  [45/50] OPEX... 126 rows
  [45/50] OPPE... 501 rows
  [45/50] OPPJ... 501 rows
  [45/50] OPTZ... 501 rows
  [45/50] ORBX... 8 rows
  [45/50] ORCS... 107 rows
  [45/50] ORCU... 107 rows
  [45/50] ORCX... 304 rows
  [45/50] ORLG... 69 rows
  [45/50] ORO... 130 rows
  [45/50] ORR... 320 rows
  [45/50] OSCG... 117 rows
  [45/50] OSCV... 501 rows
  [45/50] OSCX... 146 rows
  [45/50] OSEA... 501 rows
  -> Inserted 6035 rows (45/50 batches, 1075s elapsed)
  [46/50] OTGL... 197 rows
  [46/50] OUNZ... 501 rows
  [46/50] OUSA... 501 rows
  [46/50] OUSM... 501 rows
  [46/50] OVB... 501 rows
  [46/50] OVF... 501 rows
  [46/50] OVL... 501 rows
  [46/50] OVLH... 501 rows
  [46/50] OVM... 501 rows
  [46/50] OVS... 501 rows
  [46/50] OVT... 501 rows
  [46/50] OWNB... 283 rows
  [46/50] OWNS... 501 rows
  [46/50] OZEM... 483 rows
  [46/50] PAAA... 501 rows
  [46/50] PAAU... 31 rows
  [46/50] PAB... 501 rows
  [46/50] PABD... 501 rows
  [46/50] PABU... 501 rows
  [46/50] PALC... 501 rows
  -> Inserted 9010 rows (46/50 batches, 1099s elapsed)
  [47/50] PALD... 271 rows
  [47/50] PALL... 501 rows
  [47/50] PALU... 271 rows
  [47/50] PAMC... 501 rows
  [47/50] PANG... 275 rows
  [47/50] PAPI... 501 rows
  [47/50] PAPR... 501 rows
  [47/50] PATN... 402 rows
  [47/50] PATX... 71 rows
  [47/50] PAUG... 501 rows
  [47/50] PAVE... 501 rows
  [47/50] PAWZ... 501 rows
  [47/50] PAYH... 80 rows
  [47/50] PAYM... 80 rows
  [47/50] PAYR... 137 rows
  [47/50] PBAP... 501 rows
  [47/50] PBAU... 490 rows
  [47/50] PBD... 501 rows
  [47/50] PBDC... 501 rows
  [47/50] PBDE... 480 rows
  -> Inserted 7567 rows (47/50 batches, 1121s elapsed)
  [48/50] PBE... 501 rows
  [48/50] PBEU... 100 rows
  [48/50] PBFB... 501 rows
  [48/50] PBFR... 466 rows
  [48/50] PBJ... 501 rows
  [48/50] PBJA... 501 rows
  [48/50] PBJL... 492 rows
  [48/50] PBJN... 475 rows
  [48/50] PBL... 501 rows
  [48/50] PBMR... 501 rows
  [48/50] PBMY... 497 rows
  [48/50] PBNV... 252 rows
  [48/50] PBOC... 485 rows
  [48/50] PBOG... 100 rows
  [48/50] PBP... 501 rows
  [48/50] PBPH... 100 rows
  [48/50] PBQQ... 324 rows
  [48/50] PBRG... 87 rows
  [48/50] PBSE... 470 rows
  [48/50] PBTP... 501 rows
  -> Inserted 7856 rows (48/50 batches, 1143s elapsed)
  [49/50] PBUS... 501 rows
  [49/50] PBW... 501 rows
  [49/50] PCCE... 501 rows
  [49/50] PCEF... 501 rows
  [49/50] PCFI... 270 rows
  [49/50] PCGG... 501 rows
  [49/50] PCHI... 273 rows
  [49/50] PCI... 184 rows
  [49/50] PCIG... 501 rows
  [49/50] PCL... 182 rows
  [49/50] PCLG... 143 rows
  [49/50] PCLO... 348 rows
  [49/50] PCMM... 348 rows
  [49/50] PCPI... 15 rows
  [49/50] PCRB... 501 rows
  [49/50] PCS... 184 rows
  [49/50] PCY... 501 rows
  [49/50] PDBA... 501 rows
  [49/50] PDBC... 501 rows
  [49/50] PDDL... 197 rows
  -> Inserted 7154 rows (49/50 batches, 1166s elapsed)
  [50/50] PDEC... 501 rows
  [50/50] PDN... 501 rows
  [50/50] PDP... 501 rows
  [50/50] PEJ... 501 rows
  [50/50] PEMX... 501 rows
  [50/50] PEPS... 254 rows
  [50/50] PEVC... 307 rows
  [50/50] PEX... 501 rows
  [50/50] PEXL... 501 rows
  [50/50] PEY... 501 rows
  [50/50] PEZ... 501 rows
  [50/50] PFDE... 79 rows
  [50/50] PFEB... 501 rows
  [50/50] PFF... 501 rows
  [50/50] PFFA... 501 rows
  [50/50] PFFD... 501 rows
  [50/50] PFFR... 501 rows
  [50/50] PFFV... 501 rows
  [50/50] PFI... 501 rows
  [50/50] PFIG... 501 rows
  -> Inserted 9157 rows (50/50 batches, 1190s elapsed)

=== SUMMARY ===
Batches: 50
Failed ETFs: 0/1000
Total rows inserted: 382,554
Total time: 1190s
