2026-05-06 12:29:06,545 [INFO] === FAST BACKFILL started at 2026-05-06T12:29:06.545743 ===
2026-05-06 12:29:07,453 [INFO] Total ETFs: 1000, Already done: 6, Remaining: 1000
2026-05-06 12:29:08,937 [INFO] [1/1000] AGG -> 251 rows (total: 251)
2026-05-06 12:29:09,842 [INFO] [2/1000] BND -> 251 rows (total: 502)
2026-05-06 12:29:10,722 [INFO] [3/1000] CAFG -> 251 rows (total: 753)
2026-05-06 12:29:11,666 [INFO] [4/1000] CAFX -> 251 rows (total: 1004)
2026-05-06 12:29:12,530 [INFO] [5/1000] CAIE -> 217 rows (total: 1221)
2026-05-06 12:29:13,346 [INFO] [6/1000] CAIQ -> 113 rows (total: 1334)
2026-05-06 12:29:14,225 [INFO] [7/1000] CALF -> 251 rows (total: 1585)
2026-05-06 12:29:15,056 [INFO] [8/1000] CALI -> 251 rows (total: 1836)
2026-05-06 12:29:15,860 [INFO] [9/1000] CAM -> 146 rows (total: 1982)
2026-05-06 12:29:16,721 [INFO] [10/1000] CAML -> 251 rows (total: 2233)
2026-05-06 12:29:17,554 [INFO] [11/1000] CAMX -> 251 rows (total: 2484)
2026-05-06 12:29:18,381 [INFO] [12/1000] CANC -> 251 rows (total: 2735)
2026-05-06 12:29:19,218 [INFO] [13/1000] CANE -> 251 rows (total: 2986)
2026-05-06 12:29:20,080 [INFO] [14/1000] CANQ -> 251 rows (total: 3237)
2026-05-06 12:29:20,954 [INFO] [15/1000] CAOS -> 251 rows (total: 3488)
2026-05-06 12:29:21,844 [INFO] [16/1000] CAPE -> 251 rows (total: 3739)
2026-05-06 12:29:22,683 [INFO] [17/1000] CARD -> 251 rows (total: 3990)
2026-05-06 12:29:23,531 [INFO] [18/1000] CARK -> 251 rows (total: 4241)
2026-05-06 12:29:24,368 [INFO] [19/1000] CARU -> 251 rows (total: 4492)
2026-05-06 12:29:25,195 [INFO] [20/1000] CARY -> 251 rows (total: 4743)
2026-05-06 12:29:26,058 [INFO] [21/1000] CARZ -> 251 rows (total: 4994)
2026-05-06 12:29:26,879 [INFO] [22/1000] CAS -> 251 rows (total: 5245)
2026-05-06 12:29:27,700 [INFO] [23/1000] CATF -> 251 rows (total: 5496)
2026-05-06 12:29:28,602 [INFO] [24/1000] CATH -> 251 rows (total: 5747)
2026-05-06 12:29:29,439 [INFO] [25/1000] CBLS -> 251 rows (total: 5998)
2026-05-06 12:29:30,277 [INFO] [26/1000] CBOA -> 251 rows (total: 6249)
2026-05-06 12:29:31,152 [INFO] [27/1000] CBOJ -> 251 rows (total: 6500)
2026-05-06 12:29:31,961 [INFO] [28/1000] CBOL -> 140 rows (total: 6640)
2026-05-06 12:29:32,811 [INFO] [29/1000] CBON -> 251 rows (total: 6891)
2026-05-06 12:29:33,612 [INFO] [30/1000] CBOO -> 145 rows (total: 7036)
2026-05-06 12:29:34,396 [INFO] [31/1000] CBOX -> 13 rows (total: 7049)
2026-05-06 12:29:35,273 [INFO] [32/1000] CBOY -> 209 rows (total: 7258)
2026-05-06 12:29:36,124 [INFO] [33/1000] CBSE -> 251 rows (total: 7509)
2026-05-06 12:29:36,978 [INFO] [34/1000] CBTA -> 251 rows (total: 7760)
2026-05-06 12:29:37,810 [INFO] [35/1000] CBTJ -> 251 rows (total: 8011)
2026-05-06 12:29:38,638 [INFO] [36/1000] CBTL -> 140 rows (total: 8151)
2026-05-06 12:29:39,482 [INFO] [37/1000] CBTO -> 145 rows (total: 8296)
2026-05-06 12:29:40,318 [INFO] [38/1000] CBTY -> 209 rows (total: 8505)
2026-05-06 12:29:41,132 [INFO] [39/1000] CBXA -> 251 rows (total: 8756)
2026-05-06 12:29:41,992 [INFO] [40/1000] CBXJ -> 251 rows (total: 9007)
2026-05-06 12:29:42,810 [INFO] [41/1000] CBXL -> 140 rows (total: 9147)
2026-05-06 12:29:43,613 [INFO] [42/1000] CBXO -> 145 rows (total: 9292)
2026-05-06 12:29:44,470 [INFO] [43/1000] CBXY -> 209 rows (total: 9501)
2026-05-06 12:29:45,318 [INFO] [44/1000] CCEF -> 251 rows (total: 9752)
2026-05-06 12:29:46,125 [INFO] [45/1000] CCFE -> 225 rows (total: 9977)
2026-05-06 12:29:47,054 [INFO] [46/1000] CCNR -> 251 rows (total: 10228)
2026-05-06 12:29:47,866 [INFO] [47/1000] CCOM -> 68 rows (total: 10296)
2026-05-06 12:29:48,704 [INFO] [48/1000] CCOR -> 251 rows (total: 10547)
2026-05-06 12:29:49,554 [INFO] [49/1000] CCSB -> 251 rows (total: 10798)
2026-05-06 12:29:50,421 [INFO] [50/1000] CCSO -> 251 rows (total: 11049)
2026-05-06 12:29:50,817 [INFO] Checkpoint: processed 50/1000
2026-05-06 12:29:51,240 [INFO] [51/1000] CCUP -> 185 rows (total: 11234)
2026-05-06 12:29:52,071 [INFO] [52/1000] CDC -> 251 rows (total: 11485)
2026-05-06 12:29:52,933 [INFO] [53/1000] CDEI -> 251 rows (total: 11736)
2026-05-06 12:29:53,734 [INFO] [54/1000] CDIG -> 159 rows (total: 11895)
2026-05-06 12:29:54,567 [INFO] [55/1000] CDL -> 251 rows (total: 12146)
2026-05-06 12:29:55,455 [INFO] [56/1000] CDX -> 251 rows (total: 12397)
2026-05-06 12:29:56,312 [INFO] [57/1000] CEFA -> 251 rows (total: 12648)
2026-05-06 12:29:57,134 [INFO] [58/1000] CEFD -> 251 rows (total: 12899)
2026-05-06 12:29:58,031 [INFO] [59/1000] CEFS -> 251 rows (total: 13150)
2026-05-06 12:29:58,843 [INFO] [60/1000] CEFZ -> 190 rows (total: 13340)
2026-05-06 12:29:59,644 [INFO] [61/1000] CEGX -> 206 rows (total: 13546)
2026-05-06 12:30:00,556 [INFO] [62/1000] CEMB -> 251 rows (total: 13797)
2026-05-06 12:30:01,392 [INFO] [63/1000] CEPI -> 251 rows (total: 14048)
2026-05-06 12:30:02,346 [INFO] [64/1000] CERY -> 251 rows (total: 14299)
2026-05-06 12:30:03,256 [INFO] [65/1000] CEW -> 251 rows (total: 14550)
2026-05-06 12:30:04,376 [INFO] [66/1000] CFA -> 251 rows (total: 14801)
2026-05-06 12:30:05,212 [INFO] [67/1000] CFIT -> 251 rows (total: 15052)
2026-05-06 12:30:06,062 [INFO] [68/1000] CFO -> 251 rows (total: 15303)
2026-05-06 12:30:06,907 [INFO] [69/1000] CGBL -> 251 rows (total: 15554)
2026-05-06 12:30:07,940 [INFO] [70/1000] CGCB -> 251 rows (total: 15805)
2026-05-06 12:30:08,766 [INFO] [71/1000] CGCP -> 251 rows (total: 16056)
2026-05-06 12:30:09,604 [INFO] [72/1000] CGCV -> 251 rows (total: 16307)
2026-05-06 12:30:10,436 [INFO] [73/1000] CGDG -> 251 rows (total: 16558)
2026-05-06 12:30:11,277 [INFO] [74/1000] CGDV -> 251 rows (total: 16809)
2026-05-06 12:30:12,105 [INFO] [75/1000] CGGE -> 251 rows (total: 17060)
2026-05-06 12:30:12,959 [INFO] [76/1000] CGGG -> 216 rows (total: 17276)
2026-05-06 12:30:13,797 [INFO] [77/1000] CGGO -> 251 rows (total: 17527)
2026-05-06 12:30:14,702 [INFO] [78/1000] CGGR -> 251 rows (total: 17778)
2026-05-06 12:30:15,543 [INFO] [79/1000] CGHM -> 251 rows (total: 18029)
2026-05-06 12:30:16,371 [INFO] [80/1000] CGHY -> 216 rows (total: 18245)
2026-05-06 12:30:17,257 [INFO] [81/1000] CGIB -> 251 rows (total: 18496)
2026-05-06 12:30:18,110 [INFO] [82/1000] CGIC -> 251 rows (total: 18747)
2026-05-06 12:30:18,942 [INFO] [83/1000] CGIE -> 251 rows (total: 18998)
2026-05-06 12:30:19,789 [INFO] [84/1000] CGMM -> 251 rows (total: 19249)
2026-05-06 12:30:20,645 [INFO] [85/1000] CGMS -> 251 rows (total: 19500)
2026-05-06 12:30:21,490 [INFO] [86/1000] CGMU -> 251 rows (total: 19751)
2026-05-06 12:30:22,312 [INFO] [87/1000] CGNG -> 251 rows (total: 20002)
2026-05-06 12:30:23,173 [INFO] [88/1000] CGRO -> 251 rows (total: 20253)
2026-05-06 12:30:24,011 [INFO] [89/1000] CGSD -> 251 rows (total: 20504)
2026-05-06 12:30:24,838 [INFO] [90/1000] CGSM -> 251 rows (total: 20755)
2026-05-06 12:30:25,736 [INFO] [91/1000] CGUI -> 251 rows (total: 21006)
2026-05-06 12:30:26,572 [INFO] [92/1000] CGUS -> 251 rows (total: 21257)
2026-05-06 12:30:27,427 [INFO] [93/1000] CGV -> 251 rows (total: 21508)
2026-05-06 12:30:28,237 [INFO] [94/1000] CGVV -> 216 rows (total: 21724)
2026-05-06 12:30:29,101 [INFO] [95/1000] CGW -> 251 rows (total: 21975)
2026-05-06 12:30:29,970 [INFO] [96/1000] CGXU -> 251 rows (total: 22226)
2026-05-06 12:30:30,793 [INFO] [97/1000] CHAT -> 251 rows (total: 22477)
2026-05-06 12:30:31,646 [INFO] [98/1000] CHAU -> 251 rows (total: 22728)
2026-05-06 12:30:32,507 [INFO] [99/1000] CHGX -> 251 rows (total: 22979)
2026-05-06 12:30:33,365 [INFO] [100/1000] CHIQ -> 251 rows (total: 23230)
2026-05-06 12:30:33,762 [INFO] Checkpoint: processed 100/1000
2026-05-06 12:30:34,223 [INFO] [101/1000] CHNL -> 24 rows (total: 23254)
2026-05-06 12:30:35,082 [INFO] [102/1000] CHNU -> 24 rows (total: 23278)
2026-05-06 12:30:35,798 [INFO] [103/1000] CHPS -> 251 rows (total: 23529)
2026-05-06 12:30:36,609 [INFO] [104/1000] CHPX -> 149 rows (total: 23678)
2026-05-06 12:30:37,441 [INFO] [105/1000] CHPY -> 251 rows (total: 23929)
2026-05-06 12:30:38,247 [INFO] [106/1000] CHRI -> 154 rows (total: 24083)
2026-05-06 12:30:39,068 [INFO] [107/1000] CIBR -> 251 rows (total: 24334)
2026-05-06 12:30:39,888 [INFO] [108/1000] CIFG -> 99 rows (total: 24433)
2026-05-06 12:30:40,701 [INFO] [109/1000] CIFU -> 112 rows (total: 24545)
2026-05-06 12:30:41,519 [INFO] [110/1000] CLCG -> 198 rows (total: 24743)
2026-05-06 12:30:42,337 [INFO] [111/1000] CLCV -> 198 rows (total: 24941)
2026-05-06 12:30:43,225 [INFO] [112/1000] CLIP -> 251 rows (total: 25192)
2026-05-06 12:30:44,076 [INFO] [113/1000] CLIX -> 251 rows (total: 25443)
2026-05-06 12:30:44,915 [INFO] [114/1000] CLOA -> 251 rows (total: 25694)
2026-05-06 12:30:45,736 [INFO] [115/1000] CLOB -> 251 rows (total: 25945)
2026-05-06 12:30:46,589 [INFO] [116/1000] CLOD -> 251 rows (total: 26196)
2026-05-06 12:30:47,483 [INFO] [117/1000] CLOI -> 251 rows (total: 26447)
2026-05-06 12:30:48,291 [INFO] [118/1000] CLOU -> 251 rows (total: 26698)
2026-05-06 12:30:49,118 [INFO] [119/1000] CLOX -> 251 rows (total: 26949)
2026-05-06 12:30:49,946 [INFO] [120/1000] CLOZ -> 251 rows (total: 27200)
2026-05-06 12:30:50,771 [INFO] [121/1000] CLSE -> 251 rows (total: 27451)
2026-05-06 12:30:51,604 [INFO] [122/1000] CLSM -> 251 rows (total: 27702)
2026-05-06 12:30:52,414 [INFO] [123/1000] CLSX -> 160 rows (total: 27862)
2026-05-06 12:30:53,191 [INFO] [124/1000] CLSZ -> 53 rows (total: 27915)
2026-05-06 12:30:53,992 [INFO] [125/1000] CMBO -> 125 rows (total: 28040)
2026-05-06 12:30:54,814 [INFO] [126/1000] CMBS -> 251 rows (total: 28291)
2026-05-06 12:30:55,650 [INFO] [127/1000] CMCI -> 251 rows (total: 28542)
2026-05-06 12:30:56,345 [INFO] [128/1000] CMDT -> 251 rows (total: 28793)
2026-05-06 12:30:57,074 [INFO] [129/1000] CMDY -> 251 rows (total: 29044)
2026-05-06 12:30:58,384 [INFO] [130/1000] CMF -> 251 rows (total: 29295)
2026-05-06 12:30:59,176 [INFO] [131/1000] CMGG -> 116 rows (total: 29411)
2026-05-06 12:30:59,918 [INFO] [132/1000] CNAV -> 251 rows (total: 29662)
2026-05-06 12:31:00,572 [INFO] [133/1000] CNBS -> 251 rows (total: 29913)
2026-05-06 12:31:01,212 [INFO] [134/1000] CNCG -> 94 rows (total: 30007)
2026-05-06 12:31:01,983 [INFO] [135/1000] CNEQ -> 251 rows (total: 30258)
2026-05-06 12:31:02,615 [INFO] [136/1000] CNQQ -> 152 rows (total: 30410)
2026-05-06 12:31:03,285 [INFO] [137/1000] CNRG -> 251 rows (total: 30661)
2026-05-06 12:31:03,989 [INFO] [138/1000] CNXT -> 251 rows (total: 30912)
2026-05-06 12:31:04,730 [INFO] [139/1000] CNYA -> 251 rows (total: 31163)
2026-05-06 12:31:05,410 [INFO] [140/1000] COAL -> 251 rows (total: 31414)
2026-05-06 12:31:06,067 [INFO] [141/1000] COHX -> 53 rows (total: 31467)
2026-05-06 12:31:06,919 [INFO] [142/1000] COIG -> 251 rows (total: 31718)
2026-05-06 12:31:07,737 [INFO] [143/1000] COII -> 231 rows (total: 31949)
2026-05-06 12:31:08,577 [INFO] [144/1000] COIO -> 183 rows (total: 32132)
2026-05-06 12:31:09,479 [INFO] [145/1000] COIW -> 251 rows (total: 32383)
2026-05-06 12:31:10,326 [INFO] [146/1000] COLO -> 251 rows (total: 32634)
2026-05-06 12:31:11,140 [INFO] [147/1000] COM -> 251 rows (total: 32885)
2026-05-06 12:31:12,035 [INFO] [148/1000] COMB -> 251 rows (total: 33136)
2026-05-06 12:31:12,912 [INFO] [149/1000] COMD -> 58 rows (total: 33194)
2026-05-06 12:31:13,783 [INFO] [150/1000] COMT -> 251 rows (total: 33445)
2026-05-06 12:31:14,181 [INFO] Checkpoint: processed 150/1000
2026-05-06 12:31:14,674 [INFO] [151/1000] CONI -> 251 rows (total: 33696)
2026-05-06 12:31:15,553 [INFO] [152/1000] CONL -> 251 rows (total: 33947)
2026-05-06 12:31:16,366 [INFO] [153/1000] CONX -> 114 rows (total: 34061)
2026-05-06 12:31:17,074 [INFO] [154/1000] CONY -> 251 rows (total: 34312)
2026-05-06 12:31:17,903 [INFO] [155/1000] COPA -> 251 rows (total: 34563)
2026-05-06 12:31:18,727 [INFO] [156/1000] COPJ -> 251 rows (total: 34814)
2026-05-06 12:31:19,627 [INFO] [157/1000] COPP -> 251 rows (total: 35065)
2026-05-06 12:31:20,470 [INFO] [158/1000] COPX -> 251 rows (total: 35316)
2026-05-06 12:31:21,283 [INFO] [159/1000] COPY -> 251 rows (total: 35567)
2026-05-06 12:31:22,083 [INFO] [160/1000] CORB -> 121 rows (total: 35688)
2026-05-06 12:31:22,905 [INFO] [161/1000] CORD -> 152 rows (total: 35840)
2026-05-06 12:31:23,742 [INFO] [162/1000] CORN -> 251 rows (total: 36091)
2026-05-06 12:31:24,576 [INFO] [163/1000] CORO -> 251 rows (total: 36342)
2026-05-06 12:31:25,428 [INFO] [164/1000] CORP -> 251 rows (total: 36593)
2026-05-06 12:31:26,252 [INFO] [165/1000] COSW -> 133 rows (total: 36726)
2026-05-06 12:31:27,128 [INFO] [166/1000] COTG -> 158 rows (total: 36884)
2026-05-06 12:31:27,956 [INFO] [167/1000] COWG -> 251 rows (total: 37135)
2026-05-06 12:31:28,755 [INFO] [168/1000] COWS -> 251 rows (total: 37386)
2026-05-06 12:31:29,596 [INFO] [169/1000] COWZ -> 251 rows (total: 37637)
2026-05-06 12:31:30,423 [INFO] [170/1000] COYY -> 194 rows (total: 37831)
2026-05-06 12:31:31,237 [INFO] [171/1000] COZX -> 124 rows (total: 37955)
2026-05-06 12:31:31,923 [INFO] [172/1000] CPAG -> 184 rows (total: 38139)
2026-05-06 12:31:32,778 [INFO] [173/1000] CPAI -> 251 rows (total: 38390)
2026-05-06 12:31:33,625 [INFO] [174/1000] CPER -> 251 rows (total: 38641)
2026-05-06 12:31:34,431 [INFO] [175/1000] CPHY -> 184 rows (total: 38825)
2026-05-06 12:31:35,246 [INFO] [176/1000] CPII -> 251 rows (total: 39076)
2026-05-06 12:31:36,101 [INFO] [177/1000] CPLB -> 251 rows (total: 39327)
2026-05-06 12:31:36,953 [INFO] [178/1000] CPLS -> 251 rows (total: 39578)
2026-05-06 12:31:37,773 [INFO] [179/1000] CPNJ -> 251 rows (total: 39829)
2026-05-06 12:31:48,168 [ERROR] $CPNM: possibly delisted; no price data found  (period=1y)
2026-05-06 12:31:48,170 [INFO] CPNM: no data
2026-05-06 12:31:48,170 [INFO] [180/1000] CPNM -> 0 rows (total: 39829)
2026-05-06 12:31:52,254 [INFO] [181/1000] CPNQ -> 251 rows (total: 40080)
2026-05-06 12:31:53,071 [INFO] [182/1000] CPNS -> 251 rows (total: 40331)
2026-05-06 12:31:53,931 [INFO] [183/1000] CPRA -> 251 rows (total: 40582)
2026-05-06 12:31:54,749 [INFO] [184/1000] CPRJ -> 251 rows (total: 40833)
2026-05-06 12:31:55,552 [INFO] [185/1000] CPRO -> 251 rows (total: 41084)
2026-05-06 12:31:56,363 [INFO] [186/1000] CPRY -> 251 rows (total: 41335)
2026-05-06 12:31:57,190 [INFO] [187/1000] CPSA -> 251 rows (total: 41586)
2026-05-06 12:31:58,059 [INFO] [188/1000] CPSD -> 251 rows (total: 41837)
2026-05-06 12:31:58,880 [INFO] [189/1000] CPSF -> 251 rows (total: 42088)
2026-05-06 12:31:59,799 [INFO] [190/1000] CPSJ -> 251 rows (total: 42339)
2026-05-06 12:32:00,681 [INFO] [191/1000] CPSL -> 251 rows (total: 42590)
2026-05-06 12:32:01,518 [INFO] [192/1000] CPSM -> 251 rows (total: 42841)
2026-05-06 12:32:02,336 [INFO] [193/1000] CPSN -> 251 rows (total: 43092)
2026-05-06 12:32:03,222 [INFO] [194/1000] CPSO -> 251 rows (total: 43343)
2026-05-06 12:32:04,030 [INFO] [195/1000] CPSP -> 251 rows (total: 43594)
2026-05-06 12:32:04,839 [INFO] [196/1000] CPSR -> 251 rows (total: 43845)
2026-05-06 12:32:05,665 [INFO] [197/1000] CPST -> 251 rows (total: 44096)
2026-05-06 12:32:06,479 [INFO] [198/1000] CPSU -> 233 rows (total: 44329)
2026-05-06 12:32:07,287 [INFO] [199/1000] CPSY -> 251 rows (total: 44580)
2026-05-06 12:32:08,102 [INFO] [200/1000] CPXR -> 251 rows (total: 44831)
2026-05-06 12:32:08,503 [INFO] Checkpoint: processed 200/1000
2026-05-06 12:32:08,937 [INFO] [201/1000] CQQQ -> 251 rows (total: 45082)
2026-05-06 12:32:09,772 [INFO] [202/1000] CRAK -> 251 rows (total: 45333)
2026-05-06 12:32:10,598 [INFO] [203/1000] CRBN -> 251 rows (total: 45584)
2026-05-06 12:32:11,399 [INFO] [204/1000] CRCD -> 152 rows (total: 45736)
2026-05-06 12:32:12,276 [INFO] [205/1000] CRCG -> 185 rows (total: 45921)
2026-05-06 12:32:13,115 [INFO] [206/1000] CRDD -> 24 rows (total: 45945)
2026-05-06 12:32:13,940 [INFO] [207/1000] CRDT -> 251 rows (total: 46196)
2026-05-06 12:32:14,752 [INFO] [208/1000] CRDU -> 160 rows (total: 46356)
2026-05-06 12:32:15,538 [INFO] [209/1000] CRDX -> 24 rows (total: 46380)
2026-05-06 12:32:16,431 [INFO] [210/1000] CRED -> 251 rows (total: 46631)
2026-05-06 12:32:17,269 [INFO] [211/1000] CRMG -> 251 rows (total: 46882)
2026-05-06 12:32:18,095 [INFO] [212/1000] CRMU -> 59 rows (total: 46941)
2026-05-06 12:32:18,878 [INFO] [213/1000] CRMX -> 78 rows (total: 47019)
2026-05-06 12:32:19,709 [INFO] [214/1000] CRPT -> 251 rows (total: 47270)
2026-05-06 12:32:20,561 [INFO] [215/1000] CRSH -> 251 rows (total: 47521)
2026-05-06 12:32:21,400 [INFO] [216/1000] CRTC -> 251 rows (total: 47772)
2026-05-06 12:32:22,193 [INFO] [217/1000] CRUX -> 36 rows (total: 47808)
2026-05-06 12:32:23,043 [INFO] [218/1000] CRWG -> 185 rows (total: 47993)
2026-05-06 12:32:23,861 [INFO] [219/1000] CRWL -> 251 rows (total: 48244)
2026-05-06 12:32:24,708 [INFO] [220/1000] CRWU -> 195 rows (total: 48439)
2026-05-06 12:32:25,548 [INFO] [221/1000] CSB -> 251 rows (total: 48690)
2026-05-06 12:32:26,364 [INFO] [222/1000] CSCL -> 217 rows (total: 48907)
2026-05-06 12:32:27,213 [INFO] [223/1000] CSCS -> 217 rows (total: 49124)
2026-05-06 12:32:28,119 [INFO] [224/1000] CSD -> 251 rows (total: 49375)
2026-05-06 12:32:28,921 [INFO] [225/1000] CSEX -> 118 rows (total: 49493)
2026-05-06 12:32:29,756 [INFO] [226/1000] CSHI -> 251 rows (total: 49744)
2026-05-06 12:32:30,563 [INFO] [227/1000] CSHP -> 251 rows (total: 49995)
2026-05-06 12:32:31,410 [INFO] [228/1000] CSM -> 251 rows (total: 50246)
2026-05-06 12:32:32,231 [INFO] [229/1000] CSMD -> 251 rows (total: 50497)
2026-05-06 12:32:33,063 [INFO] [230/1000] CSNR -> 251 rows (total: 50748)
2026-05-06 12:32:33,887 [INFO] [231/1000] CSPF -> 251 rows (total: 50999)
2026-05-06 12:32:34,707 [INFO] [232/1000] CSRE -> 251 rows (total: 51250)
2026-05-06 12:32:35,539 [INFO] [233/1000] CSTK -> 250 rows (total: 51500)
2026-05-06 12:32:36,377 [INFO] [234/1000] CTA -> 251 rows (total: 51751)
2026-05-06 12:32:37,217 [INFO] [235/1000] CTEC -> 251 rows (total: 52002)
2026-05-06 12:32:38,110 [INFO] [236/1000] CTEF -> 221 rows (total: 52223)
2026-05-06 12:32:38,965 [INFO] [237/1000] CTEX -> 251 rows (total: 52474)
2026-05-06 12:32:39,764 [INFO] [238/1000] CTIF -> 217 rows (total: 52691)
2026-05-06 12:32:40,584 [INFO] [239/1000] CTWO -> 220 rows (total: 52911)
2026-05-06 12:32:41,457 [INFO] [240/1000] CURE -> 251 rows (total: 53162)
2026-05-06 12:32:42,278 [INFO] [241/1000] CUSD -> 251 rows (total: 53413)
2026-05-06 12:32:43,199 [INFO] [242/1000] CUT -> 251 rows (total: 53664)
2026-05-06 12:32:44,030 [INFO] [243/1000] CVAR -> 251 rows (total: 53915)
2026-05-06 12:32:44,852 [INFO] [244/1000] CVIE -> 251 rows (total: 54166)
2026-05-06 12:32:45,712 [INFO] [245/1000] CVLC -> 251 rows (total: 54417)
2026-05-06 12:32:46,552 [INFO] [246/1000] CVMC -> 251 rows (total: 54668)
2026-05-06 12:32:47,382 [INFO] [247/1000] CVNX -> 235 rows (total: 54903)
2026-05-06 12:32:48,206 [INFO] [248/1000] CVNY -> 251 rows (total: 55154)
2026-05-06 12:32:49,064 [INFO] [249/1000] CVRD -> 251 rows (total: 55405)
2026-05-06 12:32:49,882 [INFO] [250/1000] CVRT -> 251 rows (total: 55656)
2026-05-06 12:32:50,280 [INFO] Checkpoint: processed 250/1000
2026-05-06 12:32:50,719 [INFO] [251/1000] CVSB -> 251 rows (total: 55907)
2026-05-06 12:32:51,568 [INFO] [252/1000] CVY -> 251 rows (total: 56158)
2026-05-06 12:32:52,480 [INFO] [253/1000] CWB -> 251 rows (total: 56409)
2026-05-06 12:32:53,314 [INFO] [254/1000] CWEB -> 251 rows (total: 56660)
2026-05-06 12:32:54,170 [INFO] [255/1000] CWI -> 251 rows (total: 56911)
2026-05-06 12:32:55,047 [INFO] [256/1000] CWII -> 125 rows (total: 57036)
2026-05-06 12:32:55,884 [INFO] [257/1000] CWS -> 251 rows (total: 57287)
2026-05-06 12:32:56,695 [INFO] [258/1000] CWVX -> 206 rows (total: 57493)
2026-05-06 12:32:57,479 [INFO] [259/1000] CWY -> 15 rows (total: 57508)
2026-05-06 12:32:58,303 [INFO] [260/1000] CXRN -> 251 rows (total: 57759)
2026-05-06 12:32:59,209 [INFO] [261/1000] CXSE -> 251 rows (total: 58010)
2026-05-06 12:33:00,054 [INFO] [262/1000] CZA -> 251 rows (total: 58261)
2026-05-06 12:33:00,888 [INFO] [263/1000] CZAR -> 251 rows (total: 58512)
2026-05-06 12:33:01,744 [INFO] [264/1000] DABS -> 251 rows (total: 58763)
2026-05-06 12:33:02,565 [INFO] [265/1000] DADS -> 188 rows (total: 58951)
2026-05-06 12:33:03,392 [INFO] [266/1000] DAK -> 193 rows (total: 59144)
2026-05-06 12:33:04,249 [INFO] [267/1000] DALI -> 251 rows (total: 59395)
2026-05-06 12:33:05,052 [INFO] [268/1000] DANA -> 105 rows (total: 59500)
2026-05-06 12:33:05,904 [INFO] [269/1000] DAPP -> 251 rows (total: 59751)
2026-05-06 12:33:06,709 [INFO] [270/1000] DAPR -> 251 rows (total: 60002)
2026-05-06 12:33:07,530 [INFO] [271/1000] DARP -> 251 rows (total: 60253)
2026-05-06 12:33:08,430 [INFO] [272/1000] DAT -> 251 rows (total: 60504)
2026-05-06 12:33:09,261 [INFO] [273/1000] DAUG -> 251 rows (total: 60755)
2026-05-06 12:33:10,098 [INFO] [274/1000] DAX -> 251 rows (total: 61006)
2026-05-06 12:33:10,981 [INFO] [275/1000] DBA -> 251 rows (total: 61257)
2026-05-06 12:33:11,874 [INFO] [276/1000] DBAW -> 251 rows (total: 61508)
2026-05-06 12:33:12,717 [INFO] [277/1000] DBB -> 251 rows (total: 61759)
2026-05-06 12:33:13,572 [INFO] [278/1000] DBC -> 251 rows (total: 62010)
2026-05-06 12:33:14,416 [INFO] [279/1000] DBE -> 251 rows (total: 62261)
2026-05-06 12:33:15,256 [INFO] [280/1000] DBEF -> 251 rows (total: 62512)
2026-05-06 12:33:16,095 [INFO] [281/1000] DBEM -> 251 rows (total: 62763)
2026-05-06 12:33:16,928 [INFO] [282/1000] DBEU -> 251 rows (total: 63014)
2026-05-06 12:33:17,773 [INFO] [283/1000] DBEZ -> 251 rows (total: 63265)
2026-05-06 12:33:18,622 [INFO] [284/1000] DBJP -> 251 rows (total: 63516)
2026-05-06 12:33:19,457 [INFO] [285/1000] DBMF -> 251 rows (total: 63767)
2026-05-06 12:33:20,325 [INFO] [286/1000] DBND -> 251 rows (total: 64018)
2026-05-06 12:33:21,171 [INFO] [287/1000] DBO -> 251 rows (total: 64269)
2026-05-06 12:33:22,012 [INFO] [288/1000] DBP -> 251 rows (total: 64520)
2026-05-06 12:33:22,810 [INFO] [289/1000] DBSC -> 94 rows (total: 64614)
2026-05-06 12:33:23,637 [INFO] [290/1000] DCMT -> 251 rows (total: 64865)
2026-05-06 12:33:24,454 [INFO] [291/1000] DCOR -> 251 rows (total: 65116)
2026-05-06 12:33:25,305 [INFO] [292/1000] DCRE -> 251 rows (total: 65367)
2026-05-06 12:33:26,172 [INFO] [293/1000] DDEC -> 251 rows (total: 65618)
2026-05-06 12:33:26,940 [INFO] [294/1000] DDFA -> 24 rows (total: 65642)
2026-05-06 12:33:27,742 [INFO] [295/1000] DDFD -> 106 rows (total: 65748)
2026-05-06 12:33:28,531 [INFO] [296/1000] DDFF -> 65 rows (total: 65813)
2026-05-06 12:33:29,499 [INFO] [297/1000] DDFJ -> 85 rows (total: 65898)
2026-05-06 12:33:30,317 [INFO] [298/1000] DDFL -> 213 rows (total: 66111)
2026-05-06 12:33:31,098 [INFO] [299/1000] DDFM -> 46 rows (total: 66157)
2026-05-06 12:33:31,985 [INFO] [300/1000] DDFN -> 126 rows (total: 66283)
2026-05-06 12:33:32,385 [INFO] Checkpoint: processed 300/1000
2026-05-06 12:33:32,785 [INFO] [301/1000] DDFO -> 149 rows (total: 66432)
2026-05-06 12:33:33,590 [INFO] [302/1000] DDFS -> 170 rows (total: 66602)
2026-05-06 12:33:34,444 [INFO] [303/1000] DDIV -> 251 rows (total: 66853)
2026-05-06 12:33:35,272 [INFO] [304/1000] DDLS -> 251 rows (total: 67104)
2026-05-06 12:33:36,124 [INFO] [305/1000] DDM -> 251 rows (total: 67355)
2026-05-06 12:33:36,906 [INFO] [306/1000] DDNQ -> 85 rows (total: 67440)
2026-05-06 12:33:37,702 [INFO] [307/1000] DDSQ -> 85 rows (total: 67525)
2026-05-06 12:33:38,490 [INFO] [308/1000] DDTA -> 24 rows (total: 67549)
2026-05-06 12:33:39,280 [INFO] [309/1000] DDTD -> 106 rows (total: 67655)
2026-05-06 12:33:40,079 [INFO] [310/1000] DDTF -> 65 rows (total: 67720)
2026-05-06 12:33:40,879 [INFO] [311/1000] DDTJ -> 85 rows (total: 67805)
2026-05-06 12:33:41,693 [INFO] [312/1000] DDTL -> 213 rows (total: 68018)
2026-05-06 12:33:42,569 [INFO] [313/1000] DDTM -> 46 rows (total: 68064)
2026-05-06 12:33:43,367 [INFO] [314/1000] DDTN -> 126 rows (total: 68190)
2026-05-06 12:33:44,164 [INFO] [315/1000] DDTO -> 149 rows (total: 68339)
2026-05-06 12:33:44,970 [INFO] [316/1000] DDTS -> 170 rows (total: 68509)
2026-05-06 12:33:45,831 [INFO] [317/1000] DDV -> 118 rows (total: 68627)
2026-05-06 12:33:46,665 [INFO] [318/1000] DDWM -> 251 rows (total: 68878)
2026-05-06 12:33:47,483 [INFO] [319/1000] DDX -> 251 rows (total: 69129)
2026-05-06 12:33:48,292 [INFO] [320/1000] DDXX -> 118 rows (total: 69247)
2026-05-06 12:33:49,103 [INFO] [321/1000] DECM -> 251 rows (total: 69498)
2026-05-06 12:33:49,912 [INFO] [322/1000] DECO -> 251 rows (total: 69749)
2026-05-06 12:33:50,734 [INFO] [323/1000] DECP -> 251 rows (total: 70000)
2026-05-06 12:33:51,556 [INFO] [324/1000] DECT -> 251 rows (total: 70251)
2026-05-06 12:33:52,420 [INFO] [325/1000] DECU -> 251 rows (total: 70502)
2026-05-06 12:33:53,279 [INFO] [326/1000] DECW -> 251 rows (total: 70753)
2026-05-06 12:33:54,145 [INFO] [327/1000] DECZ -> 251 rows (total: 71004)
2026-05-06 12:33:54,981 [INFO] [328/1000] DEED -> 251 rows (total: 71255)
2026-05-06 12:33:55,829 [INFO] [329/1000] DEEF -> 251 rows (total: 71506)
2026-05-06 12:33:56,684 [INFO] [330/1000] DEEP -> 251 rows (total: 71757)
2026-05-06 12:33:57,506 [INFO] [331/1000] DEFI -> 251 rows (total: 72008)
2026-05-06 12:33:58,395 [INFO] [332/1000] DEFR -> 245 rows (total: 72253)
2026-05-06 12:33:59,293 [INFO] [333/1000] DEHP -> 251 rows (total: 72504)
2026-05-06 12:34:00,178 [INFO] [334/1000] DEM -> 251 rows (total: 72755)
2026-05-06 12:34:01,015 [INFO] [335/1000] DEMZ -> 251 rows (total: 73006)
2026-05-06 12:34:01,874 [INFO] [336/1000] DES -> 251 rows (total: 73257)
2026-05-06 12:34:02,816 [INFO] [337/1000] DESK -> 251 rows (total: 73508)
2026-05-06 12:34:03,657 [INFO] [338/1000] DEUS -> 251 rows (total: 73759)
2026-05-06 12:34:04,514 [INFO] [339/1000] DEW -> 251 rows (total: 74010)
2026-05-06 12:34:05,351 [INFO] [340/1000] DEXC -> 251 rows (total: 74261)
2026-05-06 12:34:06,198 [INFO] [341/1000] DFAC -> 251 rows (total: 74512)
2026-05-06 12:34:07,039 [INFO] [342/1000] DFAE -> 251 rows (total: 74763)
2026-05-06 12:34:07,868 [INFO] [343/1000] DFAI -> 251 rows (total: 75014)
2026-05-06 12:34:08,700 [INFO] [344/1000] DFAR -> 251 rows (total: 75265)
2026-05-06 12:34:09,539 [INFO] [345/1000] DFAS -> 251 rows (total: 75516)
2026-05-06 12:34:10,381 [INFO] [346/1000] DFAT -> 251 rows (total: 75767)
2026-05-06 12:34:11,221 [INFO] [347/1000] DFAU -> 251 rows (total: 76018)
2026-05-06 12:34:12,062 [INFO] [348/1000] DFAW -> 251 rows (total: 76269)
2026-05-06 12:34:12,946 [INFO] [349/1000] DFAX -> 251 rows (total: 76520)
2026-05-06 12:34:13,805 [INFO] [350/1000] DFCA -> 251 rows (total: 76771)
2026-05-06 12:34:14,199 [INFO] Checkpoint: processed 350/1000
2026-05-06 12:34:14,633 [INFO] [351/1000] DFCF -> 251 rows (total: 77022)
2026-05-06 12:34:15,478 [INFO] [352/1000] DFE -> 251 rows (total: 77273)
2026-05-06 12:34:16,360 [INFO] [353/1000] DFEB -> 251 rows (total: 77524)
2026-05-06 12:34:17,197 [INFO] [354/1000] DFEM -> 251 rows (total: 77775)
2026-05-06 12:34:18,061 [INFO] [355/1000] DFEN -> 251 rows (total: 78026)
2026-05-06 12:34:18,885 [INFO] [356/1000] DFEV -> 251 rows (total: 78277)
2026-05-06 12:34:19,732 [INFO] [357/1000] DFGP -> 251 rows (total: 78528)
2026-05-06 12:34:20,562 [INFO] [358/1000] DFGR -> 251 rows (total: 78779)
2026-05-06 12:34:21,394 [INFO] [359/1000] DFGX -> 251 rows (total: 79030)
2026-05-06 12:34:22,259 [INFO] [360/1000] DFIC -> 251 rows (total: 79281)
2026-05-06 12:34:23,068 [INFO] [361/1000] DFII -> 251 rows (total: 79532)
2026-05-06 12:34:23,919 [INFO] [362/1000] DFIP -> 251 rows (total: 79783)
2026-05-06 12:34:24,755 [INFO] [363/1000] DFIS -> 251 rows (total: 80034)
2026-05-06 12:34:25,590 [INFO] [364/1000] DFIV -> 251 rows (total: 80285)
2026-05-06 12:34:26,492 [INFO] [365/1000] DFJ -> 251 rows (total: 80536)
2026-05-06 12:34:27,334 [INFO] [366/1000] DFLV -> 251 rows (total: 80787)
2026-05-06 12:34:28,170 [INFO] [367/1000] DFNL -> 251 rows (total: 81038)
2026-05-06 12:34:29,036 [INFO] [368/1000] DFNM -> 251 rows (total: 81289)
2026-05-06 12:34:29,892 [INFO] [369/1000] DFSB -> 251 rows (total: 81540)
2026-05-06 12:34:30,792 [INFO] [370/1000] DFSD -> 251 rows (total: 81791)
2026-05-06 12:34:31,713 [INFO] [371/1000] DFSE -> 251 rows (total: 82042)
2026-05-06 12:34:32,550 [INFO] [372/1000] DFSI -> 251 rows (total: 82293)
2026-05-06 12:34:33,406 [INFO] [373/1000] DFSU -> 251 rows (total: 82544)
2026-05-06 12:34:34,263 [INFO] [374/1000] DFSV -> 251 rows (total: 82795)
2026-05-06 12:34:35,089 [INFO] [375/1000] DFUS -> 251 rows (total: 83046)
2026-05-06 12:34:35,939 [INFO] [376/1000] DFUV -> 251 rows (total: 83297)
2026-05-06 12:34:36,837 [INFO] [377/1000] DFVE -> 251 rows (total: 83548)
2026-05-06 12:34:37,723 [INFO] [378/1000] DFVX -> 251 rows (total: 83799)
2026-05-06 12:34:38,562 [INFO] [379/1000] DGAP -> 11 rows (total: 83810)
2026-05-06 12:34:39,408 [INFO] [380/1000] DGCB -> 251 rows (total: 84061)
2026-05-06 12:34:40,321 [INFO] [381/1000] DGIN -> 251 rows (total: 84312)
2026-05-06 12:34:41,129 [INFO] [382/1000] DGJA -> 74 rows (total: 84386)
2026-05-06 12:34:41,986 [INFO] [383/1000] DGLO -> 187 rows (total: 84573)
2026-05-06 12:34:42,801 [INFO] [384/1000] DGOC -> 136 rows (total: 84709)
2026-05-06 12:34:43,650 [INFO] [385/1000] DGRE -> 251 rows (total: 84960)
2026-05-06 12:34:44,516 [INFO] [386/1000] DGRO -> 251 rows (total: 85211)
2026-05-06 12:34:45,353 [INFO] [387/1000] DGRS -> 251 rows (total: 85462)
2026-05-06 12:34:46,202 [INFO] [388/1000] DGRW -> 251 rows (total: 85713)
2026-05-06 12:34:48,704 [INFO] [389/1000] DGS -> 251 rows (total: 85964)
2026-05-06 12:34:51,064 [INFO] [390/1000] DGT -> 251 rows (total: 86215)
2026-05-06 12:34:52,159 [INFO] [391/1000] DHDG -> 251 rows (total: 86466)
2026-05-06 12:34:53,150 [INFO] [392/1000] DHLX -> 151 rows (total: 86617)
2026-05-06 12:34:54,513 [INFO] [393/1000] DHS -> 251 rows (total: 86868)
2026-05-06 12:34:55,356 [INFO] [394/1000] DHSB -> 251 rows (total: 87119)
2026-05-06 12:34:56,229 [INFO] [395/1000] DIA -> 251 rows (total: 87370)
2026-05-06 12:34:57,112 [INFO] [396/1000] DIAL -> 251 rows (total: 87621)
2026-05-06 12:34:57,974 [INFO] [397/1000] DIEM -> 251 rows (total: 87872)
2026-05-06 12:34:58,826 [INFO] [398/1000] DIG -> 251 rows (total: 88123)
2026-05-06 12:34:59,701 [INFO] [399/1000] DIHP -> 251 rows (total: 88374)
2026-05-06 12:35:00,575 [INFO] [400/1000] DIM -> 251 rows (total: 88625)
2026-05-06 12:35:00,971 [INFO] Checkpoint: processed 400/1000
2026-05-06 12:35:01,402 [INFO] [401/1000] DIME -> 145 rows (total: 88770)
2026-05-06 12:35:02,261 [INFO] [402/1000] DINT -> 251 rows (total: 89021)
2026-05-06 12:35:03,118 [INFO] [403/1000] DIPS -> 251 rows (total: 89272)
2026-05-06 12:35:03,968 [INFO] [404/1000] DISO -> 251 rows (total: 89523)
2026-05-06 12:35:04,861 [INFO] [405/1000] DISV -> 251 rows (total: 89774)
2026-05-06 12:35:05,695 [INFO] [406/1000] DIV -> 251 rows (total: 90025)
2026-05-06 12:35:06,518 [INFO] [407/1000] DIVB -> 251 rows (total: 90276)
2026-05-06 12:35:07,350 [INFO] [408/1000] DIVD -> 251 rows (total: 90527)
2026-05-06 12:35:08,206 [INFO] [409/1000] DIVG -> 251 rows (total: 90778)
2026-05-06 12:35:09,114 [INFO] [410/1000] DIVI -> 251 rows (total: 91029)
2026-05-06 12:35:09,968 [INFO] [411/1000] DIVL -> 251 rows (total: 91280)
2026-05-06 12:35:10,845 [INFO] [412/1000] DIVN -> 216 rows (total: 91496)
2026-05-06 12:35:11,682 [INFO] [413/1000] DIVO -> 251 rows (total: 91747)
2026-05-06 12:35:12,590 [INFO] [414/1000] DIVP -> 251 rows (total: 91998)
2026-05-06 12:35:13,448 [INFO] [415/1000] DIVS -> 251 rows (total: 92249)
2026-05-06 12:35:14,295 [INFO] [416/1000] DIVY -> 251 rows (total: 92500)
2026-05-06 12:35:15,150 [INFO] [417/1000] DIVZ -> 251 rows (total: 92751)
2026-05-06 12:35:16,030 [INFO] [418/1000] DJAN -> 251 rows (total: 93002)
2026-05-06 12:35:16,911 [INFO] [419/1000] DJD -> 251 rows (total: 93253)
2026-05-06 12:35:17,772 [INFO] [420/1000] DJIA -> 251 rows (total: 93504)
2026-05-06 12:35:18,609 [INFO] [421/1000] DJP -> 251 rows (total: 93755)
2026-05-06 12:35:19,440 [INFO] [422/1000] DJTU -> 251 rows (total: 94006)
2026-05-06 12:35:20,274 [INFO] [423/1000] DJUL -> 251 rows (total: 94257)
2026-05-06 12:35:21,114 [INFO] [424/1000] DJUN -> 251 rows (total: 94508)
2026-05-06 12:35:21,929 [INFO] [425/1000] DKNX -> 192 rows (total: 94700)
2026-05-06 12:35:22,750 [INFO] [426/1000] DLAG -> 156 rows (total: 94856)
2026-05-06 12:35:23,531 [INFO] [427/1000] DLFE -> 51 rows (total: 94907)
2026-05-06 12:35:24,436 [INFO] [428/1000] DLLL -> 251 rows (total: 95158)
2026-05-06 12:35:25,265 [INFO] [429/1000] DLN -> 251 rows (total: 95409)
2026-05-06 12:35:26,086 [INFO] [430/1000] DLNV -> 111 rows (total: 95520)
2026-05-06 12:35:26,918 [INFO] [431/1000] DLS -> 251 rows (total: 95771)
2026-05-06 12:35:27,754 [INFO] [432/1000] DMAR -> 251 rows (total: 96022)
2026-05-06 12:35:28,597 [INFO] [433/1000] DMAX -> 251 rows (total: 96273)
2026-05-06 12:35:29,418 [INFO] [434/1000] DMAY -> 251 rows (total: 96524)
2026-05-06 12:35:30,259 [INFO] [435/1000] DMBS -> 251 rows (total: 96775)
2026-05-06 12:35:31,138 [INFO] [436/1000] DMX -> 251 rows (total: 97026)
2026-05-06 12:35:32,040 [INFO] [437/1000] DMXF -> 251 rows (total: 97277)
2026-05-06 12:35:32,927 [INFO] [438/1000] DNL -> 251 rows (total: 97528)
2026-05-06 12:35:33,772 [INFO] [439/1000] DNNG -> 59 rows (total: 97587)
2026-05-06 12:35:34,672 [INFO] [440/1000] DNOV -> 251 rows (total: 97838)
2026-05-06 12:35:35,496 [INFO] [441/1000] DOCT -> 251 rows (total: 98089)
2026-05-06 12:35:36,366 [INFO] [442/1000] DOG -> 251 rows (total: 98340)
2026-05-06 12:35:37,185 [INFO] [443/1000] DOGD -> 178 rows (total: 98518)
2026-05-06 12:35:38,014 [INFO] [444/1000] DOGG -> 251 rows (total: 98769)
2026-05-06 12:35:38,860 [INFO] [445/1000] DOJE -> 158 rows (total: 98927)
2026-05-06 12:35:39,788 [INFO] [446/1000] DOL -> 251 rows (total: 99178)
2026-05-06 12:35:40,634 [INFO] [447/1000] DON -> 251 rows (total: 99429)
2026-05-06 12:35:41,735 [INFO] [448/1000] DPST -> 251 rows (total: 99680)
2026-05-06 12:35:42,552 [INFO] [449/1000] DRAI -> 251 rows (total: 99931)
2026-05-06 12:35:43,401 [INFO] [450/1000] DRAM -> 23 rows (total: 99954)
2026-05-06 12:35:43,794 [INFO] Checkpoint: processed 450/1000
2026-05-06 12:35:44,221 [INFO] [451/1000] DRGN -> 204 rows (total: 100158)
2026-05-06 12:35:45,071 [INFO] [452/1000] DRIP -> 251 rows (total: 100409)
2026-05-06 12:35:45,907 [INFO] [453/1000] DRIV -> 251 rows (total: 100660)
2026-05-06 12:35:46,730 [INFO] [454/1000] DRLL -> 251 rows (total: 100911)
2026-05-06 12:35:47,588 [INFO] [455/1000] DRN -> 251 rows (total: 101162)
2026-05-06 12:35:48,433 [INFO] [456/1000] DRNL -> 45 rows (total: 101207)
2026-05-06 12:35:49,290 [INFO] [457/1000] DRNZ -> 129 rows (total: 101336)
2026-05-06 12:35:50,125 [INFO] [458/1000] DRSK -> 251 rows (total: 101587)
2026-05-06 12:35:50,957 [INFO] [459/1000] DRUP -> 251 rows (total: 101838)
2026-05-06 12:35:51,805 [INFO] [460/1000] DRV -> 251 rows (total: 102089)
2026-05-06 12:35:52,675 [INFO] [461/1000] DSCO -> 65 rows (total: 102154)
2026-05-06 12:35:53,489 [INFO] [462/1000] DSEP -> 251 rows (total: 102405)
2026-05-06 12:35:54,395 [INFO] [463/1000] DSI -> 251 rows (total: 102656)
2026-05-06 12:35:55,928 [INFO] [464/1000] DSMC -> 251 rows (total: 102907)
2026-05-06 12:35:57,146 [INFO] [465/1000] DSPY -> 251 rows (total: 103158)
2026-05-06 12:35:58,019 [INFO] [466/1000] DSTL -> 251 rows (total: 103409)
2026-05-06 12:35:58,916 [INFO] [467/1000] DSTX -> 251 rows (total: 103660)
2026-05-06 12:35:59,796 [INFO] [468/1000] DTAN -> 251 rows (total: 103911)
2026-05-06 12:36:00,631 [INFO] [469/1000] DTCR -> 251 rows (total: 104162)
2026-05-06 12:36:01,546 [INFO] [470/1000] DTD -> 251 rows (total: 104413)
2026-05-06 12:36:02,377 [INFO] [471/1000] DTEC -> 251 rows (total: 104664)
2026-05-06 12:36:03,211 [INFO] [472/1000] DTH -> 251 rows (total: 104915)
2026-05-06 12:36:04,097 [INFO] [473/1000] DTRE -> 251 rows (total: 105166)
2026-05-06 12:36:05,000 [INFO] [474/1000] DUBS -> 251 rows (total: 105417)
2026-05-06 12:36:05,842 [INFO] [475/1000] DUG -> 251 rows (total: 105668)
2026-05-06 12:36:06,691 [INFO] [476/1000] DUHP -> 251 rows (total: 105919)
2026-05-06 12:36:07,538 [INFO] [477/1000] DUKH -> 251 rows (total: 106170)
2026-05-06 12:36:08,408 [INFO] [478/1000] DUKQ -> 251 rows (total: 106421)
2026-05-06 12:36:09,229 [INFO] [479/1000] DUKX -> 251 rows (total: 106672)
2026-05-06 12:36:10,057 [INFO] [480/1000] DUKZ -> 251 rows (total: 106923)
2026-05-06 12:36:10,882 [INFO] [481/1000] DULL -> 251 rows (total: 107174)
2026-05-06 12:36:11,691 [INFO] [482/1000] DUOG -> 99 rows (total: 107273)
2026-05-06 12:36:12,537 [INFO] [483/1000] DURA -> 251 rows (total: 107524)
2026-05-06 12:36:13,370 [INFO] [484/1000] DUSA -> 251 rows (total: 107775)
2026-05-06 12:36:14,248 [INFO] [485/1000] DUSB -> 251 rows (total: 108026)
2026-05-06 12:36:15,085 [INFO] [486/1000] DUSL -> 251 rows (total: 108277)
2026-05-06 12:36:15,922 [INFO] [487/1000] DUST -> 251 rows (total: 108528)
2026-05-06 12:36:16,694 [INFO] [488/1000] DUTY -> 20 rows (total: 108548)
2026-05-06 12:36:17,854 [INFO] [489/1000] DVAL -> 251 rows (total: 108799)
2026-05-06 12:36:18,668 [INFO] [490/1000] DVDN -> 251 rows (total: 109050)
2026-05-06 12:36:19,520 [INFO] [491/1000] DVGR -> 103 rows (total: 109153)
2026-05-06 12:36:20,390 [INFO] [492/1000] DVIN -> 198 rows (total: 109351)
2026-05-06 12:36:21,265 [INFO] [493/1000] DVLU -> 251 rows (total: 109602)
2026-05-06 12:36:21,982 [INFO] [494/1000] DVND -> 251 rows (total: 109853)
2026-05-06 12:36:22,818 [INFO] [495/1000] DVOL -> 251 rows (total: 110104)
2026-05-06 12:36:23,656 [INFO] [496/1000] DVQQ -> 251 rows (total: 110355)
2026-05-06 12:36:24,465 [INFO] [497/1000] DVRE -> 198 rows (total: 110553)
2026-05-06 12:36:25,275 [INFO] [498/1000] DVSP -> 251 rows (total: 110804)
2026-05-06 12:36:26,075 [INFO] [499/1000] DVUT -> 198 rows (total: 111002)
2026-05-06 12:36:26,866 [INFO] [500/1000] DVVY -> 33 rows (total: 111035)
2026-05-06 12:36:27,266 [INFO] Checkpoint: processed 500/1000
2026-05-06 12:36:27,691 [INFO] [501/1000] DVXB -> 198 rows (total: 111233)
2026-05-06 12:36:28,570 [INFO] [502/1000] DVXC -> 198 rows (total: 111431)
2026-05-06 12:36:29,384 [INFO] [503/1000] DVXE -> 198 rows (total: 111629)
2026-05-06 12:36:30,188 [INFO] [504/1000] DVXF -> 198 rows (total: 111827)
2026-05-06 12:36:30,993 [INFO] [505/1000] DVXK -> 198 rows (total: 112025)
2026-05-06 12:36:31,826 [INFO] [506/1000] DVXP -> 197 rows (total: 112222)
2026-05-06 12:36:32,631 [INFO] [507/1000] DVXV -> 198 rows (total: 112420)
2026-05-06 12:36:33,524 [INFO] [508/1000] DVXY -> 198 rows (total: 112618)
2026-05-06 12:36:34,386 [INFO] [509/1000] DVY -> 251 rows (total: 112869)
2026-05-06 12:36:35,307 [INFO] [510/1000] DVYA -> 251 rows (total: 113120)
2026-05-06 12:36:36,144 [INFO] [511/1000] DVYE -> 251 rows (total: 113371)
2026-05-06 12:36:37,029 [INFO] [512/1000] DWAS -> 251 rows (total: 113622)
2026-05-06 12:36:37,865 [INFO] [513/1000] DWAW -> 251 rows (total: 113873)
2026-05-06 12:36:38,763 [INFO] [514/1000] DWLD -> 251 rows (total: 114124)
2026-05-06 12:36:39,618 [INFO] [515/1000] DWM -> 251 rows (total: 114375)
2026-05-06 12:36:40,448 [INFO] [516/1000] DWMF -> 251 rows (total: 114626)
2026-05-06 12:36:41,279 [INFO] [517/1000] DWSH -> 251 rows (total: 114877)
2026-05-06 12:36:42,123 [INFO] [518/1000] DWUS -> 251 rows (total: 115128)
2026-05-06 12:36:43,004 [INFO] [519/1000] DWX -> 251 rows (total: 115379)
2026-05-06 12:36:44,206 [INFO] [520/1000] DXD -> 251 rows (total: 115630)
2026-05-06 12:36:45,031 [INFO] [521/1000] DXIV -> 251 rows (total: 115881)
2026-05-06 12:36:45,869 [INFO] [522/1000] DXJ -> 251 rows (total: 116132)
2026-05-06 12:36:46,701 [INFO] [523/1000] DXUV -> 251 rows (total: 116383)
2026-05-06 12:36:47,540 [INFO] [524/1000] DYFI -> 251 rows (total: 116634)
2026-05-06 12:36:48,407 [INFO] [525/1000] DYLD -> 251 rows (total: 116885)
2026-05-06 12:36:49,278 [INFO] [526/1000] DYLG -> 251 rows (total: 117136)
2026-05-06 12:36:50,168 [INFO] [527/1000] DYNB -> 154 rows (total: 117290)
2026-05-06 12:36:50,994 [INFO] [528/1000] DYNF -> 251 rows (total: 117541)
2026-05-06 12:36:51,827 [INFO] [529/1000] DYTA -> 251 rows (total: 117792)
2026-05-06 12:36:52,664 [INFO] [530/1000] EAFG -> 251 rows (total: 118043)
2026-05-06 12:36:53,489 [INFO] [531/1000] EAGG -> 251 rows (total: 118294)
2026-05-06 12:36:54,327 [INFO] [532/1000] EAGL -> 251 rows (total: 118545)
2026-05-06 12:36:55,205 [INFO] [533/1000] EALT -> 251 rows (total: 118796)
2026-05-06 12:36:56,103 [INFO] [534/1000] EAOA -> 251 rows (total: 119047)
2026-05-06 12:36:56,927 [INFO] [535/1000] EAOK -> 251 rows (total: 119298)
2026-05-06 12:36:57,749 [INFO] [536/1000] EAOM -> 251 rows (total: 119549)
2026-05-06 12:36:58,579 [INFO] [537/1000] EAOR -> 251 rows (total: 119800)
2026-05-06 12:36:59,477 [INFO] [538/1000] EAPR -> 251 rows (total: 120051)
2026-05-06 12:37:00,331 [INFO] [539/1000] EART -> 251 rows (total: 120302)
2026-05-06 12:37:01,245 [INFO] [540/1000] EASG -> 251 rows (total: 120553)
2026-05-06 12:37:02,075 [INFO] [541/1000] EASY -> 149 rows (total: 120702)
2026-05-06 12:37:02,968 [INFO] [542/1000] EATZ -> 250 rows (total: 120952)
2026-05-06 12:37:03,800 [INFO] [543/1000] EBI -> 251 rows (total: 121203)
2026-05-06 12:37:04,636 [INFO] [544/1000] EBIT -> 251 rows (total: 121454)
2026-05-06 12:37:05,480 [INFO] [545/1000] EBIZ -> 251 rows (total: 121705)
2026-05-06 12:37:06,376 [INFO] [546/1000] EBND -> 251 rows (total: 121956)
2026-05-06 12:37:07,223 [INFO] [547/1000] EBUF -> 251 rows (total: 122207)
2026-05-06 12:37:08,185 [INFO] [548/1000] ECH -> 251 rows (total: 122458)
2026-05-06 12:37:09,074 [INFO] [549/1000] ECML -> 251 rows (total: 122709)
2026-05-06 12:37:09,926 [INFO] [550/1000] ECNS -> 251 rows (total: 122960)
2026-05-06 12:37:10,331 [INFO] Checkpoint: processed 550/1000
2026-05-06 12:37:10,818 [INFO] [551/1000] ECON -> 251 rows (total: 123211)
2026-05-06 12:37:11,653 [INFO] [552/1000] ECOW -> 251 rows (total: 123462)
2026-05-06 12:37:12,567 [INFO] [553/1000] EDC -> 251 rows (total: 123713)
2026-05-06 12:37:13,498 [INFO] [554/1000] EDEN -> 251 rows (total: 123964)
2026-05-06 12:37:14,329 [INFO] [555/1000] EDGE -> 251 rows (total: 124215)
2026-05-06 12:37:15,217 [INFO] [556/1000] EDGF -> 251 rows (total: 124466)
2026-05-06 12:37:16,036 [INFO] [557/1000] EDGH -> 251 rows (total: 124717)
2026-05-06 12:37:16,865 [INFO] [558/1000] EDGI -> 251 rows (total: 124968)
2026-05-06 12:37:17,684 [INFO] [559/1000] EDGU -> 251 rows (total: 125219)
2026-05-06 12:37:18,574 [INFO] [560/1000] EDIV -> 251 rows (total: 125470)
2026-05-06 12:37:19,442 [INFO] [561/1000] EDOG -> 251 rows (total: 125721)
2026-05-06 12:37:20,274 [INFO] [562/1000] EDOW -> 251 rows (total: 125972)
2026-05-06 12:37:21,188 [INFO] [563/1000] EDV -> 251 rows (total: 126223)
2026-05-06 12:37:22,012 [INFO] [564/1000] EDZ -> 251 rows (total: 126474)
2026-05-06 12:37:22,816 [INFO] [565/1000] EEE -> 66 rows (total: 126540)
2026-05-06 12:37:23,659 [INFO] [566/1000] EELV -> 251 rows (total: 126791)
2026-05-06 12:37:24,540 [INFO] [567/1000] EEM -> 251 rows (total: 127042)
2026-05-06 12:37:25,392 [INFO] [568/1000] EEMA -> 251 rows (total: 127293)
2026-05-06 12:37:35,795 [ERROR] $EEMO: possibly delisted; no price data found  (period=1y)
2026-05-06 12:37:35,796 [INFO] EEMO: no data
2026-05-06 12:37:35,796 [INFO] [569/1000] EEMO -> 0 rows (total: 127293)
2026-05-06 12:37:44,935 [INFO] [570/1000] EEMS -> 251 rows (total: 127544)
2026-05-06 12:37:45,760 [INFO] [571/1000] EEMV -> 251 rows (total: 127795)
2026-05-06 12:37:46,623 [INFO] [572/1000] EEMX -> 251 rows (total: 128046)
2026-05-06 12:37:47,473 [INFO] [573/1000] EES -> 251 rows (total: 128297)
2026-05-06 12:37:48,314 [INFO] [574/1000] EET -> 251 rows (total: 128548)
2026-05-06 12:37:49,145 [INFO] [575/1000] EETH -> 251 rows (total: 128799)
2026-05-06 12:37:50,080 [INFO] [576/1000] EEV -> 251 rows (total: 129050)
2026-05-06 12:37:50,935 [INFO] [577/1000] EFA -> 251 rows (total: 129301)
2026-05-06 12:37:51,770 [INFO] [578/1000] GLD -> 251 rows (total: 129552)
2026-05-06 12:37:52,605 [INFO] [579/1000] HYG -> 251 rows (total: 129803)
2026-05-06 12:37:53,503 [INFO] [580/1000] IEFA -> 251 rows (total: 130054)
2026-05-06 12:37:54,398 [INFO] [581/1000] ITOT -> 251 rows (total: 130305)
2026-05-06 12:37:55,325 [INFO] [582/1000] IVV -> 251 rows (total: 130556)
2026-05-06 12:37:56,185 [INFO] [583/1000] LQD -> 251 rows (total: 130807)
2026-05-06 12:37:57,007 [INFO] [584/1000] MMMA -> 95 rows (total: 130902)
2026-05-06 12:37:57,861 [INFO] [585/1000] MMSC -> 251 rows (total: 131153)
2026-05-06 12:37:58,682 [INFO] [586/1000] MMSD -> 251 rows (total: 131404)
2026-05-06 12:37:59,517 [INFO] [587/1000] MMTM -> 251 rows (total: 131655)
2026-05-06 12:38:00,370 [INFO] [588/1000] MNA -> 251 rows (total: 131906)
2026-05-06 12:38:01,240 [INFO] [589/1000] MNBD -> 251 rows (total: 132157)
2026-05-06 12:38:02,165 [INFO] [590/1000] MNRS -> 251 rows (total: 132408)
2026-05-06 12:38:02,977 [INFO] [591/1000] MNVT -> 34 rows (total: 132442)
2026-05-06 12:38:03,798 [INFO] [592/1000] MNZL -> 114 rows (total: 132556)
2026-05-06 12:38:04,662 [INFO] [593/1000] MOAT -> 251 rows (total: 132807)
2026-05-06 12:38:05,518 [INFO] [594/1000] MODL -> 251 rows (total: 133058)
2026-05-06 12:38:06,362 [INFO] [595/1000] MOO -> 251 rows (total: 133309)
2026-05-06 12:38:07,228 [INFO] [596/1000] MOOD -> 251 rows (total: 133560)
2026-05-06 12:38:08,085 [INFO] [597/1000] MORT -> 251 rows (total: 133811)
2026-05-06 12:38:08,934 [INFO] [598/1000] MOTG -> 251 rows (total: 134062)
2026-05-06 12:38:09,769 [INFO] [599/1000] MOTI -> 251 rows (total: 134313)
2026-05-06 12:38:10,607 [INFO] [600/1000] MOTO -> 251 rows (total: 134564)
2026-05-06 12:38:10,992 [INFO] Checkpoint: processed 600/1000
2026-05-06 12:38:11,415 [INFO] [601/1000] MPG -> 131 rows (total: 134695)
2026-05-06 12:38:12,247 [INFO] [602/1000] MPL -> 135 rows (total: 134830)
2026-05-06 12:38:13,076 [INFO] [603/1000] MPLY -> 243 rows (total: 135073)
2026-05-06 12:38:14,009 [INFO] [604/1000] MPRO -> 251 rows (total: 135324)
2026-05-06 12:38:14,864 [INFO] [605/1000] MQQQ -> 251 rows (total: 135575)
2026-05-06 12:38:15,700 [INFO] [606/1000] MRAL -> 251 rows (total: 135826)
2026-05-06 12:38:16,533 [INFO] [607/1000] MRCP -> 251 rows (total: 136077)
2026-05-06 12:38:17,384 [INFO] [608/1000] MRGR -> 251 rows (total: 136328)
2026-05-06 12:38:18,243 [INFO] [609/1000] MRNX -> 63 rows (total: 136391)
2026-05-06 12:38:19,079 [INFO] [610/1000] MRNY -> 251 rows (total: 136642)
2026-05-06 12:38:19,907 [INFO] [611/1000] MRSK -> 251 rows (total: 136893)
2026-05-06 12:38:20,721 [INFO] [612/1000] MRVU -> 57 rows (total: 136950)
2026-05-06 12:38:21,508 [INFO] [613/1000] MSBT -> 21 rows (total: 136971)
2026-05-06 12:38:22,333 [INFO] [614/1000] MSDD -> 227 rows (total: 137198)
2026-05-06 12:38:23,175 [INFO] [615/1000] MSFD -> 251 rows (total: 137449)
2026-05-06 12:38:23,999 [INFO] [616/1000] MSFL -> 251 rows (total: 137700)
2026-05-06 12:38:24,906 [INFO] [617/1000] MSFO -> 251 rows (total: 137951)
2026-05-06 12:38:25,766 [INFO] [618/1000] MSFU -> 251 rows (total: 138202)
2026-05-06 12:38:26,643 [INFO] [619/1000] MSFW -> 197 rows (total: 138399)
2026-05-06 12:38:27,523 [INFO] [620/1000] MSFX -> 251 rows (total: 138650)
2026-05-06 12:38:28,330 [INFO] [621/1000] MSFY -> 251 rows (total: 138901)
2026-05-06 12:38:29,163 [INFO] [622/1000] MSII -> 231 rows (total: 139132)
2026-05-06 12:38:29,985 [INFO] [623/1000] MSLC -> 251 rows (total: 139383)
2026-05-06 12:38:30,810 [INFO] [624/1000] MSMR -> 251 rows (total: 139634)
2026-05-06 12:38:31,622 [INFO] [625/1000] MSOO -> 183 rows (total: 139817)
2026-05-06 12:38:32,437 [INFO] [626/1000] MSOS -> 251 rows (total: 140068)
2026-05-06 12:38:33,265 [INFO] [627/1000] MSOX -> 251 rows (total: 140319)
2026-05-06 12:38:34,082 [INFO] [628/1000] MSSM -> 251 rows (total: 140570)
2026-05-06 12:38:34,970 [INFO] [629/1000] MSSS -> 251 rows (total: 140821)
2026-05-06 12:38:35,762 [INFO] [630/1000] MSST -> 115 rows (total: 140936)
2026-05-06 12:38:36,696 [INFO] [631/1000] MST -> 251 rows (total: 141187)
2026-05-06 12:38:37,520 [INFO] [632/1000] MSTB -> 251 rows (total: 141438)
2026-05-06 12:38:38,392 [INFO] [633/1000] MSTI -> 251 rows (total: 141689)
2026-05-06 12:38:39,225 [INFO] [634/1000] MSTP -> 227 rows (total: 141916)
2026-05-06 12:38:40,048 [INFO] [635/1000] MSTQ -> 251 rows (total: 142167)
2026-05-06 12:38:40,877 [INFO] [636/1000] MSTU -> 251 rows (total: 142418)
2026-05-06 12:38:41,734 [INFO] [637/1000] MSTW -> 197 rows (total: 142615)
2026-05-06 12:38:42,556 [INFO] [638/1000] MSTX -> 251 rows (total: 142866)
2026-05-06 12:38:43,393 [INFO] [639/1000] MSTY -> 251 rows (total: 143117)
2026-05-06 12:38:44,188 [INFO] [640/1000] MSTZ -> 251 rows (total: 143368)
2026-05-06 12:38:45,022 [INFO] [641/1000] MTBA -> 251 rows (total: 143619)
2026-05-06 12:38:45,870 [INFO] [642/1000] MTGP -> 251 rows (total: 143870)
2026-05-06 12:38:46,719 [INFO] [643/1000] MTRA -> 226 rows (total: 144096)
2026-05-06 12:38:47,545 [INFO] [644/1000] MTUL -> 251 rows (total: 144347)
2026-05-06 12:38:48,469 [INFO] [645/1000] MTUM -> 251 rows (total: 144598)
2026-05-06 12:38:49,277 [INFO] [646/1000] MTYY -> 155 rows (total: 144753)
2026-05-06 12:38:50,126 [INFO] [647/1000] MUB -> 251 rows (total: 145004)
2026-05-06 12:38:50,948 [INFO] [648/1000] MUD -> 251 rows (total: 145255)
2026-05-06 12:38:51,784 [INFO] [649/1000] MULL -> 251 rows (total: 145506)
2026-05-06 12:38:52,576 [INFO] [650/1000] MULT -> 172 rows (total: 145678)
2026-05-06 12:38:52,975 [INFO] Checkpoint: processed 650/1000
2026-05-06 12:38:53,422 [INFO] [651/1000] MUNI -> 251 rows (total: 145929)
2026-05-06 12:38:54,271 [INFO] [652/1000] MUNY -> 239 rows (total: 146168)
2026-05-06 12:38:55,086 [INFO] [653/1000] MUSE -> 251 rows (total: 146419)
2026-05-06 12:38:56,162 [INFO] [654/1000] MUSI -> 251 rows (total: 146670)
2026-05-06 12:38:57,135 [INFO] [655/1000] MUSQ -> 251 rows (total: 146921)
2026-05-06 12:38:58,383 [INFO] [656/1000] MUST -> 251 rows (total: 147172)
2026-05-06 12:38:59,286 [INFO] [657/1000] MUU -> 251 rows (total: 147423)
2026-05-06 12:39:00,108 [INFO] [658/1000] MUYY -> 16 rows (total: 147439)
2026-05-06 12:39:00,957 [INFO] [659/1000] MVAL -> 251 rows (total: 147690)
2026-05-06 12:39:01,870 [INFO] [660/1000] MVFD -> 251 rows (total: 147941)
2026-05-06 12:39:02,785 [INFO] [661/1000] MVFG -> 251 rows (total: 148192)
2026-05-06 12:39:03,677 [INFO] [662/1000] MVLL -> 251 rows (total: 148443)
2026-05-06 12:39:04,563 [INFO] [663/1000] MVPA -> 251 rows (total: 148694)
2026-05-06 12:39:05,431 [INFO] [664/1000] MVPL -> 251 rows (total: 148945)
2026-05-06 12:39:06,300 [INFO] [665/1000] MVRL -> 251 rows (total: 149196)
2026-05-06 12:39:07,151 [INFO] [666/1000] MVV -> 251 rows (total: 149447)
2026-05-06 12:39:08,009 [INFO] [667/1000] MXI -> 251 rows (total: 149698)
2026-05-06 12:39:08,826 [INFO] [668/1000] MYCF -> 251 rows (total: 149949)
2026-05-06 12:39:09,659 [INFO] [669/1000] MYCG -> 251 rows (total: 150200)
2026-05-06 12:39:10,494 [INFO] [670/1000] MYCH -> 251 rows (total: 150451)
2026-05-06 12:39:11,335 [INFO] [671/1000] MYCI -> 251 rows (total: 150702)
2026-05-06 12:39:12,169 [INFO] [672/1000] MYCJ -> 251 rows (total: 150953)
2026-05-06 12:39:13,004 [INFO] [673/1000] MYCK -> 251 rows (total: 151204)
2026-05-06 12:39:13,835 [INFO] [674/1000] MYCL -> 251 rows (total: 151455)
2026-05-06 12:39:14,688 [INFO] [675/1000] MYCM -> 251 rows (total: 151706)
2026-05-06 12:39:15,556 [INFO] [676/1000] MYCN -> 251 rows (total: 151957)
2026-05-06 12:39:16,383 [INFO] [677/1000] MYCO -> 159 rows (total: 152116)
2026-05-06 12:39:17,175 [INFO] [678/1000] MYHA -> 48 rows (total: 152164)
2026-05-06 12:39:17,966 [INFO] [679/1000] MYHB -> 48 rows (total: 152212)
2026-05-06 12:39:18,759 [INFO] [680/1000] MYHC -> 48 rows (total: 152260)
2026-05-06 12:39:19,547 [INFO] [681/1000] MYHD -> 48 rows (total: 152308)
2026-05-06 12:39:20,409 [INFO] [682/1000] MYHE -> 48 rows (total: 152356)
2026-05-06 12:39:21,238 [INFO] [683/1000] MYLD -> 251 rows (total: 152607)
2026-05-06 12:39:22,147 [INFO] [684/1000] MYMF -> 251 rows (total: 152858)
2026-05-06 12:39:22,963 [INFO] [685/1000] MYMG -> 251 rows (total: 153109)
2026-05-06 12:39:23,803 [INFO] [686/1000] MYMH -> 251 rows (total: 153360)
2026-05-06 12:39:24,621 [INFO] [687/1000] MYMI -> 251 rows (total: 153611)
2026-05-06 12:39:25,534 [INFO] [688/1000] MYMJ -> 251 rows (total: 153862)
2026-05-06 12:39:26,437 [INFO] [689/1000] MYMK -> 159 rows (total: 154021)
2026-05-06 12:39:27,274 [INFO] [690/1000] MYY -> 251 rows (total: 154272)
2026-05-06 12:39:28,120 [INFO] [691/1000] MZZ -> 251 rows (total: 154523)
2026-05-06 12:39:29,003 [INFO] [692/1000] NACP -> 251 rows (total: 154774)
2026-05-06 12:39:29,851 [INFO] [693/1000] NAIL -> 251 rows (total: 155025)
2026-05-06 12:39:30,708 [INFO] [694/1000] NANC -> 251 rows (total: 155276)
2026-05-06 12:39:31,545 [INFO] [695/1000] NANR -> 251 rows (total: 155527)
2026-05-06 12:39:32,365 [INFO] [696/1000] NAPR -> 251 rows (total: 155778)
2026-05-06 12:39:33,183 [INFO] [697/1000] NATO -> 251 rows (total: 156029)
2026-05-06 12:39:34,108 [INFO] [698/1000] NAUG -> 251 rows (total: 156280)
2026-05-06 12:39:34,920 [INFO] [699/1000] NBCE -> 251 rows (total: 156531)
2026-05-06 12:39:35,764 [INFO] [700/1000] NBCM -> 251 rows (total: 156782)
2026-05-06 12:39:36,164 [INFO] Checkpoint: processed 700/1000
2026-05-06 12:39:36,584 [INFO] [701/1000] NBCR -> 251 rows (total: 157033)
2026-05-06 12:39:37,407 [INFO] [702/1000] NBDS -> 251 rows (total: 157284)
2026-05-06 12:39:38,224 [INFO] [703/1000] NBET -> 251 rows (total: 157535)
2026-05-06 12:39:39,037 [INFO] [704/1000] NBFC -> 251 rows (total: 157786)
2026-05-06 12:39:39,859 [INFO] [705/1000] NBGX -> 251 rows (total: 158037)
2026-05-06 12:39:40,633 [INFO] [706/1000] NBIE -> 41 rows (total: 158078)
2026-05-06 12:39:41,482 [INFO] [707/1000] NBIG -> 131 rows (total: 158209)
2026-05-06 12:39:42,310 [INFO] [708/1000] NBIL -> 145 rows (total: 158354)
2026-05-06 12:39:43,099 [INFO] [709/1000] NBIZ -> 72 rows (total: 158426)
2026-05-06 12:39:43,922 [INFO] [710/1000] NBJP -> 251 rows (total: 158677)
2026-05-06 12:39:44,764 [INFO] [711/1000] NBOS -> 251 rows (total: 158928)
2026-05-06 12:39:45,593 [INFO] [712/1000] NBSD -> 251 rows (total: 159179)
2026-05-06 12:39:46,468 [INFO] [713/1000] NBSM -> 251 rows (total: 159430)
2026-05-06 12:39:47,349 [INFO] [714/1000] NBTR -> 251 rows (total: 159681)
2026-05-06 12:39:48,165 [INFO] [715/1000] NCIQ -> 251 rows (total: 159932)
2026-05-06 12:39:48,986 [INFO] [716/1000] NCLO -> 251 rows (total: 160183)
2026-05-06 12:39:49,802 [INFO] [717/1000] NCPB -> 251 rows (total: 160434)
2026-05-06 12:39:50,629 [INFO] [718/1000] NDAA -> 251 rows (total: 160685)
2026-05-06 12:39:51,464 [INFO] [719/1000] NDEC -> 251 rows (total: 160936)
2026-05-06 12:39:52,282 [INFO] [720/1000] NDIA -> 251 rows (total: 161187)
2026-05-06 12:39:53,170 [INFO] [721/1000] NDIV -> 251 rows (total: 161438)
2026-05-06 12:39:54,031 [INFO] [722/1000] NDOW -> 251 rows (total: 161689)
2026-05-06 12:39:54,877 [INFO] [723/1000] NEAR -> 251 rows (total: 161940)
2026-05-06 12:39:55,691 [INFO] [724/1000] NEBX -> 165 rows (total: 162105)
2026-05-06 12:39:56,517 [INFO] [725/1000] NEHI -> 105 rows (total: 162210)
2026-05-06 12:39:57,355 [INFO] [726/1000] NELS -> 139 rows (total: 162349)
2026-05-06 12:39:58,178 [INFO] [727/1000] NEMD -> 184 rows (total: 162533)
2026-05-06 12:39:59,028 [INFO] [728/1000] NEMG -> 116 rows (total: 162649)
2026-05-06 12:39:59,937 [INFO] [729/1000] NERD -> 251 rows (total: 162900)
2026-05-06 12:40:00,807 [INFO] [730/1000] NETG -> 116 rows (total: 163016)
2026-05-06 12:40:01,676 [INFO] [731/1000] NETL -> 251 rows (total: 163267)
2026-05-06 12:40:02,504 [INFO] [732/1000] NEWZ -> 251 rows (total: 163518)
2026-05-06 12:40:03,320 [INFO] [733/1000] NFEB -> 251 rows (total: 163769)
2026-05-06 12:40:04,155 [INFO] [734/1000] NFLP -> 251 rows (total: 164020)
2026-05-06 12:40:04,986 [INFO] [735/1000] NFLT -> 251 rows (total: 164271)
2026-05-06 12:40:05,858 [INFO] [736/1000] NFLU -> 251 rows (total: 164522)
2026-05-06 12:40:06,678 [INFO] [737/1000] NFLW -> 221 rows (total: 164743)
2026-05-06 12:40:07,513 [INFO] [738/1000] NFLY -> 251 rows (total: 164994)
2026-05-06 12:40:08,328 [INFO] [739/1000] NFRA -> 251 rows (total: 165245)
2026-05-06 12:40:09,131 [INFO] [740/1000] NFRX -> 66 rows (total: 165311)
2026-05-06 12:40:09,975 [INFO] [741/1000] NFTY -> 251 rows (total: 165562)
2026-05-06 12:40:10,798 [INFO] [742/1000] NFXL -> 251 rows (total: 165813)
2026-05-06 12:40:11,613 [INFO] [743/1000] NFXS -> 251 rows (total: 166064)
2026-05-06 12:40:12,401 [INFO] [744/1000] NGHT -> 20 rows (total: 166084)
2026-05-06 12:40:13,202 [INFO] [745/1000] NHYM -> 251 rows (total: 166335)
2026-05-06 12:40:14,008 [INFO] [746/1000] NIHI -> 159 rows (total: 166494)
2026-05-06 12:40:14,826 [INFO] [747/1000] NIKL -> 251 rows (total: 166745)
2026-05-06 12:40:15,634 [INFO] [748/1000] NIOG -> 94 rows (total: 166839)
2026-05-06 12:40:16,436 [INFO] [749/1000] NITE -> 251 rows (total: 167090)
2026-05-06 12:40:17,259 [INFO] [750/1000] NIXT -> 251 rows (total: 167341)
2026-05-06 12:40:17,649 [INFO] Checkpoint: processed 750/1000
2026-05-06 12:40:18,062 [INFO] [751/1000] NJAN -> 251 rows (total: 167592)
2026-05-06 12:40:18,903 [INFO] [752/1000] NJNK -> 251 rows (total: 167843)
2026-05-06 12:40:19,710 [INFO] [753/1000] NJUL -> 251 rows (total: 168094)
2026-05-06 12:40:20,534 [INFO] [754/1000] NJUN -> 251 rows (total: 168345)
2026-05-06 12:40:21,367 [INFO] [755/1000] NLR -> 251 rows (total: 168596)
2026-05-06 12:40:22,202 [INFO] [756/1000] NLSI -> 100 rows (total: 168696)
2026-05-06 12:40:23,030 [INFO] [757/1000] NMAR -> 251 rows (total: 168947)
2026-05-06 12:40:23,916 [INFO] [758/1000] NMAY -> 251 rows (total: 169198)
2026-05-06 12:40:24,741 [INFO] [759/1000] NMB -> 251 rows (total: 169449)
2026-05-06 12:40:25,535 [INFO] [760/1000] NMBL -> 126 rows (total: 169575)
2026-05-06 12:40:26,335 [INFO] [761/1000] NNEX -> 113 rows (total: 169688)
2026-05-06 12:40:27,160 [INFO] [762/1000] NNOV -> 251 rows (total: 169939)
2026-05-06 12:40:28,044 [INFO] [763/1000] NOBL -> 251 rows (total: 170190)
2026-05-06 12:40:28,862 [INFO] [764/1000] NOCT -> 251 rows (total: 170441)
2026-05-06 12:40:29,666 [INFO] [765/1000] NODE -> 245 rows (total: 170686)
2026-05-06 12:40:30,446 [INFO] [766/1000] NOEQ -> 31 rows (total: 170717)
2026-05-06 12:40:31,289 [INFO] [767/1000] NORW -> 251 rows (total: 170968)
2026-05-06 12:40:32,095 [INFO] [768/1000] NOVM -> 251 rows (total: 171219)
2026-05-06 12:40:32,930 [INFO] [769/1000] NOVP -> 251 rows (total: 171470)
2026-05-06 12:40:33,786 [INFO] [770/1000] NOVZ -> 251 rows (total: 171721)
2026-05-06 12:40:34,606 [INFO] [771/1000] NOWL -> 204 rows (total: 171925)
2026-05-06 12:40:35,415 [INFO] [772/1000] NPFE -> 39 rows (total: 171964)
2026-05-06 12:40:36,234 [INFO] [773/1000] NPFI -> 251 rows (total: 172215)
2026-05-06 12:40:37,060 [INFO] [774/1000] NRES -> 251 rows (total: 172466)
2026-05-06 12:40:37,874 [INFO] [775/1000] NRGD -> 251 rows (total: 172717)
2026-05-06 12:40:38,681 [INFO] [776/1000] NRGU -> 251 rows (total: 172968)
2026-05-06 12:40:40,010 [INFO] [777/1000] NRSH -> 251 rows (total: 173219)
2026-05-06 12:40:40,850 [INFO] [778/1000] NSEP -> 251 rows (total: 173470)
2026-05-06 12:40:41,655 [INFO] [779/1000] NSI -> 251 rows (total: 173721)
2026-05-06 12:40:42,476 [INFO] [780/1000] NTSE -> 251 rows (total: 173972)
2026-05-06 12:40:43,307 [INFO] [781/1000] NTSI -> 251 rows (total: 174223)
2026-05-06 12:40:44,202 [INFO] [782/1000] NTSX -> 251 rows (total: 174474)
2026-05-06 12:40:45,033 [INFO] [783/1000] NUAG -> 251 rows (total: 174725)
2026-05-06 12:40:45,864 [INFO] [784/1000] NUBD -> 251 rows (total: 174976)
2026-05-06 12:40:46,720 [INFO] [785/1000] NUDM -> 251 rows (total: 175227)
2026-05-06 12:40:47,536 [INFO] [786/1000] NUDV -> 251 rows (total: 175478)
2026-05-06 12:40:48,361 [INFO] [787/1000] NUEM -> 251 rows (total: 175729)
2026-05-06 12:40:49,168 [INFO] [788/1000] NUG -> 116 rows (total: 175845)
2026-05-06 12:40:49,998 [INFO] [789/1000] NUGO -> 251 rows (total: 176096)
2026-05-06 12:40:50,823 [INFO] [790/1000] NUGT -> 251 rows (total: 176347)
2026-05-06 12:40:51,665 [INFO] [791/1000] NUGY -> 115 rows (total: 176462)
2026-05-06 12:40:52,541 [INFO] [792/1000] NUHY -> 251 rows (total: 176713)
2026-05-06 12:40:53,392 [INFO] [793/1000] NUKZ -> 251 rows (total: 176964)
2026-05-06 12:40:54,218 [INFO] [794/1000] NULC -> 251 rows (total: 177215)
2026-05-06 12:40:55,046 [INFO] [795/1000] NULG -> 251 rows (total: 177466)
2026-05-06 12:40:55,871 [INFO] [796/1000] NULV -> 251 rows (total: 177717)
2026-05-06 12:40:56,687 [INFO] [797/1000] NUMG -> 251 rows (total: 177968)
2026-05-06 12:40:57,525 [INFO] [798/1000] NUMI -> 251 rows (total: 178219)
2026-05-06 12:40:58,350 [INFO] [799/1000] NUMV -> 251 rows (total: 178470)
2026-05-06 12:40:59,242 [INFO] [800/1000] NURE -> 251 rows (total: 178721)
2026-05-06 12:40:59,631 [INFO] Checkpoint: processed 800/1000
2026-05-06 12:41:00,142 [INFO] [801/1000] NUSA -> 251 rows (total: 178972)
2026-05-06 12:41:00,977 [INFO] [802/1000] NUSB -> 251 rows (total: 179223)
2026-05-06 12:41:01,880 [INFO] [803/1000] NUSC -> 251 rows (total: 179474)
2026-05-06 12:41:02,789 [INFO] [804/1000] NVBT -> 251 rows (total: 179725)
2026-05-06 12:41:03,682 [INFO] [805/1000] NVBU -> 251 rows (total: 179976)
2026-05-06 12:41:04,559 [INFO] [806/1000] NVBW -> 251 rows (total: 180227)
2026-05-06 12:41:05,371 [INFO] [807/1000] NVD -> 251 rows (total: 180478)
2026-05-06 12:41:06,186 [INFO] [808/1000] NVDD -> 251 rows (total: 180729)
2026-05-06 12:41:07,007 [INFO] [809/1000] NVDG -> 251 rows (total: 180980)
2026-05-06 12:41:07,890 [INFO] [810/1000] NVDL -> 251 rows (total: 181231)
2026-05-06 12:41:08,753 [INFO] [811/1000] NVDO -> 183 rows (total: 181414)
2026-05-06 12:41:09,589 [INFO] [812/1000] NVDQ -> 251 rows (total: 181665)
2026-05-06 12:41:10,490 [INFO] [813/1000] NVDS -> 251 rows (total: 181916)
2026-05-06 12:41:11,377 [INFO] [814/1000] NVDU -> 251 rows (total: 182167)
2026-05-06 12:41:12,297 [INFO] [815/1000] NVDW -> 251 rows (total: 182418)
2026-05-06 12:41:13,138 [INFO] [816/1000] NVDX -> 251 rows (total: 182669)
2026-05-06 12:41:14,071 [INFO] [817/1000] NVDY -> 251 rows (total: 182920)
2026-05-06 12:41:14,901 [INFO] [818/1000] NVII -> 236 rows (total: 183156)
2026-05-06 12:41:15,735 [INFO] [819/1000] NVIR -> 251 rows (total: 183407)
2026-05-06 12:41:16,623 [INFO] [820/1000] NVIT -> 115 rows (total: 183522)
2026-05-06 12:41:17,519 [INFO] [821/1000] NVOH -> 251 rows (total: 183773)
2026-05-06 12:41:18,338 [INFO] [822/1000] NVOX -> 251 rows (total: 184024)
2026-05-06 12:41:19,180 [INFO] [823/1000] NVTX -> 165 rows (total: 184189)
2026-05-06 12:41:20,004 [INFO] [824/1000] NVYY -> 246 rows (total: 184435)
2026-05-06 12:41:20,849 [INFO] [825/1000] NXTE -> 251 rows (total: 184686)
2026-05-06 12:41:21,698 [INFO] [826/1000] NXTG -> 251 rows (total: 184937)
2026-05-06 12:41:22,513 [INFO] [827/1000] NXTI -> 251 rows (total: 185188)
2026-05-06 12:41:23,463 [INFO] [828/1000] NYF -> 251 rows (total: 185439)
2026-05-06 12:41:24,275 [INFO] [829/1000] NYM -> 121 rows (total: 185560)
2026-05-06 12:41:25,174 [INFO] [830/1000] NZAC -> 251 rows (total: 185811)
2026-05-06 12:41:26,003 [INFO] [831/1000] NZUS -> 251 rows (total: 186062)
2026-05-06 12:41:26,846 [INFO] [832/1000] OACP -> 251 rows (total: 186313)
2026-05-06 12:41:27,666 [INFO] [833/1000] OAEM -> 251 rows (total: 186564)
2026-05-06 12:41:28,514 [INFO] [834/1000] OAIM -> 251 rows (total: 186815)
2026-05-06 12:41:29,331 [INFO] [835/1000] OAKM -> 251 rows (total: 187066)
2026-05-06 12:41:30,203 [INFO] [836/1000] OALC -> 251 rows (total: 187317)
2026-05-06 12:41:31,036 [INFO] [837/1000] OARK -> 251 rows (total: 187568)
2026-05-06 12:41:31,875 [INFO] [838/1000] OASC -> 251 rows (total: 187819)
2026-05-06 12:41:32,760 [INFO] [839/1000] OBIL -> 251 rows (total: 188070)
2026-05-06 12:41:33,612 [INFO] [840/1000] OBND -> 251 rows (total: 188321)
2026-05-06 12:41:34,466 [INFO] [841/1000] OBOR -> 251 rows (total: 188572)
2026-05-06 12:41:35,325 [INFO] [842/1000] OBTC -> 251 rows (total: 188823)
2026-05-06 12:41:36,149 [INFO] [843/1000] OCIO -> 251 rows (total: 189074)
2026-05-06 12:41:37,022 [INFO] [844/1000] OCTB -> 140 rows (total: 189214)
2026-05-06 12:41:37,853 [INFO] [845/1000] OCTH -> 251 rows (total: 189465)
2026-05-06 12:41:38,708 [INFO] [846/1000] OCTJ -> 251 rows (total: 189716)
2026-05-06 12:41:39,550 [INFO] [847/1000] OCTM -> 251 rows (total: 189967)
2026-05-06 12:41:40,378 [INFO] [848/1000] OCTP -> 251 rows (total: 190218)
2026-05-06 12:41:41,216 [INFO] [849/1000] OCTT -> 251 rows (total: 190469)
2026-05-06 12:41:42,039 [INFO] [850/1000] OCTU -> 251 rows (total: 190720)
2026-05-06 12:41:42,438 [INFO] Checkpoint: processed 850/1000
2026-05-06 12:41:42,912 [INFO] [851/1000] OCTW -> 251 rows (total: 190971)
2026-05-06 12:41:43,745 [INFO] [852/1000] OCTZ -> 251 rows (total: 191222)
2026-05-06 12:41:44,590 [INFO] [853/1000] ODDS -> 251 rows (total: 191473)
2026-05-06 12:41:45,399 [INFO] [854/1000] ODHY -> 214 rows (total: 191687)
2026-05-06 12:41:46,231 [INFO] [855/1000] ODTE -> 23 rows (total: 191710)
2026-05-06 12:41:47,158 [INFO] [856/1000] OEF -> 251 rows (total: 191961)
2026-05-06 12:41:48,036 [INFO] [857/1000] OEFA -> 251 rows (total: 192212)
2026-05-06 12:41:48,865 [INFO] [858/1000] OGIG -> 251 rows (total: 192463)
2026-05-06 12:41:49,689 [INFO] [859/1000] OGSP -> 251 rows (total: 192714)
2026-05-06 12:41:50,612 [INFO] [860/1000] OIH -> 251 rows (total: 192965)
2026-05-06 12:41:51,443 [INFO] [861/1000] OILD -> 251 rows (total: 193216)
2026-05-06 12:41:52,266 [INFO] [862/1000] OILK -> 251 rows (total: 193467)
2026-05-06 12:41:53,149 [INFO] [863/1000] OILT -> 251 rows (total: 193718)
2026-05-06 12:41:53,983 [INFO] [864/1000] OILU -> 251 rows (total: 193969)
2026-05-06 12:41:54,770 [INFO] [865/1000] OKLL -> 218 rows (total: 194187)
2026-05-06 12:41:55,587 [INFO] [866/1000] OKLS -> 109 rows (total: 194296)
2026-05-06 12:41:56,409 [INFO] [867/1000] OKTG -> 116 rows (total: 194412)
2026-05-06 12:41:57,227 [INFO] [868/1000] OMAH -> 251 rows (total: 194663)
2026-05-06 12:41:58,065 [INFO] [869/1000] OMFL -> 251 rows (total: 194914)
2026-05-06 12:41:58,891 [INFO] [870/1000] OMFS -> 251 rows (total: 195165)
2026-05-06 12:41:59,794 [INFO] [871/1000] OND -> 251 rows (total: 195416)
2026-05-06 12:42:00,619 [INFO] [872/1000] ONDG -> 78 rows (total: 195494)
2026-05-06 12:42:01,432 [INFO] [873/1000] ONDL -> 87 rows (total: 195581)
2026-05-06 12:42:02,236 [INFO] [874/1000] ONDU -> 78 rows (total: 195659)
2026-05-06 12:42:03,055 [INFO] [875/1000] ONEH -> 66 rows (total: 195725)
2026-05-06 12:42:04,038 [INFO] [876/1000] ONEO -> 251 rows (total: 195976)
2026-05-06 12:42:04,978 [INFO] [877/1000] ONEQ -> 251 rows (total: 196227)
2026-05-06 12:42:05,869 [INFO] [878/1000] ONEV -> 251 rows (total: 196478)
2026-05-06 12:42:06,785 [INFO] [879/1000] ONEY -> 251 rows (total: 196729)
2026-05-06 12:42:07,698 [INFO] [880/1000] ONEZ -> 251 rows (total: 196980)
2026-05-06 12:42:08,545 [INFO] [881/1000] ONLN -> 251 rows (total: 197231)
2026-05-06 12:42:09,385 [INFO] [882/1000] ONOF -> 251 rows (total: 197482)
2026-05-06 12:42:10,256 [INFO] [883/1000] OOSP -> 251 rows (total: 197733)
2026-05-06 12:42:11,061 [INFO] [884/1000] OPEG -> 99 rows (total: 197832)
2026-05-06 12:42:11,915 [INFO] [885/1000] OPER -> 251 rows (total: 198083)
2026-05-06 12:42:12,718 [INFO] [886/1000] OPEX -> 133 rows (total: 198216)
2026-05-06 12:42:13,563 [INFO] [887/1000] OPPE -> 251 rows (total: 198467)
2026-05-06 12:42:14,429 [INFO] [888/1000] OPPJ -> 251 rows (total: 198718)
2026-05-06 12:42:15,272 [INFO] [889/1000] OPTZ -> 251 rows (total: 198969)
2026-05-06 12:42:16,118 [INFO] [890/1000] ORBX -> 15 rows (total: 198984)
2026-05-06 12:42:16,951 [INFO] [891/1000] ORCS -> 114 rows (total: 199098)
2026-05-06 12:42:17,754 [INFO] [892/1000] ORCU -> 114 rows (total: 199212)
2026-05-06 12:42:18,597 [INFO] [893/1000] ORCX -> 251 rows (total: 199463)
2026-05-06 12:42:19,384 [INFO] [894/1000] ORLG -> 76 rows (total: 199539)
2026-05-06 12:42:20,243 [INFO] [895/1000] ORO -> 137 rows (total: 199676)
2026-05-06 12:42:21,077 [INFO] [896/1000] ORR -> 251 rows (total: 199927)
2026-05-06 12:42:22,065 [INFO] [897/1000] OSCG -> 124 rows (total: 200051)
2026-05-06 12:42:22,957 [INFO] [898/1000] OSCV -> 251 rows (total: 200302)
2026-05-06 12:42:23,926 [INFO] [899/1000] OSCX -> 153 rows (total: 200455)
2026-05-06 12:42:24,775 [INFO] [900/1000] OSEA -> 251 rows (total: 200706)
2026-05-06 12:42:25,173 [INFO] Checkpoint: processed 900/1000
2026-05-06 12:42:25,616 [INFO] [901/1000] OTGL -> 204 rows (total: 200910)
2026-05-06 12:42:26,537 [INFO] [902/1000] OUNZ -> 251 rows (total: 201161)
2026-05-06 12:42:27,423 [INFO] [903/1000] OUSA -> 251 rows (total: 201412)
2026-05-06 12:42:28,264 [INFO] [904/1000] OUSM -> 251 rows (total: 201663)
2026-05-06 12:42:29,097 [INFO] [905/1000] OVB -> 251 rows (total: 201914)
2026-05-06 12:42:29,950 [INFO] [906/1000] OVF -> 251 rows (total: 202165)
2026-05-06 12:42:30,803 [INFO] [907/1000] OVL -> 251 rows (total: 202416)
2026-05-06 12:42:31,660 [INFO] [908/1000] OVLH -> 251 rows (total: 202667)
2026-05-06 12:42:32,564 [INFO] [909/1000] OVM -> 251 rows (total: 202918)
2026-05-06 12:42:33,421 [INFO] [910/1000] OVS -> 251 rows (total: 203169)
2026-05-06 12:42:34,334 [INFO] [911/1000] OVT -> 251 rows (total: 203420)
2026-05-06 12:42:35,300 [INFO] [912/1000] OWNB -> 251 rows (total: 203671)
2026-05-06 12:42:36,138 [INFO] [913/1000] OWNS -> 251 rows (total: 203922)
2026-05-06 12:42:37,017 [INFO] [914/1000] OZEM -> 251 rows (total: 204173)
2026-05-06 12:42:37,863 [INFO] [915/1000] PAAA -> 251 rows (total: 204424)
2026-05-06 12:42:38,652 [INFO] [916/1000] PAAU -> 38 rows (total: 204462)
2026-05-06 12:42:39,498 [INFO] [917/1000] PAB -> 251 rows (total: 204713)
2026-05-06 12:42:40,319 [INFO] [918/1000] PABD -> 251 rows (total: 204964)
2026-05-06 12:42:41,149 [INFO] [919/1000] PABU -> 251 rows (total: 205215)
2026-05-06 12:42:41,993 [INFO] [920/1000] PALC -> 251 rows (total: 205466)
2026-05-06 12:42:42,927 [INFO] [921/1000] PALD -> 251 rows (total: 205717)
2026-05-06 12:42:43,805 [INFO] [922/1000] PALL -> 251 rows (total: 205968)
2026-05-06 12:42:44,689 [INFO] [923/1000] PALU -> 251 rows (total: 206219)
2026-05-06 12:42:45,537 [INFO] [924/1000] PAMC -> 251 rows (total: 206470)
2026-05-06 12:42:46,470 [INFO] [925/1000] PANG -> 251 rows (total: 206721)
2026-05-06 12:42:47,357 [INFO] [926/1000] PAPI -> 251 rows (total: 206972)
2026-05-06 12:42:48,223 [INFO] [927/1000] PAPR -> 251 rows (total: 207223)
2026-05-06 12:42:49,090 [INFO] [928/1000] PATN -> 251 rows (total: 207474)
2026-05-06 12:42:49,882 [INFO] [929/1000] PATX -> 78 rows (total: 207552)
2026-05-06 12:42:50,709 [INFO] [930/1000] PAUG -> 251 rows (total: 207803)
2026-05-06 12:42:51,599 [INFO] [931/1000] PAVE -> 251 rows (total: 208054)
2026-05-06 12:42:52,449 [INFO] [932/1000] PAWZ -> 251 rows (total: 208305)
2026-05-06 12:42:53,263 [INFO] [933/1000] PAYH -> 87 rows (total: 208392)
2026-05-06 12:42:54,130 [INFO] [934/1000] PAYM -> 87 rows (total: 208479)
2026-05-06 12:42:54,940 [INFO] [935/1000] PAYR -> 144 rows (total: 208623)
2026-05-06 12:42:55,767 [INFO] [936/1000] PBAP -> 251 rows (total: 208874)
2026-05-06 12:42:56,611 [INFO] [937/1000] PBAU -> 251 rows (total: 209125)
2026-05-06 12:42:57,462 [INFO] [938/1000] PBD -> 251 rows (total: 209376)
2026-05-06 12:42:58,310 [INFO] [939/1000] PBDC -> 251 rows (total: 209627)
2026-05-06 12:42:59,212 [INFO] [940/1000] PBDE -> 251 rows (total: 209878)
2026-05-06 12:43:00,149 [INFO] [941/1000] PBE -> 251 rows (total: 210129)
2026-05-06 12:43:00,965 [INFO] [942/1000] PBEU -> 107 rows (total: 210236)
2026-05-06 12:43:01,899 [INFO] [943/1000] PBFB -> 251 rows (total: 210487)
2026-05-06 12:43:02,733 [INFO] [944/1000] PBFR -> 251 rows (total: 210738)
2026-05-06 12:43:03,601 [INFO] [945/1000] PBJ -> 251 rows (total: 210989)
2026-05-06 12:43:04,436 [INFO] [946/1000] PBJA -> 251 rows (total: 211240)
2026-05-06 12:43:05,268 [INFO] [947/1000] PBJL -> 251 rows (total: 211491)
2026-05-06 12:43:06,082 [INFO] [948/1000] PBJN -> 251 rows (total: 211742)
2026-05-06 12:43:06,898 [INFO] [949/1000] PBL -> 251 rows (total: 211993)
2026-05-06 12:43:07,737 [INFO] [950/1000] PBMR -> 251 rows (total: 212244)
2026-05-06 12:43:08,133 [INFO] Checkpoint: processed 950/1000
2026-05-06 12:43:08,548 [INFO] [951/1000] PBMY -> 251 rows (total: 212495)
2026-05-06 12:43:09,356 [INFO] [952/1000] PBNV -> 251 rows (total: 212746)
2026-05-06 12:43:10,185 [INFO] [953/1000] PBOC -> 251 rows (total: 212997)
2026-05-06 12:43:10,988 [INFO] [954/1000] PBOG -> 107 rows (total: 213104)
2026-05-06 12:43:11,832 [INFO] [955/1000] PBP -> 251 rows (total: 213355)
2026-05-06 12:43:12,620 [INFO] [956/1000] PBPH -> 107 rows (total: 213462)
2026-05-06 12:43:13,433 [INFO] [957/1000] PBQQ -> 251 rows (total: 213713)
2026-05-06 12:43:14,279 [INFO] [958/1000] PBRG -> 94 rows (total: 213807)
2026-05-06 12:43:15,095 [INFO] [959/1000] PBSE -> 251 rows (total: 214058)
2026-05-06 12:43:15,973 [INFO] [960/1000] PBTP -> 251 rows (total: 214309)
2026-05-06 12:43:16,836 [INFO] [961/1000] PBUS -> 251 rows (total: 214560)
2026-05-06 12:43:17,679 [INFO] [962/1000] PBW -> 251 rows (total: 214811)
2026-05-06 12:43:18,550 [INFO] [963/1000] PCCE -> 251 rows (total: 215062)
2026-05-06 12:43:19,388 [INFO] [964/1000] PCEF -> 251 rows (total: 215313)
2026-05-06 12:43:20,222 [INFO] [965/1000] PCFI -> 251 rows (total: 215564)
2026-05-06 12:43:21,060 [INFO] [966/1000] PCGG -> 251 rows (total: 215815)
2026-05-06 12:43:21,879 [INFO] [967/1000] PCHI -> 251 rows (total: 216066)
2026-05-06 12:43:22,685 [INFO] [968/1000] PCI -> 191 rows (total: 216257)
2026-05-06 12:43:23,516 [INFO] [969/1000] PCIG -> 251 rows (total: 216508)
2026-05-06 12:43:24,339 [INFO] [970/1000] PCL -> 189 rows (total: 216697)
2026-05-06 12:43:25,324 [INFO] [971/1000] PCLG -> 150 rows (total: 216847)
2026-05-06 12:43:26,161 [INFO] [972/1000] PCLO -> 251 rows (total: 217098)
2026-05-06 12:43:26,983 [INFO] [973/1000] PCMM -> 251 rows (total: 217349)
2026-05-06 12:43:27,767 [INFO] [974/1000] PCPI -> 22 rows (total: 217371)
2026-05-06 12:43:28,581 [INFO] [975/1000] PCRB -> 251 rows (total: 217622)
2026-05-06 12:43:29,535 [INFO] [976/1000] PCS -> 191 rows (total: 217813)
2026-05-06 12:43:30,357 [INFO] [977/1000] PCY -> 251 rows (total: 218064)
2026-05-06 12:43:31,192 [INFO] [978/1000] PDBA -> 251 rows (total: 218315)
2026-05-06 12:43:32,024 [INFO] [979/1000] PDBC -> 251 rows (total: 218566)
2026-05-06 12:43:32,830 [INFO] [980/1000] PDDL -> 204 rows (total: 218770)
2026-05-06 12:43:33,652 [INFO] [981/1000] PDEC -> 251 rows (total: 219021)
2026-05-06 12:43:34,488 [INFO] [982/1000] PDN -> 251 rows (total: 219272)
2026-05-06 12:43:35,334 [INFO] [983/1000] PDP -> 251 rows (total: 219523)
2026-05-06 12:43:36,177 [INFO] [984/1000] PEJ -> 251 rows (total: 219774)
2026-05-06 12:43:37,003 [INFO] [985/1000] PEMX -> 251 rows (total: 220025)
2026-05-06 12:43:37,795 [INFO] [986/1000] PEPS -> 251 rows (total: 220276)
2026-05-06 12:43:38,607 [INFO] [987/1000] PEVC -> 251 rows (total: 220527)
2026-05-06 12:43:39,423 [INFO] [988/1000] PEX -> 251 rows (total: 220778)
2026-05-06 12:43:40,278 [INFO] [989/1000] PEXL -> 251 rows (total: 221029)
2026-05-06 12:43:41,128 [INFO] [990/1000] PEY -> 251 rows (total: 221280)
2026-05-06 12:43:41,978 [INFO] [991/1000] PEZ -> 251 rows (total: 221531)
2026-05-06 12:43:42,770 [INFO] [992/1000] PFDE -> 86 rows (total: 221617)
2026-05-06 12:43:43,574 [INFO] [993/1000] PFEB -> 251 rows (total: 221868)
2026-05-06 12:43:44,422 [INFO] [994/1000] PFF -> 251 rows (total: 222119)
2026-05-06 12:43:45,262 [INFO] [995/1000] PFFA -> 251 rows (total: 222370)
2026-05-06 12:43:46,162 [INFO] [996/1000] PFFD -> 251 rows (total: 222621)
2026-05-06 12:43:47,103 [INFO] [997/1000] PFFR -> 251 rows (total: 222872)
2026-05-06 12:43:47,934 [INFO] [998/1000] PFFV -> 251 rows (total: 223123)
2026-05-06 12:43:48,789 [INFO] [999/1000] PFI -> 251 rows (total: 223374)
2026-05-06 12:43:49,714 [INFO] [1000/1000] PFIG -> 251 rows (total: 223625)
2026-05-06 12:43:50,114 [INFO] Checkpoint: processed 1000/1000
2026-05-06 12:43:50,115 [INFO] === DONE in 883.6s ===
2026-05-06 12:43:50,115 [INFO] Total rows inserted: 223625
